[{"stream_name":"stdout","time":17.133027853,"data":"     ━━━━━━━━━━━━━━━━━━━━━━━━━━━━━━━━━━━━━━━━ 18.9/18.9 MB 78.2 MB/s eta 0:00:00\n"}
,{"stream_name":"stdout","time":331.351670045,"data":"     ━━━━━━━━━━━━━━━━━━━━━━━━━━━━━━━━━━━━━━━━ 62.1/62.1 kB 2.1 MB/s eta 0:00:00\n"}
,{"stream_name":"stdout","time":333.37336275,"data":"     ━━━━━━━━━━━━━━━━━━━━━━━━━━━━━━━━━━━━━━━━ 80.3/80.3 kB 2.8 MB/s eta 0:00:00\n"}
,{"stream_name":"stdout","time":335.569914472,"data":"     ━━━━━━━━━━━━━━━━━━━━━━━━━━━━━━━━━━━━━━━━ 41.2/41.2 kB 1.5 MB/s eta 0:00:00\n"}
,{"stream_name":"stdout","time":337.443312401,"data":"   ━━━━━━━━━━━━━━━━━━━━━━━━━━━━━━━━━━━━━━━━ 10.5/10.5 MB 57.3 MB/s eta 0:00:00\n"}
,{"stream_name":"stdout","time":337.659276414,"data":"   ━━━━━━━━━━━━━━━━━━━━━━━━━━━━━━━━━━━━━━━━ 11.1/11.1 MB 65.1 MB/s eta 0:00:00\n"}
,{"stream_name":"stdout","time":337.700684033,"data":"   ━━━━━━━━━━━━━━━━━━━━━━━━━━━━━━━━━━━━━━━━ 243.4/243.4 kB 11.3 MB/s eta 0:00:00\n"}
,{"stream_name":"stdout","time":337.754141443,"data":"   ━━━━━━━━━━━━━━━━━━━━━━━━━━━━━━━━━━━━━━━━ 377.7/377.7 kB 14.1 MB/s eta 0:00:00\n"}
,{"stream_name":"stdout","time":337.801555648,"data":"   ━━━━━━━━━━━━━━━━━━━━━━━━━━━━━━━━━━━━━━━━ 261.1/261.1 kB 11.2 MB/s eta 0:00:00\n"}
,{"stream_name":"stdout","time":337.953453339,"data":"   ━━━━━━━━━━━━━━━━━━━━━━━━━━━━━━━━━━━━━━━━ 9.9/9.9 MB 74.1 MB/s eta 0:00:00\n"}
,{"stream_name":"stdout","time":337.994565511,"data":"   ━━━━━━━━━━━━━━━━━━━━━━━━━━━━━━━━━━━━━━━━ 155.6/155.6 kB 7.0 MB/s eta 0:00:00\n"}
,{"stream_name":"stdout","time":338.153379337,"data":"   ━━━━━━━━━━━━━━━━━━━━━━━━━━━━━━━━━━━━━━━━ 9.1/9.1 MB 66.2 MB/s eta 0:00:00\n"}
,{"stream_name":"stdout","time":339.160204125,"data":"   ━━━━━━━━━━━━━━━━━━━━━━━━━━━━━━━━━━━━━━━━ 35.2/35.2 MB 40.5 MB/s eta 0:00:00\n"}
,{"stream_name":"stdout","time":339.202500387,"data":"   ━━━━━━━━━━━━━━━━━━━━━━━━━━━━━━━━━━━━━━━━ 47.5/47.5 kB 1.8 MB/s eta 0:00:00\n"}
,{"stream_name":"stdout","time":339.296999203,"data":"   ━━━━━━━━━━━━━━━━━━━━━━━━━━━━━━━━━━━━━━━━ 1.2/1.2 MB 39.3 MB/s eta 0:00:00\n"}
,{"stream_name":"stdout","time":339.336487208,"data":"   ━━━━━━━━━━━━━━━━━━━━━━━━━━━━━━━━━━━━━━━━ 60.1/60.1 kB 2.4 MB/s eta 0:00:00\n"}
,{"stream_name":"stderr","time":392.084319567,"data":"ERROR: pip's dependency resolver does not currently take into account all the packages that are installed. This behaviour is the source of the following dependency conflicts.\n"}
,{"stream_name":"stderr","time":392.084357576,"data":"bigframes 2.48.0 requires google-cloud-bigquery-storage\u003c3.0.0,\u003e=2.30.0, which is not installed.\n"}
,{"stream_name":"stderr","time":392.084365547,"data":"ydata-profiling 4.18.4 requires matplotlib\u003c=3.10,\u003e=3.5, but you have matplotlib 3.11.2 which is incompatible.\n"}
,{"stream_name":"stderr","time":392.084385477,"data":"ydata-profiling 4.18.4 requires scipy\u003c1.17,\u003e=1.8, but you have scipy 1.17.1 which is incompatible.\n"}
,{"stream_name":"stderr","time":392.084390804,"data":"mne 1.13.2 requires numpy\u003c3,\u003e=2.1, but you have numpy 2.0.2 which is incompatible.\n"}
,{"stream_name":"stderr","time":392.084395173,"data":"bayesian-optimization 3.3.0 requires numpy\u003e=2.1.3; python_full_version \u003e= \"3.13\", but you have numpy 2.0.2 which is incompatible.\n"}
,{"stream_name":"stderr","time":392.084399809,"data":"google-colab 1.0.0 requires jupyter-server==2.20.0, but you have jupyter-server 2.12.5 which is incompatible.\n"}
,{"stream_name":"stderr","time":392.084404023,"data":"google-colab 1.0.0 requires pandas==2.2.3, but you have pandas 2.3.3 which is incompatible.\n"}
,{"stream_name":"stderr","time":392.084434097,"data":"google-colab 1.0.0 requires requests==2.32.4, but you have requests 2.34.2 which is incompatible.\n"}
,{"stream_name":"stderr","time":392.084441576,"data":"dopamine-rl 4.1.2 requires gym\u003c=0.25.2, but you have gym 0.26.2 which is incompatible.\n"}
,{"stream_name":"stderr","time":392.084445326,"data":"moviepy 1.0.3 requires decorator\u003c5.0,\u003e=4.0.2, but you have decorator 5.3.1 which is incompatible.\n"}
,{"stream_name":"stderr","time":392.08444973,"data":"ml-dtypes 0.6.0 requires numpy\u003e=2.1.0; python_version \u003e= \"3.13\", but you have numpy 2.0.2 which is incompatible.\n"}
,{"stream_name":"stderr","time":392.084454136,"data":"jax 0.11.1 requires numpy\u003e=2.1, but you have numpy 2.0.2 which is incompatible.\n"}
,{"stream_name":"stderr","time":392.084462351,"data":"dm-tree 0.1.10 requires numpy\u003e=2.1.0; python_version \u003e= \"3.13\", but you have numpy 2.0.2 which is incompatible.\n"}
,{"stream_name":"stderr","time":392.084466597,"data":"tifffile 2026.8.23 requires numpy\u003e=2.1, but you have numpy 2.0.2 which is incompatible.\n"}
,{"stream_name":"stdout","time":430.393136017,"data":"{\n"}
,{"stream_name":"stdout","time":430.393171302,"data":" \"git_commit\": \"578763ae90bdd0a2417494051147b3cc7e2ee22e\",\n"}
,{"stream_name":"stdout","time":430.393178593,"data":" \"trained_at_commit\": \"578763ae90bdd0a2417494051147b3cc7e2ee22e\",\n"}
,{"stream_name":"stdout","time":430.393184584,"data":" \"sklearn_params\": {\n"}
,{"stream_name":"stdout","time":430.393189618,"data":"  \"max_iter\": 300,\n"}
,{"stream_name":"stdout","time":430.393194296,"data":"  \"learning_rate\": 0.05,\n"}
,{"stream_name":"stdout","time":430.393199538,"data":"  \"max_leaf_nodes\": 31,\n"}
,{"stream_name":"stdout","time":430.393204285,"data":"  \"l2_regularization\": 1.0,\n"}
,{"stream_name":"stdout","time":430.393209238,"data":"  \"random_state\": 20260930\n"}
,{"stream_name":"stdout","time":430.39321411,"data":" },\n"}
,{"stream_name":"stdout","time":430.393218715,"data":" \"temperature\": 1.4569544670706165,\n"}
,{"stream_name":"stdout","time":430.39322382,"data":" \"abstain_threshold\": {\n"}
,{"stream_name":"stdout","time":430.393228611,"data":"  \"principled\": 0.99,\n"}
,{"stream_name":"stdout","time":430.393233421,"data":"  \"learned\": 0.54\n"}
,{"stream_name":"stdout","time":430.393238245,"data":" },\n"}
,{"stream_name":"stdout","time":430.393243004,"data":" \"threshold_rule\": \"smallest t in 0.50..0.99 with calib accuracy \u003e= 0.95\",\n"}
,{"stream_name":"stdout","time":430.393248612,"data":" \"n_fit\": 9690,\n"}
,{"stream_name":"stdout","time":430.393253523,"data":" \"n_calib\": 3240,\n"}
,{"stream_name":"stdout","time":430.393258424,"data":" \"errors_skipped\": 0,\n"}
,{"stream_name":"stdout","time":430.393271166,"data":" \"calibration_split\": {\n"}
,{"stream_name":"stdout","time":430.393274254,"data":"  \"principled\": {\n"}
,{"stream_name":"stdout","time":430.393277787,"data":"   \"n\": 3240,\n"}
,{"stream_name":"stdout","time":430.393281277,"data":"   \"accuracy\": 0.7959876543209876,\n"}
,{"stream_name":"stdout","time":430.393285032,"data":"   \"ece\": 0.12085542818928834,\n"}
,{"stream_name":"stdout","time":430.39328902,"data":"   \"coverage_at_threshold\": 0.6376543209876543,\n"}
,{"stream_name":"stdout","time":430.39329299,"data":"   \"accuracy_at_threshold\": 0.9554695062923524\n"}
,{"stream_name":"stdout","time":430.393297341,"data":"  },\n"}
,{"stream_name":"stdout","time":430.393301633,"data":"  \"learned\": {\n"}
,{"stream_name":"stdout","time":430.393305681,"data":"   \"n\": 3240,\n"}
,{"stream_name":"stdout","time":430.393309253,"data":"   \"accuracy\": 0.8771604938271605,\n"}
,{"stream_name":"stdout","time":430.393313094,"data":"   \"ece\": 0.013691806981269178,\n"}
,{"stream_name":"stdout","time":430.393317096,"data":"   \"coverage_at_threshold\": 0.8858024691358025,\n"}
,{"stream_name":"stdout","time":430.393321033,"data":"   \"accuracy_at_threshold\": 0.9501742160278746\n"}
,{"stream_name":"stdout","time":430.393324979,"data":"  }\n"}
,{"stream_name":"stdout","time":430.393328705,"data":" }\n"}
,{"stream_name":"stdout","time":430.393332654,"data":"}\n"}
,{"stream_name":"stderr","time":433.36883291,"data":"/usr/local/lib/python3.13/dist-packages/mistune.py:435: SyntaxWarning: invalid escape sequence '\\|'\n"}
,{"stream_name":"stderr","time":433.368870311,"data":"  cells[i][c] = re.sub('\\\\\\\\\\|', '|', cell)\n"}
,{"stream_name":"stderr","time":433.660342185,"data":"/usr/local/lib/python3.13/dist-packages/nbconvert/filters/filter_links.py:36: SyntaxWarning: invalid escape sequence '\\_'\n"}
,{"stream_name":"stderr","time":433.660368281,"data":"  text = re.sub(r'_', '\\_', text) # Escape underscores in display text\n"}
,{"stream_name":"stderr","time":434.572608771,"data":"[NbConvertApp] Converting notebook __script__.ipynb to html\n"}
,{"stream_name":"stderr","time":435.697737017,"data":"[NbConvertApp] Writing 276252 bytes to __results__.html\n"}
]