[{"stream_name":"stdout","time":12.590883492,"data":"     ━━━━━━━━━━━━━━━━━━━━━━━━━━━━━━━━━━━━━━━━ 62.1/62.1 kB 2.1 MB/s eta 0:00:00\n"}
,{"stream_name":"stdout","time":14.210459052,"data":"     ━━━━━━━━━━━━━━━━━━━━━━━━━━━━━━━━━━━━━━━━ 80.3/80.3 kB 4.3 MB/s eta 0:00:00\n"}
,{"stream_name":"stdout","time":15.935148137,"data":"     ━━━━━━━━━━━━━━━━━━━━━━━━━━━━━━━━━━━━━━━━ 41.2/41.2 kB 1.5 MB/s eta 0:00:00\n"}
,{"stream_name":"stdout","time":19.906319527,"data":"   ━━━━━━━━━━━━━━━━━━━━━━━━━━━━━━━━━━━━━━━━ 10.5/10.5 MB 98.9 MB/s eta 0:00:00\n"}
,{"stream_name":"stdout","time":20.030117948,"data":"   ━━━━━━━━━━━━━━━━━━━━━━━━━━━━━━━━━━━━━━━━ 11.1/11.1 MB 100.2 MB/s eta 0:00:00\n"}
,{"stream_name":"stdout","time":20.060655023,"data":"   ━━━━━━━━━━━━━━━━━━━━━━━━━━━━━━━━━━━━━━━━ 243.5/243.5 kB 14.1 MB/s eta 0:00:00\n"}
,{"stream_name":"stdout","time":20.089684775,"data":"   ━━━━━━━━━━━━━━━━━━━━━━━━━━━━━━━━━━━━━━━━ 261.1/261.1 kB 15.4 MB/s eta 0:00:00\n"}
,{"stream_name":"stdout","time":20.196859039,"data":"   ━━━━━━━━━━━━━━━━━━━━━━━━━━━━━━━━━━━━━━━━ 9.9/9.9 MB 103.9 MB/s eta 0:00:00\n"}
,{"stream_name":"stdout","time":20.227437167,"data":"   ━━━━━━━━━━━━━━━━━━━━━━━━━━━━━━━━━━━━━━━━ 155.6/155.6 kB 8.3 MB/s eta 0:00:00\n"}
,{"stream_name":"stdout","time":20.328464753,"data":"   ━━━━━━━━━━━━━━━━━━━━━━━━━━━━━━━━━━━━━━━━ 9.2/9.2 MB 104.2 MB/s eta 0:00:00\n"}
,{"stream_name":"stdout","time":20.708973124,"data":"   ━━━━━━━━━━━━━━━━━━━━━━━━━━━━━━━━━━━━━━━━ 35.2/35.2 MB 56.3 MB/s eta 0:00:00\n"}
,{"stream_name":"stdout","time":20.812028732,"data":"   ━━━━━━━━━━━━━━━━━━━━━━━━━━━━━━━━━━━━━━━━ 47.5/47.5 kB 1.6 MB/s eta 0:00:00\n"}
,{"stream_name":"stdout","time":20.887763621,"data":"   ━━━━━━━━━━━━━━━━━━━━━━━━━━━━━━━━━━━━━━━━ 2.0/2.0 MB 57.2 MB/s eta 0:00:00\n"}
,{"stream_name":"stdout","time":20.926137985,"data":"   ━━━━━━━━━━━━━━━━━━━━━━━━━━━━━━━━━━━━━━━━ 1.2/1.2 MB 46.8 MB/s eta 0:00:00\n"}
,{"stream_name":"stdout","time":20.976881264,"data":"   ━━━━━━━━━━━━━━━━━━━━━━━━━━━━━━━━━━━━━━━━ 60.1/60.1 kB 3.0 MB/s eta 0:00:00\n"}
,{"stream_name":"stdout","time":21.029035265,"data":"   ━━━━━━━━━━━━━━━━━━━━━━━━━━━━━━━━━━━━━━━━ 102.0/102.0 kB 6.1 MB/s eta 0:00:00\n"}
,{"stream_name":"stdout","time":21.07133297,"data":"   ━━━━━━━━━━━━━━━━━━━━━━━━━━━━━━━━━━━━━━━━ 1.8/1.8 MB 61.3 MB/s eta 0:00:00\n"}
,{"stream_name":"stdout","time":21.100629213,"data":"   ━━━━━━━━━━━━━━━━━━━━━━━━━━━━━━━━━━━━━━━━ 221.7/221.7 kB 12.5 MB/s eta 0:00:00\n"}
,{"stream_name":"stdout","time":21.296179593,"data":"   ━━━━━━━━━━━━━━━━━━━━━━━━━━━━━━━━━━━━━━━━ 15.7/15.7 MB 78.7 MB/s eta 0:00:00\n"}
,{"stream_name":"stderr","time":64.001328391,"data":"ERROR: pip's dependency resolver does not currently take into account all the packages that are installed. This behaviour is the source of the following dependency conflicts.\n"}
,{"stream_name":"stderr","time":64.00138961,"data":"bigframes 2.39.0 requires google-cloud-bigquery-storage\u003c3.0.0,\u003e=2.30.0, which is not installed.\n"}
,{"stream_name":"stderr","time":64.001395987,"data":"datasets 5.0.0 requires fsspec[http]\u003c=2026.4.0,\u003e=2023.1.0, but you have fsspec 2026.9.0 which is incompatible.\n"}
,{"stream_name":"stderr","time":64.001402828,"data":"ydata-profiling 4.18.4 requires matplotlib\u003c=3.10,\u003e=3.5, but you have matplotlib 3.11.2 which is incompatible.\n"}
,{"stream_name":"stderr","time":64.001410483,"data":"ydata-profiling 4.18.4 requires scipy\u003c1.17,\u003e=1.8, but you have scipy 1.17.1 which is incompatible.\n"}
,{"stream_name":"stderr","time":64.00141384,"data":"gcsfs 2025.3.0 requires fsspec==2025.3.0, but you have fsspec 2026.9.0 which is incompatible.\n"}
,{"stream_name":"stderr","time":64.001416951,"data":"sklearn-compat 0.1.5 requires scikit-learn\u003c1.9,\u003e=1.2, but you have scikit-learn 1.9.1 which is incompatible.\n"}
,{"stream_name":"stdout","time":65.797044711,"data":"[2026-09-30T13:12:42+00:00] probe: {\"cpu_count\": 4, \"disk_/kaggle/working\": {\"total_gb\": 21.0, \"free_gb\": 20.9}, \"disk_/tmp\": {\"total_gb\": 8758.4, \"free_gb\": 1201.1}, \"disk_/\": {\"total_gb\": 8758.4, \"free_gb\": 1201.1}, \"ram_gb\": 33.7, \"nvidia_smi\": [\"Tesla T4, 15360 MiB\", \"Tesla T4, 15360 MiB\"]}\n"}
,{"stream_name":"stderr","time":71.445385799,"data":"/usr/local/lib/python3.12/dist-packages/lightkurve/prf/__init__.py:7: UserWarning: Warning: the tpfmodel submodule is not available without oktopus installed, which requires a current version of autograd. See #1452 for details.\n"}
,{"stream_name":"stderr","time":71.445434032,"data":"  warnings.warn(\n"}
,{"stream_name":"stderr","time":119.165373755,"data":"Warning: 22% (3976/18126) of the cadences will be ignored due to the quality mask (quality_bitmask=17087).\n"}
,{"stream_name":"stderr","time":155.731247621,"data":"Warning: 25% (4588/18035) of the cadences will be ignored due to the quality mask (quality_bitmask=17087).\n"}
,{"stream_name":"stdout","time":156.187607947,"data":"[2026-09-30T13:14:12+00:00] rebuilt 20 targets in 90s\n"}
,{"stream_name":"stdout","time":2921.38693092,"data":"[2026-09-30T14:00:18+00:00] A1 parallel BLS: 20/20 identical, wall 2765s\n"}
,{"stream_name":"stdout","time":2927.810202756,"data":"[2026-09-30T14:00:24+00:00] GPU BLS 7066.01: 1.5s vs astropy 2s, index diff 0\n"}
,{"stream_name":"stdout","time":2928.683525454,"data":"[2026-09-30T14:00:25+00:00] GPU BLS 782.01: 0.9s vs astropy 1s, index diff 0\n"}
,{"stream_name":"stdout","time":2929.565033088,"data":"[2026-09-30T14:00:26+00:00] GPU BLS 663.02: 0.9s vs astropy 2s, index diff 0\n"}
,{"stream_name":"stdout","time":2930.561908655,"data":"[2026-09-30T14:00:27+00:00] GPU BLS 560.02: 1.0s vs astropy 2s, index diff 0\n"}
,{"stream_name":"stdout","time":2931.808486237,"data":"[2026-09-30T14:00:28+00:00] GPU BLS 1050.01: 1.2s vs astropy 2s, index diff 0\n"}
,{"stream_name":"stdout","time":2932.380836627,"data":"[2026-09-30T14:00:29+00:00] GPU BLS 1839.01: 0.6s vs astropy 2s, index diff 0\n"}
,{"stream_name":"stdout","time":2933.196466333,"data":"[2026-09-30T14:00:29+00:00] GPU BLS 5823.01: 0.8s vs astropy 2s, index diff 0\n"}
,{"stream_name":"stdout","time":2933.841438717,"data":"[2026-09-30T14:00:30+00:00] GPU BLS 2140.01: 0.6s vs astropy 2s, index diff 0\n"}
,{"stream_name":"stdout","time":2934.586656322,"data":"[2026-09-30T14:00:31+00:00] GPU BLS 3160.01: 0.7s vs astropy 2s, index diff 0\n"}
,{"stream_name":"stdout","time":2935.149066217,"data":"[2026-09-30T14:00:31+00:00] GPU BLS 4930.01: 0.6s vs astropy 2s, index diff 0\n"}
,{"stream_name":"stdout","time":2936.835528778,"data":"[2026-09-30T14:00:33+00:00] GPU BLS 696.01: 1.7s vs astropy 13s, index diff 0\n"}
,{"stream_name":"stdout","time":2938.492036692,"data":"[2026-09-30T14:00:35+00:00] GPU BLS 7396.01: 1.7s vs astropy 14s, index diff 0\n"}
,{"stream_name":"stdout","time":2940.24984904,"data":"[2026-09-30T14:00:37+00:00] GPU BLS 7902.01: 1.8s vs astropy 16s, index diff 0\n"}
,{"stream_name":"stdout","time":2944.167037967,"data":"[2026-09-30T14:00:40+00:00] GPU BLS 1181.01: 3.9s vs astropy 41s, index diff 0\n"}
,{"stream_name":"stdout","time":2984.480666238,"data":"[2026-09-30T14:01:21+00:00] GPU BLS 2068.01: 40.3s vs astropy 468s, index diff 0\n"}
,{"stream_name":"stdout","time":3045.847602483,"data":"[2026-09-30T14:02:22+00:00] GPU BLS 4593.01: 61.3s vs astropy 588s, index diff 0\n"}
,{"stream_name":"stdout","time":3118.497313447,"data":"[2026-09-30T14:03:35+00:00] GPU BLS 6001.01: 72.6s vs astropy 717s, index diff 0\n"}
,{"stream_name":"stdout","time":3191.38493321,"data":"[2026-09-30T14:04:48+00:00] GPU BLS 7457.01: 72.8s vs astropy 720s, index diff 0\n"}
,{"stream_name":"stdout","time":3286.252821792,"data":"[2026-09-30T14:06:23+00:00] GPU BLS 1190.01: 94.8s vs astropy 1089s, index diff 1\n"}
,{"stream_name":"stdout","time":3464.370768015,"data":"[2026-09-30T14:09:21+00:00] GPU BLS 1453.01: 178.1s vs astropy 2384s, index diff 0\n"}
,{"stream_name":"stdout","time":3464.370828428,"data":"[2026-09-30T14:09:21+00:00] A2(iv) GPU BLS accepted: True (20/20)\n"}
,{"stream_name":"stderr","time":3468.812724997,"data":"/usr/local/lib/python3.12/dist-packages/mistune.py:435: SyntaxWarning: invalid escape sequence '\\|'\n"}
,{"stream_name":"stderr","time":3468.812764163,"data":"  cells[i][c] = re.sub('\\\\\\\\\\|', '|', cell)\n"}
,{"stream_name":"stderr","time":3469.037462672,"data":"/usr/local/lib/python3.12/dist-packages/nbconvert/filters/filter_links.py:36: SyntaxWarning: invalid escape sequence '\\_'\n"}
,{"stream_name":"stderr","time":3469.037498828,"data":"  text = re.sub(r'_', '\\_', text) # Escape underscores in display text\n"}
,{"stream_name":"stderr","time":3469.672955041,"data":"[NbConvertApp] Converting notebook __script__.ipynb to html\n"}
,{"stream_name":"stderr","time":3470.855980303,"data":"[NbConvertApp] Writing 276137 bytes to __results__.html\n"}
]