[{"stream_name":"stdout","time":14.25966822,"data":"     ━━━━━━━━━━━━━━━━━━━━━━━━━━━━━━━━━━━━━━━━ 18.9/18.9 MB 68.8 MB/s eta 0:00:00\n"}
,{"stream_name":"stdout","time":322.774358272,"data":"     ━━━━━━━━━━━━━━━━━━━━━━━━━━━━━━━━━━━━━━━━ 62.1/62.1 kB 2.2 MB/s eta 0:00:00\n"}
,{"stream_name":"stdout","time":324.491164672,"data":"     ━━━━━━━━━━━━━━━━━━━━━━━━━━━━━━━━━━━━━━━━ 80.3/80.3 kB 3.5 MB/s eta 0:00:00\n"}
,{"stream_name":"stdout","time":326.607212799,"data":"     ━━━━━━━━━━━━━━━━━━━━━━━━━━━━━━━━━━━━━━━━ 41.2/41.2 kB 1.6 MB/s eta 0:00:00\n"}
,{"stream_name":"stdout","time":328.431500175,"data":"   ━━━━━━━━━━━━━━━━━━━━━━━━━━━━━━━━━━━━━━━━ 10.5/10.5 MB 91.6 MB/s eta 0:00:00\n"}
,{"stream_name":"stdout","time":328.5548904,"data":"   ━━━━━━━━━━━━━━━━━━━━━━━━━━━━━━━━━━━━━━━━ 11.1/11.1 MB 103.9 MB/s eta 0:00:00\n"}
,{"stream_name":"stdout","time":328.603500036,"data":"   ━━━━━━━━━━━━━━━━━━━━━━━━━━━━━━━━━━━━━━━━ 243.4/243.4 kB 8.1 MB/s eta 0:00:00\n"}
,{"stream_name":"stdout","time":328.645255144,"data":"   ━━━━━━━━━━━━━━━━━━━━━━━━━━━━━━━━━━━━━━━━ 377.7/377.7 kB 16.6 MB/s eta 0:00:00\n"}
,{"stream_name":"stdout","time":328.685214659,"data":"   ━━━━━━━━━━━━━━━━━━━━━━━━━━━━━━━━━━━━━━━━ 261.1/261.1 kB 12.2 MB/s eta 0:00:00\n"}
,{"stream_name":"stdout","time":328.804812214,"data":"   ━━━━━━━━━━━━━━━━━━━━━━━━━━━━━━━━━━━━━━━━ 9.9/9.9 MB 97.7 MB/s eta 0:00:00\n"}
,{"stream_name":"stdout","time":328.846834059,"data":"   ━━━━━━━━━━━━━━━━━━━━━━━━━━━━━━━━━━━━━━━━ 155.6/155.6 kB 6.2 MB/s eta 0:00:00\n"}
,{"stream_name":"stdout","time":328.958010573,"data":"   ━━━━━━━━━━━━━━━━━━━━━━━━━━━━━━━━━━━━━━━━ 9.1/9.1 MB 100.9 MB/s eta 0:00:00\n"}
,{"stream_name":"stdout","time":329.264269391,"data":"   ━━━━━━━━━━━━━━━━━━━━━━━━━━━━━━━━━━━━━━━━ 35.2/35.2 MB 61.5 MB/s eta 0:00:00\n"}
,{"stream_name":"stdout","time":329.297689543,"data":"   ━━━━━━━━━━━━━━━━━━━━━━━━━━━━━━━━━━━━━━━━ 47.5/47.5 kB 2.5 MB/s eta 0:00:00\n"}
,{"stream_name":"stdout","time":329.387337729,"data":"   ━━━━━━━━━━━━━━━━━━━━━━━━━━━━━━━━━━━━━━━━ 1.2/1.2 MB 37.4 MB/s eta 0:00:00\n"}
,{"stream_name":"stdout","time":329.430392848,"data":"   ━━━━━━━━━━━━━━━━━━━━━━━━━━━━━━━━━━━━━━━━ 60.1/60.1 kB 2.1 MB/s eta 0:00:00\n"}
,{"stream_name":"stderr","time":382.399072777,"data":"ERROR: pip's dependency resolver does not currently take into account all the packages that are installed. This behaviour is the source of the following dependency conflicts.\n"}
,{"stream_name":"stderr","time":382.399120105,"data":"bigframes 2.48.0 requires google-cloud-bigquery-storage\u003c3.0.0,\u003e=2.30.0, which is not installed.\n"}
,{"stream_name":"stderr","time":382.399125866,"data":"ydata-profiling 4.18.4 requires matplotlib\u003c=3.10,\u003e=3.5, but you have matplotlib 3.11.2 which is incompatible.\n"}
,{"stream_name":"stderr","time":382.399150369,"data":"ydata-profiling 4.18.4 requires scipy\u003c1.17,\u003e=1.8, but you have scipy 1.17.1 which is incompatible.\n"}
,{"stream_name":"stderr","time":382.399153856,"data":"mne 1.13.2 requires numpy\u003c3,\u003e=2.1, but you have numpy 2.0.2 which is incompatible.\n"}
,{"stream_name":"stderr","time":382.399156649,"data":"bayesian-optimization 3.3.0 requires numpy\u003e=2.1.3; python_full_version \u003e= \"3.13\", but you have numpy 2.0.2 which is incompatible.\n"}
,{"stream_name":"stderr","time":382.399159375,"data":"google-colab 1.0.0 requires jupyter-server==2.20.0, but you have jupyter-server 2.12.5 which is incompatible.\n"}
,{"stream_name":"stderr","time":382.399161956,"data":"google-colab 1.0.0 requires pandas==2.2.3, but you have pandas 2.3.3 which is incompatible.\n"}
,{"stream_name":"stderr","time":382.399164505,"data":"google-colab 1.0.0 requires requests==2.32.4, but you have requests 2.34.2 which is incompatible.\n"}
,{"stream_name":"stderr","time":382.399167004,"data":"dopamine-rl 4.1.2 requires gym\u003c=0.25.2, but you have gym 0.26.2 which is incompatible.\n"}
,{"stream_name":"stderr","time":382.399169648,"data":"moviepy 1.0.3 requires decorator\u003c5.0,\u003e=4.0.2, but you have decorator 5.3.1 which is incompatible.\n"}
,{"stream_name":"stderr","time":382.39917771,"data":"ml-dtypes 0.6.0 requires numpy\u003e=2.1.0; python_version \u003e= \"3.13\", but you have numpy 2.0.2 which is incompatible.\n"}
,{"stream_name":"stderr","time":382.399180623,"data":"jax 0.11.1 requires numpy\u003e=2.1, but you have numpy 2.0.2 which is incompatible.\n"}
,{"stream_name":"stderr","time":382.399182954,"data":"dm-tree 0.1.10 requires numpy\u003e=2.1.0; python_version \u003e= \"3.13\", but you have numpy 2.0.2 which is incompatible.\n"}
,{"stream_name":"stderr","time":382.39918543,"data":"tifffile 2026.8.23 requires numpy\u003e=2.1, but you have numpy 2.0.2 which is incompatible.\n"}
,{"stream_name":"stdout","time":439.833015024,"data":"0/1500 56s\n"}
,{"stream_name":"stdout","time":955.264148412,"data":"100/1500 572s\n"}
,{"stream_name":"stdout","time":1480.423837185,"data":"200/1500 1097s\n"}
,{"stream_name":"stdout","time":1907.162233655,"data":"300/1500 1523s\n"}
,{"stream_name":"stdout","time":2401.697648022,"data":"400/1500 2018s\n"}
,{"stream_name":"stdout","time":2885.285095618,"data":"500/1500 2502s\n"}
,{"stream_name":"stdout","time":3286.719136461,"data":"600/1500 2903s\n"}
,{"stream_name":"stdout","time":3698.034349938,"data":"700/1500 3314s\n"}
,{"stream_name":"stdout","time":4174.02105927,"data":"800/1500 3790s\n"}
,{"stream_name":"stdout","time":4618.963200637,"data":"900/1500 4235s\n"}
,{"stream_name":"stdout","time":5149.08004079,"data":"1000/1500 4765s\n"}
,{"stream_name":"stdout","time":5613.237825453,"data":"1100/1500 5230s\n"}
,{"stream_name":"stdout","time":6066.750730533,"data":"1200/1500 5683s\n"}
,{"stream_name":"stdout","time":6514.935387991,"data":"1300/1500 6131s\n"}
,{"stream_name":"stdout","time":7027.527748369,"data":"1400/1500 6644s\n"}
,{"stream_name":"stderr","time":7512.695297983,"data":"/usr/local/lib/python3.13/dist-packages/mistune.py:435: SyntaxWarning: invalid escape sequence '\\|'\n"}
,{"stream_name":"stderr","time":7512.695344347,"data":"  cells[i][c] = re.sub('\\\\\\\\\\|', '|', cell)\n"}
,{"stream_name":"stderr","time":7512.982634978,"data":"/usr/local/lib/python3.13/dist-packages/nbconvert/filters/filter_links.py:36: SyntaxWarning: invalid escape sequence '\\_'\n"}
,{"stream_name":"stderr","time":7512.982665251,"data":"  text = re.sub(r'_', '\\_', text) # Escape underscores in display text\n"}
,{"stream_name":"stderr","time":7513.882379935,"data":"[NbConvertApp] Converting notebook __script__.ipynb to html\n"}
,{"stream_name":"stderr","time":7514.951597992,"data":"[NbConvertApp] Writing 276061 bytes to __results__.html\n"}
]