[{"stream_name":"stdout","time":15.088954163,"data":"     ━━━━━━━━━━━━━━━━━━━━━━━━━━━━━━━━━━━━━━━━ 62.1/62.1 kB 1.7 MB/s eta 0:00:00\n"}
,{"stream_name":"stdout","time":16.662143741,"data":"     ━━━━━━━━━━━━━━━━━━━━━━━━━━━━━━━━━━━━━━━━ 80.3/80.3 kB 3.3 MB/s eta 0:00:00\n"}
,{"stream_name":"stdout","time":18.847002616,"data":"     ━━━━━━━━━━━━━━━━━━━━━━━━━━━━━━━━━━━━━━━━ 41.2/41.2 kB 1.3 MB/s eta 0:00:00\n"}
,{"stream_name":"stdout","time":23.492743343,"data":"   ━━━━━━━━━━━━━━━━━━━━━━━━━━━━━━━━━━━━━━━━ 10.5/10.5 MB 74.8 MB/s eta 0:00:00\n"}
,{"stream_name":"stdout","time":23.63190248,"data":"   ━━━━━━━━━━━━━━━━━━━━━━━━━━━━━━━━━━━━━━━━ 11.1/11.1 MB 93.6 MB/s eta 0:00:00\n"}
,{"stream_name":"stdout","time":23.673970904,"data":"   ━━━━━━━━━━━━━━━━━━━━━━━━━━━━━━━━━━━━━━━━ 243.5/243.5 kB 11.4 MB/s eta 0:00:00\n"}
,{"stream_name":"stdout","time":23.711113461,"data":"   ━━━━━━━━━━━━━━━━━━━━━━━━━━━━━━━━━━━━━━━━ 377.5/377.5 kB 17.7 MB/s eta 0:00:00\n"}
,{"stream_name":"stdout","time":23.792568749,"data":"   ━━━━━━━━━━━━━━━━━━━━━━━━━━━━━━━━━━━━━━━━ 261.1/261.1 kB 5.4 MB/s eta 0:00:00\n"}
,{"stream_name":"stdout","time":23.913386801,"data":"   ━━━━━━━━━━━━━━━━━━━━━━━━━━━━━━━━━━━━━━━━ 9.9/9.9 MB 99.9 MB/s eta 0:00:00\n"}
,{"stream_name":"stdout","time":23.952170584,"data":"   ━━━━━━━━━━━━━━━━━━━━━━━━━━━━━━━━━━━━━━━━ 155.6/155.6 kB 7.0 MB/s eta 0:00:00\n"}
,{"stream_name":"stdout","time":24.075881367,"data":"   ━━━━━━━━━━━━━━━━━━━━━━━━━━━━━━━━━━━━━━━━ 9.2/9.2 MB 88.0 MB/s eta 0:00:00\n"}
,{"stream_name":"stdout","time":24.397790709,"data":"   ━━━━━━━━━━━━━━━━━━━━━━━━━━━━━━━━━━━━━━━━ 35.2/35.2 MB 59.3 MB/s eta 0:00:00\n"}
,{"stream_name":"stdout","time":24.442538876,"data":"   ━━━━━━━━━━━━━━━━━━━━━━━━━━━━━━━━━━━━━━━━ 47.5/47.5 kB 2.0 MB/s eta 0:00:00\n"}
,{"stream_name":"stdout","time":24.531880348,"data":"   ━━━━━━━━━━━━━━━━━━━━━━━━━━━━━━━━━━━━━━━━ 2.0/2.0 MB 49.0 MB/s eta 0:00:00\n"}
,{"stream_name":"stdout","time":24.583080997,"data":"   ━━━━━━━━━━━━━━━━━━━━━━━━━━━━━━━━━━━━━━━━ 1.2/1.2 MB 41.5 MB/s eta 0:00:00\n"}
,{"stream_name":"stdout","time":24.663323187,"data":"   ━━━━━━━━━━━━━━━━━━━━━━━━━━━━━━━━━━━━━━━━ 60.1/60.1 kB 2.0 MB/s eta 0:00:00\n"}
,{"stream_name":"stdout","time":24.735687746,"data":"   ━━━━━━━━━━━━━━━━━━━━━━━━━━━━━━━━━━━━━━━━ 102.6/102.6 kB 4.5 MB/s eta 0:00:00\n"}
,{"stream_name":"stdout","time":24.782475705,"data":"   ━━━━━━━━━━━━━━━━━━━━━━━━━━━━━━━━━━━━━━━━ 1.8/1.8 MB 61.1 MB/s eta 0:00:00\n"}
,{"stream_name":"stdout","time":24.823173996,"data":"   ━━━━━━━━━━━━━━━━━━━━━━━━━━━━━━━━━━━━━━━━ 221.7/221.7 kB 9.5 MB/s eta 0:00:00\n"}
,{"stream_name":"stdout","time":25.026977702,"data":"   ━━━━━━━━━━━━━━━━━━━━━━━━━━━━━━━━━━━━━━━━ 16.0/16.0 MB 93.6 MB/s eta 0:00:00\n"}
,{"stream_name":"stderr","time":80.133122862,"data":"ERROR: pip's dependency resolver does not currently take into account all the packages that are installed. This behaviour is the source of the following dependency conflicts.\n"}
,{"stream_name":"stderr","time":80.133164104,"data":"bigframes 2.39.0 requires google-cloud-bigquery-storage\u003c3.0.0,\u003e=2.30.0, which is not installed.\n"}
,{"stream_name":"stderr","time":80.133169433,"data":"datasets 5.0.0 requires fsspec[http]\u003c=2026.4.0,\u003e=2023.1.0, but you have fsspec 2026.9.0 which is incompatible.\n"}
,{"stream_name":"stderr","time":80.133173411,"data":"ydata-profiling 4.18.4 requires matplotlib\u003c=3.10,\u003e=3.5, but you have matplotlib 3.11.2 which is incompatible.\n"}
,{"stream_name":"stderr","time":80.133177153,"data":"ydata-profiling 4.18.4 requires scipy\u003c1.17,\u003e=1.8, but you have scipy 1.17.1 which is incompatible.\n"}
,{"stream_name":"stderr","time":80.133180641,"data":"gcsfs 2025.3.0 requires fsspec==2025.3.0, but you have fsspec 2026.9.0 which is incompatible.\n"}
,{"stream_name":"stderr","time":80.133183901,"data":"sklearn-compat 0.1.5 requires scikit-learn\u003c1.9,\u003e=1.2, but you have scikit-learn 1.9.1 which is incompatible.\n"}
,{"stream_name":"stdout","time":140.27014031,"data":"[2026-10-01T21:23:49+00:00] gpu_7of14: 193 stars, cache /kaggle/input/datasets/srijeetbanerjee/exog-lc-cache-v1/cache\n"}
,{"stream_name":"stdout","time":142.42280548,"data":"[2026-10-01T21:23:51+00:00] gpu_8of14: 190 stars, cache /kaggle/input/datasets/srijeetbanerjee/exog-lc-cache-v1/cache\n"}
,{"stream_name":"stdout","time":168.51643284,"data":"[2026-10-01T21:24:17+00:00]   137905084: SDE raw 8.8071, A6 5.7879 (3s)\n"}
,{"stream_name":"stdout","time":171.002369757,"data":"[2026-10-01T21:24:20+00:00]   189618822: SDE raw 7.4045, A6 6.9865 (2s)\n"}
,{"stream_name":"stdout","time":172.426064395,"data":"[2026-10-01T21:24:21+00:00]   767658: SDE raw 6.2098, A6 6.1164 (1s)\n"}
,{"stream_name":"stdout","time":175.050126195,"data":"[2026-10-01T21:24:24+00:00]   298183189: SDE raw 7.2907, A6 7.2429 (2s)\n"}
,{"stream_name":"stdout","time":177.418394167,"data":"[2026-10-01T21:24:26+00:00]   408593961: SDE raw 6.6203, A6 5.9693 (2s)\n"}
,{"stream_name":"stdout","time":178.680679371,"data":"[2026-10-01T21:24:28+00:00]   126585122: SDE raw 8.3972, A6 5.5229 (1s)\n"}
,{"stream_name":"stdout","time":180.742452888,"data":"[2026-10-01T21:24:30+00:00]   236288902: SDE raw 6.7555, A6 6.5737 (1s)\n"}
,{"stream_name":"stdout","time":183.335337162,"data":"[2026-10-01T21:24:32+00:00]   442932513: SDE raw 8.1900, A6 7.3553 (2s)\n"}
,{"stream_name":"stdout","time":185.072986249,"data":"[2026-10-01T21:24:34+00:00]   387133137: SDE raw 5.3250, A6 4.8492 (1s)\n"}
,{"stream_name":"stdout","time":187.521976182,"data":"[2026-10-01T21:24:36+00:00]   25898234: SDE raw 18.0384, A6 19.8648 (1s)\n"}
,{"stream_name":"stdout","time":188.487631764,"data":"[2026-10-01T21:24:37+00:00]   22237080: SDE raw 4.7573, A6 5.0629 (0s)\n"}
,{"stream_name":"stdout","time":189.304769798,"data":"[2026-10-01T21:24:38+00:00]   196523034: SDE raw 6.5299, A6 5.1919 (0s)\n"}
,{"stream_name":"stdout","time":190.097954175,"data":"[2026-10-01T21:24:39+00:00]   3899820: SDE raw 6.4033, A6 4.0511 (0s)\n"}
,{"stream_name":"stdout","time":192.798458872,"data":"[2026-10-01T21:24:42+00:00]   467350224: SDE raw 6.7335, A6 7.9697 (2s)\n"}
,{"stream_name":"stdout","time":195.390276842,"data":"[2026-10-01T21:24:44+00:00]   173110024: SDE raw 17.8830, A6 19.0123 (2s)\n"}
,{"stream_name":"stdout","time":232.886558168,"data":"[2026-10-01T21:25:22+00:00]   311056657: SDE raw 7.6093, A6 10.0602 (67s)\n"}
,{"stream_name":"stdout","time":235.387886482,"data":"[2026-10-01T21:25:24+00:00]   1509168: SDE raw 10.6200, A6 10.8916 (2s)\n"}
,{"stream_name":"stdout","time":236.961810638,"data":"[2026-10-01T21:25:26+00:00]   67959900: SDE raw 5.0381, A6 4.4491 (1s)\n"}
,{"stream_name":"stdout","time":242.104269535,"data":"[2026-10-01T21:25:31+00:00]   21183716: SDE raw 9.2495, A6 6.0482 (4s)\n"}
,{"stream_name":"stdout","time":271.070326857,"data":"[2026-10-01T21:26:00+00:00]   188817017: SDE raw 7.6367, A6 7.5515 (74s)\n"}
,{"stream_name":"stdout","time":272.248602423,"data":"[2026-10-01T21:26:01+00:00]   11294075: SDE raw 4.6903, A6 6.1447 (1s)\n"}
,{"stream_name":"stdout","time":274.858390299,"data":"[2026-10-01T21:26:04+00:00]   425907893: SDE raw 7.0562, A6 5.9403 (2s)\n"}
,{"stream_name":"stdout","time":276.300632465,"data":"[2026-10-01T21:26:05+00:00]   167709098: SDE raw 5.2816, A6 4.5611 (1s)\n"}
,{"stream_name":"stdout","time":277.493433054,"data":"[2026-10-01T21:26:06+00:00]   150182605: SDE raw 5.1965, A6 4.6419 (1s)\n"}
,{"stream_name":"stdout","time":282.519180242,"data":"[2026-10-01T21:26:11+00:00]   308995977: SDE raw 6.8200, A6 6.3540 (4s)\n"}
,{"stream_name":"stdout","time":303.209605023,"data":"[2026-10-01T21:26:32+00:00]   374337789: SDE raw 7.2384, A6 6.2500 (59s)\n"}
,{"stream_name":"stdout","time":305.587225015,"data":"[2026-10-01T21:26:34+00:00]   294209976: SDE raw 6.1614, A6 4.6643 (1s)\n"}
,{"stream_name":"stdout","time":307.002952568,"data":"[2026-10-01T21:26:36+00:00]   143166892: SDE raw 5.2524, A6 5.9233 (1s)\n"}
,{"stream_name":"stdout","time":307.576309298,"data":"[2026-10-01T21:26:36+00:00]   468327411: SDE raw 9.0195, A6 7.6726 (24s)\n"}
,{"stream_name":"stdout","time":308.828808511,"data":"[2026-10-01T21:26:38+00:00]   243222345: SDE raw 7.5880, A6 4.9999 (1s)\n"}
,{"stream_name":"stdout","time":314.080893006,"data":"[2026-10-01T21:26:43+00:00]   95661024: SDE raw 9.2980, A6 8.7915 (4s)\n"}
,{"stream_name":"stdout","time":315.100126977,"data":"[2026-10-01T21:26:44+00:00]   142851295: SDE raw 6.6794, A6 7.2642 (1s)\n"}
,{"stream_name":"stdout","time":316.321231966,"data":"[2026-10-01T21:26:45+00:00]   456343194: SDE raw 4.5894, A6 5.1378 (1s)\n"}
,{"stream_name":"stdout","time":318.839730248,"data":"[2026-10-01T21:26:48+00:00]   388198750: SDE raw 6.5118, A6 5.3830 (2s)\n"}
,{"stream_name":"stdout","time":385.661547569,"data":"[2026-10-01T21:27:55+00:00]   37441683: SDE raw 9.9464, A6 7.0489 (76s)\n"}
,{"stream_name":"stdout","time":388.230687171,"data":"[2026-10-01T21:27:57+00:00]   365105037: SDE raw 9.2906, A6 6.0960 (2s)\n"}
,{"stream_name":"stdout","time":390.656211515,"data":"[2026-10-01T21:28:00+00:00]   56753935: SDE raw 7.3058, A6 6.7896 (1s)\n"}
,{"stream_name":"stdout","time":393.15876296,"data":"[2026-10-01T21:28:02+00:00]   89182964: SDE raw 7.5117, A6 6.3265 (2s)\n"}
,{"stream_name":"stdout","time":394.34215095,"data":"[2026-10-01T21:28:03+00:00]   303584211: SDE raw 5.7909, A6 5.3680 (1s)\n"}
,{"stream_name":"stdout","time":396.74495689,"data":"[2026-10-01T21:28:06+00:00]   148044122: SDE raw 7.5676, A6 10.0163 (1s)\n"}
,{"stream_name":"stdout","time":397.605108177,"data":"[2026-10-01T21:28:06+00:00]   156118825: SDE raw 9.5497, A6 9.3691 (76s)\n"}
,{"stream_name":"stdout","time":397.841113961,"data":"[2026-10-01T21:28:07+00:00]   248608056: SDE raw 5.0335, A6 5.9035 (1s)\n"}
,{"stream_name":"stdout","time":399.02772075,"data":"[2026-10-01T21:28:08+00:00]   228508541: SDE raw 5.7155, A6 7.2436 (1s)\n"}
,{"stream_name":"stdout","time":400.064317355,"data":"[2026-10-01T21:28:09+00:00]   147566097: SDE raw 8.5164, A6 9.2355 (2s)\n"}
,{"stream_name":"stdout","time":400.435518153,"data":"[2026-10-01T21:28:09+00:00]   17859252: SDE raw 6.1535, A6 4.3969 (1s)\n"}
,{"stream_name":"stdout","time":401.348788934,"data":"[2026-10-01T21:28:10+00:00]   12932104: SDE raw 6.9778, A6 4.2978 (0s)\n"}
,{"stream_name":"stdout","time":402.278336006,"data":"[2026-10-01T21:28:11+00:00]   130707519: SDE raw 7.2890, A6 4.8047 (0s)\n"}
,{"stream_name":"stdout","time":405.239946035,"data":"[2026-10-01T21:28:14+00:00]   301082720: SDE raw 6.5098, A6 6.4793 (2s)\n"}
,{"stream_name":"stdout","time":408.931066627,"data":"[2026-10-01T21:28:18+00:00]   82203010: SDE raw 9.1526, A6 5.5087 (7s)\n"}
,{"stream_name":"stdout","time":410.105461904,"data":"[2026-10-01T21:28:19+00:00]   34468360: SDE raw 7.6856, A6 4.6832 (1s)\n"}
,{"stream_name":"stdout","time":412.458755731,"data":"[2026-10-01T21:28:21+00:00]   301871184: SDE raw 7.2255, A6 8.8013 (1s)\n"}
,{"stream_name":"stdout","time":441.071875711,"data":"[2026-10-01T21:28:50+00:00]   316256708: SDE raw 8.3790, A6 8.3142 (27s)\n"}
,{"stream_name":"stdout","time":442.562527508,"data":"[2026-10-01T21:28:51+00:00]   345945610: SDE raw 7.6635, A6 8.0101 (36s)\n"}
,{"stream_name":"stdout","time":445.427635097,"data":"[2026-10-01T21:28:54+00:00]   136949182: SDE raw 8.0957, A6 5.4480 (2s)\n"}
,{"stream_name":"stdout","time":446.01631805,"data":"[2026-10-01T21:28:55+00:00]   247374720: SDE raw 7.0238, A6 5.8057 (4s)\n"}
,{"stream_name":"stdout","time":448.55878059,"data":"[2026-10-01T21:28:57+00:00]   467781820: SDE raw 8.0321, A6 6.9909 (2s)\n"}
,{"stream_name":"stdout","time":449.642132482,"data":"[2026-10-01T21:28:58+00:00]   301020470: SDE raw 5.3940, A6 4.9294 (1s)\n"}
,{"stream_name":"stdout","time":449.871976777,"data":"[2026-10-01T21:28:59+00:00]   188599997: SDE raw 5.9048, A6 5.7510 (3s)\n"}
,{"stream_name":"stdout","time":450.785514307,"data":"[2026-10-01T21:29:00+00:00]   328960420: SDE raw 5.8585, A6 5.0068 (1s)\n"}
,{"stream_name":"stdout","time":452.275068721,"data":"[2026-10-01T21:29:01+00:00]   380544627: SDE raw 6.4772, A6 5.3390 (2s)\n"}
,{"stream_name":"stdout","time":453.192590939,"data":"[2026-10-01T21:29:02+00:00]   365201956: SDE raw 6.0555, A6 5.1030 (2s)\n"}
,{"stream_name":"stdout","time":453.773475495,"data":"[2026-10-01T21:29:03+00:00]   265373619: SDE raw 5.8870, A6 5.1945 (1s)\n"}
,{"stream_name":"stdout","time":455.724974249,"data":"[2026-10-01T21:29:05+00:00]   70999970: SDE raw 6.6779, A6 5.1905 (2s)\n"}
,{"stream_name":"stdout","time":456.289878714,"data":"[2026-10-01T21:29:05+00:00]   257432633: SDE raw 7.0829, A6 6.3003 (2s)\n"}
,{"stream_name":"stdout","time":457.603751694,"data":"[2026-10-01T21:29:06+00:00]   112243062: SDE raw 7.4704, A6 6.9334 (1s)\n"}
,{"stream_name":"stdout","time":459.857958823,"data":"[2026-10-01T21:29:09+00:00]   160987265: SDE raw 5.0941, A6 5.7675 (2s)\n"}
,{"stream_name":"stdout","time":461.03840524,"data":"[2026-10-01T21:29:10+00:00]   303217572: SDE raw 10.7215, A6 6.8993 (4s)\n"}
,{"stream_name":"stdout","time":463.422239157,"data":"[2026-10-01T21:29:12+00:00]   127021116: SDE raw 6.4138, A6 7.7648 (1s)\n"}
,{"stream_name":"stdout","time":466.154929339,"data":"[2026-10-01T21:29:15+00:00]   337732281: SDE raw 6.6319, A6 6.2655 (2s)\n"}
,{"stream_name":"stdout","time":468.751429269,"data":"[2026-10-01T21:29:18+00:00]   180567838: SDE raw 6.3897, A6 6.0380 (2s)\n"}
,{"stream_name":"stdout","time":477.490496354,"data":"[2026-10-01T21:29:26+00:00]   87955155: SDE raw 9.4722, A6 6.5020 (7s)\n"}
,{"stream_name":"stdout","time":479.078552621,"data":"[2026-10-01T21:29:28+00:00]   54965104: SDE raw 5.1492, A6 4.5908 (1s)\n"}
,{"stream_name":"stdout","time":480.100635653,"data":"[2026-10-01T21:29:29+00:00]   23138309: SDE raw 6.2704, A6 7.4873 (1s)\n"}
,{"stream_name":"stdout","time":485.724554259,"data":"[2026-10-01T21:29:35+00:00]   259929953: SDE raw 7.4321, A6 7.1511 (4s)\n"}
,{"stream_name":"stdout","time":488.377470065,"data":"[2026-10-01T21:29:37+00:00]   70712605: SDE raw 5.5416, A6 7.3609 (2s)\n"}
,{"stream_name":"stdout","time":490.759734399,"data":"[2026-10-01T21:29:40+00:00]   31157818: SDE raw 10.4295, A6 7.1176 (1s)\n"}
,{"stream_name":"stdout","time":493.275397565,"data":"[2026-10-01T21:29:42+00:00]   231861324: SDE raw 6.7376, A6 6.3573 (2s)\n"}
,{"stream_name":"stdout","time":495.965501851,"data":"[2026-10-01T21:29:45+00:00]   65414448: SDE raw 11.1142, A6 7.2534 (2s)\n"}
,{"stream_name":"stdout","time":497.396225543,"data":"[2026-10-01T21:29:46+00:00]   402115421: SDE raw 6.1308, A6 4.1592 (1s)\n"}
,{"stream_name":"stdout","time":498.190648181,"data":"[2026-10-01T21:29:47+00:00]   268586596: SDE raw 5.4821, A6 4.4251 (0s)\n"}
,{"stream_name":"stdout","time":500.706915594,"data":"[2026-10-01T21:29:50+00:00]   100588940: SDE raw 7.8064, A6 5.1778 (2s)\n"}
,{"stream_name":"stdout","time":511.739653874,"data":"[2026-10-01T21:30:01+00:00]   233188971: SDE raw 9.5399, A6 7.9987 (9s)\n"}
,{"stream_name":"stdout","time":522.7443252,"data":"[2026-10-01T21:30:12+00:00]   275294416: SDE raw 9.5022, A6 7.4862 (61s)\n"}
,{"stream_name":"stdout","time":524.212628171,"data":"[2026-10-01T21:30:13+00:00]   367815123: SDE raw 5.8109, A6 5.1281 (1s)\n"}
,{"stream_name":"stdout","time":538.89491267,"data":"[2026-10-01T21:30:28+00:00]   138710265: SDE raw 13.3762, A6 8.9754 (13s)\n"}
,{"stream_name":"stdout","time":539.86970584,"data":"[2026-10-01T21:30:29+00:00]   54417075: SDE raw 7.8853, A6 7.2376 (1s)\n"}
,{"stream_name":"stdout","time":542.830280476,"data":"[2026-10-01T21:30:32+00:00]   355951012: SDE raw 5.2143, A6 6.3080 (2s)\n"}
,{"stream_name":"stdout","time":556.638389653,"data":"[2026-10-01T21:30:45+00:00]   219818807: SDE raw 11.0476, A6 6.5590 (12s)\n"}
,{"stream_name":"stdout","time":566.576466285,"data":"[2026-10-01T21:30:55+00:00]   3799379: SDE raw 9.3165, A6 10.2141 (8s)\n"}
,{"stream_name":"stdout","time":570.944997232,"data":"[2026-10-01T21:31:00+00:00]   219167241: SDE raw 11.4014, A6 7.7385 (3s)\n"}
,{"stream_name":"stdout","time":603.261185156,"data":"[2026-10-01T21:31:32+00:00]   353731979: SDE raw 9.3152, A6 5.9612 (89s)\n"}
,{"stream_name":"stdout","time":613.657895783,"data":"[2026-10-01T21:31:43+00:00]   154384371: SDE raw 9.1569, A6 6.0512 (40s)\n"}
,{"stream_name":"stdout","time":666.565828221,"data":"[2026-10-01T21:32:35+00:00]   358112861: SDE raw 9.3310, A6 7.9414 (60s)\n"}
,{"stream_name":"stdout","time":669.187889116,"data":"[2026-10-01T21:32:38+00:00]   58172624: SDE raw 8.9155, A6 10.9628 (2s)\n"}
,{"stream_name":"stdout","time":695.609830273,"data":"[2026-10-01T21:33:04+00:00]   333605244: SDE raw 10.5179, A6 8.6935 (79s)\n"}
,{"stream_name":"stdout","time":699.386797125,"data":"[2026-10-01T21:33:08+00:00]   137734799: SDE raw 9.0829, A6 6.3426 (28s)\n"}
,{"stream_name":"stdout","time":700.866681538,"data":"[2026-10-01T21:33:10+00:00]   27837522: SDE raw 6.8921, A6 8.0402 (4s)\n"}
,{"stream_name":"stdout","time":702.088914466,"data":"[2026-10-01T21:33:11+00:00]   8447415: SDE raw 6.6477, A6 6.8753 (2s)\n"}
,{"stream_name":"stdout","time":703.742346437,"data":"[2026-10-01T21:33:13+00:00]   46850461: SDE raw 5.5876, A6 5.2298 (1s)\n"}
,{"stream_name":"stdout","time":744.685258058,"data":"[2026-10-01T21:33:54+00:00]   279876524: SDE raw 12.8705, A6 6.1062 (42s)\n"}
,{"stream_name":"stdout","time":746.703654518,"data":"[2026-10-01T21:33:56+00:00]   219008684: SDE raw 7.0585, A6 8.3627 (40s)\n"}
,{"stream_name":"stdout","time":749.468763346,"data":"[2026-10-01T21:33:58+00:00]   153838349: SDE raw 10.9210, A6 7.8277 (2s)\n"}
,{"stream_name":"stdout","time":752.15160425,"data":"[2026-10-01T21:34:01+00:00]   309922205: SDE raw 7.4267, A6 6.7469 (2s)\n"}
,{"stream_name":"stdout","time":754.508629725,"data":"[2026-10-01T21:34:03+00:00]   237340884: SDE raw 6.7851, A6 6.8194 (2s)\n"}
,{"stream_name":"stdout","time":755.935322278,"data":"[2026-10-01T21:34:05+00:00]   172292753: SDE raw 4.5490, A6 4.2498 (1s)\n"}
,{"stream_name":"stdout","time":801.650219293,"data":"[2026-10-01T21:34:51+00:00]   229535393: SDE raw 7.8334, A6 6.7469 (43s)\n"}
,{"stream_name":"stdout","time":808.042737335,"data":"[2026-10-01T21:34:57+00:00]   123203822: SDE raw 8.3244, A6 7.4438 (61s)\n"}
,{"stream_name":"stdout","time":810.543056374,"data":"[2026-10-01T21:34:59+00:00]   231044412: SDE raw 9.2463, A6 5.6717 (2s)\n"}
,{"stream_name":"stdout","time":847.096553478,"data":"[2026-10-01T21:35:36+00:00]   459865437: SDE raw 7.2239, A6 7.1165 (34s)\n"}
,{"stream_name":"stdout","time":848.575428548,"data":"[2026-10-01T21:35:37+00:00]   341501417: SDE raw 7.8864, A6 8.6435 (1s)\n"}
,{"stream_name":"stdout","time":872.704227555,"data":"[2026-10-01T21:36:02+00:00]   161004057: SDE raw 8.8118, A6 7.1154 (23s)\n"}
,{"stream_name":"stdout","time":875.094667454,"data":"[2026-10-01T21:36:04+00:00]   152985509: SDE raw 6.7816, A6 6.1219 (2s)\n"}
,{"stream_name":"stdout","time":909.446461445,"data":"[2026-10-01T21:36:38+00:00]   47934197: SDE raw 9.7430, A6 7.3530 (104s)\n"}
,{"stream_name":"stdout","time":910.558167757,"data":"[2026-10-01T21:36:39+00:00]   356582410: SDE raw 7.4122, A6 5.4646 (1s)\n"}
,{"stream_name":"stdout","time":911.962026696,"data":"[2026-10-01T21:36:41+00:00]   459893772: SDE raw 6.7854, A6 7.2634 (1s)\n"}
,{"stream_name":"stdout","time":918.202871886,"data":"[2026-10-01T21:36:47+00:00]   137843815: SDE raw 10.6712, A6 8.0888 (41s)\n"}
,{"stream_name":"stdout","time":921.709112103,"data":"[2026-10-01T21:36:51+00:00]   400711585: SDE raw 6.7757, A6 6.1516 (8s)\n"}
,{"stream_name":"stdout","time":922.810431088,"data":"[2026-10-01T21:36:52+00:00]   160004409: SDE raw 5.0349, A6 4.8076 (1s)\n"}
,{"stream_name":"stdout","time":1003.203894305,"data":"[2026-10-01T21:38:12+00:00]   70555490: SDE raw 9.9455, A6 8.5082 (78s)\n"}
,{"stream_name":"stdout","time":1021.067667974,"data":"[2026-10-01T21:38:30+00:00]   235997128: SDE raw 9.1982, A6 11.5947 (100s)\n"}
,{"stream_name":"stdout","time":1026.89932815,"data":"[2026-10-01T21:38:36+00:00]   382633872: SDE raw 8.3869, A6 9.2898 (4s)\n"}
,{"stream_name":"stdout","time":1029.651553225,"data":"[2026-10-01T21:38:39+00:00]   72888698: SDE raw 6.0135, A6 5.7375 (2s)\n"}
,{"stream_name":"stdout","time":1032.078242451,"data":"[2026-10-01T21:38:41+00:00]   321844134: SDE raw 5.4109, A6 5.4380 (2s)\n"}
,{"stream_name":"stdout","time":1033.43229772,"data":"[2026-10-01T21:38:42+00:00]   1357036: SDE raw 7.2755, A6 7.9353 (1s)\n"}
,{"stream_name":"stdout","time":1034.89379213,"data":"[2026-10-01T21:38:44+00:00]   67503569: SDE raw 5.3704, A6 6.6172 (1s)\n"}
,{"stream_name":"stdout","time":1036.115288534,"data":"[2026-10-01T21:38:45+00:00]   159539971: SDE raw 5.5672, A6 4.7507 (1s)\n"}
,{"stream_name":"stdout","time":1045.090211279,"data":"[2026-10-01T21:38:54+00:00]   441661659: SDE raw 8.2289, A6 8.1966 (40s)\n"}
,{"stream_name":"stdout","time":1047.764465329,"data":"[2026-10-01T21:38:57+00:00]   233488457: SDE raw 7.8650, A6 8.0364 (2s)\n"}
,{"stream_name":"stdout","time":1049.198277199,"data":"[2026-10-01T21:38:58+00:00]   95932700: SDE raw 6.2584, A6 4.9898 (1s)\n"}
,{"stream_name":"stdout","time":1051.760379706,"data":"[2026-10-01T21:39:01+00:00]   282171504: SDE raw 7.3211, A6 4.6238 (2s)\n"}
,{"stream_name":"stdout","time":1054.622568572,"data":"[2026-10-01T21:39:03+00:00]   231825380: SDE raw 6.3808, A6 5.9589 (2s)\n"}
,{"stream_name":"stdout","time":1057.255291551,"data":"[2026-10-01T21:39:06+00:00]   193794997: SDE raw 4.8012, A6 5.7640 (2s)\n"}
,{"stream_name":"stdout","time":1058.720682234,"data":"[2026-10-01T21:39:08+00:00]   290192825: SDE raw 4.8900, A6 5.1464 (1s)\n"}
,{"stream_name":"stdout","time":1060.178955093,"data":"[2026-10-01T21:39:09+00:00]   371814336: SDE raw 4.7609, A6 5.0350 (1s)\n"}
,{"stream_name":"stdout","time":1075.212821226,"data":"[2026-10-01T21:39:24+00:00]   431479397: SDE raw 14.0797, A6 10.1499 (36s)\n"}
,{"stream_name":"stdout","time":1091.176605391,"data":"[2026-10-01T21:39:40+00:00]   141489108: SDE raw 6.7387, A6 6.3759 (29s)\n"}
,{"stream_name":"stdout","time":1104.46028969,"data":"[2026-10-01T21:39:53+00:00]   357388709: SDE raw 9.2158, A6 8.8166 (28s)\n"}
,{"stream_name":"stdout","time":1105.36440751,"data":"[2026-10-01T21:39:54+00:00]   322356178: SDE raw 4.3117, A6 4.1308 (1s)\n"}
,{"stream_name":"stdout","time":1107.924289949,"data":"[2026-10-01T21:39:57+00:00]   200296367: SDE raw 6.2502, A6 5.8258 (2s)\n"}
,{"stream_name":"stdout","time":1110.490696221,"data":"[2026-10-01T21:39:59+00:00]   39425970: SDE raw 8.0671, A6 7.1097 (2s)\n"}
,{"stream_name":"stdout","time":1141.313239125,"data":"[2026-10-01T21:40:30+00:00]   396665085: SDE raw 9.7477, A6 9.6800 (29s)\n"}
,{"stream_name":"stdout","time":1143.006774636,"data":"[2026-10-01T21:40:32+00:00]   17547198: SDE raw 6.9861, A6 7.2039 (1s)\n"}
,{"stream_name":"stdout","time":1144.4488143,"data":"[2026-10-01T21:40:33+00:00]   272759465: SDE raw 6.4366, A6 6.2325 (1s)\n"}
,{"stream_name":"stdout","time":1175.671870682,"data":"[2026-10-01T21:41:05+00:00]   356739947: SDE raw 8.9174, A6 7.4672 (82s)\n"}
,{"stream_name":"stdout","time":1177.18443388,"data":"[2026-10-01T21:41:06+00:00]   388817567: SDE raw 5.4952, A6 6.3438 (1s)\n"}
,{"stream_name":"stdout","time":1206.285862407,"data":"[2026-10-01T21:41:35+00:00]   141819864: SDE raw 8.8359, A6 7.8797 (27s)\n"}
,{"stream_name":"stdout","time":1232.880555387,"data":"[2026-10-01T21:42:02+00:00]   198613806: SDE raw 11.8765, A6 6.8793 (86s)\n"}
,{"stream_name":"stdout","time":1234.011344969,"data":"[2026-10-01T21:42:03+00:00]   399960550: SDE raw 6.6930, A6 4.5203 (1s)\n"}
,{"stream_name":"stdout","time":1234.941552026,"data":"[2026-10-01T21:42:04+00:00]   92241508: SDE raw 6.0661, A6 3.4735 (0s)\n"}
,{"stream_name":"stdout","time":1236.415519933,"data":"[2026-10-01T21:42:05+00:00]   154012376: SDE raw 8.0952, A6 8.2172 (28s)\n"}
,{"stream_name":"stdout","time":1237.574350587,"data":"[2026-10-01T21:42:06+00:00]   343450178: SDE raw 6.7245, A6 6.1345 (2s)\n"}
,{"stream_name":"stdout","time":1241.358832701,"data":"[2026-10-01T21:42:10+00:00]   25909530: SDE raw 6.3619, A6 5.7255 (4s)\n"}
,{"stream_name":"stdout","time":1250.868800212,"data":"[2026-10-01T21:42:20+00:00]   290655395: SDE raw 8.7195, A6 7.9522 (8s)\n"}
,{"stream_name":"stdout","time":1275.663746445,"data":"[2026-10-01T21:42:45+00:00]   149915357: SDE raw 10.3038, A6 9.5660 (23s)\n"}
,{"stream_name":"stdout","time":1276.82942754,"data":"[2026-10-01T21:42:46+00:00]   156069089: SDE raw 8.4845, A6 13.7849 (1s)\n"}
,{"stream_name":"stdout","time":1282.3971686,"data":"[2026-10-01T21:42:51+00:00]   197787189: SDE raw 7.2199, A6 8.3205 (4s)\n"}
,{"stream_name":"stdout","time":1299.612984977,"data":"[2026-10-01T21:43:08+00:00]   7980848: SDE raw 16.8515, A6 15.1118 (60s)\n"}
,{"stream_name":"stdout","time":1346.727162235,"data":"[2026-10-01T21:43:56+00:00]   300287989: SDE raw 9.6195, A6 6.1041 (44s)\n"}
,{"stream_name":"stdout","time":1348.103250139,"data":"[2026-10-01T21:43:57+00:00]   434138790: SDE raw 7.8205, A6 4.9398 (1s)\n"}
,{"stream_name":"stdout","time":1350.265813297,"data":"[2026-10-01T21:43:59+00:00]   31927196: SDE raw 8.2565, A6 6.6267 (65s)\n"}
,{"stream_name":"stdout","time":1352.800624,"data":"[2026-10-01T21:44:02+00:00]   58791910: SDE raw 7.3145, A6 6.3313 (2s)\n"}
,{"stream_name":"stdout","time":1353.798376614,"data":"[2026-10-01T21:44:03+00:00]   437251093: SDE raw 5.6105, A6 6.5318 (0s)\n"}
,{"stream_name":"stdout","time":1354.894295108,"data":"[2026-10-01T21:44:04+00:00]   117299081: SDE raw 5.4754, A6 4.9733 (1s)\n"}
,{"stream_name":"stdout","time":1356.575276976,"data":"[2026-10-01T21:44:05+00:00]   345035899: SDE raw 5.3291, A6 5.2113 (1s)\n"}
,{"stream_name":"stdout","time":1359.135402649,"data":"[2026-10-01T21:44:08+00:00]   201815557: SDE raw 7.6967, A6 5.7124 (2s)\n"}
,{"stream_name":"stdout","time":1360.578464482,"data":"[2026-10-01T21:44:09+00:00]   82605922: SDE raw 4.6208, A6 5.0074 (1s)\n"}
,{"stream_name":"stdout","time":1382.001803916,"data":"[2026-10-01T21:44:31+00:00]   167086734: SDE raw 10.2684, A6 6.9435 (32s)\n"}
,{"stream_name":"stdout","time":1390.088936412,"data":"[2026-10-01T21:44:39+00:00]   230133178: SDE raw 8.5436, A6 8.4362 (27s)\n"}
,{"stream_name":"stdout","time":1409.75111169,"data":"[2026-10-01T21:44:59+00:00]   441630858: SDE raw 10.5413, A6 6.8003 (18s)\n"}
,{"stream_name":"stdout","time":1428.230476437,"data":"[2026-10-01T21:45:17+00:00]   316258758: SDE raw 8.0274, A6 6.2172 (17s)\n"}
,{"stream_name":"stdout","time":1429.347068195,"data":"[2026-10-01T21:45:18+00:00]   274272069: SDE raw 7.0284, A6 4.7488 (1s)\n"}
,{"stream_name":"stdout","time":1435.202579838,"data":"[2026-10-01T21:45:24+00:00]   202424780: SDE raw 8.4545, A6 5.4298 (4s)\n"}
,{"stream_name":"stdout","time":1436.358039221,"data":"[2026-10-01T21:45:25+00:00]   201225061: SDE raw 7.5735, A6 4.7831 (1s)\n"}
,{"stream_name":"stdout","time":1473.874057899,"data":"[2026-10-01T21:46:03+00:00]   441720612: SDE raw 8.2871, A6 7.1855 (89s)\n"}
,{"stream_name":"stdout","time":1483.024453715,"data":"[2026-10-01T21:46:12+00:00]   359583862: SDE raw 8.6791, A6 8.0069 (45s)\n"}
,{"stream_name":"stdout","time":1504.845519244,"data":"[2026-10-01T21:46:34+00:00]   356631941: SDE raw 11.7389, A6 5.7551 (29s)\n"}
,{"stream_name":"stdout","time":1506.275757131,"data":"[2026-10-01T21:46:35+00:00]   416488611: SDE raw 8.4668, A6 5.3122 (1s)\n"}
,{"stream_name":"stdout","time":1541.860136537,"data":"[2026-10-01T21:47:11+00:00]   230060110: SDE raw 9.5678, A6 10.0329 (33s)\n"}
,{"stream_name":"stdout","time":1572.63157263,"data":"[2026-10-01T21:47:41+00:00]   142441558: SDE raw 8.8320, A6 10.4235 (29s)\n"}
,{"stream_name":"stdout","time":1643.199022855,"data":"[2026-10-01T21:48:52+00:00]   219110549: SDE raw 12.0524, A6 7.4347 (154s)\n"}
,{"stream_name":"stdout","time":1688.5343887,"data":"[2026-10-01T21:49:37+00:00]   441790989: SDE raw 10.2547, A6 7.6899 (110s)\n"}
,{"stream_name":"stdout","time":1697.671482943,"data":"[2026-10-01T21:49:47+00:00]   310307742: SDE raw 13.6996, A6 13.6922 (7s)\n"}
,{"stream_name":"stdout","time":1702.701605599,"data":"[2026-10-01T21:49:52+00:00]   156462093: SDE raw 8.2412, A6 6.4925 (4s)\n"}
,{"stream_name":"stdout","time":1739.925436828,"data":"[2026-10-01T21:50:29+00:00]   284891200: SDE raw 9.4339, A6 10.8050 (91s)\n"}
,{"stream_name":"stdout","time":1760.439726224,"data":"[2026-10-01T21:50:49+00:00]   235951122: SDE raw 9.3740, A6 7.5935 (54s)\n"}
,{"stream_name":"stdout","time":1802.844549946,"data":"[2026-10-01T21:51:32+00:00]   405504412: SDE raw 9.2145, A6 9.9832 (40s)\n"}
,{"stream_name":"stdout","time":1829.058235252,"data":"[2026-10-01T21:51:58+00:00]   207437827: SDE raw 11.1100, A6 8.5306 (85s)\n"}
,{"stream_name":"stdout","time":1910.487601721,"data":"[2026-10-01T21:53:19+00:00]   287430858: SDE raw 9.2138, A6 8.2907 (104s)\n"}
,{"stream_name":"stdout","time":1913.245497939,"data":"[2026-10-01T21:53:22+00:00]   7422813: SDE raw 6.8670, A6 6.9696 (2s)\n"}
,{"stream_name":"stdout","time":1986.8349779,"data":"[2026-10-01T21:54:36+00:00]   441729468: SDE raw 10.5473, A6 7.5004 (153s)\n"}
,{"stream_name":"stdout","time":1998.68139554,"data":"[2026-10-01T21:54:48+00:00]   336105245: SDE raw 9.4884, A6 8.9401 (82s)\n"}
,{"stream_name":"stdout","time":2068.652299036,"data":"[2026-10-01T21:55:58+00:00]   150269856: SDE raw 8.2815, A6 8.2340 (78s)\n"}
,{"stream_name":"stdout","time":2133.844758327,"data":"[2026-10-01T21:57:03+00:00]   372819328: SDE raw 9.6789, A6 8.4388 (130s)\n"}
,{"stream_name":"stdout","time":2150.45736122,"data":"[2026-10-01T21:57:19+00:00]   149218890: SDE raw 7.9894, A6 7.5458 (78s)\n"}
,{"stream_name":"stdout","time":2201.679634487,"data":"[2026-10-01T21:58:11+00:00]   236774251: SDE raw 8.4439, A6 9.3667 (49s)\n"}
,{"stream_name":"stdout","time":2204.275469854,"data":"[2026-10-01T21:58:13+00:00]   159881887: SDE raw 6.5206, A6 5.4843 (2s)\n"}
,{"stream_name":"stdout","time":2225.180593753,"data":"[2026-10-01T21:58:34+00:00]   154939487: SDE raw 10.0270, A6 8.2422 (88s)\n"}
,{"stream_name":"stdout","time":2251.841899252,"data":"[2026-10-01T21:59:01+00:00]   294204563: SDE raw 9.7069, A6 8.5065 (44s)\n"}
,{"stream_name":"stdout","time":2280.025154341,"data":"[2026-10-01T21:59:29+00:00]   272466518: SDE raw 12.9757, A6 10.1598 (26s)\n"}
,{"stream_name":"stdout","time":2292.493599878,"data":"[2026-10-01T21:59:41+00:00]   282927621: SDE raw 7.2294, A6 8.7166 (64s)\n"}
,{"stream_name":"stdout","time":2297.976176424,"data":"[2026-10-01T21:59:47+00:00]   197883618: SDE raw 9.5995, A6 7.4329 (4s)\n"}
,{"stream_name":"stdout","time":2326.397786831,"data":"[2026-10-01T22:00:15+00:00]   306579544: SDE raw 17.1033, A6 12.1962 (26s)\n"}
,{"stream_name":"stdout","time":2353.713235464,"data":"[2026-10-01T22:00:43+00:00]   262873951: SDE raw 9.2145, A6 7.4698 (25s)\n"}
,{"stream_name":"stdout","time":2356.236966181,"data":"[2026-10-01T22:00:45+00:00]   31780495: SDE raw 6.2054, A6 5.2551 (2s)\n"}
,{"stream_name":"stdout","time":2372.869908662,"data":"[2026-10-01T22:01:02+00:00]   263635042: SDE raw 14.3709, A6 7.4339 (90s)\n"}
,{"stream_name":"stdout","time":2406.774157858,"data":"[2026-10-01T22:01:36+00:00]   233174538: SDE raw 8.2926, A6 7.5317 (48s)\n"}
,{"stream_name":"stdout","time":2430.612150901,"data":"[2026-10-01T22:01:59+00:00]   300808111: SDE raw 12.9893, A6 11.8253 (54s)\n"}
,{"stream_name":"stdout","time":2490.401765225,"data":"[2026-10-01T22:02:59+00:00]   48135328: SDE raw 8.2675, A6 8.3590 (58s)\n"}
,{"stream_name":"stdout","time":2520.403946584,"data":"[2026-10-01T22:03:29+00:00]   177036523: SDE raw 13.3218, A6 8.1600 (108s)\n"}
,{"stream_name":"stdout","time":2602.116819171,"data":"[2026-10-01T22:04:51+00:00]   150275309: SDE raw 13.4817, A6 8.2686 (107s)\n"}
,{"stream_name":"stdout","time":2603.469506067,"data":"[2026-10-01T22:04:52+00:00]   334651890: SDE raw 8.5918, A6 7.7194 (80s)\n"}
,{"stream_name":"stdout","time":2733.413505121,"data":"[2026-10-01T22:07:02+00:00]   167342095: SDE raw 11.6292, A6 10.2770 (126s)\n"}
,{"stream_name":"stdout","time":2756.859666847,"data":"[2026-10-01T22:07:26+00:00]   289590127: SDE raw 9.2726, A6 8.1347 (149s)\n"}
,{"stream_name":"stdout","time":2777.130153297,"data":"[2026-10-01T22:07:46+00:00]   264909950: SDE raw 9.3014, A6 7.0440 (42s)\n"}
,{"stream_name":"stdout","time":2842.969235258,"data":"[2026-10-01T22:08:52+00:00]   198557700: SDE raw 9.9268, A6 7.6661 (83s)\n"}
,{"stream_name":"stdout","time":2873.328839912,"data":"[2026-10-01T22:09:22+00:00]   224600774: SDE raw 9.5670, A6 8.0694 (91s)\n"}
,{"stream_name":"stdout","time":2959.105484959,"data":"[2026-10-01T22:10:48+00:00]   207502489: SDE raw 11.0733, A6 9.5750 (112s)\n"}
,{"stream_name":"stdout","time":2983.391671107,"data":"[2026-10-01T22:11:12+00:00]   349092262: SDE raw 9.5105, A6 8.8182 (105s)\n"}
,{"stream_name":"stdout","time":3101.418734018,"data":"[2026-10-01T22:13:10+00:00]   229944367: SDE raw 6.9227, A6 6.4370 (113s)\n"}
,{"stream_name":"stdout","time":3102.004630396,"data":"[2026-10-01T22:13:11+00:00]   288599646: SDE raw 9.7173, A6 8.0625 (137s)\n"}
,{"stream_name":"stdout","time":3104.270432838,"data":"[2026-10-01T22:13:13+00:00]   159393734: SDE raw 7.3537, A6 5.1284 (2s)\n"}
,{"stream_name":"stdout","time":3147.12591699,"data":"[2026-10-01T22:13:56+00:00]   199710818: SDE raw 6.9769, A6 6.4799 (40s)\n"}
,{"stream_name":"stdout","time":3174.733332311,"data":"[2026-10-01T22:14:24+00:00]   382246532: SDE raw 10.8570, A6 9.7190 (69s)\n"}
,{"stream_name":"stdout","time":3180.849928616,"data":"[2026-10-01T22:14:30+00:00]   159501153: SDE raw 6.8106, A6 7.4588 (4s)\n"}
,{"stream_name":"stdout","time":3279.07124115,"data":"[2026-10-01T22:16:08+00:00]   389913879: SDE raw 10.8462, A6 7.4169 (127s)\n"}
,{"stream_name":"stdout","time":3288.913902308,"data":"[2026-10-01T22:16:18+00:00]   294669946: SDE raw 10.6286, A6 10.9288 (103s)\n"}
,{"stream_name":"stdout","time":3289.96037762,"data":"[2026-10-01T22:16:19+00:00]   289510559: SDE raw 6.6121, A6 6.7547 (0s)\n"}
,{"stream_name":"stdout","time":3290.866559788,"data":"[2026-10-01T22:16:20+00:00]   7153462: SDE raw 7.3762, A6 4.2368 (0s)\n"}
,{"stream_name":"stdout","time":3370.230887877,"data":"[2026-10-01T22:17:39+00:00]   25154154: SDE raw 15.4113, A6 8.2225 (75s)\n"}
,{"stream_name":"stdout","time":3393.923002149,"data":"[2026-10-01T22:18:03+00:00]   232627112: SDE raw 10.0570, A6 8.3020 (110s)\n"}
,{"stream_name":"stdout","time":3423.429342221,"data":"[2026-10-01T22:18:32+00:00]   161838991: SDE raw 8.9373, A6 7.7470 (51s)\n"}
,{"stream_name":"stdout","time":3460.212942715,"data":"[2026-10-01T22:19:09+00:00]   150395009: SDE raw 9.7665, A6 10.1362 (62s)\n"}
,{"stream_name":"stdout","time":3551.626164086,"data":"[2026-10-01T22:20:40+00:00]   25116994: SDE raw 9.8369, A6 8.7963 (87s)\n"}
,{"stream_name":"stdout","time":3566.392268632,"data":"[2026-10-01T22:20:55+00:00]   160473368: SDE raw 9.3410, A6 11.1664 (139s)\n"}
,{"stream_name":"stdout","time":3568.749482091,"data":"[2026-10-01T22:20:58+00:00]   255594552: SDE raw 7.9375, A6 6.0453 (1s)\n"}
,{"stream_name":"stdout","time":3571.617838827,"data":"[2026-10-01T22:21:00+00:00]   142502969: SDE raw 11.6212, A6 8.4407 (2s)\n"}
,{"stream_name":"stdout","time":3629.784937851,"data":"[2026-10-01T22:21:59+00:00]   300324697: SDE raw 10.7247, A6 8.3336 (74s)\n"}
,{"stream_name":"stdout","time":3670.157997585,"data":"[2026-10-01T22:22:39+00:00]   233518230: SDE raw 10.1805, A6 8.2638 (95s)\n"}
,{"stream_name":"stdout","time":3735.331993447,"data":"[2026-10-01T22:23:44+00:00]   267574639: SDE raw 12.4743, A6 8.0123 (102s)\n"}
,{"stream_name":"stdout","time":3824.319224674,"data":"[2026-10-01T22:25:13+00:00]   167121003: SDE raw 10.8529, A6 7.4723 (149s)\n"}
,{"stream_name":"stdout","time":3876.350371557,"data":"[2026-10-01T22:26:05+00:00]   160471611: SDE raw 15.9607, A6 9.3963 (137s)\n"}
,{"stream_name":"stdout","time":3961.308003085,"data":"[2026-10-01T22:27:30+00:00]   229715473: SDE raw 12.9802, A6 6.6896 (132s)\n"}
,{"stream_name":"stdout","time":3994.007615952,"data":"[2026-10-01T22:28:03+00:00]   298648506: SDE raw 8.3272, A6 6.5835 (114s)\n"}
,{"stream_name":"stdout","time":3999.229999149,"data":"[2026-10-01T22:28:08+00:00]   307984280: SDE raw 6.3008, A6 6.0165 (4s)\n"}
,{"stream_name":"stdout","time":4022.812614862,"data":"[2026-10-01T22:28:32+00:00]   339862021: SDE raw 9.1848, A6 9.1761 (58s)\n"}
,{"stream_name":"stdout","time":4070.155883968,"data":"[2026-10-01T22:29:19+00:00]   150106486: SDE raw 10.1846, A6 6.6177 (67s)\n"}
,{"stream_name":"stdout","time":4071.083236375,"data":"[2026-10-01T22:29:20+00:00]   418477085: SDE raw 5.5121, A6 5.4589 (1s)\n"}
,{"stream_name":"stdout","time":4088.315626693,"data":"[2026-10-01T22:29:37+00:00]   271904790: SDE raw 10.9148, A6 5.4104 (15s)\n"}
,{"stream_name":"stdout","time":4138.06993689,"data":"[2026-10-01T22:30:27+00:00]   150319903: SDE raw 9.0501, A6 8.1523 (110s)\n"}
,{"stream_name":"stdout","time":4139.95113738,"data":"[2026-10-01T22:30:29+00:00]   32033695: SDE raw 9.9477, A6 9.6173 (49s)\n"}
,{"stream_name":"stdout","time":4190.56640597,"data":"[2026-10-01T22:31:19+00:00]   48302533: SDE raw 6.9078, A6 7.9900 (49s)\n"}
,{"stream_name":"stdout","time":4214.983118699,"data":"[2026-10-01T22:31:44+00:00]   219397458: SDE raw 13.2078, A6 10.0489 (22s)\n"}
,{"stream_name":"stdout","time":4247.010788033,"data":"[2026-10-01T22:32:16+00:00]   238190798: SDE raw 9.4706, A6 9.9911 (105s)\n"}
,{"stream_name":"stdout","time":4338.331954382,"data":"[2026-10-01T22:33:47+00:00]   243284835: SDE raw 12.0040, A6 7.4309 (119s)\n"}
,{"stream_name":"stdout","time":4341.528087929,"data":"[2026-10-01T22:33:50+00:00]   350717229: SDE raw 9.4953, A6 10.3104 (90s)\n"}
,{"stream_name":"stdout","time":4368.985337838,"data":"[2026-10-01T22:34:18+00:00]   389776210: SDE raw 8.6221, A6 8.6741 (29s)\n"}
,{"stream_name":"stdout","time":4436.868177331,"data":"[2026-10-01T22:35:26+00:00]   30941364: SDE raw 8.8486, A6 6.2258 (90s)\n"}
,{"stream_name":"stdout","time":4459.12515957,"data":"[2026-10-01T22:35:48+00:00]   55499665: SDE raw 12.8118, A6 13.9429 (86s)\n"}
,{"stream_name":"stdout","time":4461.850779717,"data":"[2026-10-01T22:35:51+00:00]   261104679: SDE raw 6.7477, A6 4.6290 (2s)\n"}
,{"stream_name":"stdout","time":4554.089812621,"data":"[2026-10-01T22:37:23+00:00]   359630204: SDE raw 28.2010, A6 18.7370 (112s)\n"}
,{"stream_name":"stdout","time":4573.679222714,"data":"[2026-10-01T22:37:43+00:00]   269594762: SDE raw 10.5258, A6 6.0710 (107s)\n"}
,{"stream_name":"stdout","time":4616.319822121,"data":"[2026-10-01T22:38:25+00:00]   166052599: SDE raw 10.3133, A6 7.5074 (41s)\n"}
,{"stream_name":"stdout","time":4672.401019635,"data":"[2026-10-01T22:39:21+00:00]   232678357: SDE raw 11.6468, A6 9.5736 (114s)\n"}
,{"stream_name":"stdout","time":4695.750854739,"data":"[2026-10-01T22:39:45+00:00]   441797707: SDE raw 13.3704, A6 9.6181 (75s)\n"}
,{"stream_name":"stdout","time":4739.09270556,"data":"[2026-10-01T22:40:28+00:00]   367077910: SDE raw 10.9090, A6 8.1269 (64s)\n"}
,{"stream_name":"stdout","time":4742.090286361,"data":"[2026-10-01T22:40:31+00:00]   339577695: SDE raw 10.8634, A6 6.1093 (2s)\n"}
,{"stream_name":"stdout","time":4765.689927772,"data":"[2026-10-01T22:40:55+00:00]   48350363: SDE raw 8.8101, A6 7.1339 (68s)\n"}
,{"stream_name":"stdout","time":4770.264214433,"data":"[2026-10-01T22:40:59+00:00]   255684155: SDE raw 7.7703, A6 6.5209 (3s)\n"}
,{"stream_name":"stdout","time":4829.40302654,"data":"[2026-10-01T22:41:58+00:00]   188690062: SDE raw 8.4936, A6 7.8807 (56s)\n"}
,{"stream_name":"stdout","time":4836.673381639,"data":"[2026-10-01T22:42:06+00:00]   348960526: SDE raw 11.6698, A6 6.8221 (90s)\n"}
,{"stream_name":"stdout","time":4880.773756271,"data":"[2026-10-01T22:42:50+00:00]   154180755: SDE raw 8.9711, A6 6.9583 (42s)\n"}
,{"stream_name":"stdout","time":4942.886771707,"data":"[2026-10-01T22:43:52+00:00]   141425702: SDE raw 15.0727, A6 9.4899 (108s)\n"}
,{"stream_name":"stdout","time":5010.603666764,"data":"[2026-10-01T22:44:59+00:00]   288735542: SDE raw 11.1092, A6 7.5272 (126s)\n"}
,{"stream_name":"stdout","time":5036.622820894,"data":"[2026-10-01T22:45:25+00:00]   366518309: SDE raw 12.7191, A6 11.9515 (90s)\n"}
,{"stream_name":"stdout","time":5041.559208978,"data":"[2026-10-01T22:45:30+00:00]   141615953: SDE raw 17.7057, A6 21.2626 (29s)\n"}
,{"stream_name":"stdout","time":5042.725981267,"data":"[2026-10-01T22:45:32+00:00]   80431315: SDE raw 5.1983, A6 4.7937 (1s)\n"}
,{"stream_name":"stdout","time":5155.002910023,"data":"[2026-10-01T22:47:24+00:00]   335964703: SDE raw 9.6827, A6 8.7854 (113s)\n"}
,{"stream_name":"stdout","time":5209.940307381,"data":"[2026-10-01T22:48:19+00:00]   160553360: SDE raw 12.2565, A6 9.7727 (161s)\n"}
,{"stream_name":"stdout","time":5211.16081907,"data":"[2026-10-01T22:48:20+00:00]   220500424: SDE raw 7.9841, A6 3.9164 (1s)\n"}
,{"stream_name":"stdout","time":5222.942255306,"data":"[2026-10-01T22:48:32+00:00]   349059153: SDE raw 17.6306, A6 12.2615 (10s)\n"}
,{"stream_name":"stdout","time":5225.096208876,"data":"[2026-10-01T22:48:34+00:00]   289539950: SDE raw 13.8112, A6 9.1553 (66s)\n"}
,{"stream_name":"stdout","time":5241.709978428,"data":"[2026-10-01T22:48:51+00:00]   177349718: SDE raw 11.5921, A6 6.9203 (17s)\n"}
,{"stream_name":"stdout","time":5338.765030662,"data":"[2026-10-01T22:50:28+00:00]   237228873: SDE raw 7.6977, A6 7.2360 (92s)\n"}
,{"stream_name":"stdout","time":5339.126266707,"data":"[2026-10-01T22:50:28+00:00]   233658805: SDE raw 8.1980, A6 11.7422 (109s)\n"}
,{"stream_name":"stdout","time":5433.095074338,"data":"[2026-10-01T22:52:02+00:00]   353937438: SDE raw 13.8174, A6 11.5404 (89s)\n"}
,{"stream_name":"stdout","time":5433.313510645,"data":"[2026-10-01T22:52:02+00:00]   280071089: SDE raw 9.6686, A6 8.0551 (89s)\n"}
,{"stream_name":"stdout","time":5463.62991295,"data":"[2026-10-01T22:52:32+00:00]   260709484: SDE raw 8.4815, A6 5.7928 (29s)\n"}
,{"stream_name":"stdout","time":5578.520412983,"data":"[2026-10-01T22:54:27+00:00]   389501533: SDE raw 8.0468, A6 8.4387 (109s)\n"}
,{"stream_name":"stdout","time":5596.868581445,"data":"[2026-10-01T22:54:46+00:00]   356824045: SDE raw 14.5148, A6 8.5826 (157s)\n"}
,{"stream_name":"stdout","time":5693.494555166,"data":"[2026-10-01T22:56:22+00:00]   341873878: SDE raw 10.0836, A6 11.3656 (110s)\n"}
,{"stream_name":"stdout","time":5709.973559954,"data":"[2026-10-01T22:56:39+00:00]   390017684: SDE raw 9.6555, A6 8.9771 (108s)\n"}
,{"stream_name":"stdout","time":5837.602021618,"data":"[2026-10-01T22:58:46+00:00]   288635288: SDE raw 10.4674, A6 8.8801 (140s)\n"}
,{"stream_name":"stdout","time":5853.41119118,"data":"[2026-10-01T22:59:02+00:00]   288602429: SDE raw 8.7194, A6 6.9317 (139s)\n"}
,{"stream_name":"stdout","time":5932.0027504,"data":"[2026-10-01T23:00:21+00:00]   382266487: SDE raw 8.8876, A6 8.2889 (89s)\n"}
,{"stream_name":"stdout","time":5989.73313276,"data":"[2026-10-01T23:01:19+00:00]   219742837: SDE raw 18.5222, A6 13.5577 (131s)\n"}
,{"stream_name":"stdout","time":6026.099345797,"data":"[2026-10-01T23:01:55+00:00]   287080121: SDE raw 8.6445, A6 6.3367 (89s)\n"}
,{"stream_name":"stdout","time":6086.755275167,"data":"[2026-10-01T23:02:56+00:00]   199682561: SDE raw 8.9981, A6 9.4254 (92s)\n"}
,{"stream_name":"stdout","time":6141.823427513,"data":"[2026-10-01T23:03:51+00:00]   233679405: SDE raw 11.7797, A6 6.6641 (110s)\n"}
,{"stream_name":"stdout","time":6184.120993872,"data":"[2026-10-01T23:04:33+00:00]   219112937: SDE raw 11.8428, A6 10.2793 (94s)\n"}
,{"stream_name":"stdout","time":6236.370824988,"data":"[2026-10-01T23:05:25+00:00]   55557707: SDE raw 11.0512, A6 8.5088 (90s)\n"}
,{"stream_name":"stdout","time":6294.304772358,"data":"[2026-10-01T23:06:23+00:00]   284196649: SDE raw 9.1224, A6 9.3174 (105s)\n"}
,{"stream_name":"stdout","time":6332.110750726,"data":"[2026-10-01T23:07:01+00:00]   229401206: SDE raw 10.0001, A6 8.0895 (91s)\n"}
,{"stream_name":"stdout","time":6381.897868953,"data":"[2026-10-01T23:07:51+00:00]   237920857: SDE raw 7.6460, A6 7.1908 (84s)\n"}
,{"stream_name":"stdout","time":6470.982020515,"data":"[2026-10-01T23:09:20+00:00]   31380847: SDE raw 8.8467, A6 9.4149 (134s)\n"}
,{"stream_name":"stdout","time":6476.978029255,"data":"[2026-10-01T23:09:26+00:00]   198189572: SDE raw 8.6342, A6 8.1397 (90s)\n"}
,{"stream_name":"stdout","time":6564.289970384,"data":"[2026-10-01T23:10:53+00:00]   233741918: SDE raw 11.8521, A6 7.8836 (88s)\n"}
,{"stream_name":"stdout","time":6595.614223283,"data":"[2026-10-01T23:11:24+00:00]   219114041: SDE raw 16.5330, A6 9.2633 (114s)\n"}
,{"stream_name":"stdout","time":6677.592148424,"data":"[2026-10-01T23:12:46+00:00]   141977086: SDE raw 11.1642, A6 14.2120 (108s)\n"}
,{"stream_name":"stdout","time":6692.093715697,"data":"[2026-10-01T23:13:01+00:00]   237217129: SDE raw 7.7071, A6 8.7756 (92s)\n"}
,{"stream_name":"stdout","time":6785.729891394,"data":"[2026-10-01T23:14:35+00:00]   230114084: SDE raw 10.4072, A6 6.3218 (89s)\n"}
,{"stream_name":"stdout","time":6793.862497555,"data":"[2026-10-01T23:14:43+00:00]   390018170: SDE raw 9.6186, A6 8.3689 (111s)\n"}
,{"stream_name":"stdout","time":6879.613034317,"data":"[2026-10-01T23:16:08+00:00]   279322519: SDE raw 8.8554, A6 10.0295 (89s)\n"}
,{"stream_name":"stdout","time":6890.145700016,"data":"[2026-10-01T23:16:19+00:00]   219100171: SDE raw 9.3493, A6 7.3997 (91s)\n"}
,{"stream_name":"stdout","time":6977.436043377,"data":"[2026-10-01T23:17:46+00:00]   233051360: SDE raw 11.0707, A6 6.1172 (93s)\n"}
,{"stream_name":"stdout","time":6985.210542375,"data":"[2026-10-01T23:17:54+00:00]   280073661: SDE raw 9.5332, A6 9.7748 (90s)\n"}
,{"stream_name":"stdout","time":7102.547721647,"data":"[2026-10-01T23:19:51+00:00]   38468130: SDE raw 10.6021, A6 8.6909 (120s)\n"}
,{"stream_name":"stdout","time":7103.325591616,"data":"[2026-10-01T23:19:52+00:00]   230067355: SDE raw 10.3109, A6 8.6229 (113s)\n"}
,{"stream_name":"stdout","time":7176.989896063,"data":"[2026-10-01T23:21:06+00:00]   237232981: SDE raw 15.1516, A6 8.3201 (70s)\n"}
,{"stream_name":"stdout","time":7201.83872606,"data":"[2026-10-01T23:21:31+00:00]   394120087: SDE raw 13.6182, A6 10.9724 (93s)\n"}
,{"stream_name":"stdout","time":7270.919018236,"data":"[2026-10-01T23:22:40+00:00]   357128937: SDE raw 8.3613, A6 8.3240 (89s)\n"}
,{"stream_name":"stdout","time":7294.226045655,"data":"[2026-10-01T23:23:03+00:00]   160602790: SDE raw 7.9234, A6 6.5939 (21s)\n"}
,{"stream_name":"stdout","time":7294.428942991,"data":"[2026-10-01T23:23:03+00:00]   350582439: SDE raw 9.2462, A6 6.5515 (88s)\n"}
,{"stream_name":"stdout","time":7388.591665267,"data":"[2026-10-01T23:24:37+00:00]   29833504: SDE raw 10.1570, A6 6.5744 (89s)\n"}
,{"stream_name":"stdout","time":7405.561097954,"data":"[2026-10-01T23:24:54+00:00]   260419365: SDE raw 11.3119, A6 15.3189 (106s)\n"}
,{"stream_name":"stdout","time":7481.393535264,"data":"[2026-10-01T23:26:10+00:00]   357686155: SDE raw 12.2195, A6 9.2801 (88s)\n"}
,{"stream_name":"stdout","time":7519.358493315,"data":"[2026-10-01T23:26:48+00:00]   403332647: SDE raw 13.5353, A6 12.1603 (110s)\n"}
,{"stream_name":"stdout","time":7579.538498431,"data":"[2026-10-01T23:27:48+00:00]   233060794: SDE raw 9.5779, A6 9.3503 (93s)\n"}
,{"stream_name":"stdout","time":7616.155019771,"data":"[2026-10-01T23:28:25+00:00]   459970268: SDE raw 11.6627, A6 8.4391 (92s)\n"}
,{"stream_name":"stdout","time":7690.704382437,"data":"[2026-10-01T23:29:40+00:00]   232682547: SDE raw 8.8618, A6 8.0005 (106s)\n"}
,{"stream_name":"stdout","time":7697.230883361,"data":"[2026-10-01T23:29:46+00:00]   260268105: SDE raw 8.7261, A6 8.3827 (5s)\n"}
,{"stream_name":"stdout","time":7729.816016128,"data":"[2026-10-01T23:30:19+00:00]   259274126: SDE raw 10.9970, A6 8.1749 (109s)\n"}
,{"stream_name":"stdout","time":7785.803620782,"data":"[2026-10-01T23:31:15+00:00]   307216840: SDE raw 17.2892, A6 10.2326 (85s)\n"}
,{"stream_name":"stdout","time":7824.05359096,"data":"[2026-10-01T23:31:53+00:00]   350744943: SDE raw 14.0988, A6 8.3667 (89s)\n"}
,{"stream_name":"stdout","time":7879.398171437,"data":"[2026-10-01T23:32:48+00:00]   259265911: SDE raw 10.1482, A6 8.8326 (89s)\n"}
,{"stream_name":"stdout","time":7915.580879811,"data":"[2026-10-01T23:33:24+00:00]   233730201: SDE raw 9.8625, A6 8.3063 (87s)\n"}
,{"stream_name":"stdout","time":7972.55281573,"data":"[2026-10-01T23:34:21+00:00]   235935931: SDE raw 8.2603, A6 9.5740 (54s)\n"}
,{"stream_name":"stdout","time":7973.20919096,"data":"[2026-10-01T23:34:22+00:00]   306631299: SDE raw 9.1568, A6 8.3382 (89s)\n"}
,{"stream_name":"stdout","time":8048.620616291,"data":"[2026-10-01T23:35:37+00:00]   341871810: SDE raw 9.3897, A6 7.9668 (71s)\n"}
,{"stream_name":"stdout","time":8132.439158903,"data":"[2026-10-01T23:37:01+00:00]   329248721: SDE raw 10.1615, A6 8.1184 (153s)\n"}
,{"stream_name":"stdout","time":8166.670270044,"data":"[2026-10-01T23:37:36+00:00]   219882575: SDE raw 9.6748, A6 9.6091 (113s)\n"}
,{"stream_name":"stdout","time":8231.410171326,"data":"[2026-10-01T23:38:40+00:00]   229674058: SDE raw 11.1765, A6 7.2866 (94s)\n"}
,{"stream_name":"stdout","time":8260.006646214,"data":"[2026-10-01T23:39:09+00:00]   353935160: SDE raw 8.8004, A6 6.3437 (89s)\n"}
,{"stream_name":"stdout","time":8318.438650657,"data":"[2026-10-01T23:40:07+00:00]   167089585: SDE raw 9.2705, A6 8.0344 (82s)\n"}
,{"stream_name":"stdout","time":8353.587547631,"data":"[2026-10-01T23:40:42+00:00]   229644348: SDE raw 8.7222, A6 7.1474 (89s)\n"}
,{"stream_name":"stdout","time":8387.247709737,"data":"[2026-10-01T23:41:16+00:00]   219793006: SDE raw 10.1349, A6 7.6000 (32s)\n"}
,{"stream_name":"stdout","time":8413.533456103,"data":"[2026-10-01T23:41:42+00:00]   198206463: SDE raw 9.3227, A6 7.8284 (91s)\n"}
,{"stream_name":"stdout","time":8414.662756924,"data":"[2026-10-01T23:41:44+00:00]   353818437: SDE raw 6.1395, A6 4.6299 (1s)\n"}
,{"stream_name":"stdout","time":8480.006450364,"data":"[2026-10-01T23:42:49+00:00]   306635821: SDE raw 8.5603, A6 7.0665 (88s)\n"}
,{"stream_name":"stdout","time":8530.500637668,"data":"[2026-10-01T23:43:39+00:00]   269663324: SDE raw 12.2120, A6 6.8616 (111s)\n"}
,{"stream_name":"stdout","time":8595.320248948,"data":"[2026-10-01T23:44:44+00:00]   165530042: SDE raw 9.0881, A6 8.2043 (110s)\n"}
,{"stream_name":"stdout","time":8646.821554478,"data":"[2026-10-01T23:45:36+00:00]   219752252: SDE raw 9.6930, A6 8.2850 (112s)\n"}
,{"stream_name":"stdout","time":8734.230611919,"data":"[2026-10-01T23:47:03+00:00]   198163183: SDE raw 11.9438, A6 8.2148 (134s)\n"}
,{"stream_name":"stdout","time":8761.928436591,"data":"[2026-10-01T23:47:31+00:00]   280868886: SDE raw 10.6825, A6 8.1448 (111s)\n"}
,{"stream_name":"stdout","time":8831.352458859,"data":"[2026-10-01T23:48:40+00:00]   441763913: SDE raw 11.6503, A6 9.9245 (92s)\n"}
,{"stream_name":"stdout","time":8859.045162793,"data":"[2026-10-01T23:49:08+00:00]   165470925: SDE raw 9.8996, A6 6.9196 (92s)\n"}
,{"stream_name":"stdout","time":8937.558839843,"data":"[2026-10-01T23:50:26+00:00]   55295497: SDE raw 10.2270, A6 7.3105 (102s)\n"}
,{"stream_name":"stdout","time":8977.141937917,"data":"[2026-10-01T23:51:06+00:00]   219882847: SDE raw 9.5095, A6 7.4556 (113s)\n"}
,{"stream_name":"stdout","time":9047.778542488,"data":"[2026-10-01T23:52:17+00:00]   453096666: SDE raw 16.5931, A6 18.7790 (106s)\n"}
,{"stream_name":"stdout","time":9090.657492039,"data":"[2026-10-01T23:53:00+00:00]   55452577: SDE raw 15.2552, A6 7.6152 (109s)\n"}
,{"stream_name":"stdout","time":9140.578202846,"data":"[2026-10-01T23:53:49+00:00]   167894606: SDE raw 8.1153, A6 6.4899 (88s)\n"}
,{"stream_name":"stdout","time":9186.942724266,"data":"[2026-10-01T23:54:36+00:00]   230019644: SDE raw 8.9828, A6 6.2416 (91s)\n"}
,{"stream_name":"stdout","time":9233.956441457,"data":"[2026-10-01T23:55:23+00:00]   389968964: SDE raw 8.7718, A6 6.5692 (88s)\n"}
,{"stream_name":"stdout","time":9246.013710461,"data":"[2026-10-01T23:55:35+00:00]   258874963: SDE raw 10.0485, A6 8.6660 (56s)\n"}
,{"stream_name":"stdout","time":9324.218266993,"data":"[2026-10-01T23:56:53+00:00]   237932348: SDE raw 11.9161, A6 10.4836 (75s)\n"}
,{"stream_name":"stdout","time":9347.571416012,"data":"[2026-10-01T23:57:16+00:00]   441741575: SDE raw 13.7435, A6 8.5964 (109s)\n"}
,{"stream_name":"stdout","time":9438.483235472,"data":"[2026-10-01T23:58:47+00:00]   261258358: SDE raw 9.6091, A6 7.2334 (109s)\n"}
,{"stream_name":"stdout","time":9442.563935207,"data":"[2026-10-01T23:58:51+00:00]   229966858: SDE raw 11.7549, A6 7.9443 (90s)\n"}
,{"stream_name":"stdout","time":9531.649434974,"data":"[2026-10-02T00:00:20+00:00]   167416321: SDE raw 10.4968, A6 9.9678 (89s)\n"}
,{"stream_name":"stdout","time":9537.641194019,"data":"[2026-10-02T00:00:26+00:00]   320501933: SDE raw 9.7353, A6 7.8258 (90s)\n"}
,{"stream_name":"stdout","time":9629.574030571,"data":"[2026-10-02T00:01:58+00:00]   334798364: SDE raw 10.5491, A6 7.2984 (93s)\n"}
,{"stream_name":"stdout","time":9631.726969561,"data":"[2026-10-02T00:02:01+00:00]   259232212: SDE raw 9.9257, A6 7.6963 (89s)\n"}
,{"stream_name":"stdout","time":9766.010046394,"data":"[2026-10-02T00:04:15+00:00]   230122702: SDE raw 12.8206, A6 10.1750 (129s)\n"}
,{"stream_name":"stdout","time":9769.579508353,"data":"[2026-10-02T00:04:18+00:00]   32032672: SDE raw 11.5552, A6 8.4899 (135s)\n"}
,{"stream_name":"stdout","time":9878.319408321,"data":"[2026-10-02T00:06:07+00:00]   176936125: SDE raw 11.6288, A6 7.8150 (108s)\n"}
,{"stream_name":"stdout","time":9895.027742233,"data":"[2026-10-02T00:06:24+00:00]   38470115: SDE raw 10.9166, A6 5.5820 (121s)\n"}
,{"stream_name":"stdout","time":9966.225864783,"data":"[2026-10-02T00:07:35+00:00]   278777880: SDE raw 9.7149, A6 11.8842 (67s)\n"}
,{"stream_name":"stdout","time":9969.029193158,"data":"[2026-10-02T00:07:38+00:00]   55388535: SDE raw 9.2800, A6 8.9311 (86s)\n"}
,{"stream_name":"stdout","time":10060.130543323,"data":"[2026-10-02T00:09:09+00:00]   272468304: SDE raw 9.6723, A6 8.2445 (89s)\n"}
,{"stream_name":"stdout","time":10103.421764474,"data":"[2026-10-02T00:09:52+00:00]   150245430: SDE raw 12.2202, A6 7.5160 (129s)\n"}
,{"stream_name":"stdout","time":10175.788989939,"data":"[2026-10-02T00:11:05+00:00]   165531835: SDE raw 7.8094, A6 7.8606 (111s)\n"}
,{"stream_name":"stdout","time":10196.546827983,"data":"[2026-10-02T00:11:25+00:00]   350763476: SDE raw 8.3958, A6 9.2185 (88s)\n"}
,{"stream_name":"stdout","time":10288.938823582,"data":"[2026-10-02T00:12:58+00:00]   349643750: SDE raw 11.0067, A6 9.7648 (109s)\n"}
,{"stream_name":"stdout","time":10380.625193772,"data":"[2026-10-02T00:14:29+00:00]   55367245: SDE raw 8.3108, A6 5.7727 (87s)\n"}
,{"stream_name":"stderr","time":10383.980233188,"data":"/usr/local/lib/python3.12/dist-packages/mistune.py:435: SyntaxWarning: invalid escape sequence '\\|'\n"}
,{"stream_name":"stderr","time":10383.980263306,"data":"  cells[i][c] = re.sub('\\\\\\\\\\|', '|', cell)\n"}
,{"stream_name":"stderr","time":10384.236752867,"data":"/usr/local/lib/python3.12/dist-packages/nbconvert/filters/filter_links.py:36: SyntaxWarning: invalid escape sequence '\\_'\n"}
,{"stream_name":"stderr","time":10384.236792909,"data":"  text = re.sub(r'_', '\\_', text) # Escape underscores in display text\n"}
,{"stream_name":"stderr","time":10384.946099917,"data":"[NbConvertApp] Converting notebook __script__.ipynb to html\n"}
,{"stream_name":"stderr","time":10386.27217192,"data":"[NbConvertApp] Writing 277892 bytes to __results__.html\n"}
]