[{"stream_name":"stdout","time":12.441052059,"data":"     ━━━━━━━━━━━━━━━━━━━━━━━━━━━━━━━━━━━━━━━━ 62.1/62.1 kB 2.3 MB/s eta 0:00:00\n"}
,{"stream_name":"stdout","time":16.104100961,"data":"     ━━━━━━━━━━━━━━━━━━━━━━━━━━━━━━━━━━━━━━━━ 80.3/80.3 kB 3.3 MB/s eta 0:00:00\n"}
,{"stream_name":"stdout","time":18.050980091,"data":"     ━━━━━━━━━━━━━━━━━━━━━━━━━━━━━━━━━━━━━━━━ 41.2/41.2 kB 2.1 MB/s eta 0:00:00\n"}
,{"stream_name":"stdout","time":21.972886496,"data":"   ━━━━━━━━━━━━━━━━━━━━━━━━━━━━━━━━━━━━━━━━ 10.5/10.5 MB 63.8 MB/s eta 0:00:00\n"}
,{"stream_name":"stdout","time":22.112042472,"data":"   ━━━━━━━━━━━━━━━━━━━━━━━━━━━━━━━━━━━━━━━━ 11.1/11.1 MB 86.1 MB/s eta 0:00:00\n"}
,{"stream_name":"stdout","time":22.148768399,"data":"   ━━━━━━━━━━━━━━━━━━━━━━━━━━━━━━━━━━━━━━━━ 243.5/243.5 kB 9.8 MB/s eta 0:00:00\n"}
,{"stream_name":"stdout","time":22.180050036,"data":"   ━━━━━━━━━━━━━━━━━━━━━━━━━━━━━━━━━━━━━━━━ 377.5/377.5 kB 18.7 MB/s eta 0:00:00\n"}
,{"stream_name":"stdout","time":22.211537168,"data":"   ━━━━━━━━━━━━━━━━━━━━━━━━━━━━━━━━━━━━━━━━ 261.1/261.1 kB 14.7 MB/s eta 0:00:00\n"}
,{"stream_name":"stdout","time":22.306118219,"data":"   ━━━━━━━━━━━━━━━━━━━━━━━━━━━━━━━━━━━━━━━━ 9.9/9.9 MB 119.6 MB/s eta 0:00:00\n"}
,{"stream_name":"stdout","time":22.338819534,"data":"   ━━━━━━━━━━━━━━━━━━━━━━━━━━━━━━━━━━━━━━━━ 155.6/155.6 kB 8.8 MB/s eta 0:00:00\n"}
,{"stream_name":"stdout","time":22.435609205,"data":"   ━━━━━━━━━━━━━━━━━━━━━━━━━━━━━━━━━━━━━━━━ 9.2/9.2 MB 108.5 MB/s eta 0:00:00\n"}
,{"stream_name":"stdout","time":22.728074022,"data":"   ━━━━━━━━━━━━━━━━━━━━━━━━━━━━━━━━━━━━━━━━ 35.2/35.2 MB 64.1 MB/s eta 0:00:00\n"}
,{"stream_name":"stdout","time":22.758540522,"data":"   ━━━━━━━━━━━━━━━━━━━━━━━━━━━━━━━━━━━━━━━━ 47.5/47.5 kB 2.3 MB/s eta 0:00:00\n"}
,{"stream_name":"stdout","time":22.825600096,"data":"   ━━━━━━━━━━━━━━━━━━━━━━━━━━━━━━━━━━━━━━━━ 2.0/2.0 MB 74.2 MB/s eta 0:00:00\n"}
,{"stream_name":"stdout","time":22.880524015,"data":"   ━━━━━━━━━━━━━━━━━━━━━━━━━━━━━━━━━━━━━━━━ 1.2/1.2 MB 49.5 MB/s eta 0:00:00\n"}
,{"stream_name":"stdout","time":22.932425987,"data":"   ━━━━━━━━━━━━━━━━━━━━━━━━━━━━━━━━━━━━━━━━ 60.1/60.1 kB 3.1 MB/s eta 0:00:00\n"}
,{"stream_name":"stdout","time":22.983871981,"data":"   ━━━━━━━━━━━━━━━━━━━━━━━━━━━━━━━━━━━━━━━━ 102.6/102.6 kB 6.1 MB/s eta 0:00:00\n"}
,{"stream_name":"stdout","time":23.026589278,"data":"   ━━━━━━━━━━━━━━━━━━━━━━━━━━━━━━━━━━━━━━━━ 1.8/1.8 MB 57.6 MB/s eta 0:00:00\n"}
,{"stream_name":"stdout","time":23.054055308,"data":"   ━━━━━━━━━━━━━━━━━━━━━━━━━━━━━━━━━━━━━━━━ 221.7/221.7 kB 13.8 MB/s eta 0:00:00\n"}
,{"stream_name":"stdout","time":23.237246074,"data":"   ━━━━━━━━━━━━━━━━━━━━━━━━━━━━━━━━━━━━━━━━ 16.0/16.0 MB 93.5 MB/s eta 0:00:00\n"}
,{"stream_name":"stderr","time":64.938300893,"data":"ERROR: pip's dependency resolver does not currently take into account all the packages that are installed. This behaviour is the source of the following dependency conflicts.\n"}
,{"stream_name":"stderr","time":64.93833205,"data":"bigframes 2.39.0 requires google-cloud-bigquery-storage\u003c3.0.0,\u003e=2.30.0, which is not installed.\n"}
,{"stream_name":"stderr","time":64.938337148,"data":"datasets 5.0.0 requires fsspec[http]\u003c=2026.4.0,\u003e=2023.1.0, but you have fsspec 2026.9.0 which is incompatible.\n"}
,{"stream_name":"stderr","time":64.938340967,"data":"ydata-profiling 4.18.4 requires matplotlib\u003c=3.10,\u003e=3.5, but you have matplotlib 3.11.2 which is incompatible.\n"}
,{"stream_name":"stderr","time":64.938345235,"data":"ydata-profiling 4.18.4 requires scipy\u003c1.17,\u003e=1.8, but you have scipy 1.17.1 which is incompatible.\n"}
,{"stream_name":"stderr","time":64.938363716,"data":"gcsfs 2025.3.0 requires fsspec==2025.3.0, but you have fsspec 2026.9.0 which is incompatible.\n"}
,{"stream_name":"stderr","time":64.938369284,"data":"sklearn-compat 0.1.5 requires scikit-learn\u003c1.9,\u003e=1.2, but you have scikit-learn 1.9.1 which is incompatible.\n"}
,{"stream_name":"stdout","time":118.855466883,"data":"[2026-10-02T01:52:15+00:00] gpu_10of14: 191 stars, cache /kaggle/input/datasets/srijeetbanerjee/exog-lc-cache-v1/cache\n"}
,{"stream_name":"stdout","time":118.862277897,"data":"[2026-10-02T01:52:15+00:00] gpu_9of14: 191 stars, cache /kaggle/input/datasets/srijeetbanerjee/exog-lc-cache-v1/cache\n"}
,{"stream_name":"stdout","time":141.395527299,"data":"[2026-10-02T01:52:38+00:00]   7060254: SDE raw 8.1314, A6 7.2331 (3s)\n"}
,{"stream_name":"stdout","time":141.640263078,"data":"[2026-10-02T01:52:38+00:00]   445832471: SDE raw 6.7388, A6 5.7377 (3s)\n"}
,{"stream_name":"stdout","time":143.815629537,"data":"[2026-10-02T01:52:40+00:00]   364397580: SDE raw 7.0548, A6 6.0855 (1s)\n"}
,{"stream_name":"stdout","time":146.259886623,"data":"[2026-10-02T01:52:43+00:00]   396916240: SDE raw 9.1076, A6 7.7049 (2s)\n"}
,{"stream_name":"stdout","time":147.018544695,"data":"[2026-10-02T01:52:43+00:00]   310098477: SDE raw 5.8722, A6 5.2520 (4s)\n"}
,{"stream_name":"stdout","time":147.076955921,"data":"[2026-10-02T01:52:43+00:00]   284661762: SDE raw 5.1660, A6 4.7327 (1s)\n"}
,{"stream_name":"stdout","time":148.148051597,"data":"[2026-10-02T01:52:44+00:00]   251216282: SDE raw 4.5434, A6 4.3376 (1s)\n"}
,{"stream_name":"stdout","time":148.346857688,"data":"[2026-10-02T01:52:45+00:00]   144400971: SDE raw 6.1701, A6 5.7889 (1s)\n"}
,{"stream_name":"stdout","time":150.635059732,"data":"[2026-10-02T01:52:47+00:00]   88381767: SDE raw 6.2070, A6 5.5508 (2s)\n"}
,{"stream_name":"stdout","time":150.937043881,"data":"[2026-10-02T01:52:47+00:00]   454492584: SDE raw 7.8184, A6 4.9962 (2s)\n"}
,{"stream_name":"stdout","time":153.178588884,"data":"[2026-10-02T01:52:49+00:00]   202383187: SDE raw 6.5435, A6 5.8316 (2s)\n"}
,{"stream_name":"stdout","time":153.53732449,"data":"[2026-10-02T01:52:50+00:00]   367657859: SDE raw 7.3623, A6 5.4991 (2s)\n"}
,{"stream_name":"stdout","time":154.692112982,"data":"[2026-10-02T01:52:51+00:00]   176687975: SDE raw 5.7199, A6 6.1310 (1s)\n"}
,{"stream_name":"stdout","time":155.938802016,"data":"[2026-10-02T01:52:52+00:00]   394013623: SDE raw 4.9178, A6 6.6325 (2s)\n"}
,{"stream_name":"stdout","time":156.801272209,"data":"[2026-10-02T01:52:53+00:00]   443584533: SDE raw 5.8793, A6 5.8783 (0s)\n"}
,{"stream_name":"stdout","time":157.732688362,"data":"[2026-10-02T01:52:54+00:00]   347624632: SDE raw 6.0743, A6 5.3190 (0s)\n"}
,{"stream_name":"stdout","time":160.180882666,"data":"[2026-10-02T01:52:56+00:00]   7020982: SDE raw 6.1084, A6 5.3495 (2s)\n"}
,{"stream_name":"stdout","time":162.769424258,"data":"[2026-10-02T01:52:59+00:00]   165312698: SDE raw 6.3881, A6 6.1853 (2s)\n"}
,{"stream_name":"stdout","time":167.654160739,"data":"[2026-10-02T01:53:04+00:00]   3644771: SDE raw 9.5471, A6 7.3164 (4s)\n"}
,{"stream_name":"stdout","time":168.94583948,"data":"[2026-10-02T01:53:05+00:00]   10045960: SDE raw 8.4121, A6 4.7719 (1s)\n"}
,{"stream_name":"stdout","time":171.486823526,"data":"[2026-10-02T01:53:08+00:00]   231051247: SDE raw 7.1151, A6 5.4276 (2s)\n"}
,{"stream_name":"stdout","time":172.541136217,"data":"[2026-10-02T01:53:09+00:00]   88191957: SDE raw 6.5434, A6 5.4376 (1s)\n"}
,{"stream_name":"stdout","time":177.453761841,"data":"[2026-10-02T01:53:14+00:00]   437057507: SDE raw 10.3882, A6 6.3251 (4s)\n"}
,{"stream_name":"stdout","time":179.715603605,"data":"[2026-10-02T01:53:16+00:00]   402236219: SDE raw 6.3140, A6 5.7530 (1s)\n"}
,{"stream_name":"stdout","time":213.439620849,"data":"[2026-10-02T01:53:50+00:00]   40048171: SDE raw 10.1781, A6 6.2545 (57s)\n"}
,{"stream_name":"stdout","time":214.274546945,"data":"[2026-10-02T01:53:51+00:00]   390558073: SDE raw 7.3820, A6 5.6942 (0s)\n"}
,{"stream_name":"stdout","time":215.543637987,"data":"[2026-10-02T01:53:52+00:00]   117776365: SDE raw 6.6312, A6 5.7914 (1s)\n"}
,{"stream_name":"stdout","time":218.099527565,"data":"[2026-10-02T01:53:54+00:00]   374018442: SDE raw 8.7500, A6 6.3358 (2s)\n"}
,{"stream_name":"stdout","time":218.950757136,"data":"[2026-10-02T01:53:55+00:00]   379098632: SDE raw 5.9021, A6 6.4911 (1s)\n"}
,{"stream_name":"stdout","time":220.092115465,"data":"[2026-10-02T01:53:56+00:00]   157848159: SDE raw 5.5850, A6 5.5132 (1s)\n"}
,{"stream_name":"stdout","time":222.630102955,"data":"[2026-10-02T01:53:59+00:00]   443588000: SDE raw 6.0962, A6 5.5934 (2s)\n"}
,{"stream_name":"stdout","time":225.005396496,"data":"[2026-10-02T01:54:01+00:00]   44741889: SDE raw 9.4598, A6 6.9270 (2s)\n"}
,{"stream_name":"stdout","time":225.98680662,"data":"[2026-10-02T01:54:02+00:00]   9859329: SDE raw 8.1252, A6 5.2924 (1s)\n"}
,{"stream_name":"stdout","time":228.349906445,"data":"[2026-10-02T01:54:05+00:00]   308930798: SDE raw 9.6848, A6 6.8052 (2s)\n"}
,{"stream_name":"stdout","time":229.334750174,"data":"[2026-10-02T01:54:06+00:00]   60544623: SDE raw 6.8656, A6 6.1181 (1s)\n"}
,{"stream_name":"stdout","time":249.573579759,"data":"[2026-10-02T01:54:26+00:00]   350992982: SDE raw 7.3427, A6 7.0231 (68s)\n"}
,{"stream_name":"stdout","time":253.257579318,"data":"[2026-10-02T01:54:30+00:00]   116306278: SDE raw 9.3072, A6 6.1001 (23s)\n"}
,{"stream_name":"stdout","time":256.16050005,"data":"[2026-10-02T01:54:32+00:00]   418468534: SDE raw 6.1866, A6 5.0188 (2s)\n"}
,{"stream_name":"stdout","time":257.255577276,"data":"[2026-10-02T01:54:34+00:00]   332858289: SDE raw 6.4485, A6 3.9274 (1s)\n"}
,{"stream_name":"stdout","time":261.582485094,"data":"[2026-10-02T01:54:38+00:00]   274674083: SDE raw 8.0772, A6 6.0896 (3s)\n"}
,{"stream_name":"stdout","time":263.961106848,"data":"[2026-10-02T01:54:40+00:00]   62917929: SDE raw 6.9973, A6 7.6981 (2s)\n"}
,{"stream_name":"stdout","time":266.115789336,"data":"[2026-10-02T01:54:42+00:00]   261080720: SDE raw 8.7572, A6 8.8532 (1s)\n"}
,{"stream_name":"stdout","time":268.386454317,"data":"[2026-10-02T01:54:45+00:00]   113878726: SDE raw 10.9984, A6 5.2813 (1s)\n"}
,{"stream_name":"stdout","time":269.118434016,"data":"[2026-10-02T01:54:45+00:00]   49621795: SDE raw 4.6147, A6 6.1330 (0s)\n"}
,{"stream_name":"stdout","time":270.484723148,"data":"[2026-10-02T01:54:47+00:00]   137021972: SDE raw 5.1005, A6 6.0470 (1s)\n"}
,{"stream_name":"stdout","time":272.929958889,"data":"[2026-10-02T01:54:49+00:00]   22740650: SDE raw 7.2767, A6 5.5494 (2s)\n"}
,{"stream_name":"stdout","time":273.684752221,"data":"[2026-10-02T01:54:50+00:00]   422045258: SDE raw 5.3396, A6 3.9126 (1s)\n"}
,{"stream_name":"stdout","time":275.946643425,"data":"[2026-10-02T01:54:52+00:00]   9571583: SDE raw 5.9932, A6 5.2010 (2s)\n"}
,{"stream_name":"stdout","time":277.38102814,"data":"[2026-10-02T01:54:54+00:00]   203152060: SDE raw 7.0033, A6 7.2987 (1s)\n"}
,{"stream_name":"stdout","time":280.004907428,"data":"[2026-10-02T01:54:56+00:00]   219488381: SDE raw 7.1180, A6 7.1636 (2s)\n"}
,{"stream_name":"stdout","time":294.167499695,"data":"[2026-10-02T01:55:10+00:00]   185223954: SDE raw 11.3682, A6 10.0476 (43s)\n"}
,{"stream_name":"stdout","time":296.286605436,"data":"[2026-10-02T01:55:13+00:00]   466441181: SDE raw 6.4274, A6 5.1982 (1s)\n"}
,{"stream_name":"stdout","time":318.96993774,"data":"[2026-10-02T01:55:35+00:00]   141684337: SDE raw 15.5876, A6 9.3835 (21s)\n"}
,{"stream_name":"stdout","time":319.828811896,"data":"[2026-10-02T01:55:36+00:00]   27227173: SDE raw 4.5676, A6 4.0451 (1s)\n"}
,{"stream_name":"stdout","time":324.538799805,"data":"[2026-10-02T01:55:41+00:00]   385170436: SDE raw 7.0770, A6 7.6469 (4s)\n"}
,{"stream_name":"stdout","time":325.42247867,"data":"[2026-10-02T01:55:42+00:00]   157912593: SDE raw 6.2102, A6 7.3780 (1s)\n"}
,{"stream_name":"stdout","time":326.630409213,"data":"[2026-10-02T01:55:43+00:00]   144513637: SDE raw 5.2563, A6 5.1695 (1s)\n"}
,{"stream_name":"stdout","time":328.224356414,"data":"[2026-10-02T01:55:45+00:00]   405394992: SDE raw 6.5709, A6 6.3071 (1s)\n"}
,{"stream_name":"stdout","time":330.646942423,"data":"[2026-10-02T01:55:47+00:00]   24360502: SDE raw 7.9090, A6 6.5981 (2s)\n"}
,{"stream_name":"stdout","time":333.252606461,"data":"[2026-10-02T01:55:50+00:00]   281839410: SDE raw 12.7416, A6 7.3540 (2s)\n"}
,{"stream_name":"stdout","time":334.824986335,"data":"[2026-10-02T01:55:51+00:00]   380527732: SDE raw 9.0675, A6 6.4455 (1s)\n"}
,{"stream_name":"stdout","time":335.916110664,"data":"[2026-10-02T01:55:52+00:00]   392369054: SDE raw 7.8644, A6 5.7772 (1s)\n"}
,{"stream_name":"stdout","time":337.134271861,"data":"[2026-10-02T01:55:53+00:00]   206483171: SDE raw 5.3081, A6 5.9331 (1s)\n"}
,{"stream_name":"stdout","time":361.461017954,"data":"[2026-10-02T01:56:18+00:00]   212951253: SDE raw 12.5248, A6 7.7836 (79s)\n"}
,{"stream_name":"stdout","time":363.595228876,"data":"[2026-10-02T01:56:20+00:00]   468336171: SDE raw 7.5815, A6 5.4866 (2s)\n"}
,{"stream_name":"stdout","time":365.891981938,"data":"[2026-10-02T01:56:22+00:00]   231846416: SDE raw 6.0482, A6 6.1350 (2s)\n"}
,{"stream_name":"stdout","time":368.197874458,"data":"[2026-10-02T01:56:25+00:00]   308747556: SDE raw 9.1125, A6 6.7295 (2s)\n"}
,{"stream_name":"stdout","time":370.445437663,"data":"[2026-10-02T01:56:27+00:00]   80128040: SDE raw 8.3505, A6 5.6559 (1s)\n"}
,{"stream_name":"stdout","time":375.084132191,"data":"[2026-10-02T01:56:31+00:00]   367098359: SDE raw 6.2808, A6 6.3402 (4s)\n"}
,{"stream_name":"stdout","time":376.242140624,"data":"[2026-10-02T01:56:33+00:00]   251079527: SDE raw 6.9962, A6 5.1973 (1s)\n"}
,{"stream_name":"stdout","time":378.745242793,"data":"[2026-10-02T01:56:35+00:00]   207202635: SDE raw 8.0158, A6 5.0131 (2s)\n"}
,{"stream_name":"stdout","time":379.183828797,"data":"[2026-10-02T01:56:36+00:00]   198210791: SDE raw 8.3877, A6 6.2760 (40s)\n"}
,{"stream_name":"stdout","time":381.411854354,"data":"[2026-10-02T01:56:38+00:00]   7623762: SDE raw 9.7919, A6 8.5188 (2s)\n"}
,{"stream_name":"stdout","time":382.71205064,"data":"[2026-10-02T01:56:39+00:00]   14199559: SDE raw 6.0637, A6 5.5913 (1s)\n"}
,{"stream_name":"stdout","time":383.583721438,"data":"[2026-10-02T01:56:40+00:00]   404549087: SDE raw 6.1452, A6 5.1779 (1s)\n"}
,{"stream_name":"stdout","time":386.089896826,"data":"[2026-10-02T01:56:42+00:00]   281930612: SDE raw 7.3085, A6 6.1822 (2s)\n"}
,{"stream_name":"stdout","time":388.259151209,"data":"[2026-10-02T01:56:45+00:00]   344282518: SDE raw 12.0024, A6 9.9099 (2s)\n"}
,{"stream_name":"stdout","time":389.235665908,"data":"[2026-10-02T01:56:46+00:00]   441153565: SDE raw 6.3724, A6 5.7041 (1s)\n"}
,{"stream_name":"stdout","time":390.648895169,"data":"[2026-10-02T01:56:47+00:00]   68448534: SDE raw 5.3996, A6 6.2218 (1s)\n"}
,{"stream_name":"stdout","time":393.015343161,"data":"[2026-10-02T01:56:49+00:00]   21747890: SDE raw 11.2787, A6 11.6645 (2s)\n"}
,{"stream_name":"stdout","time":430.807177423,"data":"[2026-10-02T01:57:27+00:00]   237126779: SDE raw 7.1218, A6 6.6305 (50s)\n"}
,{"stream_name":"stdout","time":431.844408751,"data":"[2026-10-02T01:57:28+00:00]   20212152: SDE raw 4.8270, A6 4.8443 (1s)\n"}
,{"stream_name":"stdout","time":434.070597759,"data":"[2026-10-02T01:57:30+00:00]   336778628: SDE raw 8.0072, A6 7.9807 (2s)\n"}
,{"stream_name":"stdout","time":435.137488914,"data":"[2026-10-02T01:57:31+00:00]   49771751: SDE raw 5.7355, A6 5.1226 (1s)\n"}
,{"stream_name":"stdout","time":437.385673866,"data":"[2026-10-02T01:57:34+00:00]   47480770: SDE raw 7.1591, A6 5.0861 (1s)\n"}
,{"stream_name":"stdout","time":444.007337498,"data":"[2026-10-02T01:57:40+00:00]   188778007: SDE raw 24.7675, A6 26.5589 (49s)\n"}
,{"stream_name":"stdout","time":503.272005399,"data":"[2026-10-02T01:58:40+00:00]   5641823: SDE raw 8.9412, A6 6.2382 (64s)\n"}
,{"stream_name":"stdout","time":504.080553384,"data":"[2026-10-02T01:58:40+00:00]   233436720: SDE raw 4.7331, A6 3.8758 (0s)\n"}
,{"stream_name":"stdout","time":505.433491067,"data":"[2026-10-02T01:58:42+00:00]   422048416: SDE raw 4.3289, A6 5.5528 (1s)\n"}
,{"stream_name":"stdout","time":507.759156371,"data":"[2026-10-02T01:58:44+00:00]   305233145: SDE raw 5.6303, A6 6.0850 (2s)\n"}
,{"stream_name":"stdout","time":509.369567233,"data":"[2026-10-02T01:58:46+00:00]   289325518: SDE raw 8.2262, A6 6.6986 (63s)\n"}
,{"stream_name":"stdout","time":510.200667747,"data":"[2026-10-02T01:58:47+00:00]   275001412: SDE raw 8.5126, A6 8.7993 (2s)\n"}
,{"stream_name":"stdout","time":510.460001488,"data":"[2026-10-02T01:58:47+00:00]   270268773: SDE raw 5.6422, A6 4.6508 (1s)\n"}
,{"stream_name":"stdout","time":512.11155069,"data":"[2026-10-02T01:58:48+00:00]   22313863: SDE raw 8.0627, A6 4.9975 (1s)\n"}
,{"stream_name":"stdout","time":536.467590068,"data":"[2026-10-02T01:59:13+00:00]   137809770: SDE raw 9.9822, A6 8.2846 (23s)\n"}
,{"stream_name":"stdout","time":537.398851904,"data":"[2026-10-02T01:59:14+00:00]   14456477: SDE raw 5.1597, A6 6.8221 (1s)\n"}
,{"stream_name":"stdout","time":546.688674775,"data":"[2026-10-02T01:59:23+00:00]   397153006: SDE raw 10.2192, A6 10.2660 (34s)\n"}
,{"stream_name":"stdout","time":561.872999572,"data":"[2026-10-02T01:59:38+00:00]   141680245: SDE raw 7.2101, A6 8.3124 (13s)\n"}
,{"stream_name":"stdout","time":603.231061756,"data":"[2026-10-02T02:00:20+00:00]   293686787: SDE raw 9.2687, A6 7.9348 (39s)\n"}
,{"stream_name":"stdout","time":619.788398687,"data":"[2026-10-02T02:00:36+00:00]   344297583: SDE raw 11.6520, A6 14.6793 (80s)\n"}
,{"stream_name":"stdout","time":621.971449986,"data":"[2026-10-02T02:00:38+00:00]   9037787: SDE raw 5.7239, A6 6.4838 (2s)\n"}
,{"stream_name":"stdout","time":646.895175673,"data":"[2026-10-02T02:01:03+00:00]   373675829: SDE raw 12.2166, A6 8.0140 (42s)\n"}
,{"stream_name":"stdout","time":651.751665522,"data":"[2026-10-02T02:01:08+00:00]   61717033: SDE raw 9.0914, A6 6.3179 (4s)\n"}
,{"stream_name":"stdout","time":654.183963593,"data":"[2026-10-02T02:01:11+00:00]   88874569: SDE raw 9.0332, A6 8.3512 (2s)\n"}
,{"stream_name":"stdout","time":655.128838167,"data":"[2026-10-02T02:01:11+00:00]   468938969: SDE raw 6.5302, A6 6.2269 (1s)\n"}
,{"stream_name":"stdout","time":657.933317486,"data":"[2026-10-02T02:01:14+00:00]   381204994: SDE raw 5.7472, A6 5.3439 (2s)\n"}
,{"stream_name":"stdout","time":658.918474436,"data":"[2026-10-02T02:01:15+00:00]   231627703: SDE raw 6.9803, A6 7.5840 (1s)\n"}
,{"stream_name":"stdout","time":661.110997423,"data":"[2026-10-02T02:01:17+00:00]   197867311: SDE raw 9.7172, A6 7.7735 (2s)\n"}
,{"stream_name":"stdout","time":662.115898297,"data":"[2026-10-02T02:01:18+00:00]   18934976: SDE raw 4.2686, A6 4.0224 (1s)\n"}
,{"stream_name":"stdout","time":663.609837024,"data":"[2026-10-02T02:01:20+00:00]   360955814: SDE raw 6.3060, A6 7.5141 (1s)\n"}
,{"stream_name":"stdout","time":682.976710707,"data":"[2026-10-02T02:01:39+00:00]   277888583: SDE raw 8.1963, A6 9.0954 (59s)\n"}
,{"stream_name":"stdout","time":706.504086331,"data":"[2026-10-02T02:02:03+00:00]   366866512: SDE raw 8.1139, A6 7.6828 (41s)\n"}
,{"stream_name":"stdout","time":708.370128616,"data":"[2026-10-02T02:02:05+00:00]   293969230: SDE raw 14.1923, A6 10.8394 (24s)\n"}
,{"stream_name":"stdout","time":708.947617435,"data":"[2026-10-02T02:02:05+00:00]   462670205: SDE raw 6.8755, A6 5.7138 (2s)\n"}
,{"stream_name":"stdout","time":710.52290515,"data":"[2026-10-02T02:02:07+00:00]   178171970: SDE raw 6.9226, A6 5.8433 (1s)\n"}
,{"stream_name":"stdout","time":713.028189122,"data":"[2026-10-02T02:02:09+00:00]   369962331: SDE raw 11.4405, A6 8.7120 (2s)\n"}
,{"stream_name":"stdout","time":727.215815939,"data":"[2026-10-02T02:02:24+00:00]   353784022: SDE raw 8.6889, A6 5.7842 (12s)\n"}
,{"stream_name":"stdout","time":730.032856594,"data":"[2026-10-02T02:02:26+00:00]   427338599: SDE raw 8.3124, A6 6.9096 (2s)\n"}
,{"stream_name":"stdout","time":732.380425029,"data":"[2026-10-02T02:02:29+00:00]   41859985: SDE raw 9.4116, A6 7.9266 (2s)\n"}
,{"stream_name":"stdout","time":733.30112521,"data":"[2026-10-02T02:02:30+00:00]   142044942: SDE raw 9.2451, A6 6.3249 (23s)\n"}
,{"stream_name":"stdout","time":737.643842793,"data":"[2026-10-02T02:02:34+00:00]   220513500: SDE raw 9.4038, A6 7.3826 (4s)\n"}
,{"stream_name":"stdout","time":758.357096685,"data":"[2026-10-02T02:02:55+00:00]   233129260: SDE raw 10.1577, A6 6.2779 (23s)\n"}
,{"stream_name":"stdout","time":780.148099103,"data":"[2026-10-02T02:03:16+00:00]   362963879: SDE raw 9.3800, A6 9.9309 (40s)\n"}
,{"stream_name":"stdout","time":810.493014347,"data":"[2026-10-02T02:03:47+00:00]   150316358: SDE raw 7.8881, A6 7.0342 (29s)\n"}
,{"stream_name":"stdout","time":811.389568525,"data":"[2026-10-02T02:03:48+00:00]   99059830: SDE raw 7.2494, A6 4.8126 (1s)\n"}
,{"stream_name":"stdout","time":812.694393161,"data":"[2026-10-02T02:03:49+00:00]   117921924: SDE raw 11.3693, A6 13.9990 (1s)\n"}
,{"stream_name":"stdout","time":821.179924073,"data":"[2026-10-02T02:03:57+00:00]   237211863: SDE raw 8.7528, A6 7.4225 (60s)\n"}
,{"stream_name":"stdout","time":821.395365225,"data":"[2026-10-02T02:03:58+00:00]   264872308: SDE raw 8.2484, A6 9.6852 (7s)\n"}
,{"stream_name":"stdout","time":841.332914103,"data":"[2026-10-02T02:04:18+00:00]   389775059: SDE raw 10.7043, A6 7.0640 (19s)\n"}
,{"stream_name":"stdout","time":866.829696682,"data":"[2026-10-02T02:04:43+00:00]   148971118: SDE raw 9.8489, A6 7.0707 (44s)\n"}
,{"stream_name":"stdout","time":867.713941991,"data":"[2026-10-02T02:04:44+00:00]   347590875: SDE raw 4.7087, A6 4.3210 (0s)\n"}
,{"stream_name":"stdout","time":893.67969871,"data":"[2026-10-02T02:05:10+00:00]   162492140: SDE raw 12.2174, A6 8.9834 (50s)\n"}
,{"stream_name":"stdout","time":920.241168818,"data":"[2026-10-02T02:05:37+00:00]   260952205: SDE raw 10.6741, A6 9.9424 (50s)\n"}
,{"stream_name":"stdout","time":956.029336043,"data":"[2026-10-02T02:06:12+00:00]   298072822: SDE raw 9.6294, A6 6.3872 (34s)\n"}
,{"stream_name":"stdout","time":960.731246125,"data":"[2026-10-02T02:06:17+00:00]   269178159: SDE raw 6.2008, A6 7.0665 (4s)\n"}
,{"stream_name":"stdout","time":963.534856905,"data":"[2026-10-02T02:06:20+00:00]   24696180: SDE raw 6.0751, A6 6.5557 (2s)\n"}
,{"stream_name":"stdout","time":964.634502237,"data":"[2026-10-02T02:06:21+00:00]   290754113: SDE raw 5.0836, A6 6.1555 (1s)\n"}
,{"stream_name":"stdout","time":965.631464487,"data":"[2026-10-02T02:06:22+00:00]   26956972: SDE raw 7.1868, A6 7.3324 (1s)\n"}
,{"stream_name":"stdout","time":985.403282013,"data":"[2026-10-02T02:06:42+00:00]   353779581: SDE raw 9.5145, A6 7.5863 (89s)\n"}
,{"stream_name":"stdout","time":996.575935825,"data":"[2026-10-02T02:06:53+00:00]   302398417: SDE raw 11.1820, A6 8.7847 (29s)\n"}
,{"stream_name":"stdout","time":1001.794908288,"data":"[2026-10-02T02:06:58+00:00]   219487575: SDE raw 11.2257, A6 6.9502 (4s)\n"}
,{"stream_name":"stdout","time":1010.447294516,"data":"[2026-10-02T02:07:07+00:00]   406244401: SDE raw 24.1943, A6 17.0260 (7s)\n"}
,{"stream_name":"stdout","time":1027.027837739,"data":"[2026-10-02T02:07:23+00:00]   219038493: SDE raw 8.2004, A6 7.4523 (40s)\n"}
,{"stream_name":"stdout","time":1029.513560457,"data":"[2026-10-02T02:07:26+00:00]   185945976: SDE raw 8.9758, A6 9.6919 (2s)\n"}
,{"stream_name":"stdout","time":1031.98893918,"data":"[2026-10-02T02:07:28+00:00]   85463294: SDE raw 5.2432, A6 5.4129 (2s)\n"}
,{"stream_name":"stdout","time":1033.196856082,"data":"[2026-10-02T02:07:30+00:00]   137498795: SDE raw 5.6400, A6 3.6273 (1s)\n"}
,{"stream_name":"stdout","time":1053.796636083,"data":"[2026-10-02T02:07:50+00:00]   408728735: SDE raw 10.3294, A6 6.6998 (41s)\n"}
,{"stream_name":"stdout","time":1080.593110363,"data":"[2026-10-02T02:08:17+00:00]   233182470: SDE raw 10.0738, A6 7.3215 (45s)\n"}
,{"stream_name":"stdout","time":1081.630553681,"data":"[2026-10-02T02:08:18+00:00]   270353114: SDE raw 5.0656, A6 5.5063 (1s)\n"}
,{"stream_name":"stdout","time":1085.667581772,"data":"[2026-10-02T02:08:22+00:00]   7392944: SDE raw 7.2356, A6 5.4588 (3s)\n"}
,{"stream_name":"stdout","time":1097.74799293,"data":"[2026-10-02T02:08:34+00:00]   383646537: SDE raw 6.6858, A6 6.7407 (11s)\n"}
,{"stream_name":"stdout","time":1098.712552724,"data":"[2026-10-02T02:08:35+00:00]   61044859: SDE raw 7.3352, A6 6.1080 (1s)\n"}
,{"stream_name":"stdout","time":1101.230536219,"data":"[2026-10-02T02:08:38+00:00]   77176261: SDE raw 6.9904, A6 5.5019 (2s)\n"}
,{"stream_name":"stdout","time":1131.630510314,"data":"[2026-10-02T02:09:08+00:00]   103702088: SDE raw 8.2754, A6 7.6102 (29s)\n"}
,{"stream_name":"stdout","time":1132.772187599,"data":"[2026-10-02T02:09:09+00:00]   160492944: SDE raw 5.8904, A6 4.5092 (1s)\n"}
,{"stream_name":"stdout","time":1133.731119641,"data":"[2026-10-02T02:09:10+00:00]   332888505: SDE raw 4.8981, A6 5.6717 (1s)\n"}
,{"stream_name":"stdout","time":1141.72491926,"data":"[2026-10-02T02:09:18+00:00]   207427071: SDE raw 7.6063, A6 8.4177 (7s)\n"}
,{"stream_name":"stdout","time":1142.653328555,"data":"[2026-10-02T02:09:19+00:00]   361568774: SDE raw 8.2559, A6 4.2395 (1s)\n"}
,{"stream_name":"stdout","time":1145.149964603,"data":"[2026-10-02T02:09:21+00:00]   320340060: SDE raw 6.1650, A6 5.5097 (2s)\n"}
,{"stream_name":"stdout","time":1146.522730964,"data":"[2026-10-02T02:09:23+00:00]   68687178: SDE raw 6.7920, A6 5.4112 (1s)\n"}
,{"stream_name":"stdout","time":1147.921590774,"data":"[2026-10-02T02:09:24+00:00]   291091020: SDE raw 5.8770, A6 5.9740 (1s)\n"}
,{"stream_name":"stdout","time":1161.138371191,"data":"[2026-10-02T02:09:37+00:00]   154512930: SDE raw 7.2450, A6 7.3008 (104s)\n"}
,{"stream_name":"stdout","time":1162.172041801,"data":"[2026-10-02T02:09:38+00:00]   85910900: SDE raw 5.8802, A6 6.8227 (1s)\n"}
,{"stream_name":"stdout","time":1186.871228485,"data":"[2026-10-02T02:10:03+00:00]   230127046: SDE raw 8.5046, A6 8.3427 (22s)\n"}
,{"stream_name":"stdout","time":1239.428728531,"data":"[2026-10-02T02:10:56+00:00]   446168745: SDE raw 8.5537, A6 6.6968 (89s)\n"}
,{"stream_name":"stdout","time":1252.75799676,"data":"[2026-10-02T02:11:09+00:00]   275626011: SDE raw 8.4840, A6 7.2463 (63s)\n"}
,{"stream_name":"stdout","time":1255.569371246,"data":"[2026-10-02T02:11:12+00:00]   435537359: SDE raw 7.0728, A6 7.4752 (2s)\n"}
,{"stream_name":"stdout","time":1264.294825166,"data":"[2026-10-02T02:11:21+00:00]   233273901: SDE raw 10.2854, A6 9.3824 (7s)\n"}
,{"stream_name":"stdout","time":1273.734812003,"data":"[2026-10-02T02:11:30+00:00]   172824505: SDE raw 8.3228, A6 6.1810 (8s)\n"}
,{"stream_name":"stdout","time":1317.300552642,"data":"[2026-10-02T02:12:14+00:00]   230198647: SDE raw 11.7605, A6 7.7816 (42s)\n"}
,{"stream_name":"stdout","time":1336.194546598,"data":"[2026-10-02T02:12:33+00:00]   365338205: SDE raw 11.3261, A6 7.7011 (94s)\n"}
,{"stream_name":"stdout","time":1345.220144987,"data":"[2026-10-02T02:12:42+00:00]   51269643: SDE raw 9.5929, A6 10.8088 (27s)\n"}
,{"stream_name":"stdout","time":1346.271627144,"data":"[2026-10-02T02:12:43+00:00]   97624857: SDE raw 6.7659, A6 7.5683 (1s)\n"}
,{"stream_name":"stdout","time":1366.627738219,"data":"[2026-10-02T02:13:03+00:00]   99475677: SDE raw 17.6974, A6 15.1863 (29s)\n"}
,{"stream_name":"stdout","time":1369.207895541,"data":"[2026-10-02T02:13:06+00:00]   441705313: SDE raw 8.3194, A6 7.9975 (2s)\n"}
,{"stream_name":"stdout","time":1381.915996273,"data":"[2026-10-02T02:13:18+00:00]   435676185: SDE raw 9.2239, A6 7.3534 (34s)\n"}
,{"stream_name":"stdout","time":1382.790331169,"data":"[2026-10-02T02:13:19+00:00]   308983576: SDE raw 4.7796, A6 4.9124 (0s)\n"}
,{"stream_name":"stdout","time":1400.422640145,"data":"[2026-10-02T02:13:37+00:00]   63075084: SDE raw 9.5690, A6 10.6764 (30s)\n"}
,{"stream_name":"stdout","time":1407.555806451,"data":"[2026-10-02T02:13:44+00:00]   219853532: SDE raw 8.7549, A6 7.0203 (22s)\n"}
,{"stream_name":"stdout","time":1435.629255029,"data":"[2026-10-02T02:14:12+00:00]   261375251: SDE raw 11.8891, A6 8.7777 (27s)\n"}
,{"stream_name":"stdout","time":1443.618316568,"data":"[2026-10-02T02:14:20+00:00]   398267226: SDE raw 8.5655, A6 6.0784 (41s)\n"}
,{"stream_name":"stdout","time":1453.250353816,"data":"[2026-10-02T02:14:30+00:00]   172827758: SDE raw 8.7272, A6 7.5770 (8s)\n"}
,{"stream_name":"stdout","time":1461.028609525,"data":"[2026-10-02T02:14:37+00:00]   140936810: SDE raw 7.8254, A6 7.1588 (24s)\n"}
,{"stream_name":"stdout","time":1480.423500227,"data":"[2026-10-02T02:14:57+00:00]   157877803: SDE raw 9.8454, A6 7.0416 (26s)\n"}
,{"stream_name":"stdout","time":1481.669760183,"data":"[2026-10-02T02:14:58+00:00]   309179410: SDE raw 6.8503, A6 6.4530 (1s)\n"}
,{"stream_name":"stdout","time":1566.374050733,"data":"[2026-10-02T02:16:23+00:00]   445855689: SDE raw 10.0661, A6 7.6984 (103s)\n"}
,{"stream_name":"stdout","time":1614.291876806,"data":"[2026-10-02T02:17:11+00:00]   243318224: SDE raw 19.5278, A6 24.4761 (129s)\n"}
,{"stream_name":"stdout","time":1660.404583518,"data":"[2026-10-02T02:17:57+00:00]   422355010: SDE raw 10.4053, A6 7.9645 (90s)\n"}
,{"stream_name":"stdout","time":1678.896431954,"data":"[2026-10-02T02:18:15+00:00]   123206180: SDE raw 8.2083, A6 8.4032 (63s)\n"}
,{"stream_name":"stdout","time":1736.306981402,"data":"[2026-10-02T02:19:13+00:00]   264104463: SDE raw 7.9428, A6 8.1176 (73s)\n"}
,{"stream_name":"stdout","time":1785.916381343,"data":"[2026-10-02T02:20:02+00:00]   461539894: SDE raw 8.4438, A6 7.1442 (47s)\n"}
,{"stream_name":"stdout","time":1787.428109416,"data":"[2026-10-02T02:20:04+00:00]   283786963: SDE raw 8.0907, A6 6.1565 (1s)\n"}
,{"stream_name":"stdout","time":1792.760090566,"data":"[2026-10-02T02:20:09+00:00]   115517537: SDE raw 5.8516, A6 5.9218 (4s)\n"}
,{"stream_name":"stdout","time":1811.778683274,"data":"[2026-10-02T02:20:28+00:00]   350954931: SDE raw 16.4769, A6 16.0228 (128s)\n"}
,{"stream_name":"stdout","time":1921.473243198,"data":"[2026-10-02T02:22:18+00:00]   199710904: SDE raw 8.5920, A6 6.6488 (125s)\n"}
,{"stream_name":"stdout","time":1947.092799627,"data":"[2026-10-02T02:22:43+00:00]   141547830: SDE raw 9.1700, A6 10.2057 (131s)\n"}
,{"stream_name":"stdout","time":1990.364983882,"data":"[2026-10-02T02:23:27+00:00]   231820303: SDE raw 28.1860, A6 18.9796 (41s)\n"}
,{"stream_name":"stdout","time":2049.341301078,"data":"[2026-10-02T02:24:26+00:00]   286170847: SDE raw 7.6437, A6 5.5679 (57s)\n"}
,{"stream_name":"stdout","time":2057.48824779,"data":"[2026-10-02T02:24:34+00:00]   167126007: SDE raw 11.2985, A6 6.2568 (132s)\n"}
,{"stream_name":"stdout","time":2081.762386515,"data":"[2026-10-02T02:24:58+00:00]   373688703: SDE raw 8.4731, A6 7.0918 (30s)\n"}
,{"stream_name":"stdout","time":2140.928445422,"data":"[2026-10-02T02:25:57+00:00]   349485128: SDE raw 14.7666, A6 10.6860 (56s)\n"}
,{"stream_name":"stdout","time":2183.165782921,"data":"[2026-10-02T02:26:39+00:00]   232975904: SDE raw 8.9526, A6 7.0972 (40s)\n"}
,{"stream_name":"stdout","time":2195.968508441,"data":"[2026-10-02T02:26:52+00:00]   402658977: SDE raw 9.2939, A6 8.8635 (134s)\n"}
,{"stream_name":"stdout","time":2220.329593139,"data":"[2026-10-02T02:27:17+00:00]   397133030: SDE raw 9.5290, A6 7.6138 (23s)\n"}
,{"stream_name":"stdout","time":2306.442589875,"data":"[2026-10-02T02:28:43+00:00]   356149916: SDE raw 12.9425, A6 11.6171 (84s)\n"}
,{"stream_name":"stdout","time":2339.596441496,"data":"[2026-10-02T02:29:16+00:00]   359313803: SDE raw 9.8843, A6 7.4739 (152s)\n"}
,{"stream_name":"stdout","time":2391.2716807,"data":"[2026-10-02T02:30:08+00:00]   55274592: SDE raw 10.5683, A6 5.7259 (81s)\n"}
,{"stream_name":"stdout","time":2404.320063153,"data":"[2026-10-02T02:30:21+00:00]   287259708: SDE raw 8.5247, A6 8.0065 (62s)\n"}
,{"stream_name":"stdout","time":2443.948179537,"data":"[2026-10-02T02:31:00+00:00]   167810008: SDE raw 11.5967, A6 9.4299 (50s)\n"}
,{"stream_name":"stdout","time":2517.454039422,"data":"[2026-10-02T02:32:14+00:00]   272187046: SDE raw 9.0886, A6 8.3395 (108s)\n"}
,{"stream_name":"stdout","time":2596.550200503,"data":"[2026-10-02T02:33:33+00:00]   32050031: SDE raw 8.5538, A6 7.8081 (148s)\n"}
,{"stream_name":"stdout","time":2601.608989567,"data":"[2026-10-02T02:33:38+00:00]   255549208: SDE raw 9.4435, A6 7.3953 (4s)\n"}
,{"stream_name":"stdout","time":2635.184122952,"data":"[2026-10-02T02:34:12+00:00]   288634165: SDE raw 9.5374, A6 9.5149 (113s)\n"}
,{"stream_name":"stdout","time":2644.596794141,"data":"[2026-10-02T02:34:21+00:00]   358155153: SDE raw 7.5391, A6 7.3175 (8s)\n"}
,{"stream_name":"stdout","time":2650.419095507,"data":"[2026-10-02T02:34:27+00:00]   257079930: SDE raw 9.4304, A6 6.6069 (4s)\n"}
,{"stream_name":"stdout","time":2692.860981649,"data":"[2026-10-02T02:35:09+00:00]   165735218: SDE raw 7.3801, A6 7.4136 (40s)\n"}
,{"stream_name":"stdout","time":2717.402297623,"data":"[2026-10-02T02:35:34+00:00]   230114936: SDE raw 8.7689, A6 6.6682 (111s)\n"}
,{"stream_name":"stdout","time":2783.071814075,"data":"[2026-10-02T02:36:39+00:00]   261257177: SDE raw 9.4880, A6 7.0202 (88s)\n"}
,{"stream_name":"stdout","time":2813.319802576,"data":"[2026-10-02T02:37:10+00:00]   232522472: SDE raw 10.6147, A6 7.4037 (29s)\n"}
,{"stream_name":"stdout","time":2814.524792728,"data":"[2026-10-02T02:37:11+00:00]   469943599: SDE raw 5.5112, A6 5.2055 (1s)\n"}
,{"stream_name":"stdout","time":2819.585104586,"data":"[2026-10-02T02:37:16+00:00]   188816830: SDE raw 10.2454, A6 6.7151 (4s)\n"}
,{"stream_name":"stdout","time":2829.981126899,"data":"[2026-10-02T02:37:26+00:00]   278822171: SDE raw 10.9663, A6 9.2038 (108s)\n"}
,{"stream_name":"stdout","time":2901.408964516,"data":"[2026-10-02T02:38:38+00:00]   31527115: SDE raw 11.4549, A6 8.3036 (68s)\n"}
,{"stream_name":"stdout","time":2950.989704591,"data":"[2026-10-02T02:39:27+00:00]   149217658: SDE raw 8.9484, A6 9.2714 (127s)\n"}
,{"stream_name":"stdout","time":2979.328989621,"data":"[2026-10-02T02:39:56+00:00]   462575265: SDE raw 10.1636, A6 6.8692 (75s)\n"}
,{"stream_name":"stdout","time":3062.63968401,"data":"[2026-10-02T02:41:19+00:00]   357099213: SDE raw 10.2300, A6 7.7211 (107s)\n"}
,{"stream_name":"stdout","time":3070.52329554,"data":"[2026-10-02T02:41:27+00:00]   154842296: SDE raw 13.2818, A6 7.8351 (89s)\n"}
,{"stream_name":"stdout","time":3137.595055163,"data":"[2026-10-02T02:42:34+00:00]   142084091: SDE raw 11.2981, A6 8.6398 (71s)\n"}
,{"stream_name":"stdout","time":3181.669472571,"data":"[2026-10-02T02:43:18+00:00]   142081973: SDE raw 10.0090, A6 7.0937 (107s)\n"}
,{"stream_name":"stdout","time":3293.483397468,"data":"[2026-10-02T02:45:10+00:00]   219428470: SDE raw 9.1831, A6 7.0611 (151s)\n"}
,{"stream_name":"stdout","time":3294.538165665,"data":"[2026-10-02T02:45:11+00:00]   179678584: SDE raw 7.8492, A6 4.9374 (1s)\n"}
,{"stream_name":"stdout","time":3315.719603172,"data":"[2026-10-02T02:45:32+00:00]   271723666: SDE raw 20.7134, A6 13.6241 (129s)\n"}
,{"stream_name":"stdout","time":3393.876243027,"data":"[2026-10-02T02:46:50+00:00]   350716054: SDE raw 14.2736, A6 8.8798 (75s)\n"}
,{"stream_name":"stdout","time":3419.532594994,"data":"[2026-10-02T02:47:16+00:00]   33833395: SDE raw 7.5127, A6 7.2804 (121s)\n"}
,{"stream_name":"stdout","time":3483.527854216,"data":"[2026-10-02T02:48:20+00:00]   278780820: SDE raw 7.8148, A6 6.5942 (87s)\n"}
,{"stream_name":"stdout","time":3492.952357666,"data":"[2026-10-02T02:48:29+00:00]   274696298: SDE raw 6.2882, A6 7.4090 (8s)\n"}
,{"stream_name":"stdout","time":3493.144407391,"data":"[2026-10-02T02:48:29+00:00]   198385751: SDE raw 8.3288, A6 6.0118 (70s)\n"}
,{"stream_name":"stdout","time":3559.695975672,"data":"[2026-10-02T02:49:36+00:00]   271973332: SDE raw 11.2669, A6 8.9931 (64s)\n"}
,{"stream_name":"stdout","time":3561.709427972,"data":"[2026-10-02T02:49:38+00:00]   33879345: SDE raw 9.7044, A6 6.3565 (66s)\n"}
,{"stream_name":"stdout","time":3562.199071181,"data":"[2026-10-02T02:49:39+00:00]   220430492: SDE raw 5.4647, A6 5.4940 (2s)\n"}
,{"stream_name":"stdout","time":3563.565486374,"data":"[2026-10-02T02:49:40+00:00]   160489724: SDE raw 8.2473, A6 22.1563 (1s)\n"}
,{"stream_name":"stdout","time":3633.976013851,"data":"[2026-10-02T02:50:50+00:00]   350817693: SDE raw 8.1551, A6 7.6964 (68s)\n"}
,{"stream_name":"stdout","time":3664.581633194,"data":"[2026-10-02T02:51:21+00:00]   142726463: SDE raw 12.1140, A6 13.0678 (29s)\n"}
,{"stream_name":"stdout","time":3673.633993804,"data":"[2026-10-02T02:51:30+00:00]   230081402: SDE raw 10.6293, A6 5.8611 (108s)\n"}
,{"stream_name":"stdout","time":3709.480058804,"data":"[2026-10-02T02:52:06+00:00]   322325725: SDE raw 10.5112, A6 7.0745 (34s)\n"}
,{"stream_name":"stdout","time":3711.961491212,"data":"[2026-10-02T02:52:08+00:00]   334311921: SDE raw 13.0484, A6 17.0536 (2s)\n"}
,{"stream_name":"stdout","time":3752.735177985,"data":"[2026-10-02T02:52:49+00:00]   350096522: SDE raw 8.9212, A6 6.6050 (84s)\n"}
,{"stream_name":"stdout","time":3786.284178992,"data":"[2026-10-02T02:53:23+00:00]   350519807: SDE raw 9.7096, A6 11.4256 (71s)\n"}
,{"stream_name":"stdout","time":3823.983630456,"data":"[2026-10-02T02:54:00+00:00]   375058315: SDE raw 11.5067, A6 7.0623 (68s)\n"}
,{"stream_name":"stdout","time":3893.363508287,"data":"[2026-10-02T02:55:10+00:00]   270494015: SDE raw 8.7615, A6 6.7110 (103s)\n"}
,{"stream_name":"stdout","time":3975.955425924,"data":"[2026-10-02T02:56:32+00:00]   307489138: SDE raw 12.5523, A6 8.1804 (80s)\n"}
,{"stream_name":"stdout","time":3981.536666451,"data":"[2026-10-02T02:56:38+00:00]   229780751: SDE raw 6.9786, A6 7.3863 (153s)\n"}
,{"stream_name":"stdout","time":4061.947180799,"data":"[2026-10-02T02:57:58+00:00]   399914697: SDE raw 10.6042, A6 8.5537 (84s)\n"}
,{"stream_name":"stdout","time":4064.253433231,"data":"[2026-10-02T02:58:01+00:00]   231070206: SDE raw 6.4685, A6 5.7507 (2s)\n"}
,{"stream_name":"stdout","time":4068.795852195,"data":"[2026-10-02T02:58:05+00:00]   55270702: SDE raw 6.9516, A6 5.3751 (3s)\n"}
,{"stream_name":"stdout","time":4119.736911137,"data":"[2026-10-02T02:58:56+00:00]   389925375: SDE raw 13.3349, A6 14.2337 (133s)\n"}
,{"stream_name":"stdout","time":4121.971983902,"data":"[2026-10-02T02:58:58+00:00]   348795333: SDE raw 7.1299, A6 9.4094 (1s)\n"}
,{"stream_name":"stdout","time":4161.305287679,"data":"[2026-10-02T02:59:38+00:00]   366515778: SDE raw 9.0497, A6 8.2669 (88s)\n"}
,{"stream_name":"stdout","time":4171.915980944,"data":"[2026-10-02T02:59:48+00:00]   154070315: SDE raw 10.8518, A6 7.3956 (48s)\n"}
,{"stream_name":"stdout","time":4205.86401439,"data":"[2026-10-02T03:00:22+00:00]   142395432: SDE raw 7.2243, A6 6.8019 (43s)\n"}
,{"stream_name":"stdout","time":4210.989325356,"data":"[2026-10-02T03:00:27+00:00]   262710157: SDE raw 7.7009, A6 6.2563 (4s)\n"}
,{"stream_name":"stdout","time":4283.455951792,"data":"[2026-10-02T03:01:40+00:00]   177165274: SDE raw 11.3625, A6 9.4180 (107s)\n"}
,{"stream_name":"stdout","time":4288.464973066,"data":"[2026-10-02T03:01:45+00:00]   233501555: SDE raw 8.3643, A6 8.9801 (75s)\n"}
,{"stream_name":"stdout","time":4290.977672072,"data":"[2026-10-02T03:01:47+00:00]   219754931: SDE raw 6.9158, A6 7.2978 (2s)\n"}
,{"stream_name":"stdout","time":4351.299718193,"data":"[2026-10-02T03:02:48+00:00]   273474616: SDE raw 8.6237, A6 7.4692 (66s)\n"}
,{"stream_name":"stdout","time":4399.861200019,"data":"[2026-10-02T03:03:36+00:00]   55295753: SDE raw 9.0600, A6 6.1417 (104s)\n"}
,{"stream_name":"stdout","time":4402.621201381,"data":"[2026-10-02T03:03:39+00:00]   355689565: SDE raw 5.5832, A6 5.1822 (2s)\n"}
,{"stream_name":"stdout","time":4485.866055268,"data":"[2026-10-02T03:05:02+00:00]   370100049: SDE raw 9.5272, A6 10.0527 (79s)\n"}
,{"stream_name":"stdout","time":4491.909765395,"data":"[2026-10-02T03:05:08+00:00]   233079504: SDE raw 7.9535, A6 6.8233 (136s)\n"}
,{"stream_name":"stdout","time":4494.269817108,"data":"[2026-10-02T03:05:11+00:00]   41898667: SDE raw 8.4750, A6 6.8663 (2s)\n"}
,{"stream_name":"stdout","time":4589.412626002,"data":"[2026-10-02T03:06:46+00:00]   272785718: SDE raw 7.6300, A6 7.6597 (91s)\n"}
,{"stream_name":"stdout","time":4602.268995204,"data":"[2026-10-02T03:06:59+00:00]   236773098: SDE raw 8.6445, A6 9.2005 (112s)\n"}
,{"stream_name":"stdout","time":4676.219631859,"data":"[2026-10-02T03:08:13+00:00]   255995023: SDE raw 9.9698, A6 6.7338 (84s)\n"}
,{"stream_name":"stdout","time":4682.166981887,"data":"[2026-10-02T03:08:18+00:00]   229538367: SDE raw 8.2173, A6 8.3216 (5s)\n"}
,{"stream_name":"stdout","time":4693.497244524,"data":"[2026-10-02T03:08:30+00:00]   237289147: SDE raw 8.9725, A6 7.6315 (88s)\n"}
,{"stream_name":"stdout","time":4775.893862213,"data":"[2026-10-02T03:09:52+00:00]   382518753: SDE raw 11.1087, A6 9.7085 (90s)\n"}
,{"stream_name":"stdout","time":4786.091237057,"data":"[2026-10-02T03:10:02+00:00]   229911283: SDE raw 8.8952, A6 7.0094 (88s)\n"}
,{"stream_name":"stdout","time":4881.876926576,"data":"[2026-10-02T03:11:38+00:00]   219814545: SDE raw 13.1346, A6 7.9785 (91s)\n"}
,{"stream_name":"stdout","time":4888.392701572,"data":"[2026-10-02T03:11:45+00:00]   30466384: SDE raw 13.0696, A6 11.6273 (108s)\n"}
,{"stream_name":"stdout","time":4985.953263366,"data":"[2026-10-02T03:13:22+00:00]   198390801: SDE raw 8.6674, A6 7.8526 (93s)\n"}
,{"stream_name":"stdout","time":4993.261493168,"data":"[2026-10-02T03:13:30+00:00]   293267910: SDE raw 8.7765, A6 7.3648 (107s)\n"}
,{"stream_name":"stdout","time":5086.057750881,"data":"[2026-10-02T03:15:02+00:00]   353853816: SDE raw 10.2099, A6 8.0723 (89s)\n"}
,{"stream_name":"stdout","time":5098.326053595,"data":"[2026-10-02T03:15:15+00:00]   55603918: SDE raw 7.3286, A6 7.1328 (108s)\n"}
,{"stream_name":"stdout","time":5227.851663582,"data":"[2026-10-02T03:17:24+00:00]   257060602: SDE raw 8.9387, A6 7.8179 (126s)\n"}
,{"stream_name":"stdout","time":5228.482824525,"data":"[2026-10-02T03:17:25+00:00]   233089770: SDE raw 9.4855, A6 7.8315 (138s)\n"}
,{"stream_name":"stdout","time":5333.466230757,"data":"[2026-10-02T03:19:10+00:00]   198162957: SDE raw 14.7006, A6 14.7271 (101s)\n"}
,{"stream_name":"stdout","time":5345.816490557,"data":"[2026-10-02T03:19:22+00:00]   177387380: SDE raw 10.5436, A6 7.2775 (114s)\n"}
,{"stream_name":"stdout","time":5467.57676875,"data":"[2026-10-02T03:21:24+00:00]   238199780: SDE raw 7.7484, A6 8.7877 (118s)\n"}
,{"stream_name":"stdout","time":5467.8955711,"data":"[2026-10-02T03:21:24+00:00]   233657878: SDE raw 8.8098, A6 8.0009 (130s)\n"}
,{"stream_name":"stdout","time":5561.54246152,"data":"[2026-10-02T03:22:58+00:00]   29779237: SDE raw 9.7256, A6 10.8970 (89s)\n"}
,{"stream_name":"stdout","time":5578.450401515,"data":"[2026-10-02T03:23:15+00:00]   349769252: SDE raw 9.4264, A6 8.5859 (106s)\n"}
,{"stream_name":"stdout","time":5657.539344972,"data":"[2026-10-02T03:24:34+00:00]   289536774: SDE raw 9.3019, A6 6.6008 (92s)\n"}
,{"stream_name":"stdout","time":5678.714583518,"data":"[2026-10-02T03:24:55+00:00]   237301234: SDE raw 9.4079, A6 10.2095 (96s)\n"}
,{"stream_name":"stdout","time":5751.234600388,"data":"[2026-10-02T03:26:08+00:00]   300935162: SDE raw 18.8062, A6 14.3670 (90s)\n"}
,{"stream_name":"stdout","time":5793.599539582,"data":"[2026-10-02T03:26:50+00:00]   230082562: SDE raw 11.5692, A6 8.6040 (110s)\n"}
,{"stream_name":"stdout","time":5866.408607364,"data":"[2026-10-02T03:28:03+00:00]   424730553: SDE raw 8.7444, A6 8.8058 (111s)\n"}
,{"stream_name":"stdout","time":5903.639305181,"data":"[2026-10-02T03:28:40+00:00]   29781101: SDE raw 8.1281, A6 7.1128 (106s)\n"}
,{"stream_name":"stdout","time":5976.898227268,"data":"[2026-10-02T03:29:53+00:00]   300241889: SDE raw 12.3796, A6 8.4749 (106s)\n"}
,{"stream_name":"stdout","time":5994.434456406,"data":"[2026-10-02T03:30:11+00:00]   284195157: SDE raw 11.0668, A6 6.6297 (87s)\n"}
,{"stream_name":"stdout","time":6072.441875364,"data":"[2026-10-02T03:31:29+00:00]   199709310: SDE raw 9.5586, A6 11.4628 (91s)\n"}
,{"stream_name":"stdout","time":6089.412359758,"data":"[2026-10-02T03:31:46+00:00]   307955351: SDE raw 13.7298, A6 7.4086 (90s)\n"}
,{"stream_name":"stdout","time":6147.673600099,"data":"[2026-10-02T03:32:44+00:00]   399860684: SDE raw 9.8735, A6 7.6356 (73s)\n"}
,{"stream_name":"stdout","time":6224.698649073,"data":"[2026-10-02T03:34:01+00:00]   260371000: SDE raw 10.6608, A6 6.8952 (131s)\n"}
,{"stream_name":"stdout","time":6260.488919496,"data":"[2026-10-02T03:34:37+00:00]   150391436: SDE raw 12.0868, A6 9.0070 (109s)\n"}
,{"stream_name":"stdout","time":6376.672344096,"data":"[2026-10-02T03:36:33+00:00]   233746109: SDE raw 9.5194, A6 9.0486 (147s)\n"}
,{"stream_name":"stdout","time":6416.366538205,"data":"[2026-10-02T03:37:13+00:00]   160533720: SDE raw 10.7506, A6 8.0754 (151s)\n"}
,{"stream_name":"stdout","time":6496.162445185,"data":"[2026-10-02T03:38:32+00:00]   233203368: SDE raw 11.3539, A6 8.6276 (115s)\n"}
,{"stream_name":"stdout","time":6509.584364472,"data":"[2026-10-02T03:38:46+00:00]   149473839: SDE raw 12.7893, A6 8.2336 (89s)\n"}
,{"stream_name":"stdout","time":6528.33771253,"data":"[2026-10-02T03:39:05+00:00]   199571641: SDE raw 7.9344, A6 9.0236 (18s)\n"}
,{"stream_name":"stdout","time":6580.443125616,"data":"[2026-10-02T03:39:57+00:00]   257722316: SDE raw 9.6652, A6 7.6628 (81s)\n"}
,{"stream_name":"stdout","time":6642.091541122,"data":"[2026-10-02T03:40:58+00:00]   198214526: SDE raw 11.7787, A6 6.9777 (109s)\n"}
,{"stream_name":"stdout","time":6672.297283965,"data":"[2026-10-02T03:41:29+00:00]   259126839: SDE raw 8.0760, A6 6.6960 (88s)\n"}
,{"stream_name":"stdout","time":6751.993333545,"data":"[2026-10-02T03:42:48+00:00]   150393677: SDE raw 10.2220, A6 10.8289 (105s)\n"}
,{"stream_name":"stdout","time":6766.240404086,"data":"[2026-10-02T03:43:03+00:00]   233603709: SDE raw 7.3280, A6 7.6873 (89s)\n"}
,{"stream_name":"stdout","time":6846.770164253,"data":"[2026-10-02T03:44:23+00:00]   229779634: SDE raw 11.3322, A6 8.1644 (91s)\n"}
,{"stream_name":"stdout","time":6876.356279563,"data":"[2026-10-02T03:44:53+00:00]   424439672: SDE raw 11.9902, A6 7.4487 (106s)\n"}
,{"stream_name":"stdout","time":6944.558803353,"data":"[2026-10-02T03:46:01+00:00]   229586495: SDE raw 9.1017, A6 7.5970 (94s)\n"}
,{"stream_name":"stdout","time":6967.799012625,"data":"[2026-10-02T03:46:24+00:00]   139369433: SDE raw 8.9440, A6 6.4391 (87s)\n"}
,{"stream_name":"stdout","time":7078.574592084,"data":"[2026-10-02T03:48:15+00:00]   142049025: SDE raw 7.0239, A6 8.5879 (107s)\n"}
,{"stream_name":"stdout","time":7079.36016853,"data":"[2026-10-02T03:48:16+00:00]   243333942: SDE raw 7.5142, A6 6.5248 (131s)\n"}
,{"stream_name":"stdout","time":7172.400145499,"data":"[2026-10-02T03:49:49+00:00]   376925298: SDE raw 11.4782, A6 10.1717 (89s)\n"}
,{"stream_name":"stdout","time":7177.993289852,"data":"[2026-10-02T03:49:54+00:00]   233071436: SDE raw 8.0185, A6 6.8192 (94s)\n"}
,{"stream_name":"stdout","time":7245.425494025,"data":"[2026-10-02T03:51:02+00:00]   198392870: SDE raw 8.4861, A6 6.5412 (65s)\n"}
,{"stream_name":"stdout","time":7264.751276445,"data":"[2026-10-02T03:51:21+00:00]   32154131: SDE raw 8.7218, A6 9.1985 (88s)\n"}
,{"stream_name":"stdout","time":7340.385576728,"data":"[2026-10-02T03:52:37+00:00]   272746339: SDE raw 11.4910, A6 7.3931 (91s)\n"}
,{"stream_name":"stdout","time":7345.961660241,"data":"[2026-10-02T03:52:42+00:00]   55603433: SDE raw 9.9506, A6 7.2156 (77s)\n"}
,{"stream_name":"stdout","time":7438.234926161,"data":"[2026-10-02T03:54:15+00:00]   375090431: SDE raw 8.7588, A6 7.9646 (88s)\n"}
,{"stream_name":"stdout","time":7452.77270108,"data":"[2026-10-02T03:54:29+00:00]   349831092: SDE raw 8.9135, A6 10.5448 (108s)\n"}
,{"stream_name":"stdout","time":7532.549185419,"data":"[2026-10-02T03:55:49+00:00]   441795832: SDE raw 12.1999, A6 11.9678 (90s)\n"}
,{"stream_name":"stdout","time":7549.993302076,"data":"[2026-10-02T03:56:06+00:00]   219754475: SDE raw 11.6310, A6 6.2387 (93s)\n"}
,{"stream_name":"stdout","time":7626.063743747,"data":"[2026-10-02T03:57:22+00:00]   280034976: SDE raw 8.7745, A6 7.8070 (89s)\n"}
,{"stream_name":"stdout","time":7648.678632799,"data":"[2026-10-02T03:57:45+00:00]   441732984: SDE raw 9.8667, A6 6.2102 (94s)\n"}
,{"stream_name":"stdout","time":7720.885248644,"data":"[2026-10-02T03:58:57+00:00]   199607802: SDE raw 13.4995, A6 8.4387 (90s)\n"}
,{"stream_name":"stdout","time":7745.030274114,"data":"[2026-10-02T03:59:21+00:00]   233734641: SDE raw 9.8857, A6 7.5931 (92s)\n"}
,{"stream_name":"stdout","time":7832.878308658,"data":"[2026-10-02T04:00:49+00:00]   198204626: SDE raw 10.0671, A6 8.6085 (107s)\n"}
,{"stream_name":"stdout","time":7857.681859795,"data":"[2026-10-02T04:01:14+00:00]   288468466: SDE raw 10.4527, A6 8.9227 (109s)\n"}
,{"stream_name":"stdout","time":7925.421251726,"data":"[2026-10-02T04:02:22+00:00]   272128852: SDE raw 8.6131, A6 10.6149 (88s)\n"}
,{"stream_name":"stdout","time":7974.336775709,"data":"[2026-10-02T04:03:11+00:00]   233212839: SDE raw 14.4262, A6 8.4515 (112s)\n"}
,{"stream_name":"stdout","time":8019.487712001,"data":"[2026-10-02T04:03:56+00:00]   198185441: SDE raw 8.0338, A6 6.9261 (90s)\n"}
,{"stream_name":"stdout","time":8070.157375402,"data":"[2026-10-02T04:04:46+00:00]   198182246: SDE raw 8.6487, A6 8.6929 (92s)\n"}
,{"stream_name":"stdout","time":8098.836550017,"data":"[2026-10-02T04:05:15+00:00]   199634258: SDE raw 17.1876, A6 12.5072 (76s)\n"}
,{"stream_name":"stdout","time":8163.232165258,"data":"[2026-10-02T04:06:20+00:00]   260127258: SDE raw 9.2462, A6 7.9962 (89s)\n"}
,{"stream_name":"stdout","time":8169.132113709,"data":"[2026-10-02T04:06:25+00:00]   199659629: SDE raw 9.4859, A6 7.1629 (68s)\n"}
,{"stream_name":"stdout","time":8261.965336104,"data":"[2026-10-02T04:07:58+00:00]   141436215: SDE raw 7.8865, A6 7.6240 (89s)\n"}
,{"stream_name":"stdout","time":8300.924553389,"data":"[2026-10-02T04:08:37+00:00]   219756788: SDE raw 9.6540, A6 10.5591 (133s)\n"}
,{"stream_name":"stdout","time":8355.974880293,"data":"[2026-10-02T04:09:32+00:00]   237117512: SDE raw 7.9409, A6 7.2466 (90s)\n"}
,{"stream_name":"stdout","time":8393.51988778,"data":"[2026-10-02T04:10:10+00:00]   350480377: SDE raw 9.4146, A6 9.8590 (89s)\n"}
,{"stream_name":"stdout","time":8482.558061991,"data":"[2026-10-02T04:11:39+00:00]   199661731: SDE raw 9.1377, A6 7.0039 (122s)\n"}
,{"stream_name":"stdout","time":8557.627662642,"data":"[2026-10-02T04:12:54+00:00]   420130101: SDE raw 7.5784, A6 7.3257 (159s)\n"}
,{"stream_name":"stdout","time":8619.748651281,"data":"[2026-10-02T04:13:56+00:00]   219896547: SDE raw 8.7136, A6 8.9607 (132s)\n"}
,{"stream_name":"stdout","time":8652.856132187,"data":"[2026-10-02T04:14:29+00:00]   376880303: SDE raw 10.3001, A6 11.6063 (91s)\n"}
,{"stream_name":"stdout","time":8714.22187364,"data":"[2026-10-02T04:15:31+00:00]   47819125: SDE raw 9.8182, A6 7.7030 (92s)\n"}
,{"stream_name":"stdout","time":8769.618754038,"data":"[2026-10-02T04:16:26+00:00]   229650857: SDE raw 12.6249, A6 7.9131 (112s)\n"}
,{"stream_name":"stdout","time":8826.058913028,"data":"[2026-10-02T04:17:22+00:00]   219822744: SDE raw 9.1252, A6 6.4987 (109s)\n"}
,{"stream_name":"stdout","time":8863.678721592,"data":"[2026-10-02T04:18:00+00:00]   261377731: SDE raw 10.7228, A6 10.0010 (90s)\n"}
,{"stream_name":"stdout","time":8934.02150097,"data":"[2026-10-02T04:19:10+00:00]   150323113: SDE raw 9.8439, A6 9.1635 (103s)\n"}
,{"stream_name":"stdout","time":8979.627190395,"data":"[2026-10-02T04:19:56+00:00]   219802852: SDE raw 7.2253, A6 8.3699 (111s)\n"}
,{"stream_name":"stdout","time":9054.625493958,"data":"[2026-10-02T04:21:11+00:00]   257023250: SDE raw 10.4377, A6 8.7146 (117s)\n"}
,{"stream_name":"stdout","time":9073.717651514,"data":"[2026-10-02T04:21:30+00:00]   356785359: SDE raw 8.1892, A6 9.8696 (90s)\n"}
,{"stream_name":"stdout","time":9148.586083982,"data":"[2026-10-02T04:22:45+00:00]   232632120: SDE raw 13.0043, A6 12.2490 (90s)\n"}
,{"stream_name":"stdout","time":9192.066048218,"data":"[2026-10-02T04:23:28+00:00]   279427111: SDE raw 11.5208, A6 8.0299 (115s)\n"}
,{"stream_name":"stdout","time":9250.21087868,"data":"[2026-10-02T04:24:27+00:00]   422389277: SDE raw 8.7476, A6 9.4535 (56s)\n"}
,{"stream_name":"stdout","time":9258.878775236,"data":"[2026-10-02T04:24:35+00:00]   55603841: SDE raw 11.8766, A6 15.9503 (106s)\n"}
,{"stream_name":"stdout","time":9316.744086516,"data":"[2026-10-02T04:25:33+00:00]   350766856: SDE raw 8.5323, A6 9.9656 (55s)\n"}
,{"stream_name":"stdout","time":9344.047122834,"data":"[2026-10-02T04:26:00+00:00]   258831993: SDE raw 9.4396, A6 5.9864 (90s)\n"}
,{"stream_name":"stdout","time":9421.626301186,"data":"[2026-10-02T04:27:18+00:00]   219380984: SDE raw 8.5464, A6 8.7731 (75s)\n"}
,{"stream_name":"stdout","time":9431.357125973,"data":"[2026-10-02T04:27:28+00:00]   229650800: SDE raw 10.7204, A6 7.1298 (110s)\n"}
,{"stream_name":"stdout","time":9515.467383691,"data":"[2026-10-02T04:28:52+00:00]   353783589: SDE raw 13.3512, A6 12.6317 (90s)\n"}
,{"stream_name":"stdout","time":9546.03065333,"data":"[2026-10-02T04:29:22+00:00]   219775505: SDE raw 9.4068, A6 7.6862 (110s)\n"}
,{"stream_name":"stdout","time":9613.488820462,"data":"[2026-10-02T04:30:30+00:00]   232602795: SDE raw 8.3126, A6 8.8786 (94s)\n"}
,{"stream_name":"stdout","time":9656.875768897,"data":"[2026-10-02T04:31:13+00:00]   177039581: SDE raw 9.5609, A6 8.6784 (107s)\n"}
,{"stream_name":"stdout","time":9728.487565077,"data":"[2026-10-02T04:32:25+00:00]   230081514: SDE raw 9.0933, A6 6.9624 (111s)\n"}
,{"stream_name":"stdout","time":9749.549948034,"data":"[2026-10-02T04:32:46+00:00]   229596879: SDE raw 8.4870, A6 7.7364 (89s)\n"}
,{"stream_name":"stdout","time":9822.898529736,"data":"[2026-10-02T04:33:59+00:00]   40519210: SDE raw 8.7388, A6 7.2572 (90s)\n"}
,{"stream_name":"stdout","time":9845.509352142,"data":"[2026-10-02T04:34:22+00:00]   219896856: SDE raw 8.1340, A6 7.3379 (92s)\n"}
,{"stream_name":"stdout","time":9936.111916046,"data":"[2026-10-02T04:35:52+00:00]   357128511: SDE raw 8.4787, A6 9.0029 (109s)\n"}
,{"stream_name":"stdout","time":9937.293496151,"data":"[2026-10-02T04:35:54+00:00]   348898884: SDE raw 9.0318, A6 10.1425 (88s)\n"}
,{"stream_name":"stdout","time":10031.482110825,"data":"[2026-10-02T04:37:28+00:00]   356865126: SDE raw 11.1982, A6 7.7004 (90s)\n"}
,{"stream_name":"stdout","time":10049.823280294,"data":"[2026-10-02T04:37:46+00:00]   237102227: SDE raw 11.0294, A6 8.2497 (109s)\n"}
,{"stream_name":"stdout","time":10123.607163881,"data":"[2026-10-02T04:39:00+00:00]   177312459: SDE raw 14.4614, A6 8.8566 (88s)\n"}
,{"stream_name":"stdout","time":10147.514869424,"data":"[2026-10-02T04:39:24+00:00]   237098754: SDE raw 11.5879, A6 7.5598 (94s)\n"}
,{"stream_name":"stdout","time":10262.186540365,"data":"[2026-10-02T04:41:19+00:00]   289570607: SDE raw 11.3844, A6 8.5552 (110s)\n"}
,{"stream_name":"stderr","time":10265.127306944,"data":"/usr/local/lib/python3.12/dist-packages/mistune.py:435: SyntaxWarning: invalid escape sequence '\\|'\n"}
,{"stream_name":"stderr","time":10265.127366378,"data":"  cells[i][c] = re.sub('\\\\\\\\\\|', '|', cell)\n"}
,{"stream_name":"stderr","time":10265.34443496,"data":"/usr/local/lib/python3.12/dist-packages/nbconvert/filters/filter_links.py:36: SyntaxWarning: invalid escape sequence '\\_'\n"}
,{"stream_name":"stderr","time":10265.344485078,"data":"  text = re.sub(r'_', '\\_', text) # Escape underscores in display text\n"}
,{"stream_name":"stderr","time":10265.963985324,"data":"[NbConvertApp] Converting notebook __script__.ipynb to html\n"}
,{"stream_name":"stderr","time":10267.098850066,"data":"[NbConvertApp] Writing 277894 bytes to __results__.html\n"}
]