[{"stream_name":"stdout","time":14.788893284,"data":"     ━━━━━━━━━━━━━━━━━━━━━━━━━━━━━━━━━━━━━━━━ 62.1/62.1 kB 1.4 MB/s eta 0:00:00\n"}
,{"stream_name":"stdout","time":16.258539767,"data":"     ━━━━━━━━━━━━━━━━━━━━━━━━━━━━━━━━━━━━━━━━ 80.3/80.3 kB 3.5 MB/s eta 0:00:00\n"}
,{"stream_name":"stdout","time":18.296409313,"data":"     ━━━━━━━━━━━━━━━━━━━━━━━━━━━━━━━━━━━━━━━━ 41.2/41.2 kB 2.5 MB/s eta 0:00:00\n"}
,{"stream_name":"stdout","time":22.4881133,"data":"   ━━━━━━━━━━━━━━━━━━━━━━━━━━━━━━━━━━━━━━━━ 10.5/10.5 MB 76.5 MB/s eta 0:00:00\n"}
,{"stream_name":"stdout","time":22.642098646,"data":"   ━━━━━━━━━━━━━━━━━━━━━━━━━━━━━━━━━━━━━━━━ 11.1/11.1 MB 78.9 MB/s eta 0:00:00\n"}
,{"stream_name":"stdout","time":22.695476503,"data":"   ━━━━━━━━━━━━━━━━━━━━━━━━━━━━━━━━━━━━━━━━ 243.5/243.5 kB 9.1 MB/s eta 0:00:00\n"}
,{"stream_name":"stdout","time":22.734581012,"data":"   ━━━━━━━━━━━━━━━━━━━━━━━━━━━━━━━━━━━━━━━━ 377.5/377.5 kB 18.5 MB/s eta 0:00:00\n"}
,{"stream_name":"stdout","time":22.768565652,"data":"   ━━━━━━━━━━━━━━━━━━━━━━━━━━━━━━━━━━━━━━━━ 261.1/261.1 kB 16.1 MB/s eta 0:00:00\n"}
,{"stream_name":"stdout","time":22.917017284,"data":"   ━━━━━━━━━━━━━━━━━━━━━━━━━━━━━━━━━━━━━━━━ 9.9/9.9 MB 77.2 MB/s eta 0:00:00\n"}
,{"stream_name":"stdout","time":22.952771804,"data":"   ━━━━━━━━━━━━━━━━━━━━━━━━━━━━━━━━━━━━━━━━ 155.6/155.6 kB 7.6 MB/s eta 0:00:00\n"}
,{"stream_name":"stdout","time":23.062587,"data":"   ━━━━━━━━━━━━━━━━━━━━━━━━━━━━━━━━━━━━━━━━ 9.2/9.2 MB 100.4 MB/s eta 0:00:00\n"}
,{"stream_name":"stdout","time":23.503299259,"data":"   ━━━━━━━━━━━━━━━━━━━━━━━━━━━━━━━━━━━━━━━━ 35.2/35.2 MB 39.6 MB/s eta 0:00:00\n"}
,{"stream_name":"stdout","time":23.538147477,"data":"   ━━━━━━━━━━━━━━━━━━━━━━━━━━━━━━━━━━━━━━━━ 47.5/47.5 kB 2.4 MB/s eta 0:00:00\n"}
,{"stream_name":"stdout","time":23.642892328,"data":"   ━━━━━━━━━━━━━━━━━━━━━━━━━━━━━━━━━━━━━━━━ 2.0/2.0 MB 40.1 MB/s eta 0:00:00\n"}
,{"stream_name":"stdout","time":23.697945018,"data":"   ━━━━━━━━━━━━━━━━━━━━━━━━━━━━━━━━━━━━━━━━ 1.2/1.2 MB 35.4 MB/s eta 0:00:00\n"}
,{"stream_name":"stdout","time":23.761505368999998,"data":"   ━━━━━━━━━━━━━━━━━━━━━━━━━━━━━━━━━━━━━━━━ 60.1/60.1 kB 3.1 MB/s eta 0:00:00\n"}
,{"stream_name":"stdout","time":23.822902694,"data":"   ━━━━━━━━━━━━━━━━━━━━━━━━━━━━━━━━━━━━━━━━ 102.6/102.6 kB 5.4 MB/s eta 0:00:00\n"}
,{"stream_name":"stdout","time":23.887647737,"data":"   ━━━━━━━━━━━━━━━━━━━━━━━━━━━━━━━━━━━━━━━━ 1.8/1.8 MB 36.9 MB/s eta 0:00:00\n"}
,{"stream_name":"stdout","time":23.92078386,"data":"   ━━━━━━━━━━━━━━━━━━━━━━━━━━━━━━━━━━━━━━━━ 221.7/221.7 kB 12.4 MB/s eta 0:00:00\n"}
,{"stream_name":"stdout","time":24.27420235,"data":"   ━━━━━━━━━━━━━━━━━━━━━━━━━━━━━━━━━━━━━━━━ 16.0/16.0 MB 45.2 MB/s eta 0:00:00\n"}
,{"stream_name":"stderr","time":76.562744754,"data":"ERROR: pip's dependency resolver does not currently take into account all the packages that are installed. This behaviour is the source of the following dependency conflicts.\n"}
,{"stream_name":"stderr","time":76.562784247,"data":"bigframes 2.39.0 requires google-cloud-bigquery-storage\u003c3.0.0,\u003e=2.30.0, which is not installed.\n"}
,{"stream_name":"stderr","time":76.56279481,"data":"datasets 5.0.0 requires fsspec[http]\u003c=2026.4.0,\u003e=2023.1.0, but you have fsspec 2026.9.0 which is incompatible.\n"}
,{"stream_name":"stderr","time":76.56279864,"data":"ydata-profiling 4.18.4 requires matplotlib\u003c=3.10,\u003e=3.5, but you have matplotlib 3.11.2 which is incompatible.\n"}
,{"stream_name":"stderr","time":76.562802249,"data":"ydata-profiling 4.18.4 requires scipy\u003c1.17,\u003e=1.8, but you have scipy 1.17.1 which is incompatible.\n"}
,{"stream_name":"stderr","time":76.562809358,"data":"gcsfs 2025.3.0 requires fsspec==2025.3.0, but you have fsspec 2026.9.0 which is incompatible.\n"}
,{"stream_name":"stderr","time":76.562812657,"data":"sklearn-compat 0.1.5 requires scikit-learn\u003c1.9,\u003e=1.2, but you have scikit-learn 1.9.1 which is incompatible.\n"}
,{"stream_name":"stdout","time":136.387207698,"data":"[2026-10-01T17:20:16+00:00] gpu_5of14: 187 stars, cache /kaggle/input/datasets/srijeetbanerjee/exog-lc-cache-v1/cache\n"}
,{"stream_name":"stdout","time":136.520800256,"data":"[2026-10-01T17:20:16+00:00] gpu_6of14: 190 stars, cache /kaggle/input/datasets/srijeetbanerjee/exog-lc-cache-v1/cache\n"}
,{"stream_name":"stdout","time":161.515277865,"data":"[2026-10-01T17:20:41+00:00]   139700604: SDE raw 7.6951, A6 5.8507 (2s)\n"}
,{"stream_name":"stdout","time":164.114050572,"data":"[2026-10-01T17:20:43+00:00]   358745595: SDE raw 9.8994, A6 11.9290 (2s)\n"}
,{"stream_name":"stdout","time":211.249259752,"data":"[2026-10-01T17:21:31+00:00]   47579320: SDE raw 6.8843, A6 5.6129 (51s)\n"}
,{"stream_name":"stdout","time":213.697737615,"data":"[2026-10-01T17:21:33+00:00]   180998339: SDE raw 5.9543, A6 6.7462 (2s)\n"}
,{"stream_name":"stdout","time":214.948840467,"data":"[2026-10-01T17:21:34+00:00]   402110035: SDE raw 7.5242, A6 6.0999 (1s)\n"}
,{"stream_name":"stdout","time":224.859277127,"data":"[2026-10-01T17:21:44+00:00]   344858976: SDE raw 12.3949, A6 8.3202 (59s)\n"}
,{"stream_name":"stdout","time":226.938499236,"data":"[2026-10-01T17:21:46+00:00]   257303153: SDE raw 9.6401, A6 6.6788 (1s)\n"}
,{"stream_name":"stdout","time":228.279375126,"data":"[2026-10-01T17:21:48+00:00]   450027779: SDE raw 7.4315, A6 4.6624 (1s)\n"}
,{"stream_name":"stdout","time":229.009273009,"data":"[2026-10-01T17:21:48+00:00]   91637711: SDE raw 5.5180, A6 5.1851 (0s)\n"}
,{"stream_name":"stdout","time":231.645184285,"data":"[2026-10-01T17:21:51+00:00]   351961693: SDE raw 6.5235, A6 8.1097 (2s)\n"}
,{"stream_name":"stdout","time":234.110147525,"data":"[2026-10-01T17:21:53+00:00]   245826472: SDE raw 9.4789, A6 9.3799 (2s)\n"}
,{"stream_name":"stdout","time":302.058849455,"data":"[2026-10-01T17:23:01+00:00]   394050859: SDE raw 12.0247, A6 7.5186 (66s)\n"}
,{"stream_name":"stdout","time":304.11710795,"data":"[2026-10-01T17:23:03+00:00]   115612391: SDE raw 6.4808, A6 6.5186 (1s)\n"}
,{"stream_name":"stdout","time":304.349157456,"data":"[2026-10-01T17:23:04+00:00]   441565446: SDE raw 9.0365, A6 7.9684 (87s)\n"}
,{"stream_name":"stdout","time":307.001724178,"data":"[2026-10-01T17:23:06+00:00]   272276679: SDE raw 7.0611, A6 5.7777 (2s)\n"}
,{"stream_name":"stdout","time":308.88868122,"data":"[2026-10-01T17:23:08+00:00]   247372101: SDE raw 6.6406, A6 6.6864 (4s)\n"}
,{"stream_name":"stdout","time":310.014486042,"data":"[2026-10-01T17:23:09+00:00]   66459601: SDE raw 6.1392, A6 5.7324 (1s)\n"}
,{"stream_name":"stdout","time":310.956097667,"data":"[2026-10-01T17:23:10+00:00]   166803705: SDE raw 5.0667, A6 4.8020 (1s)\n"}
,{"stream_name":"stdout","time":319.446744067,"data":"[2026-10-01T17:23:19+00:00]   291017714: SDE raw 14.3967, A6 11.6010 (11s)\n"}
,{"stream_name":"stdout","time":322.094517863,"data":"[2026-10-01T17:23:21+00:00]   61542066: SDE raw 10.4454, A6 6.4257 (2s)\n"}
,{"stream_name":"stdout","time":324.62976812,"data":"[2026-10-01T17:23:24+00:00]   468807465: SDE raw 7.0743, A6 6.2087 (2s)\n"}
,{"stream_name":"stdout","time":331.73153598,"data":"[2026-10-01T17:23:31+00:00]   397435272: SDE raw 8.2310, A6 6.8737 (6s)\n"}
,{"stream_name":"stdout","time":335.022027601,"data":"[2026-10-01T17:23:34+00:00]   99936548: SDE raw 9.2302, A6 6.4474 (23s)\n"}
,{"stream_name":"stdout","time":337.545632937,"data":"[2026-10-01T17:23:37+00:00]   149438836: SDE raw 13.5938, A6 11.7490 (2s)\n"}
,{"stream_name":"stdout","time":342.581324436,"data":"[2026-10-01T17:23:42+00:00]   171427270: SDE raw 12.8744, A6 7.8563 (4s)\n"}
,{"stream_name":"stdout","time":355.532999407,"data":"[2026-10-01T17:23:55+00:00]   99920924: SDE raw 11.9784, A6 6.4541 (23s)\n"}
,{"stream_name":"stdout","time":357.980007197,"data":"[2026-10-01T17:23:57+00:00]   31192638: SDE raw 8.3140, A6 4.6872 (2s)\n"}
,{"stream_name":"stdout","time":372.156574064,"data":"[2026-10-01T17:24:11+00:00]   159549080: SDE raw 8.7966, A6 8.1885 (28s)\n"}
,{"stream_name":"stdout","time":373.682872731,"data":"[2026-10-01T17:24:13+00:00]   367683115: SDE raw 6.1325, A6 7.4051 (1s)\n"}
,{"stream_name":"stdout","time":418.070910206,"data":"[2026-10-01T17:24:57+00:00]   358801104: SDE raw 13.1631, A6 15.2641 (59s)\n"}
,{"stream_name":"stdout","time":419.225065935,"data":"[2026-10-01T17:24:58+00:00]   274271048: SDE raw 6.7883, A6 4.6319 (1s)\n"}
,{"stream_name":"stdout","time":435.570554715,"data":"[2026-10-01T17:25:15+00:00]   122841001: SDE raw 8.4986, A6 8.1957 (60s)\n"}
,{"stream_name":"stdout","time":436.460095309,"data":"[2026-10-01T17:25:16+00:00]   321293016: SDE raw 4.5322, A6 4.8763 (0s)\n"}
,{"stream_name":"stdout","time":438.793729495,"data":"[2026-10-01T17:25:18+00:00]   142058759: SDE raw 6.0406, A6 6.4861 (1s)\n"}
,{"stream_name":"stdout","time":439.953874578,"data":"[2026-10-01T17:25:19+00:00]   287185832: SDE raw 5.6214, A6 7.3405 (1s)\n"}
,{"stream_name":"stdout","time":449.705627508,"data":"[2026-10-01T17:25:29+00:00]   313305089: SDE raw 6.9563, A6 5.9168 (29s)\n"}
,{"stream_name":"stdout","time":451.0654959,"data":"[2026-10-01T17:25:30+00:00]   458711066: SDE raw 4.6696, A6 4.7922 (1s)\n"}
,{"stream_name":"stdout","time":452.266720036,"data":"[2026-10-01T17:25:32+00:00]   267613557: SDE raw 8.2294, A6 5.5005 (1s)\n"}
,{"stream_name":"stdout","time":454.804080256,"data":"[2026-10-01T17:25:34+00:00]   193719821: SDE raw 6.1147, A6 5.6173 (2s)\n"}
,{"stream_name":"stdout","time":455.765369353,"data":"[2026-10-01T17:25:35+00:00]   289819317: SDE raw 6.7452, A6 6.3515 (0s)\n"}
,{"stream_name":"stdout","time":458.37449164,"data":"[2026-10-01T17:25:38+00:00]   458646284: SDE raw 9.7912, A6 5.7903 (2s)\n"}
,{"stream_name":"stdout","time":461.219100329,"data":"[2026-10-01T17:25:40+00:00]   220024126: SDE raw 9.2283, A6 5.2966 (2s)\n"}
,{"stream_name":"stdout","time":466.214386199,"data":"[2026-10-01T17:25:45+00:00]   17673908: SDE raw 7.6419, A6 5.7970 (4s)\n"}
,{"stream_name":"stdout","time":466.962689927,"data":"[2026-10-01T17:25:46+00:00]   11637943: SDE raw 6.4842, A6 7.6897 (0s)\n"}
,{"stream_name":"stdout","time":469.200451314,"data":"[2026-10-01T17:25:48+00:00]   206436211: SDE raw 6.1385, A6 5.7768 (1s)\n"}
,{"stream_name":"stdout","time":469.746780652,"data":"[2026-10-01T17:25:49+00:00]   276231042: SDE raw 6.9123, A6 7.8540 (28s)\n"}
,{"stream_name":"stdout","time":471.730650668,"data":"[2026-10-01T17:25:51+00:00]   38206278: SDE raw 7.4390, A6 7.8759 (2s)\n"}
,{"stream_name":"stdout","time":472.084871028,"data":"[2026-10-01T17:25:51+00:00]   320198956: SDE raw 5.8720, A6 5.4580 (1s)\n"}
,{"stream_name":"stdout","time":473.033669741,"data":"[2026-10-01T17:25:52+00:00]   129912090: SDE raw 5.4417, A6 5.1463 (1s)\n"}
,{"stream_name":"stdout","time":474.043181612,"data":"[2026-10-01T17:25:53+00:00]   328232390: SDE raw 6.6993, A6 4.7054 (1s)\n"}
,{"stream_name":"stdout","time":474.582391127,"data":"[2026-10-01T17:25:54+00:00]   357399784: SDE raw 8.4215, A6 5.0720 (2s)\n"}
,{"stream_name":"stdout","time":475.646855441,"data":"[2026-10-01T17:25:55+00:00]   82524967: SDE raw 5.2943, A6 6.8642 (1s)\n"}
,{"stream_name":"stdout","time":476.673134806,"data":"[2026-10-01T17:25:56+00:00]   302553786: SDE raw 6.3214, A6 4.4624 (1s)\n"}
,{"stream_name":"stdout","time":479.137766591,"data":"[2026-10-01T17:25:58+00:00]   89093987: SDE raw 7.7861, A6 6.8475 (2s)\n"}
,{"stream_name":"stdout","time":480.283722189,"data":"[2026-10-01T17:26:00+00:00]   116881281: SDE raw 6.3587, A6 5.0890 (1s)\n"}
,{"stream_name":"stdout","time":480.335456436,"data":"[2026-10-01T17:26:00+00:00]   220037818: SDE raw 10.6422, A6 6.4583 (4s)\n"}
,{"stream_name":"stdout","time":482.764808973,"data":"[2026-10-01T17:26:02+00:00]   77351431: SDE raw 5.6587, A6 5.3724 (2s)\n"}
,{"stream_name":"stdout","time":536.166012697,"data":"[2026-10-01T17:26:55+00:00]   287348079: SDE raw 8.1417, A6 7.9919 (51s)\n"}
,{"stream_name":"stdout","time":538.681745483,"data":"[2026-10-01T17:26:58+00:00]   281191467: SDE raw 6.9406, A6 5.4329 (1s)\n"}
,{"stream_name":"stdout","time":541.235668454,"data":"[2026-10-01T17:27:00+00:00]   290975310: SDE raw 8.6635, A6 8.7870 (2s)\n"}
,{"stream_name":"stdout","time":544.048703101,"data":"[2026-10-01T17:27:03+00:00]   206350257: SDE raw 5.9986, A6 5.7005 (2s)\n"}
,{"stream_name":"stdout","time":546.443498942,"data":"[2026-10-01T17:27:06+00:00]   138327804: SDE raw 7.9518, A6 5.8487 (2s)\n"}
,{"stream_name":"stdout","time":548.841906206,"data":"[2026-10-01T17:27:08+00:00]   408747892: SDE raw 7.9252, A6 8.5878 (2s)\n"}
,{"stream_name":"stdout","time":548.907695706,"data":"[2026-10-01T17:27:08+00:00]   9791472: SDE raw 7.7802, A6 7.4551 (67s)\n"}
,{"stream_name":"stdout","time":549.878590226,"data":"[2026-10-01T17:27:09+00:00]   159991884: SDE raw 7.5338, A6 5.9529 (1s)\n"}
,{"stream_name":"stdout","time":551.095927951,"data":"[2026-10-01T17:27:10+00:00]   220596308: SDE raw 5.7103, A6 5.4297 (1s)\n"}
,{"stream_name":"stdout","time":551.289739327,"data":"[2026-10-01T17:27:11+00:00]   237906661: SDE raw 5.0362, A6 4.0852 (2s)\n"}
,{"stream_name":"stdout","time":552.034644232,"data":"[2026-10-01T17:27:11+00:00]   54601994: SDE raw 5.2729, A6 5.0771 (1s)\n"}
,{"stream_name":"stdout","time":553.415247431,"data":"[2026-10-01T17:27:13+00:00]   22522464: SDE raw 5.4945, A6 4.6279 (1s)\n"}
,{"stream_name":"stdout","time":554.443497684,"data":"[2026-10-01T17:27:14+00:00]   200713278: SDE raw 6.1553, A6 6.3481 (1s)\n"}
,{"stream_name":"stdout","time":556.735478773,"data":"[2026-10-01T17:27:16+00:00]   346893546: SDE raw 7.7357, A6 5.9684 (2s)\n"}
,{"stream_name":"stdout","time":559.405876121,"data":"[2026-10-01T17:27:19+00:00]   257738202: SDE raw 7.7075, A6 5.2754 (2s)\n"}
,{"stream_name":"stdout","time":579.787895673,"data":"[2026-10-01T17:27:39+00:00]   165599030: SDE raw 8.2569, A6 7.6194 (27s)\n"}
,{"stream_name":"stdout","time":581.007625985,"data":"[2026-10-01T17:27:40+00:00]   352319881: SDE raw 5.1074, A6 5.7416 (1s)\n"}
,{"stream_name":"stdout","time":584.624041553,"data":"[2026-10-01T17:27:44+00:00]   130579119: SDE raw 10.6689, A6 8.0744 (3s)\n"}
,{"stream_name":"stdout","time":587.009825259,"data":"[2026-10-01T17:27:46+00:00]   302285797: SDE raw 10.8528, A6 5.5971 (2s)\n"}
,{"stream_name":"stdout","time":589.469918975,"data":"[2026-10-01T17:27:49+00:00]   388187719: SDE raw 8.0982, A6 6.4049 (2s)\n"}
,{"stream_name":"stdout","time":591.928527623,"data":"[2026-10-01T17:27:51+00:00]   290604534: SDE raw 7.7850, A6 7.9937 (2s)\n"}
,{"stream_name":"stdout","time":594.233586995,"data":"[2026-10-01T17:27:53+00:00]   437025818: SDE raw 7.7409, A6 5.8987 (1s)\n"}
,{"stream_name":"stdout","time":596.807599879,"data":"[2026-10-01T17:27:56+00:00]   202352796: SDE raw 7.5445, A6 9.2312 (2s)\n"}
,{"stream_name":"stdout","time":597.95435831,"data":"[2026-10-01T17:27:57+00:00]   150171760: SDE raw 5.8222, A6 6.8715 (1s)\n"}
,{"stream_name":"stdout","time":605.434577236,"data":"[2026-10-01T17:28:05+00:00]   441734619: SDE raw 9.6754, A6 5.7765 (6s)\n"}
,{"stream_name":"stdout","time":627.243336253,"data":"[2026-10-01T17:28:27+00:00]   293526840: SDE raw 8.1155, A6 7.3420 (66s)\n"}
,{"stream_name":"stdout","time":647.401946814,"data":"[2026-10-01T17:28:47+00:00]   141660852: SDE raw 7.3933, A6 6.9401 (19s)\n"}
,{"stream_name":"stdout","time":649.87054205,"data":"[2026-10-01T17:28:49+00:00]   73714873: SDE raw 10.6040, A6 12.7770 (2s)\n"}
,{"stream_name":"stdout","time":650.755747893,"data":"[2026-10-01T17:28:50+00:00]   171757655: SDE raw 4.9025, A6 5.6568 (1s)\n"}
,{"stream_name":"stdout","time":651.833057333,"data":"[2026-10-01T17:28:51+00:00]   154181828: SDE raw 7.4820, A6 5.1462 (1s)\n"}
,{"stream_name":"stdout","time":657.252506459,"data":"[2026-10-01T17:28:57+00:00]   220557360: SDE raw 8.3593, A6 5.8944 (4s)\n"}
,{"stream_name":"stdout","time":658.553810712,"data":"[2026-10-01T17:28:58+00:00]   355688238: SDE raw 5.3055, A6 5.5690 (1s)\n"}
,{"stream_name":"stdout","time":663.33518194,"data":"[2026-10-01T17:29:03+00:00]   438406511: SDE raw 7.9736, A6 6.7160 (4s)\n"}
,{"stream_name":"stdout","time":664.240047371,"data":"[2026-10-01T17:29:04+00:00]   143024848: SDE raw 6.1906, A6 5.5613 (0s)\n"}
,{"stream_name":"stdout","time":668.610563725,"data":"[2026-10-01T17:29:08+00:00]   238060684: SDE raw 8.0771, A6 5.5857 (3s)\n"}
,{"stream_name":"stdout","time":671.223527638,"data":"[2026-10-01T17:29:10+00:00]   255926809: SDE raw 6.2496, A6 6.7494 (2s)\n"}
,{"stream_name":"stdout","time":683.941630958,"data":"[2026-10-01T17:29:23+00:00]   154716886: SDE raw 10.8821, A6 7.7314 (76s)\n"}
,{"stream_name":"stdout","time":685.333285935,"data":"[2026-10-01T17:29:25+00:00]   243151019: SDE raw 6.2884, A6 6.8023 (1s)\n"}
,{"stream_name":"stdout","time":687.577738784,"data":"[2026-10-01T17:29:27+00:00]   405266942: SDE raw 10.2258, A6 7.9066 (2s)\n"}
,{"stream_name":"stdout","time":717.69424244,"data":"[2026-10-01T17:29:57+00:00]   302350673: SDE raw 9.0913, A6 5.7835 (29s)\n"}
,{"stream_name":"stdout","time":719.918275302,"data":"[2026-10-01T17:29:59+00:00]   148404909: SDE raw 6.1634, A6 7.4569 (1s)\n"}
,{"stream_name":"stdout","time":755.380022672,"data":"[2026-10-01T17:30:35+00:00]   445927794: SDE raw 9.4469, A6 6.9566 (81s)\n"}
,{"stream_name":"stdout","time":756.44227038,"data":"[2026-10-01T17:30:36+00:00]   17677244: SDE raw 7.4724, A6 5.2182 (1s)\n"}
,{"stream_name":"stdout","time":786.75852683,"data":"[2026-10-01T17:31:06+00:00]   289380626: SDE raw 6.8573, A6 8.3363 (29s)\n"}
,{"stream_name":"stdout","time":803.276225296,"data":"[2026-10-01T17:31:23+00:00]   293458314: SDE raw 8.5889, A6 7.6049 (81s)\n"}
,{"stream_name":"stdout","time":822.213580303,"data":"[2026-10-01T17:31:41+00:00]   271726852: SDE raw 10.0684, A6 7.3512 (33s)\n"}
,{"stream_name":"stdout","time":833.355061078,"data":"[2026-10-01T17:31:53+00:00]   103450344: SDE raw 8.8623, A6 5.3538 (28s)\n"}
,{"stream_name":"stdout","time":834.24462521,"data":"[2026-10-01T17:31:54+00:00]   385444964: SDE raw 6.6383, A6 5.4800 (0s)\n"}
,{"stream_name":"stdout","time":835.433160377,"data":"[2026-10-01T17:31:55+00:00]   53990740: SDE raw 8.8514, A6 9.4025 (1s)\n"}
,{"stream_name":"stdout","time":837.895090486,"data":"[2026-10-01T17:31:57+00:00]   122616902: SDE raw 8.1443, A6 6.2092 (2s)\n"}
,{"stream_name":"stdout","time":840.430035413,"data":"[2026-10-01T17:32:00+00:00]   295047203: SDE raw 6.0142, A6 6.7441 (2s)\n"}
,{"stream_name":"stdout","time":842.810195822,"data":"[2026-10-01T17:32:02+00:00]   82120769: SDE raw 6.9860, A6 6.8767 (2s)\n"}
,{"stream_name":"stdout","time":845.129788614,"data":"[2026-10-01T17:32:04+00:00]   331573567: SDE raw 7.6736, A6 7.0212 (2s)\n"}
,{"stream_name":"stdout","time":846.17148985,"data":"[2026-10-01T17:32:05+00:00]   399921170: SDE raw 5.6705, A6 5.1030 (1s)\n"}
,{"stream_name":"stdout","time":867.605725771,"data":"[2026-10-01T17:32:27+00:00]   310981801: SDE raw 10.1059, A6 6.1774 (43s)\n"}
,{"stream_name":"stdout","time":883.065697737,"data":"[2026-10-01T17:32:42+00:00]   235561232: SDE raw 12.2280, A6 6.4014 (35s)\n"}
,{"stream_name":"stdout","time":885.510401342,"data":"[2026-10-01T17:32:45+00:00]   192834139: SDE raw 8.9687, A6 7.1997 (2s)\n"}
,{"stream_name":"stdout","time":913.659415504,"data":"[2026-10-01T17:33:13+00:00]   38518320: SDE raw 9.2813, A6 6.8438 (44s)\n"}
,{"stream_name":"stdout","time":927.175921964,"data":"[2026-10-01T17:33:26+00:00]   137831783: SDE raw 8.0005, A6 7.0565 (40s)\n"}
,{"stream_name":"stdout","time":932.278582076,"data":"[2026-10-01T17:33:32+00:00]   200322864: SDE raw 14.0898, A6 8.0065 (4s)\n"}
,{"stream_name":"stdout","time":937.492464467,"data":"[2026-10-01T17:33:37+00:00]   233934094: SDE raw 10.6760, A6 6.8722 (4s)\n"}
,{"stream_name":"stdout","time":951.742119637,"data":"[2026-10-01T17:33:51+00:00]   386908873: SDE raw 10.6451, A6 5.6609 (12s)\n"}
,{"stream_name":"stdout","time":954.596480926,"data":"[2026-10-01T17:33:54+00:00]   234509576: SDE raw 6.6384, A6 6.9023 (2s)\n"}
,{"stream_name":"stdout","time":955.935280913,"data":"[2026-10-01T17:33:55+00:00]   77108848: SDE raw 5.0882, A6 4.7723 (1s)\n"}
,{"stream_name":"stdout","time":957.492950607,"data":"[2026-10-01T17:33:57+00:00]   219943013: SDE raw 5.9359, A6 5.5816 (1s)\n"}
,{"stream_name":"stdout","time":958.499305376,"data":"[2026-10-01T17:33:58+00:00]   272614770: SDE raw 7.8295, A6 4.6897 (1s)\n"}
,{"stream_name":"stdout","time":963.27721696,"data":"[2026-10-01T17:34:03+00:00]   335682523: SDE raw 13.7283, A6 7.9787 (48s)\n"}
,{"stream_name":"stdout","time":965.920607093,"data":"[2026-10-01T17:34:05+00:00]   453121186: SDE raw 5.9841, A6 6.7187 (2s)\n"}
,{"stream_name":"stdout","time":991.467189038,"data":"[2026-10-01T17:34:31+00:00]   38396592: SDE raw 22.3309, A6 20.8161 (31s)\n"}
,{"stream_name":"stdout","time":1001.440316884,"data":"[2026-10-01T17:34:41+00:00]   161667485: SDE raw 11.8716, A6 7.3566 (34s)\n"}
,{"stream_name":"stdout","time":1011.087900127,"data":"[2026-10-01T17:34:50+00:00]   155233032: SDE raw 8.7091, A6 6.9504 (8s)\n"}
,{"stream_name":"stdout","time":1033.708912203,"data":"[2026-10-01T17:35:13+00:00]   311001487: SDE raw 10.5228, A6 12.4466 (40s)\n"}
,{"stream_name":"stdout","time":1035.974279613,"data":"[2026-10-01T17:35:15+00:00]   401912334: SDE raw 7.8462, A6 6.3595 (1s)\n"}
,{"stream_name":"stdout","time":1038.794373889,"data":"[2026-10-01T17:35:18+00:00]   148913053: SDE raw 8.2495, A6 5.8946 (2s)\n"}
,{"stream_name":"stdout","time":1040.375663769,"data":"[2026-10-01T17:35:20+00:00]   137799449: SDE raw 14.4369, A6 6.7449 (28s)\n"}
,{"stream_name":"stdout","time":1041.313595859,"data":"[2026-10-01T17:35:21+00:00]   8577279: SDE raw 6.0835, A6 7.3952 (2s)\n"}
,{"stream_name":"stdout","time":1042.431400916,"data":"[2026-10-01T17:35:22+00:00]   33949151: SDE raw 5.8550, A6 6.5614 (1s)\n"}
,{"stream_name":"stdout","time":1062.663995167,"data":"[2026-10-01T17:35:42+00:00]   147789223: SDE raw 10.0586, A6 8.5325 (19s)\n"}
,{"stream_name":"stdout","time":1102.428040383,"data":"[2026-10-01T17:36:22+00:00]   31528286: SDE raw 10.9947, A6 9.5375 (59s)\n"}
,{"stream_name":"stdout","time":1105.511305442,"data":"[2026-10-01T17:36:25+00:00]   137843764: SDE raw 14.3978, A6 12.8753 (41s)\n"}
,{"stream_name":"stdout","time":1107.075322953,"data":"[2026-10-01T17:36:26+00:00]   262720080: SDE raw 7.2620, A6 5.9275 (1s)\n"}
,{"stream_name":"stdout","time":1107.984519955,"data":"[2026-10-01T17:36:27+00:00]   158981324: SDE raw 5.1348, A6 5.6030 (1s)\n"}
,{"stream_name":"stdout","time":1110.60919301,"data":"[2026-10-01T17:36:30+00:00]   168789206: SDE raw 8.2494, A6 5.8406 (2s)\n"}
,{"stream_name":"stdout","time":1130.614241207,"data":"[2026-10-01T17:36:50+00:00]   198105559: SDE raw 12.0238, A6 11.1688 (27s)\n"}
,{"stream_name":"stdout","time":1132.866968809,"data":"[2026-10-01T17:36:52+00:00]   26078826: SDE raw 5.1777, A6 5.1282 (1s)\n"}
,{"stream_name":"stdout","time":1138.260509938,"data":"[2026-10-01T17:36:58+00:00]   230225787: SDE raw 5.9929, A6 5.9691 (4s)\n"}
,{"stream_name":"stdout","time":1144.630384481,"data":"[2026-10-01T17:37:04+00:00]   381238011: SDE raw 12.7165, A6 15.4424 (5s)\n"}
,{"stream_name":"stdout","time":1186.423711885,"data":"[2026-10-01T17:37:46+00:00]   441640642: SDE raw 16.1900, A6 13.1452 (40s)\n"}
,{"stream_name":"stdout","time":1187.194509384,"data":"[2026-10-01T17:37:46+00:00]   67582878: SDE raw 5.9988, A6 4.8684 (0s)\n"}
,{"stream_name":"stdout","time":1189.389883551,"data":"[2026-10-01T17:37:49+00:00]   21891703: SDE raw 9.0092, A6 7.7558 (1s)\n"}
,{"stream_name":"stdout","time":1215.573276666,"data":"[2026-10-01T17:38:15+00:00]   367755284: SDE raw 12.3798, A6 12.3139 (102s)\n"}
,{"stream_name":"stdout","time":1216.929706601,"data":"[2026-10-01T17:38:16+00:00]   193873496: SDE raw 5.9078, A6 7.0413 (1s)\n"}
,{"stream_name":"stdout","time":1218.318443482,"data":"[2026-10-01T17:38:18+00:00]   413020657: SDE raw 4.3318, A6 4.0864 (1s)\n"}
,{"stream_name":"stdout","time":1220.637070146,"data":"[2026-10-01T17:38:20+00:00]   100919976: SDE raw 7.6040, A6 6.3062 (2s)\n"}
,{"stream_name":"stdout","time":1251.215616559,"data":"[2026-10-01T17:38:50+00:00]   156508434: SDE raw 7.4693, A6 6.5826 (59s)\n"}
,{"stream_name":"stdout","time":1294.465218082,"data":"[2026-10-01T17:39:34+00:00]   468256571: SDE raw 15.9354, A6 12.2838 (41s)\n"}
,{"stream_name":"stdout","time":1295.428815449,"data":"[2026-10-01T17:39:35+00:00]   436865119: SDE raw 5.1841, A6 4.1103 (1s)\n"}
,{"stream_name":"stdout","time":1302.491234014,"data":"[2026-10-01T17:39:42+00:00]   236890698: SDE raw 10.1089, A6 7.9862 (79s)\n"}
,{"stream_name":"stdout","time":1346.075373778,"data":"[2026-10-01T17:40:25+00:00]   459217634: SDE raw 8.5538, A6 7.1788 (41s)\n"}
,{"stream_name":"stdout","time":1347.491301718,"data":"[2026-10-01T17:40:27+00:00]   382043066: SDE raw 10.2946, A6 9.7393 (49s)\n"}
,{"stream_name":"stdout","time":1355.718253571,"data":"[2026-10-01T17:40:35+00:00]   255783216: SDE raw 12.5214, A6 7.5247 (8s)\n"}
,{"stream_name":"stdout","time":1358.07509575,"data":"[2026-10-01T17:40:37+00:00]   229145627: SDE raw 5.8685, A6 4.7927 (2s)\n"}
,{"stream_name":"stdout","time":1359.099729692,"data":"[2026-10-01T17:40:38+00:00]   126237012: SDE raw 6.4280, A6 5.6491 (1s)\n"}
,{"stream_name":"stdout","time":1361.685396173,"data":"[2026-10-01T17:40:41+00:00]   175492787: SDE raw 7.6568, A6 6.0876 (2s)\n"}
,{"stream_name":"stdout","time":1438.212786049,"data":"[2026-10-01T17:41:57+00:00]   341630038: SDE raw 9.3607, A6 8.4059 (88s)\n"}
,{"stream_name":"stdout","time":1459.043251587,"data":"[2026-10-01T17:42:18+00:00]   381166314: SDE raw 10.5571, A6 11.8959 (95s)\n"}
,{"stream_name":"stdout","time":1460.397522016,"data":"[2026-10-01T17:42:20+00:00]   427581474: SDE raw 8.8341, A6 5.1440 (1s)\n"}
,{"stream_name":"stdout","time":1475.170598032,"data":"[2026-10-01T17:42:34+00:00]   283828652: SDE raw 8.4971, A6 7.9377 (35s)\n"}
,{"stream_name":"stdout","time":1476.266892919,"data":"[2026-10-01T17:42:36+00:00]   387539173: SDE raw 7.4924, A6 6.7096 (1s)\n"}
,{"stream_name":"stdout","time":1477.293212008,"data":"[2026-10-01T17:42:37+00:00]   95310318: SDE raw 8.4730, A6 5.4608 (1s)\n"}
,{"stream_name":"stdout","time":1478.708875365,"data":"[2026-10-01T17:42:38+00:00]   371590963: SDE raw 5.0541, A6 5.3597 (1s)\n"}
,{"stream_name":"stdout","time":1495.962842305,"data":"[2026-10-01T17:42:55+00:00]   470120772: SDE raw 8.4029, A6 7.1976 (33s)\n"}
,{"stream_name":"stdout","time":1500.438105916,"data":"[2026-10-01T17:43:00+00:00]   344024288: SDE raw 7.8948, A6 7.4297 (3s)\n"}
,{"stream_name":"stdout","time":1536.079792709,"data":"[2026-10-01T17:43:35+00:00]   155943582: SDE raw 9.1314, A6 6.5250 (34s)\n"}
,{"stream_name":"stdout","time":1538.403762174,"data":"[2026-10-01T17:43:38+00:00]   335682158: SDE raw 10.5369, A6 8.5356 (57s)\n"}
,{"stream_name":"stdout","time":1541.421681586,"data":"[2026-10-01T17:43:41+00:00]   197890795: SDE raw 7.7391, A6 6.0087 (4s)\n"}
,{"stream_name":"stdout","time":1543.904168393,"data":"[2026-10-01T17:43:43+00:00]   270453387: SDE raw 6.8191, A6 5.6239 (2s)\n"}
,{"stream_name":"stdout","time":1558.365951712,"data":"[2026-10-01T17:43:58+00:00]   198158542: SDE raw 15.9431, A6 12.7977 (12s)\n"}
,{"stream_name":"stdout","time":1567.88152846,"data":"[2026-10-01T17:44:07+00:00]   172830643: SDE raw 17.9934, A6 13.7498 (8s)\n"}
,{"stream_name":"stdout","time":1580.230213548,"data":"[2026-10-01T17:44:19+00:00]   158562911: SDE raw 10.7525, A6 6.9421 (40s)\n"}
,{"stream_name":"stdout","time":1581.290368254,"data":"[2026-10-01T17:44:21+00:00]   417915215: SDE raw 5.1885, A6 4.3780 (1s)\n"}
,{"stream_name":"stdout","time":1583.784923669,"data":"[2026-10-01T17:44:23+00:00]   8309423: SDE raw 5.2407, A6 6.3402 (2s)\n"}
,{"stream_name":"stdout","time":1598.320738653,"data":"[2026-10-01T17:44:38+00:00]   401325967: SDE raw 15.8199, A6 14.0006 (29s)\n"}
,{"stream_name":"stdout","time":1656.599461264,"data":"[2026-10-01T17:45:36+00:00]   21017001: SDE raw 10.7917, A6 8.8937 (71s)\n"}
,{"stream_name":"stdout","time":1659.451364397,"data":"[2026-10-01T17:45:39+00:00]   159215551: SDE raw 7.4941, A6 6.9223 (2s)\n"}
,{"stream_name":"stdout","time":1683.397799401,"data":"[2026-10-01T17:46:03+00:00]   339957910: SDE raw 19.6395, A6 18.8406 (82s)\n"}
,{"stream_name":"stdout","time":1710.639518205,"data":"[2026-10-01T17:46:30+00:00]   156462141: SDE raw 9.6927, A6 7.2380 (49s)\n"}
,{"stream_name":"stdout","time":1760.801624699,"data":"[2026-10-01T17:47:20+00:00]   470206204: SDE raw 8.7970, A6 8.3722 (48s)\n"}
,{"stream_name":"stdout","time":1763.700046228,"data":"[2026-10-01T17:47:23+00:00]   468178193: SDE raw 6.4685, A6 6.1890 (2s)\n"}
,{"stream_name":"stdout","time":1766.324054765,"data":"[2026-10-01T17:47:26+00:00]   161726193: SDE raw 11.2355, A6 10.8277 (2s)\n"}
,{"stream_name":"stdout","time":1780.510871107,"data":"[2026-10-01T17:47:40+00:00]   86103182: SDE raw 9.1545, A6 8.6295 (12s)\n"}
,{"stream_name":"stdout","time":1798.272088703,"data":"[2026-10-01T17:47:58+00:00]   441718525: SDE raw 12.3228, A6 13.1422 (110s)\n"}
,{"stream_name":"stdout","time":1886.696904703,"data":"[2026-10-01T17:49:26+00:00]   142746714: SDE raw 7.9202, A6 6.2497 (103s)\n"}
,{"stream_name":"stdout","time":1933.114937328,"data":"[2026-10-01T17:50:12+00:00]   272678605: SDE raw 12.3582, A6 15.3150 (131s)\n"}
,{"stream_name":"stdout","time":1953.732034218,"data":"[2026-10-01T17:50:33+00:00]   376849303: SDE raw 9.5014, A6 6.1523 (19s)\n"}
,{"stream_name":"stdout","time":1996.082397665,"data":"[2026-10-01T17:51:15+00:00]   38941401: SDE raw 22.9169, A6 20.4480 (105s)\n"}
,{"stream_name":"stdout","time":2023.678227796,"data":"[2026-10-01T17:51:43+00:00]   350861890: SDE raw 7.8985, A6 8.5552 (67s)\n"}
,{"stream_name":"stdout","time":2075.105490174,"data":"[2026-10-01T17:52:34+00:00]   161687266: SDE raw 7.7486, A6 7.3467 (49s)\n"}
,{"stream_name":"stdout","time":2091.421953696,"data":"[2026-10-01T17:52:51+00:00]   233722977: SDE raw 7.8430, A6 9.0239 (91s)\n"}
,{"stream_name":"stdout","time":2166.073823724,"data":"[2026-10-01T17:54:05+00:00]   233188157: SDE raw 13.8976, A6 11.4294 (71s)\n"}
,{"stream_name":"stdout","time":2185.174380946,"data":"[2026-10-01T17:54:24+00:00]   300034670: SDE raw 10.0455, A6 6.7099 (106s)\n"}
,{"stream_name":"stdout","time":2261.140409061,"data":"[2026-10-01T17:55:40+00:00]   233066763: SDE raw 9.1910, A6 6.4249 (90s)\n"}
,{"stream_name":"stdout","time":2303.860435337,"data":"[2026-10-01T17:56:23+00:00]   376867201: SDE raw 9.6937, A6 6.3039 (114s)\n"}
,{"stream_name":"stdout","time":2347.067778024,"data":"[2026-10-01T17:57:06+00:00]   349268719: SDE raw 9.0935, A6 7.1336 (82s)\n"}
,{"stream_name":"stdout","time":2415.71687748,"data":"[2026-10-01T17:58:15+00:00]   25153797: SDE raw 14.0945, A6 6.8455 (65s)\n"}
,{"stream_name":"stdout","time":2424.912178459,"data":"[2026-10-01T17:58:24+00:00]   313590845: SDE raw 10.8177, A6 7.9926 (117s)\n"}
,{"stream_name":"stdout","time":2528.872998322,"data":"[2026-10-01T18:00:08+00:00]   356919787: SDE raw 12.5421, A6 7.5472 (108s)\n"}
,{"stream_name":"stdout","time":2530.218324079,"data":"[2026-10-01T18:00:09+00:00]   341618557: SDE raw 5.5089, A6 4.9876 (1s)\n"}
,{"stream_name":"stdout","time":2580.611584672,"data":"[2026-10-01T18:01:00+00:00]   219866503: SDE raw 11.9374, A6 8.2763 (151s)\n"}
,{"stream_name":"stdout","time":2641.09020649,"data":"[2026-10-01T18:02:00+00:00]   260295715: SDE raw 8.8131, A6 7.3360 (106s)\n"}
,{"stream_name":"stdout","time":2686.059750492,"data":"[2026-10-01T18:02:45+00:00]   219462217: SDE raw 9.1760, A6 7.9823 (43s)\n"}
,{"stream_name":"stdout","time":2717.631614197,"data":"[2026-10-01T18:03:17+00:00]   198179036: SDE raw 9.1775, A6 6.9130 (132s)\n"}
,{"stream_name":"stdout","time":2799.077760643,"data":"[2026-10-01T18:04:38+00:00]   140897162: SDE raw 8.1368, A6 8.0067 (108s)\n"}
,{"stream_name":"stdout","time":2828.065667708,"data":"[2026-10-01T18:05:07+00:00]   309754803: SDE raw 12.9596, A6 8.3452 (105s)\n"}
,{"stream_name":"stdout","time":2908.550732865,"data":"[2026-10-01T18:06:28+00:00]   306735920: SDE raw 13.9643, A6 10.3457 (106s)\n"}
,{"stream_name":"stdout","time":2960.486135254,"data":"[2026-10-01T18:07:20+00:00]   376928547: SDE raw 11.6705, A6 9.0826 (127s)\n"}
,{"stream_name":"stdout","time":2961.981630955,"data":"[2026-10-01T18:07:21+00:00]   341078639: SDE raw 7.5948, A6 4.5453 (1s)\n"}
,{"stream_name":"stdout","time":3042.883251633,"data":"[2026-10-01T18:08:42+00:00]   289571095: SDE raw 14.1871, A6 9.3830 (129s)\n"}
,{"stream_name":"stdout","time":3052.075430237,"data":"[2026-10-01T18:08:51+00:00]   355380999: SDE raw 10.9017, A6 6.7052 (7s)\n"}
,{"stream_name":"stdout","time":3079.927313866,"data":"[2026-10-01T18:09:19+00:00]   459957047: SDE raw 9.7571, A6 6.9552 (114s)\n"}
,{"stream_name":"stdout","time":3081.053357792,"data":"[2026-10-01T18:09:20+00:00]   102050449: SDE raw 5.3044, A6 4.8798 (1s)\n"}
,{"stream_name":"stdout","time":3120.326536199,"data":"[2026-10-01T18:10:00+00:00]   219763884: SDE raw 7.8265, A6 7.1930 (37s)\n"}
,{"stream_name":"stdout","time":3169.376893368,"data":"[2026-10-01T18:10:49+00:00]   298647762: SDE raw 12.7698, A6 9.3313 (114s)\n"}
,{"stream_name":"stdout","time":3278.698462703,"data":"[2026-10-01T18:12:38+00:00]   160618515: SDE raw 12.4339, A6 7.4881 (153s)\n"}
,{"stream_name":"stdout","time":3282.746607054,"data":"[2026-10-01T18:12:42+00:00]   410488062: SDE raw 13.0206, A6 11.3470 (109s)\n"}
,{"stream_name":"stdout","time":3356.590709501,"data":"[2026-10-01T18:13:56+00:00]   167368416: SDE raw 14.7251, A6 8.3649 (74s)\n"}
,{"stream_name":"stdout","time":3399.675464789,"data":"[2026-10-01T18:14:39+00:00]   232679537: SDE raw 9.5421, A6 8.2885 (113s)\n"}
,{"stream_name":"stdout","time":3402.329782084,"data":"[2026-10-01T18:14:42+00:00]   142103354: SDE raw 6.6052, A6 4.4892 (2s)\n"}
,{"stream_name":"stdout","time":3414.446612359,"data":"[2026-10-01T18:14:54+00:00]   141713989: SDE raw 9.1472, A6 7.0864 (55s)\n"}
,{"stream_name":"stdout","time":3420.106676293,"data":"[2026-10-01T18:14:59+00:00]   232540846: SDE raw 7.6487, A6 8.4625 (4s)\n"}
,{"stream_name":"stdout","time":3472.649908745,"data":"[2026-10-01T18:15:52+00:00]   150361243: SDE raw 8.1783, A6 8.5073 (67s)\n"}
,{"stream_name":"stdout","time":3476.670826358,"data":"[2026-10-01T18:15:56+00:00]   333866432: SDE raw 9.0849, A6 10.3106 (54s)\n"}
,{"stream_name":"stdout","time":3549.742830038,"data":"[2026-10-01T18:17:09+00:00]   300707571: SDE raw 15.0350, A6 9.4178 (73s)\n"}
,{"stream_name":"stdout","time":3597.646691131,"data":"[2026-10-01T18:17:57+00:00]   33717119: SDE raw 10.1007, A6 9.8808 (117s)\n"}
,{"stream_name":"stdout","time":3628.146216664,"data":"[2026-10-01T18:18:27+00:00]   103750651: SDE raw 7.9333, A6 7.0531 (29s)\n"}
,{"stream_name":"stdout","time":3660.273928626,"data":"[2026-10-01T18:19:00+00:00]   271796731: SDE raw 8.7347, A6 8.0902 (106s)\n"}
,{"stream_name":"stdout","time":3716.325352415,"data":"[2026-10-01T18:19:56+00:00]   207438800: SDE raw 9.3024, A6 10.9626 (85s)\n"}
,{"stream_name":"stdout","time":3754.031273318,"data":"[2026-10-01T18:20:33+00:00]   229779553: SDE raw 8.1747, A6 9.9197 (89s)\n"}
,{"stream_name":"stdout","time":3803.173004734,"data":"[2026-10-01T18:21:22+00:00]   300160400: SDE raw 7.5592, A6 7.1283 (83s)\n"}
,{"stream_name":"stdout","time":3847.836204386,"data":"[2026-10-01T18:22:07+00:00]   258512225: SDE raw 7.8950, A6 6.9374 (90s)\n"}
,{"stream_name":"stdout","time":3850.284890163,"data":"[2026-10-01T18:22:10+00:00]   462119483: SDE raw 12.5778, A6 11.0375 (2s)\n"}
,{"stream_name":"stdout","time":3867.886871107,"data":"[2026-10-01T18:22:27+00:00]   282927162: SDE raw 7.4700, A6 8.3711 (62s)\n"}
,{"stream_name":"stdout","time":3964.785117416,"data":"[2026-10-01T18:24:04+00:00]   272671671: SDE raw 11.0016, A6 6.7684 (93s)\n"}
,{"stream_name":"stdout","time":3983.390690761,"data":"[2026-10-01T18:24:23+00:00]   366514544: SDE raw 11.8752, A6 9.1257 (128s)\n"}
,{"stream_name":"stdout","time":4077.633585944,"data":"[2026-10-01T18:25:57+00:00]   55647857: SDE raw 9.2963, A6 8.2616 (108s)\n"}
,{"stream_name":"stdout","time":4098.423457507,"data":"[2026-10-01T18:26:18+00:00]   298266641: SDE raw 12.9823, A6 9.3602 (111s)\n"}
,{"stream_name":"stdout","time":4120.842597122,"data":"[2026-10-01T18:26:40+00:00]   154090243: SDE raw 10.2949, A6 14.8541 (41s)\n"}
,{"stream_name":"stdout","time":4172.622749132,"data":"[2026-10-01T18:27:32+00:00]   207437063: SDE raw 9.9301, A6 8.7569 (50s)\n"}
,{"stream_name":"stdout","time":4252.125120577,"data":"[2026-10-01T18:28:51+00:00]   259127869: SDE raw 8.4374, A6 6.5830 (149s)\n"}
,{"stream_name":"stdout","time":4265.104796038,"data":"[2026-10-01T18:29:04+00:00]   415018000: SDE raw 9.2908, A6 7.7921 (90s)\n"}
,{"stream_name":"stdout","time":4282.92990029,"data":"[2026-10-01T18:29:22+00:00]   137503827: SDE raw 7.5455, A6 10.1279 (29s)\n"}
,{"stream_name":"stdout","time":4288.972700671,"data":"[2026-10-01T18:29:28+00:00]   367603868: SDE raw 6.1226, A6 6.0803 (4s)\n"}
,{"stream_name":"stdout","time":4351.639257908,"data":"[2026-10-01T18:30:31+00:00]   141333591: SDE raw 9.3622, A6 8.5224 (59s)\n"}
,{"stream_name":"stdout","time":4355.890315396,"data":"[2026-10-01T18:30:35+00:00]   154926789: SDE raw 12.1529, A6 9.9070 (88s)\n"}
,{"stream_name":"stdout","time":4365.661743591,"data":"[2026-10-01T18:30:45+00:00]   389924116: SDE raw 6.4771, A6 6.6814 (8s)\n"}
,{"stream_name":"stdout","time":4440.733693503,"data":"[2026-10-01T18:32:00+00:00]   278780818: SDE raw 10.8751, A6 11.1498 (85s)\n"}
,{"stream_name":"stdout","time":4480.412672685,"data":"[2026-10-01T18:32:40+00:00]   270623243: SDE raw 10.1726, A6 6.6798 (111s)\n"}
,{"stream_name":"stdout","time":4522.062512633,"data":"[2026-10-01T18:33:21+00:00]   55272665: SDE raw 8.1546, A6 8.2603 (78s)\n"}
,{"stream_name":"stdout","time":4524.323087929,"data":"[2026-10-01T18:33:24+00:00]   468353682: SDE raw 10.3994, A6 6.9141 (42s)\n"}
,{"stream_name":"stdout","time":4528.963779756,"data":"[2026-10-01T18:33:28+00:00]   382066228: SDE raw 7.3373, A6 9.5210 (4s)\n"}
,{"stream_name":"stdout","time":4557.208069096,"data":"[2026-10-01T18:33:56+00:00]   257088768: SDE raw 8.8865, A6 7.9907 (33s)\n"}
,{"stream_name":"stdout","time":4580.563615081,"data":"[2026-10-01T18:34:20+00:00]   416815016: SDE raw 9.7503, A6 6.9384 (22s)\n"}
,{"stream_name":"stdout","time":4619.659686234,"data":"[2026-10-01T18:34:59+00:00]   158169985: SDE raw 12.4888, A6 8.1077 (88s)\n"}
,{"stream_name":"stdout","time":4674.237386544,"data":"[2026-10-01T18:35:54+00:00]   311236278: SDE raw 10.6195, A6 9.0534 (89s)\n"}
,{"stream_name":"stdout","time":4745.19591705,"data":"[2026-10-01T18:37:04+00:00]   261090729: SDE raw 8.7837, A6 8.7792 (122s)\n"}
,{"stream_name":"stdout","time":4789.638828699,"data":"[2026-10-01T18:37:49+00:00]   375062455: SDE raw 9.4996, A6 8.2996 (112s)\n"}
,{"stream_name":"stdout","time":4852.176586358,"data":"[2026-10-01T18:38:51+00:00]   350559969: SDE raw 14.0267, A6 13.5643 (102s)\n"}
,{"stream_name":"stdout","time":4885.547817177,"data":"[2026-10-01T18:39:25+00:00]   219751049: SDE raw 9.6949, A6 7.4257 (91s)\n"}
,{"stream_name":"stdout","time":4887.753430501,"data":"[2026-10-01T18:39:27+00:00]   132702068: SDE raw 9.7228, A6 8.6188 (1s)\n"}
,{"stream_name":"stdout","time":4966.902781034,"data":"[2026-10-01T18:40:46+00:00]   233743348: SDE raw 12.4002, A6 7.8029 (110s)\n"}
,{"stream_name":"stdout","time":4980.293664335,"data":"[2026-10-01T18:41:00+00:00]   272703144: SDE raw 12.4305, A6 8.5871 (89s)\n"}
,{"stream_name":"stdout","time":4985.408198124,"data":"[2026-10-01T18:41:05+00:00]   302211575: SDE raw 6.8589, A6 5.8421 (4s)\n"}
,{"stream_name":"stdout","time":4986.54308132,"data":"[2026-10-01T18:41:06+00:00]   247463344: SDE raw 6.0696, A6 7.3840 (1s)\n"}
,{"stream_name":"stdout","time":4989.052160505,"data":"[2026-10-01T18:41:08+00:00]   305852772: SDE raw 7.9243, A6 5.6911 (2s)\n"}
,{"stream_name":"stdout","time":5079.988728245,"data":"[2026-10-01T18:42:39+00:00]   31533454: SDE raw 8.9754, A6 6.8265 (108s)\n"}
,{"stream_name":"stdout","time":5086.411145893,"data":"[2026-10-01T18:42:46+00:00]   377303812: SDE raw 16.4491, A6 17.3236 (94s)\n"}
,{"stream_name":"stdout","time":5091.718384067,"data":"[2026-10-01T18:42:51+00:00]   287979081: SDE raw 10.1464, A6 6.9924 (4s)\n"}
,{"stream_name":"stdout","time":5177.998861391,"data":"[2026-10-01T18:44:17+00:00]   229770891: SDE raw 8.8311, A6 7.0910 (93s)\n"}
,{"stream_name":"stdout","time":5178.21563123,"data":"[2026-10-01T18:44:17+00:00]   236900797: SDE raw 11.5491, A6 7.4956 (83s)\n"}
,{"stream_name":"stdout","time":5207.249041556,"data":"[2026-10-01T18:44:47+00:00]   198147416: SDE raw 8.7487, A6 7.3002 (27s)\n"}
,{"stream_name":"stdout","time":5237.163464407,"data":"[2026-10-01T18:45:16+00:00]   428798205: SDE raw 8.1780, A6 8.7349 (28s)\n"}
,{"stream_name":"stdout","time":5271.23176511,"data":"[2026-10-01T18:45:50+00:00]   198211871: SDE raw 10.6601, A6 9.1505 (89s)\n"}
,{"stream_name":"stdout","time":5352.836544525,"data":"[2026-10-01T18:47:12+00:00]   233094762: SDE raw 8.7692, A6 6.0911 (111s)\n"}
,{"stream_name":"stdout","time":5364.133691138,"data":"[2026-10-01T18:47:23+00:00]   38907328: SDE raw 10.8811, A6 6.8405 (89s)\n"}
,{"stream_name":"stdout","time":5457.861545864,"data":"[2026-10-01T18:48:57+00:00]   141910606: SDE raw 9.9343, A6 8.4778 (89s)\n"}
,{"stream_name":"stdout","time":5465.752163551,"data":"[2026-10-01T18:49:05+00:00]   219894728: SDE raw 10.4077, A6 7.2449 (108s)\n"}
,{"stream_name":"stdout","time":5559.923869631,"data":"[2026-10-01T18:50:39+00:00]   229581416: SDE raw 12.1565, A6 8.2610 (90s)\n"}
,{"stream_name":"stdout","time":5593.97141645,"data":"[2026-10-01T18:51:13+00:00]   311235273: SDE raw 12.5732, A6 6.5840 (131s)\n"}
,{"stream_name":"stdout","time":5688.004598045,"data":"[2026-10-01T18:52:47+00:00]   353779445: SDE raw 13.1409, A6 12.2178 (90s)\n"}
,{"stream_name":"stdout","time":5697.072468741,"data":"[2026-10-01T18:52:56+00:00]   31384768: SDE raw 9.4732, A6 7.9185 (132s)\n"}
,{"stream_name":"stdout","time":5808.147900723,"data":"[2026-10-01T18:54:47+00:00]   219856241: SDE raw 9.5229, A6 7.5991 (115s)\n"}
,{"stream_name":"stdout","time":5809.668463267,"data":"[2026-10-01T18:54:49+00:00]   198187274: SDE raw 9.1800, A6 7.3400 (108s)\n"}
,{"stream_name":"stdout","time":5943.786061861,"data":"[2026-10-01T18:57:03+00:00]   33831818: SDE raw 10.6905, A6 8.4606 (131s)\n"}
,{"stream_name":"stdout","time":5955.689114527,"data":"[2026-10-01T18:57:15+00:00]   421334054: SDE raw 11.5622, A6 10.9102 (141s)\n"}
,{"stream_name":"stdout","time":6048.812855433,"data":"[2026-10-01T18:58:48+00:00]   260046314: SDE raw 9.4072, A6 8.9609 (88s)\n"}
,{"stream_name":"stdout","time":6072.803643654,"data":"[2026-10-01T18:59:12+00:00]   376870006: SDE raw 9.7857, A6 10.3568 (124s)\n"}
,{"stream_name":"stdout","time":6143.72687075,"data":"[2026-10-01T19:00:23+00:00]   356735146: SDE raw 13.5130, A6 10.1619 (90s)\n"}
,{"stream_name":"stdout","time":6189.886126612,"data":"[2026-10-01T19:01:09+00:00]   160494047: SDE raw 8.9039, A6 8.3573 (112s)\n"}
,{"stream_name":"stdout","time":6211.818470204,"data":"[2026-10-01T19:01:31+00:00]   219376911: SDE raw 10.6119, A6 8.7749 (65s)\n"}
,{"stream_name":"stdout","time":6265.117144724,"data":"[2026-10-01T19:02:24+00:00]   231802287: SDE raw 10.8285, A6 7.0227 (49s)\n"}
,{"stream_name":"stdout","time":6339.080433915,"data":"[2026-10-01T19:03:38+00:00]   160424250: SDE raw 9.5953, A6 7.4300 (144s)\n"}
,{"stream_name":"stdout","time":6428.646696073,"data":"[2026-10-01T19:05:08+00:00]   160491879: SDE raw 10.2705, A6 7.3921 (158s)\n"}
,{"stream_name":"stdout","time":6435.022414716,"data":"[2026-10-01T19:05:14+00:00]   356111025: SDE raw 9.7393, A6 6.0910 (91s)\n"}
,{"stream_name":"stdout","time":6521.556434836,"data":"[2026-10-01T19:06:41+00:00]   376871934: SDE raw 10.4004, A6 7.0042 (88s)\n"}
,{"stream_name":"stdout","time":6529.618427366,"data":"[2026-10-01T19:06:49+00:00]   267542963: SDE raw 10.3206, A6 7.2391 (90s)\n"}
,{"stream_name":"stdout","time":6615.158679448,"data":"[2026-10-01T19:08:14+00:00]   230378747: SDE raw 11.9800, A6 7.4907 (89s)\n"}
,{"stream_name":"stdout","time":6622.78917262,"data":"[2026-10-01T19:08:22+00:00]   233534164: SDE raw 13.1336, A6 10.7168 (89s)\n"}
,{"stream_name":"stdout","time":6718.391057996,"data":"[2026-10-01T19:09:58+00:00]   198162429: SDE raw 9.0406, A6 7.1105 (90s)\n"}
,{"stream_name":"stdout","time":6728.997023353,"data":"[2026-10-01T19:10:08+00:00]   167814411: SDE raw 9.3898, A6 7.9723 (109s)\n"}
,{"stream_name":"stdout","time":6811.905461239,"data":"[2026-10-01T19:11:31+00:00]   29759557: SDE raw 9.9291, A6 6.9180 (89s)\n"}
,{"stream_name":"stdout","time":6846.913465593,"data":"[2026-10-01T19:12:06+00:00]   233732174: SDE raw 8.1355, A6 9.8935 (113s)\n"}
,{"stream_name":"stdout","time":6909.460251515,"data":"[2026-10-01T19:13:09+00:00]   376847347: SDE raw 9.2842, A6 7.6742 (93s)\n"}
,{"stream_name":"stdout","time":6978.440164981,"data":"[2026-10-01T19:14:18+00:00]   230065783: SDE raw 8.4451, A6 7.3438 (127s)\n"}
,{"stream_name":"stdout","time":7006.540734581,"data":"[2026-10-01T19:14:46+00:00]   288510228: SDE raw 13.5388, A6 7.9818 (92s)\n"}
,{"stream_name":"stdout","time":7049.732593832,"data":"[2026-10-01T19:15:29+00:00]   232611743: SDE raw 15.1371, A6 12.7309 (40s)\n"}
,{"stream_name":"stdout","time":7089.152312796,"data":"[2026-10-01T19:16:08+00:00]   149902411: SDE raw 21.3622, A6 11.3484 (106s)\n"}
,{"stream_name":"stdout","time":7129.737742357,"data":"[2026-10-01T19:16:49+00:00]   207434579: SDE raw 9.4586, A6 8.6151 (77s)\n"}
,{"stream_name":"stdout","time":7180.202584077,"data":"[2026-10-01T19:17:39+00:00]   350335823: SDE raw 11.7300, A6 6.3242 (87s)\n"}
,{"stream_name":"stdout","time":7227.132837142,"data":"[2026-10-01T19:18:26+00:00]   219750936: SDE raw 9.0314, A6 7.8753 (93s)\n"}
,{"stream_name":"stdout","time":7320.277824165,"data":"[2026-10-01T19:20:00+00:00]   260297253: SDE raw 10.8441, A6 8.3584 (89s)\n"}
,{"stream_name":"stdout","time":7329.160342958,"data":"[2026-10-01T19:20:08+00:00]   233745092: SDE raw 15.1165, A6 7.7607 (145s)\n"}
,{"stream_name":"stdout","time":7408.11995918,"data":"[2026-10-01T19:21:27+00:00]   272680841: SDE raw 9.8760, A6 6.7845 (75s)\n"}
,{"stream_name":"stdout","time":7436.75516166,"data":"[2026-10-01T19:21:56+00:00]   198388094: SDE raw 9.8976, A6 8.7736 (112s)\n"}
,{"stream_name":"stdout","time":7499.895666188,"data":"[2026-10-01T19:22:59+00:00]   382268851: SDE raw 11.0313, A6 7.8104 (87s)\n"}
,{"stream_name":"stdout","time":7548.270683869,"data":"[2026-10-01T19:23:48+00:00]   142107219: SDE raw 10.7213, A6 6.3731 (107s)\n"}
,{"stream_name":"stdout","time":7583.767588415,"data":"[2026-10-01T19:24:23+00:00]   150431816: SDE raw 11.1011, A6 7.8747 (81s)\n"}
,{"stream_name":"stdout","time":7642.399384709,"data":"[2026-10-01T19:25:22+00:00]   229500187: SDE raw 8.7374, A6 8.4486 (90s)\n"}
,{"stream_name":"stdout","time":7695.147344529,"data":"[2026-10-01T19:26:14+00:00]   356701213: SDE raw 12.6168, A6 8.2022 (106s)\n"}
,{"stream_name":"stdout","time":7736.326510895,"data":"[2026-10-01T19:26:56+00:00]   230374835: SDE raw 8.5301, A6 6.7598 (89s)\n"}
,{"stream_name":"stdout","time":7792.035093683,"data":"[2026-10-01T19:27:51+00:00]   198387576: SDE raw 11.4195, A6 8.0634 (92s)\n"}
,{"stream_name":"stdout","time":7837.642520026,"data":"[2026-10-01T19:28:37+00:00]   233692218: SDE raw 14.3137, A6 10.0161 (97s)\n"}
,{"stream_name":"stdout","time":7905.71654015,"data":"[2026-10-01T19:29:45+00:00]   402442750: SDE raw 9.3996, A6 7.2743 (109s)\n"}
,{"stream_name":"stdout","time":7934.350492474,"data":"[2026-10-01T19:30:14+00:00]   233065340: SDE raw 9.5016, A6 7.0928 (92s)\n"}
,{"stream_name":"stdout","time":8023.997911015,"data":"[2026-10-01T19:31:43+00:00]   219758120: SDE raw 11.3676, A6 10.6364 (113s)\n"}
,{"stream_name":"stdout","time":8027.259854642,"data":"[2026-10-01T19:31:47+00:00]   382198673: SDE raw 13.6175, A6 6.0263 (89s)\n"}
,{"stream_name":"stdout","time":8117.319700562,"data":"[2026-10-01T19:33:17+00:00]   142109665: SDE raw 8.2278, A6 6.7974 (89s)\n"}
,{"stream_name":"stdout","time":8143.690115379,"data":"[2026-10-01T19:33:43+00:00]   311234972: SDE raw 11.7797, A6 7.8213 (111s)\n"}
,{"stream_name":"stdout","time":8207.759694386,"data":"[2026-10-01T19:34:47+00:00]   38908923: SDE raw 11.0196, A6 9.6903 (86s)\n"}
,{"stream_name":"stdout","time":8302.193126997,"data":"[2026-10-01T19:36:21+00:00]   350657595: SDE raw 11.3439, A6 8.9412 (153s)\n"}
,{"stream_name":"stdout","time":8316.311165693,"data":"[2026-10-01T19:36:36+00:00]   348894229: SDE raw 27.2718, A6 31.6782 (104s)\n"}
,{"stream_name":"stdout","time":8396.07326168,"data":"[2026-10-01T19:37:55+00:00]   237098012: SDE raw 11.6727, A6 7.7067 (89s)\n"}
,{"stream_name":"stdout","time":8409.452852436,"data":"[2026-10-01T19:38:09+00:00]   353782854: SDE raw 8.8355, A6 7.8177 (89s)\n"}
,{"stream_name":"stdout","time":8505.511578122,"data":"[2026-10-01T19:39:45+00:00]   441716895: SDE raw 10.6298, A6 11.5310 (91s)\n"}
,{"stream_name":"stdout","time":8539.215029159,"data":"[2026-10-01T19:40:18+00:00]   33735178: SDE raw 10.0089, A6 7.3017 (139s)\n"}
,{"stream_name":"stdout","time":8605.800521635,"data":"[2026-10-01T19:41:25+00:00]   198414922: SDE raw 8.5242, A6 7.5248 (63s)\n"}
,{"stream_name":"stdout","time":8646.862223407,"data":"[2026-10-01T19:42:06+00:00]   32034867: SDE raw 10.2095, A6 8.3089 (137s)\n"}
,{"stream_name":"stdout","time":8685.894011863,"data":"[2026-10-01T19:42:45+00:00]   391925105: SDE raw 13.8596, A6 14.5456 (77s)\n"}
,{"stream_name":"stdout","time":8686.842168053,"data":"[2026-10-01T19:42:46+00:00]   300652548: SDE raw 6.4356, A6 6.0978 (0s)\n"}
,{"stream_name":"stdout","time":8739.689173148,"data":"[2026-10-01T19:43:39+00:00]   29759800: SDE raw 7.8766, A6 8.4189 (88s)\n"}
,{"stream_name":"stdout","time":8801.033825608,"data":"[2026-10-01T19:44:40+00:00]   230379106: SDE raw 8.0305, A6 8.2934 (109s)\n"}
,{"stream_name":"stdout","time":8836.724806639,"data":"[2026-10-01T19:45:16+00:00]   288603254: SDE raw 8.8510, A6 8.2163 (92s)\n"}
,{"stream_name":"stdout","time":8858.638796596,"data":"[2026-10-01T19:45:38+00:00]   38459395: SDE raw 6.8145, A6 8.6117 (55s)\n"}
,{"stream_name":"stdout","time":8931.695149651,"data":"[2026-10-01T19:46:51+00:00]   198459133: SDE raw 11.6079, A6 9.0011 (90s)\n"}
,{"stream_name":"stdout","time":8951.957145116,"data":"[2026-10-01T19:47:11+00:00]   300866979: SDE raw 15.6602, A6 12.1003 (89s)\n"}
,{"stream_name":"stdout","time":9024.295251378,"data":"[2026-10-01T19:48:24+00:00]   258828521: SDE raw 12.8138, A6 9.8417 (88s)\n"}
,{"stream_name":"stdout","time":9036.623519881,"data":"[2026-10-01T19:48:36+00:00]   38711614: SDE raw 8.7794, A6 7.0114 (81s)\n"}
,{"stream_name":"stdout","time":9156.053512149,"data":"[2026-10-01T19:50:35+00:00]   233525703: SDE raw 7.9687, A6 6.8530 (115s)\n"}
,{"stream_name":"stdout","time":9158.162333639,"data":"[2026-10-01T19:50:37+00:00]   356194749: SDE raw 10.3707, A6 7.3680 (130s)\n"}
,{"stream_name":"stdout","time":9179.392958324,"data":"[2026-10-01T19:50:59+00:00]   282049722: SDE raw 8.9309, A6 7.5472 (20s)\n"}
,{"stream_name":"stdout","time":9272.406588174,"data":"[2026-10-01T19:52:32+00:00]   237234109: SDE raw 8.6908, A6 9.3595 (111s)\n"}
,{"stream_name":"stdout","time":9276.013321927,"data":"[2026-10-01T19:52:35+00:00]   237098343: SDE raw 8.7013, A6 6.4595 (92s)\n"}
,{"stream_name":"stdout","time":9369.8838595,"data":"[2026-10-01T19:54:09+00:00]   269660812: SDE raw 11.9404, A6 7.0894 (89s)\n"}
,{"stream_name":"stdout","time":9369.934321955,"data":"[2026-10-01T19:54:09+00:00]   198354567: SDE raw 13.3340, A6 8.8091 (93s)\n"}
,{"stream_name":"stdout","time":9482.176382331,"data":"[2026-10-01T19:56:01+00:00]   150440176: SDE raw 13.4876, A6 11.1959 (108s)\n"}
,{"stream_name":"stdout","time":9488.153205186,"data":"[2026-10-01T19:56:07+00:00]   229612173: SDE raw 9.6644, A6 7.0880 (114s)\n"}
,{"stream_name":"stdout","time":9553.4603418,"data":"[2026-10-01T19:57:13+00:00]   259128582: SDE raw 30.6285, A6 35.4319 (68s)\n"}
,{"stream_name":"stdout","time":9611.518243633,"data":"[2026-10-01T19:58:11+00:00]   38679565: SDE raw 10.7261, A6 7.5139 (118s)\n"}
,{"stream_name":"stdout","time":9647.96606439,"data":"[2026-10-01T19:58:47+00:00]   220414564: SDE raw 10.3819, A6 8.4417 (90s)\n"}
,{"stream_name":"stdout","time":9745.139156626,"data":"[2026-10-01T20:00:24+00:00]   424730909: SDE raw 11.9718, A6 6.4474 (93s)\n"}
,{"stream_name":"stdout","time":9746.123168787,"data":"[2026-10-01T20:00:25+00:00]   229748103: SDE raw 8.0236, A6 7.2568 (130s)\n"}
,{"stream_name":"stdout","time":9838.716212359,"data":"[2026-10-01T20:01:58+00:00]   260416560: SDE raw 9.3372, A6 9.2367 (88s)\n"}
,{"stream_name":"stdout","time":9839.735821462,"data":"[2026-10-01T20:01:59+00:00]   38941452: SDE raw 4.4245, A6 4.9120 (1s)\n"}
,{"stream_name":"stdout","time":9882.219873387,"data":"[2026-10-01T20:02:41+00:00]   229789901: SDE raw 8.5646, A6 7.5854 (132s)\n"}
,{"stream_name":"stdout","time":9952.545009311,"data":"[2026-10-01T20:03:52+00:00]   280069218: SDE raw 17.2798, A6 10.6012 (108s)\n"}
,{"stream_name":"stdout","time":9974.415826354,"data":"[2026-10-01T20:04:14+00:00]   350334181: SDE raw 7.7809, A6 6.9527 (88s)\n"}
,{"stream_name":"stdout","time":10044.759615669,"data":"[2026-10-01T20:05:24+00:00]   300869410: SDE raw 8.8652, A6 7.6082 (88s)\n"}
,{"stream_name":"stdout","time":10084.772503452,"data":"[2026-10-01T20:06:04+00:00]   177254154: SDE raw 9.7432, A6 8.7037 (106s)\n"}
,{"stream_name":"stdout","time":10158.966407867,"data":"[2026-10-01T20:07:18+00:00]   230076273: SDE raw 8.9751, A6 8.6301 (110s)\n"}
,{"stream_name":"stdout","time":10180.402880901,"data":"[2026-10-01T20:07:40+00:00]   258772290: SDE raw 9.2935, A6 7.6598 (91s)\n"}
,{"stream_name":"stdout","time":10300.101368334,"data":"[2026-10-01T20:09:39+00:00]   229711942: SDE raw 9.8146, A6 9.7441 (115s)\n"}
,{"stream_name":"stderr","time":10303.609091523,"data":"/usr/local/lib/python3.12/dist-packages/mistune.py:435: SyntaxWarning: invalid escape sequence '\\|'\n"}
,{"stream_name":"stderr","time":10303.609142158,"data":"  cells[i][c] = re.sub('\\\\\\\\\\|', '|', cell)\n"}
,{"stream_name":"stderr","time":10303.913476428,"data":"/usr/local/lib/python3.12/dist-packages/nbconvert/filters/filter_links.py:36: SyntaxWarning: invalid escape sequence '\\_'\n"}
,{"stream_name":"stderr","time":10303.913516314,"data":"  text = re.sub(r'_', '\\_', text) # Escape underscores in display text\n"}
,{"stream_name":"stderr","time":10304.681465094,"data":"[NbConvertApp] Converting notebook __script__.ipynb to html\n"}
,{"stream_name":"stderr","time":10306.016314476,"data":"[NbConvertApp] Writing 277892 bytes to __results__.html\n"}
]