[{"stream_name":"stdout","time":13.658928753,"data":"     ━━━━━━━━━━━━━━━━━━━━━━━━━━━━━━━━━━━━━━━━ 62.1/62.1 kB 1.6 MB/s eta 0:00:00\n"}
,{"stream_name":"stdout","time":15.454043211,"data":"     ━━━━━━━━━━━━━━━━━━━━━━━━━━━━━━━━━━━━━━━━ 80.3/80.3 kB 1.8 MB/s eta 0:00:00\n"}
,{"stream_name":"stdout","time":17.569466671,"data":"     ━━━━━━━━━━━━━━━━━━━━━━━━━━━━━━━━━━━━━━━━ 41.2/41.2 kB 1.6 MB/s eta 0:00:00\n"}
,{"stream_name":"stdout","time":22.676410462,"data":"   ━━━━━━━━━━━━━━━━━━━━━━━━━━━━━━━━━━━━━━━━ 10.5/10.5 MB 78.0 MB/s eta 0:00:00\n"}
,{"stream_name":"stdout","time":22.801489749,"data":"   ━━━━━━━━━━━━━━━━━━━━━━━━━━━━━━━━━━━━━━━━ 11.1/11.1 MB 99.4 MB/s eta 0:00:00\n"}
,{"stream_name":"stdout","time":22.840512198,"data":"   ━━━━━━━━━━━━━━━━━━━━━━━━━━━━━━━━━━━━━━━━ 243.5/243.5 kB 11.7 MB/s eta 0:00:00\n"}
,{"stream_name":"stdout","time":22.883527469,"data":"   ━━━━━━━━━━━━━━━━━━━━━━━━━━━━━━━━━━━━━━━━ 261.1/261.1 kB 12.0 MB/s eta 0:00:00\n"}
,{"stream_name":"stdout","time":23.008925841,"data":"   ━━━━━━━━━━━━━━━━━━━━━━━━━━━━━━━━━━━━━━━━ 9.9/9.9 MB 92.6 MB/s eta 0:00:00\n"}
,{"stream_name":"stdout","time":23.047739273,"data":"   ━━━━━━━━━━━━━━━━━━━━━━━━━━━━━━━━━━━━━━━━ 155.6/155.6 kB 7.0 MB/s eta 0:00:00\n"}
,{"stream_name":"stdout","time":23.158897975,"data":"   ━━━━━━━━━━━━━━━━━━━━━━━━━━━━━━━━━━━━━━━━ 9.2/9.2 MB 98.2 MB/s eta 0:00:00\n"}
,{"stream_name":"stdout","time":23.495323268,"data":"   ━━━━━━━━━━━━━━━━━━━━━━━━━━━━━━━━━━━━━━━━ 35.2/35.2 MB 51.8 MB/s eta 0:00:00\n"}
,{"stream_name":"stdout","time":23.529948886,"data":"   ━━━━━━━━━━━━━━━━━━━━━━━━━━━━━━━━━━━━━━━━ 47.5/47.5 kB 2.3 MB/s eta 0:00:00\n"}
,{"stream_name":"stdout","time":23.626168461,"data":"   ━━━━━━━━━━━━━━━━━━━━━━━━━━━━━━━━━━━━━━━━ 2.0/2.0 MB 50.5 MB/s eta 0:00:00\n"}
,{"stream_name":"stdout","time":23.738336841,"data":"   ━━━━━━━━━━━━━━━━━━━━━━━━━━━━━━━━━━━━━━━━ 1.2/1.2 MB 12.4 MB/s eta 0:00:00\n"}
,{"stream_name":"stdout","time":23.810150853,"data":"   ━━━━━━━━━━━━━━━━━━━━━━━━━━━━━━━━━━━━━━━━ 60.1/60.1 kB 2.5 MB/s eta 0:00:00\n"}
,{"stream_name":"stdout","time":23.876437031000002,"data":"   ━━━━━━━━━━━━━━━━━━━━━━━━━━━━━━━━━━━━━━━━ 102.0/102.0 kB 4.7 MB/s eta 0:00:00\n"}
,{"stream_name":"stdout","time":23.926362152,"data":"   ━━━━━━━━━━━━━━━━━━━━━━━━━━━━━━━━━━━━━━━━ 1.8/1.8 MB 55.9 MB/s eta 0:00:00\n"}
,{"stream_name":"stdout","time":23.966828185,"data":"   ━━━━━━━━━━━━━━━━━━━━━━━━━━━━━━━━━━━━━━━━ 221.7/221.7 kB 9.3 MB/s eta 0:00:00\n"}
,{"stream_name":"stdout","time":24.17521432,"data":"   ━━━━━━━━━━━━━━━━━━━━━━━━━━━━━━━━━━━━━━━━ 15.7/15.7 MB 78.3 MB/s eta 0:00:00\n"}
,{"stream_name":"stderr","time":76.997151388,"data":"ERROR: pip's dependency resolver does not currently take into account all the packages that are installed. This behaviour is the source of the following dependency conflicts.\n"}
,{"stream_name":"stderr","time":76.997228708,"data":"bigframes 2.39.0 requires google-cloud-bigquery-storage\u003c3.0.0,\u003e=2.30.0, which is not installed.\n"}
,{"stream_name":"stderr","time":76.997236573,"data":"datasets 5.0.0 requires fsspec[http]\u003c=2026.4.0,\u003e=2023.1.0, but you have fsspec 2026.9.0 which is incompatible.\n"}
,{"stream_name":"stderr","time":76.99724266,"data":"ydata-profiling 4.18.4 requires matplotlib\u003c=3.10,\u003e=3.5, but you have matplotlib 3.11.2 which is incompatible.\n"}
,{"stream_name":"stderr","time":76.997248481,"data":"ydata-profiling 4.18.4 requires scipy\u003c1.17,\u003e=1.8, but you have scipy 1.17.1 which is incompatible.\n"}
,{"stream_name":"stderr","time":76.997254328,"data":"gcsfs 2025.3.0 requires fsspec==2025.3.0, but you have fsspec 2026.9.0 which is incompatible.\n"}
,{"stream_name":"stderr","time":76.997290643,"data":"sklearn-compat 0.1.5 requires scikit-learn\u003c1.9,\u003e=1.2, but you have scikit-learn 1.9.1 which is incompatible.\n"}
,{"stream_name":"stdout","time":79.147611428,"data":"[2026-09-30T10:20:56+00:00] stage 1: MAST LC bulk scripts\n"}
,{"stream_name":"stdout","time":99.23708144,"data":"[2026-09-30T10:21:16+00:00] stage 1 done: 1722153 products, 20s\n"}
,{"stream_name":"stdout","time":186.336516447,"data":"[2026-09-30T10:22:43+00:00] stage 2 done: 340505 TCE rows, 69s\n"}
,{"stream_name":"stdout","time":217.644376468,"data":"[2026-09-30T10:23:14+00:00] stage 3 done: 5338 TOIs included\n"}
,{"stream_name":"stdout","time":219.204757498,"data":"[2026-09-30T10:23:16+00:00] pool stratum 2-3: 160394 eligible candidates\n"}
,{"stream_name":"stdout","time":221.838513829,"data":"[2026-09-30T10:23:18+00:00]   TIC 5/6 batches (2s)\n"}
,{"stream_name":"stdout","time":221.838553569,"data":"[2026-09-30T10:23:18+00:00]   TIC 6/6 batches (2s)\n"}
,{"stream_name":"stdout","time":224.601202896,"data":"In preparation for Gaia DR4, the Gaia archive is in evolution. Unfortunately, it may be unstable at times and particular types of queries may time out. Please consider registering for a user account (https://www.cosmos.esa.int/web/gaia-users/register). For questions or advice, please contact the Gaia helpdesk (https://www.cosmos.esa.int/web/gaia/gaia-helpdesk).\n"}
,{"stream_name":"stdout","time":229.749378939,"data":"[2026-09-30T10:23:26+00:00]   Gaia 3/3 batches (5s)\n"}
,{"stream_name":"stdout","time":229.996005432,"data":"[2026-09-30T10:23:27+00:00]   stratum 2-3: accepted 750/750 after 3000 examined\n"}
,{"stream_name":"stdout","time":230.051864645,"data":"[2026-09-30T10:23:27+00:00] pool stratum 4-6: 52340 eligible candidates\n"}
,{"stream_name":"stdout","time":231.244294328,"data":"[2026-09-30T10:23:28+00:00]   TIC 5/6 batches (1s)\n"}
,{"stream_name":"stdout","time":231.244831894,"data":"[2026-09-30T10:23:28+00:00]   TIC 6/6 batches (1s)\n"}
,{"stream_name":"stdout","time":236.207965453,"data":"[2026-09-30T10:23:33+00:00]   Gaia 3/3 batches (5s)\n"}
,{"stream_name":"stdout","time":236.495157585,"data":"[2026-09-30T10:23:33+00:00]   stratum 4-6: accepted 750/750 after 3000 examined\n"}
,{"stream_name":"stdout","time":236.544186107,"data":"[2026-09-30T10:23:33+00:00] pool stratum 7-12: 20049 eligible candidates\n"}
,{"stream_name":"stdout","time":238.220616939,"data":"[2026-09-30T10:23:35+00:00]   TIC 5/6 batches (2s)\n"}
,{"stream_name":"stdout","time":238.290498968,"data":"[2026-09-30T10:23:35+00:00]   TIC 6/6 batches (2s)\n"}
,{"stream_name":"stdout","time":244.144417298,"data":"[2026-09-30T10:23:41+00:00]   Gaia 3/3 batches (6s)\n"}
,{"stream_name":"stdout","time":244.392078104,"data":"[2026-09-30T10:23:41+00:00]   stratum 7-12: accepted 750/750 after 3000 examined\n"}
,{"stream_name":"stdout","time":244.439299022,"data":"[2026-09-30T10:23:41+00:00] pool stratum 13-10000: 8438 eligible candidates\n"}
,{"stream_name":"stdout","time":245.899979522,"data":"[2026-09-30T10:23:43+00:00]   TIC 5/6 batches (1s)\n"}
,{"stream_name":"stdout","time":245.900021448,"data":"[2026-09-30T10:23:43+00:00]   TIC 6/6 batches (1s)\n"}
,{"stream_name":"stdout","time":250.587931502,"data":"[2026-09-30T10:23:47+00:00]   Gaia 3/3 batches (5s)\n"}
,{"stream_name":"stdout","time":250.803579441,"data":"[2026-09-30T10:23:47+00:00]   stratum 13-10000: accepted 750/750 after 3000 examined\n"}
,{"stream_name":"stdout","time":250.865851902,"data":"[2026-09-30T10:23:47+00:00] stage 4 done: pool accepted 3000\n"}
,{"stream_name":"stdout","time":253.612398135,"data":"[2026-09-30T10:23:50+00:00]   TIC 5/17 batches (2s)\n"}
,{"stream_name":"stdout","time":254.700779978,"data":"[2026-09-30T10:23:51+00:00]   TIC 10/17 batches (3s)\n"}
,{"stream_name":"stdout","time":254.952539393,"data":"[2026-09-30T10:23:52+00:00]   TIC 15/17 batches (3s)\n"}
,{"stream_name":"stdout","time":255.064950375,"data":"[2026-09-30T10:23:52+00:00]   TIC 17/17 batches (3s)\n"}
,{"stream_name":"stdout","time":262.685228439,"data":"[2026-09-30T10:23:59+00:00]   Gaia 5/9 batches (8s)\n"}
,{"stream_name":"stdout","time":267.758607169,"data":"[2026-09-30T10:24:04+00:00]   Gaia 9/9 batches (13s)\n"}
,{"stream_name":"stdout","time":268.714238369,"data":"{\n"}
,{"stream_name":"stdout","time":268.714339483,"data":" \"snapshot_rows\": 8148,\n"}
,{"stream_name":"stdout","time":268.714350251,"data":" \"included\": 5338,\n"}
,{"stream_name":"stdout","time":268.714356406,"data":" \"by_reason\": {\n"}
,{"stream_name":"stdout","time":268.714362357,"data":"  \"X01\": 2230,\n"}
,{"stream_name":"stdout","time":268.714368098,"data":"  \"X02\": 580\n"}
,{"stream_name":"stdout","time":268.714374083,"data":" },\n"}
,{"stream_name":"stdout","time":268.71437808,"data":" \"truth_tier\": {\n"}
,{"stream_name":"stdout","time":268.714381843,"data":"  \"C\": 3334,\n"}
,{"stream_name":"stdout","time":268.714385566,"data":"  \"A\": 1146,\n"}
,{"stream_name":"stdout","time":268.714389149,"data":"  \"none\": 747,\n"}
,{"stream_name":"stdout","time":268.714392846,"data":"  \"B\": 110,\n"}
,{"stream_name":"stdout","time":268.714396526,"data":"  \"B-amb\": 1\n"}
,{"stream_name":"stdout","time":268.714400212,"data":" },\n"}
,{"stream_name":"stdout","time":268.714404008,"data":" \"b2_pending_H3\": 1204\n"}
,{"stream_name":"stdout","time":268.714407706,"data":"} {\n"}
,{"stream_name":"stdout","time":268.714411711,"data":" \"P01_candidates\": 297560,\n"}
,{"stream_name":"stdout","time":268.714415574,"data":" \"P02_removed\": 6938,\n"}
,{"stream_name":"stdout","time":268.71441922,"data":" \"P03_removed\": 49247,\n"}
,{"stream_name":"stdout","time":268.714422901,"data":" \"P04_removed\": 154,\n"}
,{"stream_name":"stdout","time":268.714426771,"data":" \"stratum_2_3_eligible_candidates\": 160394,\n"}
,{"stream_name":"stdout","time":268.714430606,"data":" \"stratum_2_3_accepted\": 750,\n"}
,{"stream_name":"stdout","time":268.714434308,"data":" \"stratum_4_6_eligible_candidates\": 52340,\n"}
,{"stream_name":"stdout","time":268.714438283,"data":" \"stratum_4_6_accepted\": 750,\n"}
,{"stream_name":"stdout","time":268.714457973,"data":" \"stratum_7_12_eligible_candidates\": 20049,\n"}
,{"stream_name":"stdout","time":268.714461626,"data":" \"stratum_7_12_accepted\": 750,\n"}
,{"stream_name":"stdout","time":268.714464735,"data":" \"stratum_13_10000_eligible_candidates\": 8438,\n"}
,{"stream_name":"stdout","time":268.714467847,"data":" \"stratum_13_10000_accepted\": 750\n"}
,{"stream_name":"stdout","time":268.714470935,"data":"} 189.5\n"}
,{"stream_name":"stderr","time":271.848492667,"data":"/usr/local/lib/python3.12/dist-packages/mistune.py:435: SyntaxWarning: invalid escape sequence '\\|'\n"}
,{"stream_name":"stderr","time":271.84852673,"data":"  cells[i][c] = re.sub('\\\\\\\\\\|', '|', cell)\n"}
,{"stream_name":"stderr","time":272.13895847,"data":"/usr/local/lib/python3.12/dist-packages/nbconvert/filters/filter_links.py:36: SyntaxWarning: invalid escape sequence '\\_'\n"}
,{"stream_name":"stderr","time":272.13898759,"data":"  text = re.sub(r'_', '\\_', text) # Escape underscores in display text\n"}
,{"stream_name":"stderr","time":272.946056976,"data":"[NbConvertApp] Converting notebook __script__.ipynb to html\n"}
,{"stream_name":"stderr","time":274.488009957,"data":"[NbConvertApp] Writing 275788 bytes to __results__.html\n"}
]