[{"stream_name":"stdout","time":11.8016062,"data":"     ━━━━━━━━━━━━━━━━━━━━━━━━━━━━━━━━━━━━━━━━ 62.1/62.1 kB 2.7 MB/s eta 0:00:00\n"}
,{"stream_name":"stdout","time":13.011514526,"data":"     ━━━━━━━━━━━━━━━━━━━━━━━━━━━━━━━━━━━━━━━━ 80.3/80.3 kB 3.8 MB/s eta 0:00:00\n"}
,{"stream_name":"stdout","time":14.754601718,"data":"     ━━━━━━━━━━━━━━━━━━━━━━━━━━━━━━━━━━━━━━━━ 41.2/41.2 kB 2.0 MB/s eta 0:00:00\n"}
,{"stream_name":"stdout","time":18.54273693,"data":"   ━━━━━━━━━━━━━━━━━━━━━━━━━━━━━━━━━━━━━━━━ 10.5/10.5 MB 95.7 MB/s eta 0:00:00\n"}
,{"stream_name":"stdout","time":18.660713625,"data":"   ━━━━━━━━━━━━━━━━━━━━━━━━━━━━━━━━━━━━━━━━ 11.1/11.1 MB 96.6 MB/s eta 0:00:00\n"}
,{"stream_name":"stdout","time":18.693727425,"data":"   ━━━━━━━━━━━━━━━━━━━━━━━━━━━━━━━━━━━━━━━━ 243.5/243.5 kB 9.7 MB/s eta 0:00:00\n"}
,{"stream_name":"stdout","time":18.720844779,"data":"   ━━━━━━━━━━━━━━━━━━━━━━━━━━━━━━━━━━━━━━━━ 377.5/377.5 kB 19.4 MB/s eta 0:00:00\n"}
,{"stream_name":"stdout","time":18.74493198,"data":"   ━━━━━━━━━━━━━━━━━━━━━━━━━━━━━━━━━━━━━━━━ 261.1/261.1 kB 14.5 MB/s eta 0:00:00\n"}
,{"stream_name":"stdout","time":18.843140786,"data":"   ━━━━━━━━━━━━━━━━━━━━━━━━━━━━━━━━━━━━━━━━ 9.9/9.9 MB 107.1 MB/s eta 0:00:00\n"}
,{"stream_name":"stdout","time":18.866436578,"data":"   ━━━━━━━━━━━━━━━━━━━━━━━━━━━━━━━━━━━━━━━━ 155.6/155.6 kB 8.5 MB/s eta 0:00:00\n"}
,{"stream_name":"stdout","time":18.959329999,"data":"   ━━━━━━━━━━━━━━━━━━━━━━━━━━━━━━━━━━━━━━━━ 9.2/9.2 MB 105.9 MB/s eta 0:00:00\n"}
,{"stream_name":"stdout","time":19.245798276,"data":"   ━━━━━━━━━━━━━━━━━━━━━━━━━━━━━━━━━━━━━━━━ 35.2/35.2 MB 59.5 MB/s eta 0:00:00\n"}
,{"stream_name":"stdout","time":19.265196575,"data":"   ━━━━━━━━━━━━━━━━━━━━━━━━━━━━━━━━━━━━━━━━ 47.5/47.5 kB 3.0 MB/s eta 0:00:00\n"}
,{"stream_name":"stdout","time":19.33351925,"data":"   ━━━━━━━━━━━━━━━━━━━━━━━━━━━━━━━━━━━━━━━━ 2.0/2.0 MB 57.7 MB/s eta 0:00:00\n"}
,{"stream_name":"stdout","time":19.366680064,"data":"   ━━━━━━━━━━━━━━━━━━━━━━━━━━━━━━━━━━━━━━━━ 1.2/1.2 MB 46.6 MB/s eta 0:00:00\n"}
,{"stream_name":"stdout","time":19.410033729,"data":"   ━━━━━━━━━━━━━━━━━━━━━━━━━━━━━━━━━━━━━━━━ 60.1/60.1 kB 3.0 MB/s eta 0:00:00\n"}
,{"stream_name":"stdout","time":19.453693269,"data":"   ━━━━━━━━━━━━━━━━━━━━━━━━━━━━━━━━━━━━━━━━ 102.6/102.6 kB 6.0 MB/s eta 0:00:00\n"}
,{"stream_name":"stdout","time":19.488874142,"data":"   ━━━━━━━━━━━━━━━━━━━━━━━━━━━━━━━━━━━━━━━━ 1.8/1.8 MB 63.2 MB/s eta 0:00:00\n"}
,{"stream_name":"stdout","time":19.51766219,"data":"   ━━━━━━━━━━━━━━━━━━━━━━━━━━━━━━━━━━━━━━━━ 221.7/221.7 kB 11.0 MB/s eta 0:00:00\n"}
,{"stream_name":"stdout","time":19.687422171,"data":"   ━━━━━━━━━━━━━━━━━━━━━━━━━━━━━━━━━━━━━━━━ 16.0/16.0 MB 88.6 MB/s eta 0:00:00\n"}
,{"stream_name":"stderr","time":61.618785256,"data":"ERROR: pip's dependency resolver does not currently take into account all the packages that are installed. This behaviour is the source of the following dependency conflicts.\n"}
,{"stream_name":"stderr","time":61.618832923,"data":"bigframes 2.39.0 requires google-cloud-bigquery-storage\u003c3.0.0,\u003e=2.30.0, which is not installed.\n"}
,{"stream_name":"stderr","time":61.618839265,"data":"datasets 5.0.0 requires fsspec[http]\u003c=2026.4.0,\u003e=2023.1.0, but you have fsspec 2026.9.0 which is incompatible.\n"}
,{"stream_name":"stderr","time":61.61884466,"data":"ydata-profiling 4.18.4 requires matplotlib\u003c=3.10,\u003e=3.5, but you have matplotlib 3.11.2 which is incompatible.\n"}
,{"stream_name":"stderr","time":61.61884973,"data":"ydata-profiling 4.18.4 requires scipy\u003c1.17,\u003e=1.8, but you have scipy 1.17.1 which is incompatible.\n"}
,{"stream_name":"stderr","time":61.618854939,"data":"gcsfs 2025.3.0 requires fsspec==2025.3.0, but you have fsspec 2026.9.0 which is incompatible.\n"}
,{"stream_name":"stderr","time":61.618860184,"data":"sklearn-compat 0.1.5 requires scikit-learn\u003c1.9,\u003e=1.2, but you have scikit-learn 1.9.1 which is incompatible.\n"}
,{"stream_name":"stdout","time":116.859539141,"data":"[2026-10-01T10:49:32+00:00] gpu_1of14: 194 stars, cache /kaggle/input/datasets/srijeetbanerjee/exog-lc-cache-v1/cache\n"}
,{"stream_name":"stdout","time":118.508244421,"data":"[2026-10-01T10:49:34+00:00] gpu_2of14: 190 stars, cache /kaggle/input/datasets/srijeetbanerjee/exog-lc-cache-v1/cache\n"}
,{"stream_name":"stdout","time":136.423729542,"data":"[2026-10-01T10:49:52+00:00]   466222276: SDE raw 5.3646, A6 4.0103 (2s)\n"}
,{"stream_name":"stdout","time":137.320452605,"data":"[2026-10-01T10:49:53+00:00]   389404289: SDE raw 6.0522, A6 5.6904 (1s)\n"}
,{"stream_name":"stdout","time":141.956174585,"data":"[2026-10-01T10:49:57+00:00]   352412242: SDE raw 7.9402, A6 5.5113 (3s)\n"}
,{"stream_name":"stdout","time":144.359616512,"data":"[2026-10-01T10:50:00+00:00]   160040284: SDE raw 7.0365, A6 5.2754 (2s)\n"}
,{"stream_name":"stdout","time":146.69481883,"data":"[2026-10-01T10:50:02+00:00]   178723542: SDE raw 7.5661, A6 6.3524 (2s)\n"}
,{"stream_name":"stdout","time":148.033332403,"data":"[2026-10-01T10:50:03+00:00]   290553990: SDE raw 5.0506, A6 4.8588 (1s)\n"}
,{"stream_name":"stdout","time":150.219486603,"data":"[2026-10-01T10:50:05+00:00]   387353607: SDE raw 6.3982, A6 5.3545 (1s)\n"}
,{"stream_name":"stdout","time":151.212814386,"data":"[2026-10-01T10:50:06+00:00]   1114381: SDE raw 6.3206, A6 9.4041 (1s)\n"}
,{"stream_name":"stdout","time":152.363885788,"data":"[2026-10-01T10:50:08+00:00]   278707867: SDE raw 6.2232, A6 5.2112 (1s)\n"}
,{"stream_name":"stdout","time":155.140191073,"data":"[2026-10-01T10:50:10+00:00]   459763930: SDE raw 6.0623, A6 6.0887 (2s)\n"}
,{"stream_name":"stdout","time":184.140646938,"data":"[2026-10-01T10:50:39+00:00]   331655939: SDE raw 11.0038, A6 16.3065 (28s)\n"}
,{"stream_name":"stdout","time":208.535644851,"data":"[2026-10-01T10:51:04+00:00]   411841844: SDE raw 7.8363, A6 6.6653 (72s)\n"}
,{"stream_name":"stdout","time":209.881120896,"data":"[2026-10-01T10:51:05+00:00]   248648883: SDE raw 8.5806, A6 5.1351 (1s)\n"}
,{"stream_name":"stdout","time":212.60092633,"data":"[2026-10-01T10:51:08+00:00]   407826504: SDE raw 7.5099, A6 7.7903 (2s)\n"}
,{"stream_name":"stdout","time":213.597292742,"data":"[2026-10-01T10:51:09+00:00]   232969715: SDE raw 7.6384, A6 6.9485 (28s)\n"}
,{"stream_name":"stdout","time":214.362838728,"data":"[2026-10-01T10:51:10+00:00]   3806602: SDE raw 5.2418, A6 5.7237 (0s)\n"}
,{"stream_name":"stdout","time":215.39495127,"data":"[2026-10-01T10:51:11+00:00]   172600760: SDE raw 7.7315, A6 6.7631 (1s)\n"}
,{"stream_name":"stdout","time":216.553929583,"data":"[2026-10-01T10:51:12+00:00]   248989799: SDE raw 5.2038, A6 5.5310 (1s)\n"}
,{"stream_name":"stdout","time":217.819160421,"data":"[2026-10-01T10:51:13+00:00]   85161978: SDE raw 9.0374, A6 9.8578 (1s)\n"}
,{"stream_name":"stdout","time":220.170021976,"data":"[2026-10-01T10:51:15+00:00]   393584709: SDE raw 7.7349, A6 6.6906 (2s)\n"}
,{"stream_name":"stdout","time":222.510280219,"data":"[2026-10-01T10:51:18+00:00]   190884526: SDE raw 6.4466, A6 5.5512 (2s)\n"}
,{"stream_name":"stdout","time":225.171497732,"data":"[2026-10-01T10:51:20+00:00]   154485962: SDE raw 7.9527, A6 7.0860 (2s)\n"}
,{"stream_name":"stdout","time":225.908681602,"data":"[2026-10-01T10:51:21+00:00]   160191980: SDE raw 7.6788, A6 6.1188 (0s)\n"}
,{"stream_name":"stdout","time":228.100692727,"data":"[2026-10-01T10:51:23+00:00]   303365807: SDE raw 6.1600, A6 6.2620 (1s)\n"}
,{"stream_name":"stdout","time":229.317577982,"data":"[2026-10-01T10:51:25+00:00]   332698240: SDE raw 4.7127, A6 5.0916 (1s)\n"}
,{"stream_name":"stdout","time":231.920539079,"data":"[2026-10-01T10:51:27+00:00]   356335577: SDE raw 5.6996, A6 5.9853 (2s)\n"}
,{"stream_name":"stdout","time":234.336174958,"data":"[2026-10-01T10:51:30+00:00]   39463754: SDE raw 7.0430, A6 6.9585 (2s)\n"}
,{"stream_name":"stdout","time":242.876851493,"data":"[2026-10-01T10:51:38+00:00]   102720812: SDE raw 10.0435, A6 7.8765 (29s)\n"}
,{"stream_name":"stdout","time":244.328470881,"data":"[2026-10-01T10:51:40+00:00]   23604751: SDE raw 6.8693, A6 5.4966 (1s)\n"}
,{"stream_name":"stdout","time":246.704764681,"data":"[2026-10-01T10:51:42+00:00]   77897707: SDE raw 9.6420, A6 7.9871 (2s)\n"}
,{"stream_name":"stdout","time":248.093727478,"data":"[2026-10-01T10:51:43+00:00]   229066007: SDE raw 9.7469, A6 6.5515 (1s)\n"}
,{"stream_name":"stdout","time":251.024520248,"data":"[2026-10-01T10:51:46+00:00]   237930201: SDE raw 11.4393, A6 6.5282 (15s)\n"}
,{"stream_name":"stdout","time":277.650202989,"data":"[2026-10-01T10:52:13+00:00]   142380551: SDE raw 12.1206, A6 11.5345 (28s)\n"}
,{"stream_name":"stdout","time":300.87352354,"data":"[2026-10-01T10:52:36+00:00]   68071947: SDE raw 11.4564, A6 6.9011 (22s)\n"}
,{"stream_name":"stdout","time":303.300037849,"data":"[2026-10-01T10:52:39+00:00]   193722138: SDE raw 8.7559, A6 7.3884 (2s)\n"}
,{"stream_name":"stdout","time":304.211048584,"data":"[2026-10-01T10:52:39+00:00]   144197024: SDE raw 4.8402, A6 5.7832 (0s)\n"}
,{"stream_name":"stdout","time":326.270083542,"data":"[2026-10-01T10:53:01+00:00]   231095496: SDE raw 8.6906, A6 8.1036 (21s)\n"}
,{"stream_name":"stdout","time":328.7249836,"data":"[2026-10-01T10:53:04+00:00]   312185288: SDE raw 8.7220, A6 4.8832 (2s)\n"}
,{"stream_name":"stdout","time":329.615412079,"data":"[2026-10-01T10:53:05+00:00]   134471363: SDE raw 8.1259, A6 9.8958 (0s)\n"}
,{"stream_name":"stdout","time":330.248809659,"data":"[2026-10-01T10:53:05+00:00]   280831086: SDE raw 7.3303, A6 8.3487 (77s)\n"}
,{"stream_name":"stdout","time":331.654578776,"data":"[2026-10-01T10:53:07+00:00]   18907552: SDE raw 6.3293, A6 4.1295 (1s)\n"}
,{"stream_name":"stdout","time":336.603361283,"data":"[2026-10-01T10:53:12+00:00]   330658824: SDE raw 7.9104, A6 6.3092 (4s)\n"}
,{"stream_name":"stdout","time":337.466346734,"data":"[2026-10-01T10:53:13+00:00]   57609213: SDE raw 5.7031, A6 4.1983 (0s)\n"}
,{"stream_name":"stdout","time":338.596362066,"data":"[2026-10-01T10:53:14+00:00]   9068226: SDE raw 5.7616, A6 4.9708 (1s)\n"}
,{"stream_name":"stdout","time":341.192094269,"data":"[2026-10-01T10:53:16+00:00]   28079908: SDE raw 9.1956, A6 8.4550 (2s)\n"}
,{"stream_name":"stdout","time":342.485404737,"data":"[2026-10-01T10:53:18+00:00]   13960421: SDE raw 5.2142, A6 5.4423 (1s)\n"}
,{"stream_name":"stdout","time":343.420069604,"data":"[2026-10-01T10:53:19+00:00]   377187995: SDE raw 4.9851, A6 4.6103 (1s)\n"}
,{"stream_name":"stdout","time":344.273281017,"data":"[2026-10-01T10:53:19+00:00]   135365577: SDE raw 6.3022, A6 5.1737 (0s)\n"}
,{"stream_name":"stdout","time":346.886889014,"data":"[2026-10-01T10:53:22+00:00]   201795020: SDE raw 9.8190, A6 6.0454 (2s)\n"}
,{"stream_name":"stdout","time":349.321149809,"data":"[2026-10-01T10:53:25+00:00]   67831314: SDE raw 6.6597, A6 6.2409 (2s)\n"}
,{"stream_name":"stdout","time":350.392965734,"data":"[2026-10-01T10:53:26+00:00]   157554510: SDE raw 5.1469, A6 5.7608 (1s)\n"}
,{"stream_name":"stdout","time":352.810755697,"data":"[2026-10-01T10:53:28+00:00]   277832347: SDE raw 6.0114, A6 6.2368 (2s)\n"}
,{"stream_name":"stdout","time":354.919968379,"data":"[2026-10-01T10:53:30+00:00]   393911159: SDE raw 7.1583, A6 7.1411 (2s)\n"}
,{"stream_name":"stdout","time":361.763310252,"data":"[2026-10-01T10:53:37+00:00]   462519478: SDE raw 10.1269, A6 6.0809 (6s)\n"}
,{"stream_name":"stdout","time":362.758426543,"data":"[2026-10-01T10:53:38+00:00]   439898601: SDE raw 7.6199, A6 4.5646 (1s)\n"}
,{"stream_name":"stdout","time":374.050238859,"data":"[2026-10-01T10:53:49+00:00]   185244437: SDE raw 16.1156, A6 13.2023 (43s)\n"}
,{"stream_name":"stdout","time":376.246371535,"data":"[2026-10-01T10:53:51+00:00]   25904529: SDE raw 10.0231, A6 4.3836 (1s)\n"}
,{"stream_name":"stdout","time":378.650430261,"data":"[2026-10-01T10:53:54+00:00]   152371833: SDE raw 6.7122, A6 6.9223 (2s)\n"}
,{"stream_name":"stdout","time":380.932996803,"data":"[2026-10-01T10:53:56+00:00]   101724919: SDE raw 7.2242, A6 6.3079 (1s)\n"}
,{"stream_name":"stdout","time":383.216097479,"data":"[2026-10-01T10:53:58+00:00]   365188734: SDE raw 7.1516, A6 5.8783 (2s)\n"}
,{"stream_name":"stdout","time":388.400242903,"data":"[2026-10-01T10:54:04+00:00]   197831644: SDE raw 8.0483, A6 6.1890 (4s)\n"}
,{"stream_name":"stdout","time":389.259104652,"data":"[2026-10-01T10:54:04+00:00]   437256180: SDE raw 6.1319, A6 4.8244 (0s)\n"}
,{"stream_name":"stdout","time":390.24455385,"data":"[2026-10-01T10:54:05+00:00]   420001714: SDE raw 5.0597, A6 5.7116 (1s)\n"}
,{"stream_name":"stdout","time":392.641012301,"data":"[2026-10-01T10:54:08+00:00]   408817799: SDE raw 6.3873, A6 5.7985 (2s)\n"}
,{"stream_name":"stdout","time":396.873410401,"data":"[2026-10-01T10:54:12+00:00]   82609429: SDE raw 10.2103, A6 8.9972 (3s)\n"}
,{"stream_name":"stdout","time":399.286903325,"data":"[2026-10-01T10:54:14+00:00]   175397298: SDE raw 6.3513, A6 7.4606 (2s)\n"}
,{"stream_name":"stdout","time":400.616843346,"data":"[2026-10-01T10:54:16+00:00]   459966401: SDE raw 6.1570, A6 4.3821 (1s)\n"}
,{"stream_name":"stdout","time":403.214645984,"data":"[2026-10-01T10:54:18+00:00]   61107882: SDE raw 6.9413, A6 5.6745 (2s)\n"}
,{"stream_name":"stdout","time":404.121133031,"data":"[2026-10-01T10:54:19+00:00]   83133371: SDE raw 6.2039, A6 5.1697 (1s)\n"}
,{"stream_name":"stdout","time":405.206129882,"data":"[2026-10-01T10:54:20+00:00]   47510709: SDE raw 6.5782, A6 5.2249 (1s)\n"}
,{"stream_name":"stdout","time":406.867386641,"data":"[2026-10-01T10:54:22+00:00]   68257776: SDE raw 6.7969, A6 4.0797 (1s)\n"}
,{"stream_name":"stdout","time":409.233950616,"data":"[2026-10-01T10:54:24+00:00]   359848512: SDE raw 7.5069, A6 7.2224 (2s)\n"}
,{"stream_name":"stdout","time":413.852792653,"data":"[2026-10-01T10:54:29+00:00]   22747615: SDE raw 7.2266, A6 7.6147 (3s)\n"}
,{"stream_name":"stdout","time":424.457512573,"data":"[2026-10-01T10:54:40+00:00]   357795661: SDE raw 6.4077, A6 7.7842 (60s)\n"}
,{"stream_name":"stdout","time":427.254796949,"data":"[2026-10-01T10:54:42+00:00]   373657895: SDE raw 8.1123, A6 5.8463 (2s)\n"}
,{"stream_name":"stdout","time":428.514688284,"data":"[2026-10-01T10:54:44+00:00]   307762301: SDE raw 6.7495, A6 4.8987 (1s)\n"}
,{"stream_name":"stdout","time":429.827905625,"data":"[2026-10-01T10:54:45+00:00]   357474184: SDE raw 6.2331, A6 5.5047 (1s)\n"}
,{"stream_name":"stdout","time":478.898509514,"data":"[2026-10-01T10:55:34+00:00]   318234926: SDE raw 9.8967, A6 8.8112 (63s)\n"}
,{"stream_name":"stdout","time":480.263081316,"data":"[2026-10-01T10:55:35+00:00]   332208819: SDE raw 5.5346, A6 5.7835 (1s)\n"}
,{"stream_name":"stdout","time":482.894951312,"data":"[2026-10-01T10:55:38+00:00]   139124299: SDE raw 5.0338, A6 4.9107 (2s)\n"}
,{"stream_name":"stdout","time":483.820305246,"data":"[2026-10-01T10:55:39+00:00]   56997941: SDE raw 5.9010, A6 5.3133 (1s)\n"}
,{"stream_name":"stdout","time":486.419135035,"data":"[2026-10-01T10:55:42+00:00]   89632626: SDE raw 6.5284, A6 6.2027 (2s)\n"}
,{"stream_name":"stdout","time":489.178028261,"data":"[2026-10-01T10:55:44+00:00]   200460321: SDE raw 7.8650, A6 5.9775 (2s)\n"}
,{"stream_name":"stdout","time":491.76711105,"data":"[2026-10-01T10:55:47+00:00]   100612261: SDE raw 10.3250, A6 5.4600 (2s)\n"}
,{"stream_name":"stdout","time":493.957363449,"data":"[2026-10-01T10:55:49+00:00]   91399407: SDE raw 7.4192, A6 5.3469 (1s)\n"}
,{"stream_name":"stdout","time":496.535395092,"data":"[2026-10-01T10:55:52+00:00]   163490621: SDE raw 7.5429, A6 5.7287 (2s)\n"}
,{"stream_name":"stdout","time":497.740923123,"data":"[2026-10-01T10:55:53+00:00]   346436416: SDE raw 5.2797, A6 4.6136 (1s)\n"}
,{"stream_name":"stdout","time":499.060659399,"data":"[2026-10-01T10:55:54+00:00]   372760175: SDE raw 5.3424, A6 5.4350 (1s)\n"}
,{"stream_name":"stdout","time":503.952824637,"data":"[2026-10-01T10:55:59+00:00]   20495750: SDE raw 9.0690, A6 6.1199 (4s)\n"}
,{"stream_name":"stdout","time":504.010924616,"data":"[2026-10-01T10:55:59+00:00]   284675847: SDE raw 10.0072, A6 8.8692 (72s)\n"}
,{"stream_name":"stdout","time":506.234250662,"data":"[2026-10-01T10:56:01+00:00]   88525305: SDE raw 7.5616, A6 6.1387 (2s)\n"}
,{"stream_name":"stdout","time":506.280385588,"data":"[2026-10-01T10:56:01+00:00]   408824126: SDE raw 7.2990, A6 5.6973 (1s)\n"}
,{"stream_name":"stdout","time":507.096493652,"data":"[2026-10-01T10:56:02+00:00]   389100571: SDE raw 5.4636, A6 3.9758 (0s)\n"}
,{"stream_name":"stdout","time":508.210989408,"data":"[2026-10-01T10:56:03+00:00]   269032792: SDE raw 7.0212, A6 3.9652 (1s)\n"}
,{"stream_name":"stdout","time":530.038569675,"data":"[2026-10-01T10:56:25+00:00]   158106851: SDE raw 8.2784, A6 6.7371 (23s)\n"}
,{"stream_name":"stdout","time":531.21919979,"data":"[2026-10-01T10:56:26+00:00]   201891537: SDE raw 8.6218, A6 6.0506 (1s)\n"}
,{"stream_name":"stdout","time":533.692600186,"data":"[2026-10-01T10:56:29+00:00]   990474: SDE raw 6.5651, A6 7.4641 (2s)\n"}
,{"stream_name":"stdout","time":535.15186374,"data":"[2026-10-01T10:56:30+00:00]   26163031: SDE raw 8.3261, A6 19.5829 (1s)\n"}
,{"stream_name":"stdout","time":536.598777973,"data":"[2026-10-01T10:56:32+00:00]   4750725: SDE raw 6.6395, A6 5.5874 (1s)\n"}
,{"stream_name":"stdout","time":590.226518934,"data":"[2026-10-01T10:57:25+00:00]   304101555: SDE raw 9.6548, A6 7.3242 (80s)\n"}
,{"stream_name":"stdout","time":621.744651915,"data":"[2026-10-01T10:57:57+00:00]   97966400: SDE raw 8.3987, A6 7.6055 (83s)\n"}
,{"stream_name":"stdout","time":625.401145118,"data":"[2026-10-01T10:58:01+00:00]   373456697: SDE raw 9.4263, A6 10.4639 (33s)\n"}
,{"stream_name":"stdout","time":627.697731817,"data":"[2026-10-01T10:58:03+00:00]   322362529: SDE raw 7.8434, A6 6.3481 (2s)\n"}
,{"stream_name":"stdout","time":657.972328058,"data":"[2026-10-01T10:58:33+00:00]   154339760: SDE raw 15.2775, A6 13.4807 (29s)\n"}
,{"stream_name":"stdout","time":658.963718945,"data":"[2026-10-01T10:58:34+00:00]   117414377: SDE raw 6.3170, A6 5.0594 (1s)\n"}
,{"stream_name":"stdout","time":664.501711441,"data":"[2026-10-01T10:58:40+00:00]   429002710: SDE raw 9.2863, A6 7.6038 (41s)\n"}
,{"stream_name":"stdout","time":678.671051434,"data":"[2026-10-01T10:58:54+00:00]   149398139: SDE raw 10.1960, A6 6.5330 (12s)\n"}
,{"stream_name":"stdout","time":733.60780166,"data":"[2026-10-01T10:59:49+00:00]   424436126: SDE raw 7.8383, A6 8.5900 (73s)\n"}
,{"stream_name":"stdout","time":766.628527331,"data":"[2026-10-01T11:00:22+00:00]   357797497: SDE raw 10.1364, A6 7.8696 (85s)\n"}
,{"stream_name":"stdout","time":767.385732494,"data":"[2026-10-01T11:00:23+00:00]   49594649: SDE raw 5.3899, A6 6.4661 (0s)\n"}
,{"stream_name":"stdout","time":769.526014474,"data":"[2026-10-01T11:00:25+00:00]   300144558: SDE raw 9.8988, A6 7.9193 (1s)\n"}
,{"stream_name":"stdout","time":793.073441697,"data":"[2026-10-01T11:00:48+00:00]   219008946: SDE raw 12.8262, A6 7.8389 (57s)\n"}
,{"stream_name":"stdout","time":795.560742326,"data":"[2026-10-01T11:00:51+00:00]   116542530: SDE raw 6.8980, A6 4.9479 (2s)\n"}
,{"stream_name":"stdout","time":837.047005304,"data":"[2026-10-01T11:01:32+00:00]   441639062: SDE raw 7.6772, A6 7.0830 (39s)\n"}
,{"stream_name":"stdout","time":846.599918744,"data":"[2026-10-01T11:01:42+00:00]   415704533: SDE raw 8.6134, A6 8.2967 (75s)\n"}
,{"stream_name":"stdout","time":847.992870363,"data":"[2026-10-01T11:01:43+00:00]   269807746: SDE raw 4.7433, A6 5.6213 (1s)\n"}
,{"stream_name":"stdout","time":850.404419885,"data":"[2026-10-01T11:01:46+00:00]   316517667: SDE raw 6.6088, A6 5.1347 (1s)\n"}
,{"stream_name":"stdout","time":884.288906547,"data":"[2026-10-01T11:02:19+00:00]   202504118: SDE raw 7.9651, A6 6.1331 (45s)\n"}
,{"stream_name":"stdout","time":886.532511971,"data":"[2026-10-01T11:02:22+00:00]   200783426: SDE raw 6.6065, A6 7.9630 (2s)\n"}
,{"stream_name":"stdout","time":887.543835017,"data":"[2026-10-01T11:02:23+00:00]   97484419: SDE raw 6.2413, A6 4.7619 (1s)\n"}
,{"stream_name":"stdout","time":912.560837808,"data":"[2026-10-01T11:02:48+00:00]   237217688: SDE raw 8.3655, A6 11.8257 (60s)\n"}
,{"stream_name":"stdout","time":917.138134536,"data":"[2026-10-01T11:02:52+00:00]   148895817: SDE raw 9.4671, A6 5.9463 (28s)\n"}
,{"stream_name":"stdout","time":941.64793455,"data":"[2026-10-01T11:03:17+00:00]   149912035: SDE raw 7.7473, A6 6.5619 (23s)\n"}
,{"stream_name":"stdout","time":942.692934289,"data":"[2026-10-01T11:03:18+00:00]   290236103: SDE raw 7.3508, A6 5.6541 (1s)\n"}
,{"stream_name":"stdout","time":944.204895558,"data":"[2026-10-01T11:03:19+00:00]   275295023: SDE raw 4.9003, A6 4.8045 (1s)\n"}
,{"stream_name":"stdout","time":953.580276315,"data":"[2026-10-01T11:03:29+00:00]   172843253: SDE raw 6.8556, A6 6.8785 (8s)\n"}
,{"stream_name":"stdout","time":961.134282531,"data":"[2026-10-01T11:03:36+00:00]   367005196: SDE raw 10.0419, A6 8.6859 (46s)\n"}
,{"stream_name":"stdout","time":970.568512002,"data":"[2026-10-01T11:03:46+00:00]   302241857: SDE raw 7.6577, A6 6.1985 (8s)\n"}
,{"stream_name":"stdout","time":972.909842445,"data":"[2026-10-01T11:03:48+00:00]   167718173: SDE raw 6.3854, A6 5.5534 (2s)\n"}
,{"stream_name":"stdout","time":978.274496369,"data":"[2026-10-01T11:03:53+00:00]   115510185: SDE raw 7.6254, A6 9.4047 (4s)\n"}
,{"stream_name":"stdout","time":1002.083814832,"data":"[2026-10-01T11:04:17+00:00]   367360161: SDE raw 8.5280, A6 11.2444 (46s)\n"}
,{"stream_name":"stdout","time":1021.213515498,"data":"[2026-10-01T11:04:36+00:00]   367280987: SDE raw 9.0624, A6 8.4218 (41s)\n"}
,{"stream_name":"stdout","time":1023.93441042,"data":"[2026-10-01T11:04:39+00:00]   405580299: SDE raw 6.4624, A6 6.8437 (2s)\n"}
,{"stream_name":"stdout","time":1086.600853266,"data":"[2026-10-01T11:05:42+00:00]   443968804: SDE raw 12.4478, A6 7.9784 (82s)\n"}
,{"stream_name":"stdout","time":1093.667756436,"data":"[2026-10-01T11:05:49+00:00]   301927363: SDE raw 14.0338, A6 15.3740 (67s)\n"}
,{"stream_name":"stdout","time":1164.972605043,"data":"[2026-10-01T11:07:00+00:00]   138712238: SDE raw 13.2987, A6 10.1842 (76s)\n"}
,{"stream_name":"stdout","time":1166.192002251,"data":"[2026-10-01T11:07:01+00:00]   304983634: SDE raw 5.1218, A6 5.3389 (1s)\n"}
,{"stream_name":"stdout","time":1167.34176551,"data":"[2026-10-01T11:07:03+00:00]   201790029: SDE raw 7.9040, A6 8.5797 (1s)\n"}
,{"stream_name":"stdout","time":1190.610190576,"data":"[2026-10-01T11:07:26+00:00]   256664506: SDE raw 8.1524, A6 6.6194 (94s)\n"}
,{"stream_name":"stdout","time":1228.184066605,"data":"[2026-10-01T11:08:03+00:00]   237252543: SDE raw 9.8019, A6 6.4873 (59s)\n"}
,{"stream_name":"stdout","time":1229.411590891,"data":"[2026-10-01T11:08:05+00:00]   403236288: SDE raw 6.3261, A6 5.7763 (1s)\n"}
,{"stream_name":"stdout","time":1230.383107672,"data":"[2026-10-01T11:08:06+00:00]   17863009: SDE raw 8.5576, A6 10.2187 (1s)\n"}
,{"stream_name":"stdout","time":1231.271764804,"data":"[2026-10-01T11:08:06+00:00]   157118870: SDE raw 6.0112, A6 4.8880 (0s)\n"}
,{"stream_name":"stdout","time":1234.679246555,"data":"[2026-10-01T11:08:10+00:00]   417920395: SDE raw 10.6147, A6 6.0345 (42s)\n"}
,{"stream_name":"stdout","time":1274.31542591,"data":"[2026-10-01T11:08:50+00:00]   461599251: SDE raw 13.3373, A6 14.7326 (41s)\n"}
,{"stream_name":"stdout","time":1276.679759452,"data":"[2026-10-01T11:08:52+00:00]   166760122: SDE raw 9.7470, A6 6.8860 (2s)\n"}
,{"stream_name":"stdout","time":1320.345285954,"data":"[2026-10-01T11:09:36+00:00]   444010408: SDE raw 13.9589, A6 12.5320 (83s)\n"}
,{"stream_name":"stdout","time":1321.347996532,"data":"[2026-10-01T11:09:37+00:00]   420033690: SDE raw 7.1545, A6 5.0589 (1s)\n"}
,{"stream_name":"stdout","time":1323.753497707,"data":"[2026-10-01T11:09:39+00:00]   231055670: SDE raw 5.8908, A6 6.2755 (2s)\n"}
,{"stream_name":"stdout","time":1325.12008517,"data":"[2026-10-01T11:09:40+00:00]   229149668: SDE raw 7.0947, A6 5.5834 (1s)\n"}
,{"stream_name":"stdout","time":1347.80624967,"data":"[2026-10-01T11:10:03+00:00]   229772186: SDE raw 8.1474, A6 6.3730 (20s)\n"}
,{"stream_name":"stdout","time":1349.49683424,"data":"[2026-10-01T11:10:05+00:00]   22333688: SDE raw 6.6355, A6 8.3575 (71s)\n"}
,{"stream_name":"stdout","time":1354.782155014,"data":"[2026-10-01T11:10:10+00:00]   279616701: SDE raw 6.9348, A6 7.6496 (4s)\n"}
,{"stream_name":"stdout","time":1378.112652909,"data":"[2026-10-01T11:10:33+00:00]   417921620: SDE raw 7.8264, A6 7.8838 (29s)\n"}
,{"stream_name":"stdout","time":1379.333380656,"data":"[2026-10-01T11:10:35+00:00]   97487557: SDE raw 5.2695, A6 4.4061 (1s)\n"}
,{"stream_name":"stdout","time":1399.50447639,"data":"[2026-10-01T11:10:55+00:00]   298074205: SDE raw 10.8594, A6 9.1768 (43s)\n"}
,{"stream_name":"stdout","time":1408.69970071,"data":"[2026-10-01T11:11:04+00:00]   364542828: SDE raw 13.9998, A6 11.1739 (8s)\n"}
,{"stream_name":"stdout","time":1409.727628886,"data":"[2026-10-01T11:11:05+00:00]   172518675: SDE raw 8.8709, A6 5.6665 (1s)\n"}
,{"stream_name":"stdout","time":1412.567303966,"data":"[2026-10-01T11:11:08+00:00]   201309511: SDE raw 8.8924, A6 7.2044 (2s)\n"}
,{"stream_name":"stdout","time":1415.27298194,"data":"[2026-10-01T11:11:10+00:00]   459837143: SDE raw 7.6544, A6 8.0415 (34s)\n"}
,{"stream_name":"stdout","time":1417.685705058,"data":"[2026-10-01T11:11:13+00:00]   41832031: SDE raw 5.9812, A6 6.1116 (2s)\n"}
,{"stream_name":"stdout","time":1440.92228836,"data":"[2026-10-01T11:11:36+00:00]   99920000: SDE raw 9.6462, A6 6.4516 (27s)\n"}
,{"stream_name":"stdout","time":1460.764249262,"data":"[2026-10-01T11:11:56+00:00]   235563772: SDE raw 8.2240, A6 6.9102 (41s)\n"}
,{"stream_name":"stdout","time":1469.463339717,"data":"[2026-10-01T11:12:05+00:00]   154257989: SDE raw 10.3736, A6 8.1771 (27s)\n"}
,{"stream_name":"stdout","time":1472.224238177,"data":"[2026-10-01T11:12:07+00:00]   257612675: SDE raw 8.0662, A6 5.2826 (2s)\n"}
,{"stream_name":"stdout","time":1484.490538277,"data":"[2026-10-01T11:12:20+00:00]   334797954: SDE raw 20.4028, A6 20.5786 (21s)\n"}
,{"stream_name":"stdout","time":1486.796531559,"data":"[2026-10-01T11:12:22+00:00]   271184913: SDE raw 12.7963, A6 16.8889 (2s)\n"}
,{"stream_name":"stdout","time":1489.145640213,"data":"[2026-10-01T11:12:24+00:00]   21437232: SDE raw 7.9140, A6 6.1108 (2s)\n"}
,{"stream_name":"stdout","time":1509.635762156,"data":"[2026-10-01T11:12:45+00:00]   230091098: SDE raw 10.2462, A6 6.9053 (35s)\n"}
,{"stream_name":"stdout","time":1511.772013978,"data":"[2026-10-01T11:12:47+00:00]   143383211: SDE raw 7.0129, A6 5.1375 (1s)\n"}
,{"stream_name":"stdout","time":1525.734441325,"data":"[2026-10-01T11:13:01+00:00]   414969627: SDE raw 11.1922, A6 7.9114 (12s)\n"}
,{"stream_name":"stdout","time":1528.315374238,"data":"[2026-10-01T11:13:04+00:00]   236394265: SDE raw 6.7599, A6 9.9281 (2s)\n"}
,{"stream_name":"stdout","time":1530.888448102,"data":"[2026-10-01T11:13:06+00:00]   229549398: SDE raw 8.6917, A6 5.8607 (2s)\n"}
,{"stream_name":"stdout","time":1531.234559557,"data":"[2026-10-01T11:13:06+00:00]   310352540: SDE raw 9.1996, A6 7.7194 (40s)\n"}
,{"stream_name":"stdout","time":1531.994684723,"data":"[2026-10-01T11:13:07+00:00]   160080353: SDE raw 5.0350, A6 5.9899 (1s)\n"}
,{"stream_name":"stdout","time":1533.400343598,"data":"[2026-10-01T11:13:09+00:00]   357239872: SDE raw 6.7936, A6 7.6273 (1s)\n"}
,{"stream_name":"stdout","time":1533.790334091,"data":"[2026-10-01T11:13:09+00:00]   115353752: SDE raw 6.1385, A6 6.8542 (2s)\n"}
,{"stream_name":"stdout","time":1534.462570774,"data":"[2026-10-01T11:13:10+00:00]   13024362: SDE raw 5.3943, A6 4.3984 (1s)\n"}
,{"stream_name":"stdout","time":1535.194016907,"data":"[2026-10-01T11:13:10+00:00]   346594558: SDE raw 7.3874, A6 7.6936 (1s)\n"}
,{"stream_name":"stdout","time":1536.386631796,"data":"[2026-10-01T11:13:12+00:00]   117515674: SDE raw 6.0362, A6 7.2480 (1s)\n"}
,{"stream_name":"stdout","time":1570.620025838,"data":"[2026-10-01T11:13:46+00:00]   288298391: SDE raw 10.3911, A6 10.0239 (34s)\n"}
,{"stream_name":"stdout","time":1571.623465248,"data":"[2026-10-01T11:13:47+00:00]   468461718: SDE raw 8.8477, A6 8.4486 (33s)\n"}
,{"stream_name":"stdout","time":1590.54863022,"data":"[2026-10-01T11:14:06+00:00]   358019385: SDE raw 8.7282, A6 7.3129 (19s)\n"}
,{"stream_name":"stdout","time":1620.0173548,"data":"[2026-10-01T11:14:35+00:00]   166128290: SDE raw 14.9503, A6 13.9127 (46s)\n"}
,{"stream_name":"stdout","time":1707.299257995,"data":"[2026-10-01T11:16:03+00:00]   21228854: SDE raw 9.7857, A6 9.5782 (113s)\n"}
,{"stream_name":"stdout","time":1751.736470026,"data":"[2026-10-01T11:16:47+00:00]   219460005: SDE raw 10.8731, A6 6.5811 (42s)\n"}
,{"stream_name":"stdout","time":1777.929849446,"data":"[2026-10-01T11:17:13+00:00]   287274125: SDE raw 11.9196, A6 9.4160 (153s)\n"}
,{"stream_name":"stdout","time":1808.166481919,"data":"[2026-10-01T11:17:43+00:00]   142588823: SDE raw 8.1450, A6 8.0409 (29s)\n"}
,{"stream_name":"stdout","time":1855.608043579,"data":"[2026-10-01T11:18:31+00:00]   398338027: SDE raw 13.8066, A6 7.5523 (101s)\n"}
,{"stream_name":"stdout","time":1942.479768205,"data":"[2026-10-01T11:19:58+00:00]   256926860: SDE raw 25.5784, A6 25.4945 (84s)\n"}
,{"stream_name":"stdout","time":1945.948454428,"data":"[2026-10-01T11:20:01+00:00]   160409532: SDE raw 10.0812, A6 7.1016 (134s)\n"}
,{"stream_name":"stdout","time":1947.425799301,"data":"[2026-10-01T11:20:03+00:00]   219210370: SDE raw 8.6821, A6 6.9973 (4s)\n"}
,{"stream_name":"stdout","time":2022.772243416,"data":"[2026-10-01T11:21:18+00:00]   177354146: SDE raw 12.5347, A6 7.7691 (73s)\n"}
,{"stream_name":"stdout","time":2039.727186834,"data":"[2026-10-01T11:21:35+00:00]   25064941: SDE raw 8.5876, A6 9.4915 (88s)\n"}
,{"stream_name":"stdout","time":2115.832901621,"data":"[2026-10-01T11:22:51+00:00]   219857180: SDE raw 9.1038, A6 7.4192 (89s)\n"}
,{"stream_name":"stdout","time":2120.146343762,"data":"[2026-10-01T11:22:55+00:00]   219084115: SDE raw 7.3674, A6 6.1626 (3s)\n"}
,{"stream_name":"stdout","time":2180.792792732,"data":"[2026-10-01T11:23:56+00:00]   233502816: SDE raw 11.1889, A6 8.5772 (136s)\n"}
,{"stream_name":"stdout","time":2189.944694786,"data":"[2026-10-01T11:24:05+00:00]   29761349: SDE raw 13.0806, A6 8.4396 (7s)\n"}
,{"stream_name":"stdout","time":2195.04666331,"data":"[2026-10-01T11:24:10+00:00]   375178691: SDE raw 10.9735, A6 6.4954 (4s)\n"}
,{"stream_name":"stdout","time":2232.923816274,"data":"[2026-10-01T11:24:48+00:00]   33831130: SDE raw 15.0125, A6 11.1290 (108s)\n"}
,{"stream_name":"stdout","time":2339.811475882,"data":"[2026-10-01T11:26:35+00:00]   219811379: SDE raw 11.8896, A6 8.1424 (140s)\n"}
,{"stream_name":"stdout","time":2345.104244121,"data":"[2026-10-01T11:26:40+00:00]   258354317: SDE raw 11.5037, A6 6.3401 (108s)\n"}
,{"stream_name":"stdout","time":2347.252716006,"data":"[2026-10-01T11:26:42+00:00]   178154748: SDE raw 5.2648, A6 5.3995 (1s)\n"}
,{"stream_name":"stdout","time":2379.918578822,"data":"[2026-10-01T11:27:15+00:00]   158461622: SDE raw 12.0997, A6 10.5806 (38s)\n"}
,{"stream_name":"stdout","time":2435.503774879,"data":"[2026-10-01T11:28:11+00:00]   202511148: SDE raw 9.2739, A6 6.6175 (85s)\n"}
,{"stream_name":"stdout","time":2512.561362506,"data":"[2026-10-01T11:29:28+00:00]   339885023: SDE raw 13.0481, A6 11.2771 (74s)\n"}
,{"stream_name":"stdout","time":2539.482000657,"data":"[2026-10-01T11:29:55+00:00]   381977593: SDE raw 11.2856, A6 8.9531 (155s)\n"}
,{"stream_name":"stdout","time":2588.004186007,"data":"[2026-10-01T11:30:43+00:00]   165989850: SDE raw 9.0446, A6 9.6019 (46s)\n"}
,{"stream_name":"stdout","time":2590.21632777,"data":"[2026-10-01T11:30:45+00:00]   337373439: SDE raw 8.1886, A6 9.3828 (2s)\n"}
,{"stream_name":"stdout","time":2607.954725731,"data":"[2026-10-01T11:31:03+00:00]   284903300: SDE raw 10.7504, A6 7.8612 (93s)\n"}
,{"stream_name":"stdout","time":2701.827046328,"data":"[2026-10-01T11:32:37+00:00]   231072666: SDE raw 11.3701, A6 8.8667 (107s)\n"}
,{"stream_name":"stdout","time":2721.463023018,"data":"[2026-10-01T11:32:57+00:00]   329248925: SDE raw 10.2031, A6 6.9140 (109s)\n"}
,{"stream_name":"stdout","time":2817.107797498,"data":"[2026-10-01T11:34:32+00:00]   219756852: SDE raw 10.9776, A6 6.8040 (92s)\n"}
,{"stream_name":"stdout","time":2828.077268519,"data":"[2026-10-01T11:34:43+00:00]   288345034: SDE raw 10.2346, A6 7.7297 (123s)\n"}
,{"stream_name":"stdout","time":2905.088072806,"data":"[2026-10-01T11:36:00+00:00]   141479412: SDE raw 13.3720, A6 8.5154 (74s)\n"}
,{"stream_name":"stdout","time":2928.158972152,"data":"[2026-10-01T11:36:23+00:00]   370037727: SDE raw 15.5186, A6 9.3391 (107s)\n"}
,{"stream_name":"stdout","time":3019.345037271,"data":"[2026-10-01T11:37:55+00:00]   33838936: SDE raw 9.1738, A6 7.4876 (87s)\n"}
,{"stream_name":"stdout","time":3042.081226752,"data":"[2026-10-01T11:38:17+00:00]   219792132: SDE raw 12.3951, A6 13.3071 (132s)\n"}
,{"stream_name":"stdout","time":3049.724856138,"data":"[2026-10-01T11:38:25+00:00]   141610403: SDE raw 11.1175, A6 9.5998 (6s)\n"}
,{"stream_name":"stdout","time":3052.113441408,"data":"[2026-10-01T11:38:27+00:00]   463823452: SDE raw 12.4759, A6 9.6606 (2s)\n"}
,{"stream_name":"stdout","time":3083.536744527,"data":"[2026-10-01T11:38:59+00:00]   202510861: SDE raw 10.2068, A6 6.6460 (61s)\n"}
,{"stream_name":"stdout","time":3093.19240917,"data":"[2026-10-01T11:39:08+00:00]   358253008: SDE raw 8.7291, A6 6.2946 (8s)\n"}
,{"stream_name":"stdout","time":3136.626107426,"data":"[2026-10-01T11:39:52+00:00]   160551340: SDE raw 9.5154, A6 9.3260 (82s)\n"}
,{"stream_name":"stdout","time":3199.571687291,"data":"[2026-10-01T11:40:55+00:00]   229484800: SDE raw 12.3085, A6 7.0678 (102s)\n"}
,{"stream_name":"stdout","time":3209.188877171,"data":"[2026-10-01T11:41:04+00:00]   238037356: SDE raw 12.8029, A6 7.2442 (9s)\n"}
,{"stream_name":"stdout","time":3210.614608601,"data":"[2026-10-01T11:41:06+00:00]   404344156: SDE raw 6.6537, A6 7.1873 (1s)\n"}
,{"stream_name":"stdout","time":3215.279837057,"data":"[2026-10-01T11:41:10+00:00]   355946913: SDE raw 9.5486, A6 9.0879 (4s)\n"}
,{"stream_name":"stdout","time":3220.487875583,"data":"[2026-10-01T11:41:16+00:00]   199571501: SDE raw 7.7147, A6 7.1303 (4s)\n"}
,{"stream_name":"stdout","time":3273.776747025,"data":"[2026-10-01T11:42:09+00:00]   441741016: SDE raw 10.6852, A6 6.9464 (133s)\n"}
,{"stream_name":"stdout","time":3278.077061487,"data":"[2026-10-01T11:42:13+00:00]   255617978: SDE raw 5.9505, A6 6.0361 (3s)\n"}
,{"stream_name":"stdout","time":3340.681004868,"data":"[2026-10-01T11:43:16+00:00]   25079878: SDE raw 17.3470, A6 17.4351 (59s)\n"}
,{"stream_name":"stdout","time":3382.338035046,"data":"[2026-10-01T11:43:58+00:00]   32070488: SDE raw 10.4885, A6 7.4269 (157s)\n"}
,{"stream_name":"stdout","time":3437.43395504,"data":"[2026-10-01T11:44:53+00:00]   199684892: SDE raw 6.9870, A6 6.4161 (93s)\n"}
,{"stream_name":"stdout","time":3485.964823144,"data":"[2026-10-01T11:45:41+00:00]   238194241: SDE raw 8.5978, A6 9.5190 (101s)\n"}
,{"stream_name":"stdout","time":3491.410373518,"data":"[2026-10-01T11:45:47+00:00]   389011840: SDE raw 8.8823, A6 5.3614 (4s)\n"}
,{"stream_name":"stdout","time":3508.630655361,"data":"[2026-10-01T11:46:04+00:00]   255702502: SDE raw 8.7422, A6 10.0878 (68s)\n"}
,{"stream_name":"stdout","time":3592.840194271,"data":"[2026-10-01T11:47:28+00:00]   372685796: SDE raw 15.2973, A6 15.5528 (81s)\n"}
,{"stream_name":"stdout","time":3603.262693509,"data":"[2026-10-01T11:47:38+00:00]   149039116: SDE raw 11.7277, A6 7.7864 (108s)\n"}
,{"stream_name":"stdout","time":3639.210482622,"data":"[2026-10-01T11:48:14+00:00]   441732064: SDE raw 7.0855, A6 7.2082 (33s)\n"}
,{"stream_name":"stdout","time":3641.600558024,"data":"[2026-10-01T11:48:17+00:00]   353937949: SDE raw 6.9967, A6 5.9369 (2s)\n"}
,{"stream_name":"stdout","time":3704.847899502,"data":"[2026-10-01T11:49:20+00:00]   441740342: SDE raw 12.0058, A6 7.3048 (108s)\n"}
,{"stream_name":"stdout","time":3707.668260214,"data":"[2026-10-01T11:49:23+00:00]   121660708: SDE raw 6.7113, A6 7.6352 (2s)\n"}
,{"stream_name":"stdout","time":3755.281791941,"data":"[2026-10-01T11:50:10+00:00]   199715818: SDE raw 9.1250, A6 6.6074 (109s)\n"}
,{"stream_name":"stdout","time":3758.130001481,"data":"[2026-10-01T11:50:13+00:00]   349766259: SDE raw 7.0177, A6 6.4727 (2s)\n"}
,{"stream_name":"stdout","time":3815.97622797,"data":"[2026-10-01T11:51:11+00:00]   159614563: SDE raw 8.9194, A6 6.8462 (56s)\n"}
,{"stream_name":"stdout","time":3845.867597632,"data":"[2026-10-01T11:51:41+00:00]   367857279: SDE raw 9.3788, A6 8.2833 (135s)\n"}
,{"stream_name":"stdout","time":3907.693719319,"data":"[2026-10-01T11:52:43+00:00]   156168345: SDE raw 10.9254, A6 6.7236 (89s)\n"}
,{"stream_name":"stdout","time":3950.287984829,"data":"[2026-10-01T11:53:25+00:00]   154011900: SDE raw 11.5088, A6 7.0992 (41s)\n"}
,{"stream_name":"stdout","time":3950.622566273,"data":"[2026-10-01T11:53:26+00:00]   314829171: SDE raw 8.7947, A6 6.6836 (102s)\n"}
,{"stream_name":"stdout","time":3955.214040783,"data":"[2026-10-01T11:53:30+00:00]   238917141: SDE raw 11.6937, A6 8.8108 (4s)\n"}
,{"stream_name":"stdout","time":3986.844395465,"data":"[2026-10-01T11:54:02+00:00]   382045019: SDE raw 17.3054, A6 12.9612 (30s)\n"}
,{"stream_name":"stdout","time":4066.675320436,"data":"[2026-10-01T11:55:22+00:00]   159289196: SDE raw 8.6954, A6 8.9289 (113s)\n"}
,{"stream_name":"stdout","time":4114.594259932,"data":"[2026-10-01T11:56:10+00:00]   259273813: SDE raw 8.6220, A6 8.5433 (125s)\n"}
,{"stream_name":"stdout","time":4153.78528421,"data":"[2026-10-01T11:56:49+00:00]   272749537: SDE raw 16.9574, A6 10.1980 (84s)\n"}
,{"stream_name":"stdout","time":4185.232474615,"data":"[2026-10-01T11:57:20+00:00]   382259125: SDE raw 8.7509, A6 10.0420 (68s)\n"}
,{"stream_name":"stdout","time":4265.048434929,"data":"[2026-10-01T11:58:40+00:00]   167120384: SDE raw 9.4943, A6 7.8993 (107s)\n"}
,{"stream_name":"stdout","time":4332.055103596,"data":"[2026-10-01T11:59:47+00:00]   231810441: SDE raw 8.3445, A6 9.6194 (143s)\n"}
,{"stream_name":"stdout","time":4357.246166981,"data":"[2026-10-01T12:00:12+00:00]   468797613: SDE raw 8.2489, A6 5.3914 (24s)\n"}
,{"stream_name":"stdout","time":4376.006008113,"data":"[2026-10-01T12:00:31+00:00]   165529438: SDE raw 9.2513, A6 8.5035 (107s)\n"}
,{"stream_name":"stdout","time":4378.081532904,"data":"[2026-10-01T12:00:33+00:00]   147805146: SDE raw 8.1479, A6 4.9718 (1s)\n"}
,{"stream_name":"stdout","time":4443.795644778,"data":"[2026-10-01T12:01:39+00:00]   55745481: SDE raw 9.0335, A6 6.9667 (83s)\n"}
,{"stream_name":"stdout","time":4453.83950072,"data":"[2026-10-01T12:01:49+00:00]   177353880: SDE raw 13.9245, A6 7.7117 (72s)\n"}
,{"stream_name":"stdout","time":4493.435651577,"data":"[2026-10-01T12:02:29+00:00]   154071400: SDE raw 11.1261, A6 7.4933 (47s)\n"}
,{"stream_name":"stdout","time":4545.000995081,"data":"[2026-10-01T12:03:20+00:00]   261091639: SDE raw 9.9988, A6 7.5976 (89s)\n"}
,{"stream_name":"stdout","time":4572.784441884,"data":"[2026-10-01T12:03:48+00:00]   149478361: SDE raw 19.6150, A6 17.7120 (76s)\n"}
,{"stream_name":"stdout","time":4635.498284233,"data":"[2026-10-01T12:04:51+00:00]   392536758: SDE raw 10.4989, A6 7.6815 (86s)\n"}
,{"stream_name":"stdout","time":4664.64417752,"data":"[2026-10-01T12:05:20+00:00]   297696978: SDE raw 8.8996, A6 7.5405 (28s)\n"}
,{"stream_name":"stdout","time":4666.95048029,"data":"[2026-10-01T12:05:22+00:00]   353808368: SDE raw 8.8947, A6 8.6304 (90s)\n"}
,{"stream_name":"stdout","time":4756.192977511,"data":"[2026-10-01T12:06:51+00:00]   280072356: SDE raw 9.4823, A6 7.1159 (88s)\n"}
,{"stream_name":"stdout","time":4792.049426844,"data":"[2026-10-01T12:07:27+00:00]   441727778: SDE raw 13.9858, A6 7.4587 (121s)\n"}
,{"stream_name":"stdout","time":4847.482942439,"data":"[2026-10-01T12:08:23+00:00]   29832604: SDE raw 12.1104, A6 7.4995 (87s)\n"}
,{"stream_name":"stdout","time":4908.211624022,"data":"[2026-10-01T12:09:23+00:00]   219862791: SDE raw 7.7766, A6 7.7495 (112s)\n"}
,{"stream_name":"stdout","time":4932.507458321,"data":"[2026-10-01T12:09:48+00:00]   357130455: SDE raw 7.2194, A6 6.1389 (23s)\n"}
,{"stream_name":"stdout","time":4933.541695472,"data":"[2026-10-01T12:09:49+00:00]   144284767: SDE raw 5.1254, A6 4.6991 (1s)\n"}
,{"stream_name":"stdout","time":4936.299300586,"data":"[2026-10-01T12:09:52+00:00]   355687729: SDE raw 6.2053, A6 6.8248 (2s)\n"}
,{"stream_name":"stdout","time":4942.201947412,"data":"[2026-10-01T12:09:57+00:00]   357498149: SDE raw 8.0543, A6 6.8208 (91s)\n"}
,{"stream_name":"stdout","time":5004.869691461,"data":"[2026-10-01T12:11:00+00:00]   290305110: SDE raw 6.8932, A6 8.1126 (67s)\n"}
,{"stream_name":"stdout","time":5007.342000676,"data":"[2026-10-01T12:11:03+00:00]   219389713: SDE raw 7.3749, A6 6.9117 (2s)\n"}
,{"stream_name":"stdout","time":5008.231647822,"data":"[2026-10-01T12:11:03+00:00]   68414973: SDE raw 8.8598, A6 4.5136 (1s)\n"}
,{"stream_name":"stdout","time":5057.833267581,"data":"[2026-10-01T12:11:53+00:00]   288298316: SDE raw 12.1104, A6 7.3897 (112s)\n"}
,{"stream_name":"stdout","time":5124.553289213,"data":"[2026-10-01T12:13:00+00:00]   383677476: SDE raw 11.6495, A6 6.7900 (112s)\n"}
,{"stream_name":"stdout","time":5164.99688783,"data":"[2026-10-01T12:13:40+00:00]   55850719: SDE raw 8.6403, A6 6.8945 (103s)\n"}
,{"stream_name":"stdout","time":5242.922565639,"data":"[2026-10-01T12:14:58+00:00]   356785094: SDE raw 10.3450, A6 6.2809 (115s)\n"}
,{"stream_name":"stdout","time":5256.523220947,"data":"[2026-10-01T12:15:12+00:00]   370039162: SDE raw 10.3697, A6 6.8067 (87s)\n"}
,{"stream_name":"stdout","time":5333.571235961,"data":"[2026-10-01T12:16:29+00:00]   230087750: SDE raw 10.7821, A6 7.7530 (74s)\n"}
,{"stream_name":"stdout","time":5335.092149559,"data":"[2026-10-01T12:16:30+00:00]   358460382: SDE raw 8.6750, A6 7.9966 (88s)\n"}
,{"stream_name":"stdout","time":5429.965812948,"data":"[2026-10-01T12:18:05+00:00]   356786645: SDE raw 14.3153, A6 8.4423 (91s)\n"}
,{"stream_name":"stdout","time":5448.600705722,"data":"[2026-10-01T12:18:24+00:00]   306934657: SDE raw 10.9777, A6 8.7496 (111s)\n"}
,{"stream_name":"stdout","time":5538.120141272,"data":"[2026-10-01T12:19:53+00:00]   55780996: SDE raw 11.3641, A6 6.2622 (104s)\n"}
,{"stream_name":"stdout","time":5558.301990226,"data":"[2026-10-01T12:20:14+00:00]   149174106: SDE raw 11.8154, A6 7.3192 (106s)\n"}
,{"stream_name":"stdout","time":5628.005583807,"data":"[2026-10-01T12:21:23+00:00]   260415529: SDE raw 9.4153, A6 6.5054 (86s)\n"}
,{"stream_name":"stdout","time":5672.013945618,"data":"[2026-10-01T12:22:07+00:00]   229789168: SDE raw 15.3223, A6 22.7462 (110s)\n"}
,{"stream_name":"stdout","time":5745.354312562,"data":"[2026-10-01T12:23:21+00:00]   232609966: SDE raw 8.2805, A6 8.0331 (113s)\n"}
,{"stream_name":"stdout","time":5824.979510715,"data":"[2026-10-01T12:24:40+00:00]   149664423: SDE raw 11.5975, A6 6.3724 (149s)\n"}
,{"stream_name":"stdout","time":5839.39636584,"data":"[2026-10-01T12:24:55+00:00]   329250015: SDE raw 11.4795, A6 7.9740 (90s)\n"}
,{"stream_name":"stdout","time":5891.299728798,"data":"[2026-10-01T12:25:47+00:00]   280909705: SDE raw 12.0838, A6 6.7054 (50s)\n"}
,{"stream_name":"stdout","time":5916.154818194,"data":"[2026-10-01T12:26:11+00:00]   272233708: SDE raw 13.1069, A6 13.6951 (87s)\n"}
,{"stream_name":"stdout","time":6000.670398905,"data":"[2026-10-01T12:27:36+00:00]   300244204: SDE raw 6.9953, A6 6.3008 (105s)\n"}
,{"stream_name":"stdout","time":6007.761180011,"data":"[2026-10-01T12:27:43+00:00]   353936551: SDE raw 11.3493, A6 7.7161 (88s)\n"}
,{"stream_name":"stdout","time":6094.1072965,"data":"[2026-10-01T12:29:09+00:00]   198182547: SDE raw 7.1693, A6 8.5838 (89s)\n"}
,{"stream_name":"stdout","time":6142.748157435,"data":"[2026-10-01T12:29:58+00:00]   358510446: SDE raw 7.7195, A6 7.2851 (131s)\n"}
,{"stream_name":"stdout","time":6185.894788573,"data":"[2026-10-01T12:30:41+00:00]   176937262: SDE raw 7.6114, A6 7.8594 (88s)\n"}
,{"stream_name":"stdout","time":6278.071220365,"data":"[2026-10-01T12:32:13+00:00]   306779124: SDE raw 18.2267, A6 9.6289 (88s)\n"}
,{"stream_name":"stdout","time":6292.226817735,"data":"[2026-10-01T12:32:27+00:00]   238197355: SDE raw 11.3437, A6 8.2823 (145s)\n"}
,{"stream_name":"stdout","time":6371.869922693,"data":"[2026-10-01T12:33:47+00:00]   272786863: SDE raw 11.1082, A6 8.7455 (90s)\n"}
,{"stream_name":"stdout","time":6381.843435241,"data":"[2026-10-01T12:33:57+00:00]   233730505: SDE raw 9.0449, A6 7.2715 (86s)\n"}
,{"stream_name":"stdout","time":6413.539617732,"data":"[2026-10-01T12:34:29+00:00]   353991512: SDE raw 10.2235, A6 7.7109 (30s)\n"}
,{"stream_name":"stdout","time":6465.036559203,"data":"[2026-10-01T12:35:20+00:00]   237103455: SDE raw 10.6677, A6 9.9787 (89s)\n"}
,{"stream_name":"stdout","time":6526.394677435,"data":"[2026-10-01T12:36:22+00:00]   219109580: SDE raw 12.2127, A6 7.3787 (108s)\n"}
,{"stream_name":"stdout","time":6576.026452459,"data":"[2026-10-01T12:37:11+00:00]   358806516: SDE raw 15.0703, A6 12.4146 (108s)\n"}
,{"stream_name":"stdout","time":6641.70430832,"data":"[2026-10-01T12:38:17+00:00]   219869988: SDE raw 8.8308, A6 6.4475 (111s)\n"}
,{"stream_name":"stdout","time":6701.83623561,"data":"[2026-10-01T12:39:17+00:00]   167011368: SDE raw 16.7434, A6 13.0501 (122s)\n"}
,{"stream_name":"stdout","time":6751.428843536,"data":"[2026-10-01T12:40:07+00:00]   300558459: SDE raw 16.4925, A6 6.8244 (106s)\n"}
,{"stream_name":"stdout","time":6799.114802223,"data":"[2026-10-01T12:40:54+00:00]   233200532: SDE raw 8.8287, A6 7.9014 (93s)\n"}
,{"stream_name":"stdout","time":6844.004160505,"data":"[2026-10-01T12:41:39+00:00]   198204954: SDE raw 9.8530, A6 8.1627 (88s)\n"}
,{"stream_name":"stdout","time":6918.278799403,"data":"[2026-10-01T12:42:53+00:00]   441729251: SDE raw 8.0592, A6 8.4148 (115s)\n"}
,{"stream_name":"stdout","time":6958.206318517,"data":"[2026-10-01T12:43:33+00:00]   232612846: SDE raw 22.7603, A6 19.2684 (110s)\n"}
,{"stream_name":"stdout","time":7012.776709521,"data":"[2026-10-01T12:44:28+00:00]   232630525: SDE raw 10.2270, A6 7.9971 (90s)\n"}
,{"stream_name":"stdout","time":7049.616641826,"data":"[2026-10-01T12:45:05+00:00]   407621049: SDE raw 7.7244, A6 7.5268 (87s)\n"}
,{"stream_name":"stdout","time":7104.653066953,"data":"[2026-10-01T12:46:00+00:00]   279423762: SDE raw 8.0379, A6 6.1270 (88s)\n"}
,{"stream_name":"stdout","time":7140.886885438,"data":"[2026-10-01T12:46:36+00:00]   233734984: SDE raw 10.9421, A6 8.4395 (87s)\n"}
,{"stream_name":"stdout","time":7215.378997444,"data":"[2026-10-01T12:47:51+00:00]   220460948: SDE raw 9.6231, A6 7.5659 (107s)\n"}
,{"stream_name":"stdout","time":7250.561287073,"data":"[2026-10-01T12:48:26+00:00]   38609021: SDE raw 11.0639, A6 8.9430 (105s)\n"}
,{"stream_name":"stdout","time":7348.108520511,"data":"[2026-10-01T12:50:03+00:00]   293165020: SDE raw 17.7108, A6 7.8690 (129s)\n"}
,{"stream_name":"stdout","time":7354.309819815,"data":"[2026-10-01T12:50:10+00:00]   288133092: SDE raw 11.8303, A6 13.5605 (101s)\n"}
,{"stream_name":"stdout","time":7459.041558682,"data":"[2026-10-01T12:51:54+00:00]   233540897: SDE raw 11.6581, A6 7.1695 (107s)\n"}
,{"stream_name":"stdout","time":7494.135826188,"data":"[2026-10-01T12:52:29+00:00]   288316797: SDE raw 15.1334, A6 8.0135 (136s)\n"}
,{"stream_name":"stdout","time":7592.214351149,"data":"[2026-10-01T12:54:07+00:00]   233098914: SDE raw 15.3643, A6 7.6447 (129s)\n"}
,{"stream_name":"stdout","time":7603.118308761,"data":"[2026-10-01T12:54:18+00:00]   364591796: SDE raw 11.3107, A6 6.2695 (105s)\n"}
,{"stream_name":"stdout","time":7686.152915593,"data":"[2026-10-01T12:55:41+00:00]   289569049: SDE raw 12.6942, A6 12.7212 (90s)\n"}
,{"stream_name":"stdout","time":7698.762492402,"data":"[2026-10-01T12:55:54+00:00]   160602609: SDE raw 9.1671, A6 7.9191 (91s)\n"}
,{"stream_name":"stdout","time":7801.336166997,"data":"[2026-10-01T12:57:37+00:00]   258461740: SDE raw 11.6255, A6 8.0699 (111s)\n"}
,{"stream_name":"stdout","time":7810.394977437,"data":"[2026-10-01T12:57:46+00:00]   258700593: SDE raw 8.0353, A6 9.4071 (107s)\n"}
,{"stream_name":"stdout","time":7878.571108418,"data":"[2026-10-01T12:58:54+00:00]   348718444: SDE raw 7.1440, A6 7.5778 (67s)\n"}
,{"stream_name":"stdout","time":7881.067518442,"data":"[2026-10-01T12:58:56+00:00]   237281689: SDE raw 8.6020, A6 9.3652 (76s)\n"}
,{"stream_name":"stdout","time":7884.700177309,"data":"[2026-10-01T12:59:00+00:00]   260161587: SDE raw 8.2990, A6 5.9665 (5s)\n"}
,{"stream_name":"stdout","time":7967.870063814,"data":"[2026-10-01T13:00:23+00:00]   364181005: SDE raw 11.6442, A6 12.4756 (84s)\n"}
,{"stream_name":"stdout","time":7975.302489495,"data":"[2026-10-01T13:00:31+00:00]   300939511: SDE raw 8.1747, A6 7.0560 (87s)\n"}
,{"stream_name":"stdout","time":8080.664333909,"data":"[2026-10-01T13:02:16+00:00]   167088119: SDE raw 8.1314, A6 6.7664 (109s)\n"}
,{"stream_name":"stdout","time":8085.676028668,"data":"[2026-10-01T13:02:21+00:00]   389959463: SDE raw 8.8975, A6 9.4100 (106s)\n"}
,{"stream_name":"stdout","time":8156.057425409,"data":"[2026-10-01T13:03:31+00:00]   272636097: SDE raw 11.9889, A6 12.4548 (72s)\n"}
,{"stream_name":"stdout","time":8165.001274707,"data":"[2026-10-01T13:03:40+00:00]   231084328: SDE raw 9.9316, A6 6.0693 (7s)\n"}
,{"stream_name":"stdout","time":8177.195767172,"data":"[2026-10-01T13:03:52+00:00]   259238917: SDE raw 7.5762, A6 7.5897 (87s)\n"}
,{"stream_name":"stdout","time":8248.755479579,"data":"[2026-10-01T13:05:04+00:00]   462575551: SDE raw 10.0595, A6 7.5520 (69s)\n"}
,{"stream_name":"stdout","time":8278.515270629,"data":"[2026-10-01T13:05:34+00:00]   165500231: SDE raw 8.1708, A6 9.7327 (109s)\n"}
,{"stream_name":"stdout","time":8358.520579092,"data":"[2026-10-01T13:06:54+00:00]   233578672: SDE raw 8.4563, A6 8.1659 (106s)\n"}
,{"stream_name":"stdout","time":8373.343546663,"data":"[2026-10-01T13:07:09+00:00]   376882962: SDE raw 8.2880, A6 6.2047 (91s)\n"}
,{"stream_name":"stdout","time":8468.69936401,"data":"[2026-10-01T13:08:44+00:00]   259005576: SDE raw 7.3713, A6 8.4667 (106s)\n"}
,{"stream_name":"stdout","time":8507.621140784,"data":"[2026-10-01T13:09:23+00:00]   441730017: SDE raw 9.8564, A6 9.5029 (130s)\n"}
,{"stream_name":"stdout","time":8561.580707865,"data":"[2026-10-01T13:10:17+00:00]   237223329: SDE raw 9.3394, A6 7.0070 (89s)\n"}
,{"stream_name":"stdout","time":8601.83896139,"data":"[2026-10-01T13:10:57+00:00]   229589224: SDE raw 7.4975, A6 9.1263 (90s)\n"}
,{"stream_name":"stdout","time":8657.026504809,"data":"[2026-10-01T13:11:52+00:00]   233052567: SDE raw 10.8362, A6 7.0355 (91s)\n"}
,{"stream_name":"stdout","time":8741.922716359,"data":"[2026-10-01T13:13:17+00:00]   219761825: SDE raw 8.8414, A6 6.3547 (136s)\n"}
,{"stream_name":"stdout","time":8746.874078668,"data":"[2026-10-01T13:13:22+00:00]   229997353: SDE raw 12.4887, A6 6.7386 (86s)\n"}
,{"stream_name":"stdout","time":8834.309087712,"data":"[2026-10-01T13:14:50+00:00]   30854160: SDE raw 9.6522, A6 6.4261 (88s)\n"}
,{"stream_name":"stdout","time":8857.798230421,"data":"[2026-10-01T13:15:13+00:00]   334831854: SDE raw 8.6671, A6 8.9120 (106s)\n"}
,{"stream_name":"stdout","time":8862.656419698,"data":"[2026-10-01T13:15:18+00:00]   357128174: SDE raw 7.6108, A6 7.0996 (27s)\n"}
,{"stream_name":"stdout","time":8892.354849154,"data":"[2026-10-01T13:15:48+00:00]   280162536: SDE raw 7.6141, A6 6.6552 (29s)\n"}
,{"stream_name":"stdout","time":8965.825766385,"data":"[2026-10-01T13:17:01+00:00]   382066186: SDE raw 10.4986, A6 7.1746 (104s)\n"}
,{"stream_name":"stdout","time":8976.313428663,"data":"[2026-10-01T13:17:12+00:00]   260004371: SDE raw 9.7043, A6 7.3951 (80s)\n"}
,{"stream_name":"stdout","time":9056.372057538,"data":"[2026-10-01T13:18:32+00:00]   350481129: SDE raw 8.0329, A6 6.9365 (87s)\n"}
,{"stream_name":"stdout","time":9068.266355947,"data":"[2026-10-01T13:18:43+00:00]   281495893: SDE raw 14.6336, A6 10.9500 (89s)\n"}
,{"stream_name":"stdout","time":9151.652024389,"data":"[2026-10-01T13:20:07+00:00]   219092150: SDE raw 7.6808, A6 7.3614 (91s)\n"}
,{"stream_name":"stdout","time":9208.14443705,"data":"[2026-10-01T13:21:03+00:00]   288269589: SDE raw 11.4895, A6 7.3889 (136s)\n"}
,{"stream_name":"stdout","time":9285.88297476,"data":"[2026-10-01T13:22:21+00:00]   160421259: SDE raw 9.7888, A6 7.3067 (131s)\n"}
,{"stream_name":"stdout","time":9326.657795116,"data":"[2026-10-01T13:23:02+00:00]   229767929: SDE raw 7.8362, A6 7.0383 (114s)\n"}
,{"stream_name":"stdout","time":9368.588417607,"data":"[2026-10-01T13:23:44+00:00]   260981292: SDE raw 7.8601, A6 8.6970 (80s)\n"}
,{"stream_name":"stdout","time":9434.993286589,"data":"[2026-10-01T13:24:50+00:00]   350443596: SDE raw 11.8002, A6 8.2615 (104s)\n"}
,{"stream_name":"stdout","time":9463.480152567,"data":"[2026-10-01T13:25:19+00:00]   224607505: SDE raw 9.7313, A6 6.2125 (91s)\n"}
,{"stream_name":"stdout","time":9556.615554004,"data":"[2026-10-01T13:26:52+00:00]   272750988: SDE raw 8.7408, A6 8.4950 (90s)\n"}
,{"stream_name":"stdout","time":9584.255618049,"data":"[2026-10-01T13:27:19+00:00]   198389760: SDE raw 18.6411, A6 14.5848 (145s)\n"}
,{"stream_name":"stdout","time":9644.178103598,"data":"[2026-10-01T13:28:19+00:00]   55295030: SDE raw 9.4363, A6 8.7567 (84s)\n"}
,{"stream_name":"stdout","time":9680.997558219,"data":"[2026-10-01T13:28:56+00:00]   441742021: SDE raw 8.4277, A6 7.8699 (93s)\n"}
,{"stream_name":"stdout","time":9738.97800045,"data":"[2026-10-01T13:29:54+00:00]   229644709: SDE raw 10.1296, A6 6.5033 (91s)\n"}
,{"stream_name":"stdout","time":9774.167078878,"data":"[2026-10-01T13:30:29+00:00]   229787369: SDE raw 14.8247, A6 8.2947 (89s)\n"}
,{"stream_name":"stdout","time":9804.224372889,"data":"[2026-10-01T13:30:59+00:00]   198313215: SDE raw 7.1720, A6 8.7746 (63s)\n"}
,{"stream_name":"stdout","time":9870.776480118,"data":"[2026-10-01T13:32:06+00:00]   198393843: SDE raw 10.4667, A6 7.0604 (93s)\n"}
,{"stream_name":"stdout","time":9930.553995454,"data":"[2026-10-01T13:33:06+00:00]   278992516: SDE raw 11.6468, A6 6.8662 (122s)\n"}
,{"stream_name":"stdout","time":9960.505162588,"data":"[2026-10-01T13:33:36+00:00]   55523322: SDE raw 8.6878, A6 7.9377 (86s)\n"}
,{"stream_name":"stdout","time":10021.254551428,"data":"[2026-10-01T13:34:36+00:00]   150099511: SDE raw 10.9553, A6 8.4023 (87s)\n"}
,{"stream_name":"stdout","time":10064.75381239,"data":"[2026-10-01T13:35:20+00:00]   199710577: SDE raw 11.0593, A6 8.7292 (100s)\n"}
,{"stream_name":"stdout","time":10115.361507907,"data":"[2026-10-01T13:36:11+00:00]   332476910: SDE raw 9.0546, A6 7.7552 (90s)\n"}
,{"stream_name":"stdout","time":10157.136984475,"data":"[2026-10-01T13:36:52+00:00]   258955848: SDE raw 13.2775, A6 13.3194 (89s)\n"}
,{"stream_name":"stdout","time":10166.552273529,"data":"[2026-10-01T13:37:02+00:00]   167812505: SDE raw 7.8990, A6 5.8232 (50s)\n"}
,{"stream_name":"stderr","time":10169.437394217,"data":"/usr/local/lib/python3.12/dist-packages/mistune.py:435: SyntaxWarning: invalid escape sequence '\\|'\n"}
,{"stream_name":"stderr","time":10169.437429983,"data":"  cells[i][c] = re.sub('\\\\\\\\\\|', '|', cell)\n"}
,{"stream_name":"stderr","time":10169.651339048,"data":"/usr/local/lib/python3.12/dist-packages/nbconvert/filters/filter_links.py:36: SyntaxWarning: invalid escape sequence '\\_'\n"}
,{"stream_name":"stderr","time":10169.65136888,"data":"  text = re.sub(r'_', '\\_', text) # Escape underscores in display text\n"}
,{"stream_name":"stderr","time":10170.26475973,"data":"[NbConvertApp] Converting notebook __script__.ipynb to html\n"}
,{"stream_name":"stderr","time":10171.44293458,"data":"[NbConvertApp] Writing 277809 bytes to __results__.html\n"}
]