[{"stream_name":"stdout","time":12.749025898,"data":"     ━━━━━━━━━━━━━━━━━━━━━━━━━━━━━━━━━━━━━━━━ 62.1/62.1 kB 2.8 MB/s eta 0:00:00\n"}
,{"stream_name":"stdout","time":13.94700422,"data":"     ━━━━━━━━━━━━━━━━━━━━━━━━━━━━━━━━━━━━━━━━ 80.3/80.3 kB 4.0 MB/s eta 0:00:00\n"}
,{"stream_name":"stdout","time":15.737294345,"data":"     ━━━━━━━━━━━━━━━━━━━━━━━━━━━━━━━━━━━━━━━━ 41.2/41.2 kB 1.9 MB/s eta 0:00:00\n"}
,{"stream_name":"stdout","time":19.528281543,"data":"   ━━━━━━━━━━━━━━━━━━━━━━━━━━━━━━━━━━━━━━━━ 10.5/10.5 MB 91.6 MB/s eta 0:00:00\n"}
,{"stream_name":"stdout","time":19.654532521,"data":"   ━━━━━━━━━━━━━━━━━━━━━━━━━━━━━━━━━━━━━━━━ 11.1/11.1 MB 91.1 MB/s eta 0:00:00\n"}
,{"stream_name":"stdout","time":19.679674588,"data":"   ━━━━━━━━━━━━━━━━━━━━━━━━━━━━━━━━━━━━━━━━ 243.5/243.5 kB 13.5 MB/s eta 0:00:00\n"}
,{"stream_name":"stdout","time":19.704637565,"data":"   ━━━━━━━━━━━━━━━━━━━━━━━━━━━━━━━━━━━━━━━━ 377.5/377.5 kB 20.1 MB/s eta 0:00:00\n"}
,{"stream_name":"stdout","time":19.73288868,"data":"   ━━━━━━━━━━━━━━━━━━━━━━━━━━━━━━━━━━━━━━━━ 261.1/261.1 kB 12.0 MB/s eta 0:00:00\n"}
,{"stream_name":"stdout","time":19.824918625,"data":"   ━━━━━━━━━━━━━━━━━━━━━━━━━━━━━━━━━━━━━━━━ 9.9/9.9 MB 116.1 MB/s eta 0:00:00\n"}
,{"stream_name":"stdout","time":19.846494828,"data":"   ━━━━━━━━━━━━━━━━━━━━━━━━━━━━━━━━━━━━━━━━ 155.6/155.6 kB 9.3 MB/s eta 0:00:00\n"}
,{"stream_name":"stdout","time":19.930755003,"data":"   ━━━━━━━━━━━━━━━━━━━━━━━━━━━━━━━━━━━━━━━━ 9.2/9.2 MB 116.8 MB/s eta 0:00:00\n"}
,{"stream_name":"stdout","time":20.196971155,"data":"   ━━━━━━━━━━━━━━━━━━━━━━━━━━━━━━━━━━━━━━━━ 35.2/35.2 MB 60.5 MB/s eta 0:00:00\n"}
,{"stream_name":"stdout","time":20.227871298,"data":"   ━━━━━━━━━━━━━━━━━━━━━━━━━━━━━━━━━━━━━━━━ 47.5/47.5 kB 2.2 MB/s eta 0:00:00\n"}
,{"stream_name":"stdout","time":20.287912324,"data":"   ━━━━━━━━━━━━━━━━━━━━━━━━━━━━━━━━━━━━━━━━ 2.0/2.0 MB 69.2 MB/s eta 0:00:00\n"}
,{"stream_name":"stdout","time":20.320218696,"data":"   ━━━━━━━━━━━━━━━━━━━━━━━━━━━━━━━━━━━━━━━━ 1.2/1.2 MB 48.5 MB/s eta 0:00:00\n"}
,{"stream_name":"stdout","time":20.370430225,"data":"   ━━━━━━━━━━━━━━━━━━━━━━━━━━━━━━━━━━━━━━━━ 60.1/60.1 kB 2.6 MB/s eta 0:00:00\n"}
,{"stream_name":"stdout","time":20.412499829,"data":"   ━━━━━━━━━━━━━━━━━━━━━━━━━━━━━━━━━━━━━━━━ 102.6/102.6 kB 6.0 MB/s eta 0:00:00\n"}
,{"stream_name":"stdout","time":20.446365944,"data":"   ━━━━━━━━━━━━━━━━━━━━━━━━━━━━━━━━━━━━━━━━ 1.8/1.8 MB 66.6 MB/s eta 0:00:00\n"}
,{"stream_name":"stdout","time":20.46754524,"data":"   ━━━━━━━━━━━━━━━━━━━━━━━━━━━━━━━━━━━━━━━━ 221.7/221.7 kB 13.9 MB/s eta 0:00:00\n"}
,{"stream_name":"stdout","time":20.623916885,"data":"   ━━━━━━━━━━━━━━━━━━━━━━━━━━━━━━━━━━━━━━━━ 16.0/16.0 MB 95.0 MB/s eta 0:00:00\n"}
,{"stream_name":"stderr","time":67.00621421,"data":"ERROR: pip's dependency resolver does not currently take into account all the packages that are installed. This behaviour is the source of the following dependency conflicts.\n"}
,{"stream_name":"stderr","time":67.006263195,"data":"bigframes 2.39.0 requires google-cloud-bigquery-storage\u003c3.0.0,\u003e=2.30.0, which is not installed.\n"}
,{"stream_name":"stderr","time":67.006269161,"data":"datasets 5.0.0 requires fsspec[http]\u003c=2026.4.0,\u003e=2023.1.0, but you have fsspec 2026.9.0 which is incompatible.\n"}
,{"stream_name":"stderr","time":67.006273913,"data":"ydata-profiling 4.18.4 requires matplotlib\u003c=3.10,\u003e=3.5, but you have matplotlib 3.11.2 which is incompatible.\n"}
,{"stream_name":"stderr","time":67.006278914,"data":"ydata-profiling 4.18.4 requires scipy\u003c1.17,\u003e=1.8, but you have scipy 1.17.1 which is incompatible.\n"}
,{"stream_name":"stderr","time":67.006283607,"data":"gcsfs 2025.3.0 requires fsspec==2025.3.0, but you have fsspec 2026.9.0 which is incompatible.\n"}
,{"stream_name":"stderr","time":67.00628809,"data":"sklearn-compat 0.1.5 requires scikit-learn\u003c1.9,\u003e=1.2, but you have scikit-learn 1.9.1 which is incompatible.\n"}
,{"stream_name":"stdout","time":120.188059216,"data":"[2026-10-01T14:24:29+00:00] gpu_4of14: 187 stars, cache /kaggle/input/datasets/srijeetbanerjee/exog-lc-cache-v1/cache\n"}
,{"stream_name":"stdout","time":120.711864963,"data":"[2026-10-01T14:24:29+00:00] gpu_3of14: 187 stars, cache /kaggle/input/datasets/srijeetbanerjee/exog-lc-cache-v1/cache\n"}
,{"stream_name":"stdout","time":139.928155857,"data":"[2026-10-01T14:24:48+00:00]   115892089: SDE raw 6.4999, A6 6.0068 (2s)\n"}
,{"stream_name":"stdout","time":141.271406893,"data":"[2026-10-01T14:24:50+00:00]   341522464: SDE raw 5.0241, A6 7.1278 (1s)\n"}
,{"stream_name":"stdout","time":142.120418036,"data":"[2026-10-01T14:24:50+00:00]   401398665: SDE raw 6.2876, A6 6.0651 (0s)\n"}
,{"stream_name":"stdout","time":143.358536603,"data":"[2026-10-01T14:24:52+00:00]   354132979: SDE raw 8.3072, A6 8.7760 (1s)\n"}
,{"stream_name":"stdout","time":145.027523521,"data":"[2026-10-01T14:24:53+00:00]   322810184: SDE raw 6.3935, A6 6.5518 (1s)\n"}
,{"stream_name":"stdout","time":146.095801498,"data":"[2026-10-01T14:24:54+00:00]   198479044: SDE raw 4.2679, A6 5.0424 (1s)\n"}
,{"stream_name":"stdout","time":147.44272862,"data":"[2026-10-01T14:24:56+00:00]   67509129: SDE raw 5.8365, A6 5.7844 (1s)\n"}
,{"stream_name":"stdout","time":148.71862237,"data":"[2026-10-01T14:24:57+00:00]   81103318: SDE raw 5.7992, A6 5.1661 (1s)\n"}
,{"stream_name":"stdout","time":150.896574586,"data":"[2026-10-01T14:24:59+00:00]   394582214: SDE raw 6.6305, A6 5.3375 (1s)\n"}
,{"stream_name":"stdout","time":168.446406621,"data":"[2026-10-01T14:25:17+00:00]   140964673: SDE raw 6.3667, A6 6.0416 (29s)\n"}
,{"stream_name":"stdout","time":170.675300702,"data":"[2026-10-01T14:25:19+00:00]   246933345: SDE raw 7.6792, A6 7.1281 (1s)\n"}
,{"stream_name":"stdout","time":171.654141759,"data":"[2026-10-01T14:25:20+00:00]   101718218: SDE raw 7.7382, A6 5.1369 (1s)\n"}
,{"stream_name":"stdout","time":173.796041492,"data":"[2026-10-01T14:25:22+00:00]   148786892: SDE raw 6.1031, A6 6.1850 (2s)\n"}
,{"stream_name":"stdout","time":176.235994479,"data":"[2026-10-01T14:25:25+00:00]   239883630: SDE raw 6.1743, A6 5.2311 (2s)\n"}
,{"stream_name":"stdout","time":177.617574582,"data":"[2026-10-01T14:25:26+00:00]   272575721: SDE raw 5.1045, A6 5.2363 (1s)\n"}
,{"stream_name":"stdout","time":178.512275364,"data":"[2026-10-01T14:25:27+00:00]   410394408: SDE raw 4.9438, A6 5.1872 (0s)\n"}
,{"stream_name":"stdout","time":216.42857204,"data":"[2026-10-01T14:26:05+00:00]   5738944: SDE raw 9.1348, A6 6.6068 (64s)\n"}
,{"stream_name":"stdout","time":217.524660113,"data":"[2026-10-01T14:26:06+00:00]   153183745: SDE raw 4.9738, A6 5.0070 (1s)\n"}
,{"stream_name":"stdout","time":221.977554599,"data":"[2026-10-01T14:26:10+00:00]   452446269: SDE raw 7.1472, A6 6.0066 (4s)\n"}
,{"stream_name":"stdout","time":254.412893552,"data":"[2026-10-01T14:26:43+00:00]   138169995: SDE raw 7.8089, A6 7.6391 (74s)\n"}
,{"stream_name":"stdout","time":255.531993331,"data":"[2026-10-01T14:26:44+00:00]   33946668: SDE raw 6.5548, A6 6.2249 (1s)\n"}
,{"stream_name":"stdout","time":258.140086413,"data":"[2026-10-01T14:26:47+00:00]   367008619: SDE raw 7.6567, A6 7.1228 (2s)\n"}
,{"stream_name":"stdout","time":260.073346082,"data":"[2026-10-01T14:26:48+00:00]   57232494: SDE raw 7.8251, A6 7.3796 (1s)\n"}
,{"stream_name":"stdout","time":262.372885117,"data":"[2026-10-01T14:26:51+00:00]   82457803: SDE raw 8.2863, A6 6.5764 (1s)\n"}
,{"stream_name":"stdout","time":263.657273266,"data":"[2026-10-01T14:26:52+00:00]   423811237: SDE raw 5.7319, A6 6.5508 (1s)\n"}
,{"stream_name":"stdout","time":264.869820663,"data":"[2026-10-01T14:26:53+00:00]   367586513: SDE raw 8.0420, A6 4.0934 (1s)\n"}
,{"stream_name":"stdout","time":266.196043503,"data":"[2026-10-01T14:26:55+00:00]   399105073: SDE raw 3.9794, A6 4.7952 (1s)\n"}
,{"stream_name":"stdout","time":273.918408414,"data":"[2026-10-01T14:27:02+00:00]   277100210: SDE raw 7.8835, A6 8.4693 (6s)\n"}
,{"stream_name":"stdout","time":276.346898453,"data":"[2026-10-01T14:27:05+00:00]   293483877: SDE raw 7.4324, A6 5.9869 (2s)\n"}
,{"stream_name":"stdout","time":280.935010438,"data":"[2026-10-01T14:27:09+00:00]   114060038: SDE raw 8.4384, A6 5.4074 (3s)\n"}
,{"stream_name":"stdout","time":283.524758036,"data":"[2026-10-01T14:27:12+00:00]   95437024: SDE raw 11.1968, A6 7.3103 (2s)\n"}
,{"stream_name":"stdout","time":285.961562805,"data":"[2026-10-01T14:27:14+00:00]   234523528: SDE raw 6.0022, A6 6.9990 (2s)\n"}
,{"stream_name":"stdout","time":290.743315021,"data":"[2026-10-01T14:27:19+00:00]   88338781: SDE raw 9.0657, A6 10.6824 (67s)\n"}
,{"stream_name":"stdout","time":290.818254994,"data":"[2026-10-01T14:27:19+00:00]   364967680: SDE raw 9.2342, A6 6.0673 (4s)\n"}
,{"stream_name":"stdout","time":292.137722857,"data":"[2026-10-01T14:27:21+00:00]   298957743: SDE raw 6.1658, A6 4.9537 (1s)\n"}
,{"stream_name":"stdout","time":293.416171559,"data":"[2026-10-01T14:27:22+00:00]   206475433: SDE raw 6.6910, A6 5.5338 (2s)\n"}
,{"stream_name":"stdout","time":294.584183246,"data":"[2026-10-01T14:27:23+00:00]   69468957: SDE raw 6.0406, A6 7.1677 (1s)\n"}
,{"stream_name":"stdout","time":349.729036684,"data":"[2026-10-01T14:28:18+00:00]   394346148: SDE raw 10.8131, A6 11.1702 (54s)\n"}
,{"stream_name":"stdout","time":352.267408928,"data":"[2026-10-01T14:28:21+00:00]   350437239: SDE raw 5.0041, A6 4.9142 (2s)\n"}
,{"stream_name":"stdout","time":357.20855846,"data":"[2026-10-01T14:28:26+00:00]   21185386: SDE raw 9.9328, A6 12.1884 (4s)\n"}
,{"stream_name":"stdout","time":358.210756971,"data":"[2026-10-01T14:28:27+00:00]   318966154: SDE raw 8.6167, A6 9.8546 (1s)\n"}
,{"stream_name":"stdout","time":364.714372301,"data":"[2026-10-01T14:28:33+00:00]   298601369: SDE raw 9.1655, A6 8.2755 (69s)\n"}
,{"stream_name":"stdout","time":366.935420343,"data":"[2026-10-01T14:28:35+00:00]   430671343: SDE raw 5.8575, A6 4.9905 (1s)\n"}
,{"stream_name":"stdout","time":367.806434307,"data":"[2026-10-01T14:28:36+00:00]   54442022: SDE raw 5.2871, A6 5.7335 (0s)\n"}
,{"stream_name":"stdout","time":370.284836866,"data":"[2026-10-01T14:28:39+00:00]   202511046: SDE raw 6.2702, A6 4.7595 (2s)\n"}
,{"stream_name":"stdout","time":372.583974454,"data":"[2026-10-01T14:28:41+00:00]   415674181: SDE raw 8.2928, A6 7.9043 (2s)\n"}
,{"stream_name":"stdout","time":374.878771809,"data":"[2026-10-01T14:28:43+00:00]   382463274: SDE raw 7.6682, A6 6.4976 (2s)\n"}
,{"stream_name":"stdout","time":377.049859414,"data":"[2026-10-01T14:28:45+00:00]   408290128: SDE raw 7.8316, A6 5.6088 (1s)\n"}
,{"stream_name":"stdout","time":379.126523371,"data":"[2026-10-01T14:28:47+00:00]   229898456: SDE raw 6.9810, A6 5.1790 (2s)\n"}
,{"stream_name":"stdout","time":381.174798496,"data":"[2026-10-01T14:28:50+00:00]   22818511: SDE raw 6.4015, A6 6.3436 (1s)\n"}
,{"stream_name":"stdout","time":382.528591286,"data":"[2026-10-01T14:28:51+00:00]   265531469: SDE raw 5.3283, A6 4.9953 (1s)\n"}
,{"stream_name":"stdout","time":384.71558146899997,"data":"[2026-10-01T14:28:53+00:00]   257922466: SDE raw 7.2580, A6 9.6395 (1s)\n"}
,{"stream_name":"stdout","time":385.560942249,"data":"[2026-10-01T14:28:54+00:00]   434497459: SDE raw 5.7866, A6 4.2438 (0s)\n"}
,{"stream_name":"stdout","time":386.115596527,"data":"[2026-10-01T14:28:54+00:00]   416605630: SDE raw 9.3245, A6 7.5653 (26s)\n"}
,{"stream_name":"stdout","time":387.142437592,"data":"[2026-10-01T14:28:56+00:00]   382473790: SDE raw 4.8455, A6 5.2757 (1s)\n"}
,{"stream_name":"stdout","time":387.852110203,"data":"[2026-10-01T14:28:56+00:00]   209456892: SDE raw 8.4115, A6 6.1163 (2s)\n"}
,{"stream_name":"stdout","time":389.541914028,"data":"[2026-10-01T14:28:58+00:00]   122686023: SDE raw 11.2153, A6 12.4691 (2s)\n"}
,{"stream_name":"stdout","time":390.361009833,"data":"[2026-10-01T14:28:59+00:00]   178271310: SDE raw 8.0293, A6 7.4986 (2s)\n"}
,{"stream_name":"stdout","time":392.814185166,"data":"[2026-10-01T14:29:01+00:00]   374238912: SDE raw 8.1147, A6 6.6391 (2s)\n"}
,{"stream_name":"stdout","time":393.98744869,"data":"[2026-10-01T14:29:02+00:00]   142887200: SDE raw 6.4794, A6 6.2372 (1s)\n"}
,{"stream_name":"stdout","time":394.676917749,"data":"[2026-10-01T14:29:03+00:00]   220516129: SDE raw 7.4783, A6 6.9374 (4s)\n"}
,{"stream_name":"stdout","time":396.37767119,"data":"[2026-10-01T14:29:05+00:00]   393796033: SDE raw 7.1201, A6 6.5958 (2s)\n"}
,{"stream_name":"stdout","time":397.434459272,"data":"[2026-10-01T14:29:06+00:00]   301082854: SDE raw 6.6420, A6 5.9452 (2s)\n"}
,{"stream_name":"stdout","time":397.791744051,"data":"[2026-10-01T14:29:06+00:00]   387189935: SDE raw 7.6216, A6 5.0879 (1s)\n"}
,{"stream_name":"stdout","time":398.711278737,"data":"[2026-10-01T14:29:07+00:00]   446162500: SDE raw 7.1114, A6 4.8076 (1s)\n"}
,{"stream_name":"stdout","time":403.505079479,"data":"[2026-10-01T14:29:12+00:00]   159635956: SDE raw 9.1777, A6 6.9811 (4s)\n"}
,{"stream_name":"stdout","time":408.67985421,"data":"[2026-10-01T14:29:17+00:00]   198005653: SDE raw 6.0866, A6 6.5850 (4s)\n"}
,{"stream_name":"stdout","time":409.740861381,"data":"[2026-10-01T14:29:18+00:00]   72883260: SDE raw 7.1332, A6 4.5541 (1s)\n"}
,{"stream_name":"stdout","time":411.99694477,"data":"[2026-10-01T14:29:20+00:00]   277837704: SDE raw 8.0303, A6 6.2725 (1s)\n"}
,{"stream_name":"stdout","time":461.892405541,"data":"[2026-10-01T14:30:10+00:00]   123097488: SDE raw 8.1431, A6 7.0055 (62s)\n"}
,{"stream_name":"stdout","time":464.476100658,"data":"[2026-10-01T14:30:13+00:00]   156851625: SDE raw 8.6627, A6 7.4353 (2s)\n"}
,{"stream_name":"stdout","time":466.782893393,"data":"[2026-10-01T14:30:15+00:00]   182078146: SDE raw 7.8133, A6 7.0275 (2s)\n"}
,{"stream_name":"stdout","time":474.659426379,"data":"[2026-10-01T14:30:23+00:00]   23500615: SDE raw 9.9724, A6 9.5562 (61s)\n"}
,{"stream_name":"stdout","time":476.933384571,"data":"[2026-10-01T14:30:25+00:00]   257274009: SDE raw 6.2729, A6 7.6457 (2s)\n"}
,{"stream_name":"stdout","time":477.671040967,"data":"[2026-10-01T14:30:26+00:00]   139482873: SDE raw 5.8504, A6 4.8690 (0s)\n"}
,{"stream_name":"stdout","time":478.37394312,"data":"[2026-10-01T14:30:27+00:00]   91637387: SDE raw 4.3262, A6 5.1259 (0s)\n"}
,{"stream_name":"stdout","time":480.54050543,"data":"[2026-10-01T14:30:29+00:00]   405185769: SDE raw 7.8589, A6 5.3993 (2s)\n"}
,{"stream_name":"stdout","time":480.974728097,"data":"[2026-10-01T14:30:29+00:00]   420303093: SDE raw 9.9859, A6 5.7533 (13s)\n"}
,{"stream_name":"stdout","time":563.145866403,"data":"[2026-10-01T14:31:52+00:00]   304103353: SDE raw 8.6342, A6 7.8075 (80s)\n"}
,{"stream_name":"stdout","time":563.547730872,"data":"[2026-10-01T14:31:52+00:00]   380941020: SDE raw 10.6661, A6 7.0976 (80s)\n"}
,{"stream_name":"stdout","time":564.822885025,"data":"[2026-10-01T14:31:53+00:00]   457161589: SDE raw 7.4185, A6 6.0323 (1s)\n"}
,{"stream_name":"stdout","time":565.273411763,"data":"[2026-10-01T14:31:54+00:00]   407695398: SDE raw 6.0029, A6 5.2986 (1s)\n"}
,{"stream_name":"stdout","time":566.443980621,"data":"[2026-10-01T14:31:55+00:00]   119954197: SDE raw 4.5425, A6 5.8464 (1s)\n"}
,{"stream_name":"stdout","time":567.584911789,"data":"[2026-10-01T14:31:56+00:00]   75145437: SDE raw 6.6359, A6 8.2008 (2s)\n"}
,{"stream_name":"stdout","time":568.476083919,"data":"[2026-10-01T14:31:57+00:00]   192942147: SDE raw 5.4492, A6 3.5127 (0s)\n"}
,{"stream_name":"stdout","time":570.507776147,"data":"[2026-10-01T14:31:59+00:00]   175233735: SDE raw 6.8189, A6 4.6500 (3s)\n"}
,{"stream_name":"stdout","time":570.639495691,"data":"[2026-10-01T14:31:59+00:00]   148231934: SDE raw 7.8945, A6 7.2496 (1s)\n"}
,{"stream_name":"stdout","time":585.123704887,"data":"[2026-10-01T14:32:13+00:00]   235988531: SDE raw 11.4089, A6 8.6194 (13s)\n"}
,{"stream_name":"stdout","time":601.857498284,"data":"[2026-10-01T14:32:30+00:00]   307986421: SDE raw 8.8176, A6 7.1528 (15s)\n"}
,{"stream_name":"stdout","time":610.660435453,"data":"[2026-10-01T14:32:39+00:00]   279093474: SDE raw 9.8596, A6 7.6930 (7s)\n"}
,{"stream_name":"stdout","time":631.297392059,"data":"[2026-10-01T14:33:00+00:00]   281655530: SDE raw 10.8087, A6 7.6110 (59s)\n"}
,{"stream_name":"stdout","time":632.554490297,"data":"[2026-10-01T14:33:01+00:00]   159986472: SDE raw 6.1651, A6 7.4933 (1s)\n"}
,{"stream_name":"stdout","time":633.907591829,"data":"[2026-10-01T14:33:02+00:00]   289545024: SDE raw 5.0722, A6 4.2736 (1s)\n"}
,{"stream_name":"stdout","time":673.243263385,"data":"[2026-10-01T14:33:42+00:00]   394120880: SDE raw 9.4166, A6 8.2192 (60s)\n"}
,{"stream_name":"stdout","time":685.689518434,"data":"[2026-10-01T14:33:54+00:00]   280868316: SDE raw 9.8198, A6 8.6163 (49s)\n"}
,{"stream_name":"stdout","time":709.825638625,"data":"[2026-10-01T14:34:18+00:00]   403332425: SDE raw 10.6271, A6 7.5491 (23s)\n"}
,{"stream_name":"stdout","time":713.419315673,"data":"[2026-10-01T14:34:22+00:00]   349679439: SDE raw 10.3457, A6 11.5347 (38s)\n"}
,{"stream_name":"stdout","time":754.747136585,"data":"[2026-10-01T14:35:03+00:00]   459246072: SDE raw 8.9488, A6 6.1695 (39s)\n"}
,{"stream_name":"stdout","time":784.275369691,"data":"[2026-10-01T14:35:33+00:00]   416447513: SDE raw 8.6015, A6 9.6974 (72s)\n"}
,{"stream_name":"stdout","time":786.585184581,"data":"[2026-10-01T14:35:35+00:00]   231012247: SDE raw 7.3236, A6 5.7220 (2s)\n"}
,{"stream_name":"stdout","time":791.826730167,"data":"[2026-10-01T14:35:40+00:00]   7546165: SDE raw 7.8725, A6 5.8368 (4s)\n"}
,{"stream_name":"stdout","time":821.614109557,"data":"[2026-10-01T14:36:10+00:00]   470149057: SDE raw 7.9625, A6 7.5648 (28s)\n"}
,{"stream_name":"stdout","time":826.195876717,"data":"[2026-10-01T14:36:15+00:00]   258067594: SDE raw 15.2577, A6 8.0477 (3s)\n"}
,{"stream_name":"stdout","time":870.899220514,"data":"[2026-10-01T14:36:59+00:00]   156497041: SDE raw 11.1110, A6 8.1053 (113s)\n"}
,{"stream_name":"stdout","time":871.083945922,"data":"[2026-10-01T14:36:59+00:00]   459217541: SDE raw 10.3316, A6 9.1301 (43s)\n"}
,{"stream_name":"stdout","time":871.865116391,"data":"[2026-10-01T14:37:00+00:00]   286395865: SDE raw 5.9849, A6 4.3740 (0s)\n"}
,{"stream_name":"stdout","time":872.213284632,"data":"[2026-10-01T14:37:01+00:00]   34821191: SDE raw 7.1797, A6 5.0391 (1s)\n"}
,{"stream_name":"stdout","time":915.117920607,"data":"[2026-10-01T14:37:43+00:00]   55761742: SDE raw 7.9298, A6 8.9470 (41s)\n"}
,{"stream_name":"stdout","time":916.262194979,"data":"[2026-10-01T14:37:45+00:00]   246854655: SDE raw 4.9750, A6 4.1031 (1s)\n"}
,{"stream_name":"stdout","time":946.086070784,"data":"[2026-10-01T14:38:14+00:00]   435920675: SDE raw 8.5977, A6 6.5936 (72s)\n"}
,{"stream_name":"stdout","time":997.501082055,"data":"[2026-10-01T14:39:06+00:00]   236891221: SDE raw 14.5431, A6 13.4114 (78s)\n"}
,{"stream_name":"stdout","time":1042.933977767,"data":"[2026-10-01T14:39:51+00:00]   365424081: SDE raw 12.3612, A6 11.6417 (94s)\n"}
,{"stream_name":"stdout","time":1067.673551378,"data":"[2026-10-01T14:40:16+00:00]   233239670: SDE raw 10.4490, A6 11.2358 (68s)\n"}
,{"stream_name":"stdout","time":1087.195974622,"data":"[2026-10-01T14:40:36+00:00]   137478427: SDE raw 8.2112, A6 7.1478 (19s)\n"}
,{"stream_name":"stdout","time":1110.273679524,"data":"[2026-10-01T14:40:59+00:00]   399760463: SDE raw 8.3728, A6 5.8318 (22s)\n"}
,{"stream_name":"stdout","time":1121.603567383,"data":"[2026-10-01T14:41:10+00:00]   198316044: SDE raw 10.8158, A6 8.7329 (76s)\n"}
,{"stream_name":"stdout","time":1122.806950627,"data":"[2026-10-01T14:41:11+00:00]   53578280: SDE raw 7.7477, A6 6.7307 (1s)\n"}
,{"stream_name":"stdout","time":1123.743915677,"data":"[2026-10-01T14:41:12+00:00]   65143950: SDE raw 8.8598, A6 5.0748 (1s)\n"}
,{"stream_name":"stdout","time":1126.206188649,"data":"[2026-10-01T14:41:15+00:00]   385997634: SDE raw 7.3946, A6 7.1635 (2s)\n"}
,{"stream_name":"stdout","time":1128.684198032,"data":"[2026-10-01T14:41:17+00:00]   29438318: SDE raw 7.6795, A6 10.1338 (2s)\n"}
,{"stream_name":"stdout","time":1167.793228645,"data":"[2026-10-01T14:41:56+00:00]   321544346: SDE raw 20.4108, A6 18.0079 (55s)\n"}
,{"stream_name":"stdout","time":1169.970754635,"data":"[2026-10-01T14:41:58+00:00]   122574940: SDE raw 8.2711, A6 5.3862 (1s)\n"}
,{"stream_name":"stdout","time":1170.835788003,"data":"[2026-10-01T14:41:59+00:00]   94017782: SDE raw 6.6970, A6 5.4005 (0s)\n"}
,{"stream_name":"stdout","time":1183.907160877,"data":"[2026-10-01T14:42:12+00:00]   314825813: SDE raw 8.4210, A6 7.1948 (53s)\n"}
,{"stream_name":"stdout","time":1186.296027252,"data":"[2026-10-01T14:42:15+00:00]   9569707: SDE raw 9.8862, A6 6.9746 (2s)\n"}
,{"stream_name":"stdout","time":1188.730210903,"data":"[2026-10-01T14:42:17+00:00]   219987115: SDE raw 7.2244, A6 6.6527 (2s)\n"}
,{"stream_name":"stdout","time":1189.790560515,"data":"[2026-10-01T14:42:18+00:00]   259739542: SDE raw 7.2869, A6 5.6112 (1s)\n"}
,{"stream_name":"stdout","time":1209.722384587,"data":"[2026-10-01T14:42:38+00:00]   284900411: SDE raw 8.9008, A6 7.0465 (36s)\n"}
,{"stream_name":"stdout","time":1274.870301757,"data":"[2026-10-01T14:43:43+00:00]   468992376: SDE raw 10.4574, A6 11.1552 (83s)\n"}
,{"stream_name":"stdout","time":1277.217427362,"data":"[2026-10-01T14:43:46+00:00]   302964354: SDE raw 7.9535, A6 6.9982 (2s)\n"}
,{"stream_name":"stdout","time":1325.033556662,"data":"[2026-10-01T14:44:33+00:00]   417610634: SDE raw 10.0355, A6 9.5379 (46s)\n"}
,{"stream_name":"stdout","time":1325.065399359,"data":"[2026-10-01T14:44:33+00:00]   31851830: SDE raw 10.4073, A6 8.2823 (112s)\n"}
,{"stream_name":"stdout","time":1327.654599218,"data":"[2026-10-01T14:44:36+00:00]   122687138: SDE raw 7.9076, A6 6.0154 (2s)\n"}
,{"stream_name":"stdout","time":1329.124826982,"data":"[2026-10-01T14:44:37+00:00]   352316369: SDE raw 6.6074, A6 6.3157 (1s)\n"}
,{"stream_name":"stdout","time":1330.02534802,"data":"[2026-10-01T14:44:38+00:00]   124536339: SDE raw 4.6392, A6 6.1003 (0s)\n"}
,{"stream_name":"stdout","time":1345.155646392,"data":"[2026-10-01T14:44:54+00:00]   219418910: SDE raw 10.4861, A6 9.6356 (19s)\n"}
,{"stream_name":"stdout","time":1346.148454609,"data":"[2026-10-01T14:44:55+00:00]   301797581: SDE raw 5.6005, A6 5.7342 (1s)\n"}
,{"stream_name":"stdout","time":1347.371447293,"data":"[2026-10-01T14:44:56+00:00]   370230471: SDE raw 6.0837, A6 6.8741 (1s)\n"}
,{"stream_name":"stdout","time":1350.390386695,"data":"[2026-10-01T14:44:59+00:00]   237910693: SDE raw 6.8586, A6 8.1968 (2s)\n"}
,{"stream_name":"stdout","time":1352.804710667,"data":"[2026-10-01T14:45:01+00:00]   18634351: SDE raw 5.7030, A6 5.9914 (2s)\n"}
,{"stream_name":"stdout","time":1355.389596575,"data":"[2026-10-01T14:45:04+00:00]   318612083: SDE raw 9.3103, A6 9.7869 (2s)\n"}
,{"stream_name":"stdout","time":1357.567449927,"data":"[2026-10-01T14:45:06+00:00]   237388253: SDE raw 8.9209, A6 6.9450 (1s)\n"}
,{"stream_name":"stdout","time":1362.494565642,"data":"[2026-10-01T14:45:11+00:00]   184893654: SDE raw 8.2086, A6 6.0690 (4s)\n"}
,{"stream_name":"stdout","time":1374.592046758,"data":"[2026-10-01T14:45:23+00:00]   264222290: SDE raw 9.4714, A6 8.2812 (43s)\n"}
,{"stream_name":"stdout","time":1390.146484794,"data":"[2026-10-01T14:45:39+00:00]   288487800: SDE raw 7.6246, A6 8.3326 (26s)\n"}
,{"stream_name":"stdout","time":1430.346848572,"data":"[2026-10-01T14:46:19+00:00]   271261159: SDE raw 9.7694, A6 10.7152 (38s)\n"}
,{"stream_name":"stdout","time":1431.688551989,"data":"[2026-10-01T14:46:20+00:00]   171738813: SDE raw 4.6519, A6 6.0443 (1s)\n"}
,{"stream_name":"stdout","time":1441.35674738,"data":"[2026-10-01T14:46:30+00:00]   304032438: SDE raw 12.3206, A6 10.3107 (65s)\n"}
,{"stream_name":"stdout","time":1443.892642386,"data":"[2026-10-01T14:46:32+00:00]   304686869: SDE raw 7.0893, A6 5.6750 (2s)\n"}
,{"stream_name":"stdout","time":1446.690379905,"data":"[2026-10-01T14:46:35+00:00]   142306518: SDE raw 7.4643, A6 6.6962 (2s)\n"}
,{"stream_name":"stdout","time":1528.79723241,"data":"[2026-10-01T14:47:57+00:00]   399931536: SDE raw 12.5295, A6 6.9844 (94s)\n"}
,{"stream_name":"stdout","time":1531.137111975,"data":"[2026-10-01T14:48:00+00:00]   68874932: SDE raw 5.8188, A6 5.3604 (2s)\n"}
,{"stream_name":"stdout","time":1531.180384526,"data":"[2026-10-01T14:48:00+00:00]   6923155: SDE raw 6.8893, A6 8.2093 (82s)\n"}
,{"stream_name":"stdout","time":1538.316173064,"data":"[2026-10-01T14:48:07+00:00]   219089288: SDE raw 9.6947, A6 5.8554 (6s)\n"}
,{"stream_name":"stdout","time":1590.179155715,"data":"[2026-10-01T14:48:59+00:00]   287129532: SDE raw 11.8810, A6 11.5460 (57s)\n"}
,{"stream_name":"stdout","time":1594.427295079,"data":"[2026-10-01T14:49:03+00:00]   279674412: SDE raw 7.8215, A6 6.3898 (3s)\n"}
,{"stream_name":"stdout","time":1596.919853797,"data":"[2026-10-01T14:49:05+00:00]   170699692: SDE raw 11.5950, A6 9.4981 (2s)\n"}
,{"stream_name":"stdout","time":1619.924654704,"data":"[2026-10-01T14:49:28+00:00]   168699704: SDE raw 9.2822, A6 8.7081 (22s)\n"}
,{"stream_name":"stdout","time":1642.755156613,"data":"[2026-10-01T14:49:51+00:00]   160297967: SDE raw 10.9925, A6 8.3410 (102s)\n"}
,{"stream_name":"stdout","time":1647.497452235,"data":"[2026-10-01T14:49:56+00:00]   382259082: SDE raw 6.3027, A6 6.4046 (3s)\n"}
,{"stream_name":"stdout","time":1648.713955924,"data":"[2026-10-01T14:49:57+00:00]   128797775: SDE raw 7.0995, A6 4.7961 (1s)\n"}
,{"stream_name":"stdout","time":1651.102910576,"data":"[2026-10-01T14:49:59+00:00]   390233221: SDE raw 7.2525, A6 5.6685 (2s)\n"}
,{"stream_name":"stdout","time":1653.467682821,"data":"[2026-10-01T14:50:02+00:00]   141899106: SDE raw 11.1205, A6 10.3713 (2s)\n"}
,{"stream_name":"stdout","time":1656.30126494,"data":"[2026-10-01T14:50:05+00:00]   232538287: SDE raw 6.4013, A6 6.0284 (2s)\n"}
,{"stream_name":"stdout","time":1661.906595301,"data":"[2026-10-01T14:50:10+00:00]   232970131: SDE raw 9.5439, A6 7.6899 (40s)\n"}
,{"stream_name":"stdout","time":1675.895457505,"data":"[2026-10-01T14:50:24+00:00]   444743727: SDE raw 9.3259, A6 7.5090 (18s)\n"}
,{"stream_name":"stdout","time":1683.958986484,"data":"[2026-10-01T14:50:32+00:00]   237082003: SDE raw 13.7773, A6 6.8616 (7s)\n"}
,{"stream_name":"stdout","time":1686.359402434,"data":"[2026-10-01T14:50:35+00:00]   245861520: SDE raw 9.5990, A6 7.8252 (2s)\n"}
,{"stream_name":"stdout","time":1687.367730532,"data":"[2026-10-01T14:50:36+00:00]   417867613: SDE raw 5.9653, A6 5.0432 (1s)\n"}
,{"stream_name":"stdout","time":1711.768759598,"data":"[2026-10-01T14:51:00+00:00]   219462925: SDE raw 8.7762, A6 6.9437 (47s)\n"}
,{"stream_name":"stdout","time":1714.364075045,"data":"[2026-10-01T14:51:03+00:00]   274226319: SDE raw 5.9414, A6 7.5398 (2s)\n"}
,{"stream_name":"stdout","time":1716.890360539,"data":"[2026-10-01T14:51:05+00:00]   224293125: SDE raw 8.4909, A6 7.4472 (28s)\n"}
,{"stream_name":"stdout","time":1758.801911064,"data":"[2026-10-01T14:51:47+00:00]   354383103: SDE raw 7.3801, A6 8.9472 (40s)\n"}
,{"stream_name":"stdout","time":1793.261306209,"data":"[2026-10-01T14:52:22+00:00]   166090343: SDE raw 11.0158, A6 8.0823 (33s)\n"}
,{"stream_name":"stdout","time":1802.795363606,"data":"[2026-10-01T14:52:31+00:00]   117123472: SDE raw 6.4178, A6 6.9388 (8s)\n"}
,{"stream_name":"stdout","time":1822.670508283,"data":"[2026-10-01T14:52:51+00:00]   270494412: SDE raw 8.5040, A6 7.4348 (105s)\n"}
,{"stream_name":"stdout","time":1823.730742941,"data":"[2026-10-01T14:52:52+00:00]   149857901: SDE raw 5.9905, A6 7.3149 (1s)\n"}
,{"stream_name":"stdout","time":1824.594964727,"data":"[2026-10-01T14:52:53+00:00]   243140378: SDE raw 5.9830, A6 5.6178 (1s)\n"}
,{"stream_name":"stdout","time":1834.078097546,"data":"[2026-10-01T14:53:02+00:00]   101549557: SDE raw 8.3602, A6 5.1931 (8s)\n"}
,{"stream_name":"stdout","time":1835.963191329,"data":"[2026-10-01T14:53:04+00:00]   453098271: SDE raw 9.6991, A6 6.2405 (31s)\n"}
,{"stream_name":"stdout","time":1836.523128025,"data":"[2026-10-01T14:53:05+00:00]   180568559: SDE raw 5.7359, A6 5.6220 (2s)\n"}
,{"stream_name":"stdout","time":1865.738481399,"data":"[2026-10-01T14:53:34+00:00]   406594865: SDE raw 11.1092, A6 9.7589 (28s)\n"}
,{"stream_name":"stdout","time":1895.405605748,"data":"[2026-10-01T14:54:04+00:00]   416537628: SDE raw 7.7930, A6 7.4098 (28s)\n"}
,{"stream_name":"stdout","time":1953.610190474,"data":"[2026-10-01T14:55:02+00:00]   219760133: SDE raw 11.1177, A6 6.6337 (113s)\n"}
,{"stream_name":"stdout","time":1989.960769698,"data":"[2026-10-01T14:55:38+00:00]   237926943: SDE raw 9.6066, A6 8.1406 (91s)\n"}
,{"stream_name":"stdout","time":1992.886767244,"data":"[2026-10-01T14:55:41+00:00]   232075203: SDE raw 8.1559, A6 8.3135 (2s)\n"}
,{"stream_name":"stdout","time":2023.443818707,"data":"[2026-10-01T14:56:12+00:00]   357233448: SDE raw 11.0249, A6 7.7765 (29s)\n"}
,{"stream_name":"stdout","time":2086.874941218,"data":"[2026-10-01T14:57:15+00:00]   229792387: SDE raw 10.4032, A6 9.0641 (129s)\n"}
,{"stream_name":"stdout","time":2134.145192609,"data":"[2026-10-01T14:58:03+00:00]   30851433: SDE raw 10.6330, A6 8.4817 (107s)\n"}
,{"stream_name":"stdout","time":2135.126752242,"data":"[2026-10-01T14:58:03+00:00]   158726457: SDE raw 9.3337, A6 6.1679 (1s)\n"}
,{"stream_name":"stdout","time":2140.689521547,"data":"[2026-10-01T14:58:09+00:00]   232535880: SDE raw 6.4093, A6 6.5164 (4s)\n"}
,{"stream_name":"stdout","time":2206.834491816,"data":"[2026-10-01T14:59:15+00:00]   467182449: SDE raw 9.0332, A6 6.7941 (116s)\n"}
,{"stream_name":"stdout","time":2236.006767074,"data":"[2026-10-01T14:59:44+00:00]   233129352: SDE raw 11.1606, A6 7.8290 (91s)\n"}
,{"stream_name":"stdout","time":2242.833656847,"data":"[2026-10-01T14:59:51+00:00]   461593015: SDE raw 11.8673, A6 7.3524 (34s)\n"}
,{"stream_name":"stdout","time":2308.170833897,"data":"[2026-10-01T15:00:57+00:00]   424696771: SDE raw 10.8467, A6 7.3099 (63s)\n"}
,{"stream_name":"stdout","time":2351.006136464,"data":"[2026-10-01T15:01:39+00:00]   149973879: SDE raw 10.9860, A6 7.5497 (111s)\n"}
,{"stream_name":"stdout","time":2355.029641306,"data":"[2026-10-01T15:01:43+00:00]   339668062: SDE raw 6.3338, A6 6.1401 (3s)\n"}
,{"stream_name":"stdout","time":2377.859223082,"data":"[2026-10-01T15:02:06+00:00]   300938299: SDE raw 12.2665, A6 6.5440 (66s)\n"}
,{"stream_name":"stdout","time":2385.426374333,"data":"[2026-10-01T15:02:14+00:00]   255558852: SDE raw 9.7151, A6 8.1765 (6s)\n"}
,{"stream_name":"stdout","time":2437.924324898,"data":"[2026-10-01T15:03:06+00:00]   162589720: SDE raw 11.6969, A6 13.6132 (51s)\n"}
,{"stream_name":"stdout","time":2459.495881635,"data":"[2026-10-01T15:03:28+00:00]   159298787: SDE raw 6.8875, A6 6.9880 (101s)\n"}
,{"stream_name":"stdout","time":2514.649635884,"data":"[2026-10-01T15:04:23+00:00]   177310324: SDE raw 16.4333, A6 14.7330 (73s)\n"}
,{"stream_name":"stdout","time":2573.839408173,"data":"[2026-10-01T15:05:22+00:00]   441716136: SDE raw 11.6003, A6 6.9780 (110s)\n"}
,{"stream_name":"stdout","time":2617.803605967,"data":"[2026-10-01T15:06:06+00:00]   237097193: SDE raw 11.1457, A6 10.2867 (99s)\n"}
,{"stream_name":"stdout","time":2689.569217481,"data":"[2026-10-01T15:07:18+00:00]   219850059: SDE raw 9.7041, A6 7.0686 (111s)\n"}
,{"stream_name":"stdout","time":2725.430323519,"data":"[2026-10-01T15:07:54+00:00]   458460638: SDE raw 9.4728, A6 7.0164 (104s)\n"}
,{"stream_name":"stdout","time":2804.624668799,"data":"[2026-10-01T15:09:13+00:00]   230124782: SDE raw 10.7932, A6 7.6947 (110s)\n"}
,{"stream_name":"stdout","time":2806.082584024,"data":"[2026-10-01T15:09:14+00:00]   339375400: SDE raw 5.4880, A6 4.4835 (1s)\n"}
,{"stream_name":"stdout","time":2818.510829389,"data":"[2026-10-01T15:09:27+00:00]   300509402: SDE raw 11.7519, A6 8.1074 (89s)\n"}
,{"stream_name":"stdout","time":2824.233071127,"data":"[2026-10-01T15:09:33+00:00]   309623584: SDE raw 13.1529, A6 9.6818 (16s)\n"}
,{"stream_name":"stdout","time":2903.310467822,"data":"[2026-10-01T15:10:52+00:00]   207399988: SDE raw 9.4371, A6 8.2588 (76s)\n"}
,{"stream_name":"stdout","time":2909.064081716,"data":"[2026-10-01T15:10:57+00:00]   346446228: SDE raw 7.9889, A6 8.1943 (88s)\n"}
,{"stream_name":"stdout","time":2909.993764568,"data":"[2026-10-01T15:10:58+00:00]   220594926: SDE raw 5.7917, A6 4.3791 (1s)\n"}
,{"stream_name":"stdout","time":2961.648840705,"data":"[2026-10-01T15:11:50+00:00]   25131760: SDE raw 9.6120, A6 7.8367 (55s)\n"}
,{"stream_name":"stdout","time":3002.761653389,"data":"[2026-10-01T15:12:31+00:00]   229443068: SDE raw 9.4774, A6 7.1341 (89s)\n"}
,{"stream_name":"stdout","time":3055.198247558,"data":"[2026-10-01T15:13:24+00:00]   198157850: SDE raw 7.2939, A6 8.1871 (90s)\n"}
,{"stream_name":"stdout","time":3056.389521624,"data":"[2026-10-01T15:13:25+00:00]   215113416: SDE raw 5.6507, A6 5.1182 (1s)\n"}
,{"stream_name":"stdout","time":3075.954842436,"data":"[2026-10-01T15:13:44+00:00]   326201351: SDE raw 10.2199, A6 7.7450 (18s)\n"}
,{"stream_name":"stdout","time":3106.170570468,"data":"[2026-10-01T15:14:15+00:00]   160068166: SDE raw 11.6543, A6 9.1801 (100s)\n"}
,{"stream_name":"stdout","time":3108.640137323,"data":"[2026-10-01T15:14:17+00:00]   298781076: SDE raw 6.9735, A6 4.9624 (2s)\n"}
,{"stream_name":"stdout","time":3111.311629408,"data":"[2026-10-01T15:14:20+00:00]   86375601: SDE raw 7.4287, A6 7.1584 (2s)\n"}
,{"stream_name":"stdout","time":3142.21854624,"data":"[2026-10-01T15:14:51+00:00]   289922302: SDE raw 9.2966, A6 7.8505 (29s)\n"}
,{"stream_name":"stdout","time":3190.674701144,"data":"[2026-10-01T15:15:39+00:00]   359493952: SDE raw 11.4878, A6 6.5290 (110s)\n"}
,{"stream_name":"stdout","time":3226.390310062,"data":"[2026-10-01T15:16:15+00:00]   48530426: SDE raw 8.9949, A6 6.7454 (82s)\n"}
,{"stream_name":"stdout","time":3301.464851033,"data":"[2026-10-01T15:17:30+00:00]   142082832: SDE raw 12.6783, A6 7.3257 (107s)\n"}
,{"stream_name":"stdout","time":3337.76660595,"data":"[2026-10-01T15:18:06+00:00]   167168801: SDE raw 8.0488, A6 8.8767 (107s)\n"}
,{"stream_name":"stdout","time":3394.639054074,"data":"[2026-10-01T15:19:03+00:00]   358180001: SDE raw 9.6995, A6 7.8060 (54s)\n"}
,{"stream_name":"stdout","time":3414.866584715,"data":"[2026-10-01T15:19:23+00:00]   177180032: SDE raw 9.4228, A6 7.3884 (109s)\n"}
,{"stream_name":"stdout","time":3439.411863138,"data":"[2026-10-01T15:19:48+00:00]   154012877: SDE raw 23.0285, A6 18.0870 (43s)\n"}
,{"stream_name":"stdout","time":3521.308870746,"data":"[2026-10-01T15:21:10+00:00]   167721974: SDE raw 8.2093, A6 6.2280 (102s)\n"}
,{"stream_name":"stdout","time":3556.807567355,"data":"[2026-10-01T15:21:45+00:00]   219875919: SDE raw 11.0318, A6 13.5839 (114s)\n"}
,{"stream_name":"stdout","time":3609.312512838,"data":"[2026-10-01T15:22:38+00:00]   374996773: SDE raw 26.8044, A6 25.0710 (84s)\n"}
,{"stream_name":"stdout","time":3641.774733275,"data":"[2026-10-01T15:23:10+00:00]   237220715: SDE raw 11.8647, A6 7.4934 (82s)\n"}
,{"stream_name":"stdout","time":3672.608135791,"data":"[2026-10-01T15:23:41+00:00]   137544435: SDE raw 11.9128, A6 10.7922 (29s)\n"}
,{"stream_name":"stdout","time":3679.022316258,"data":"[2026-10-01T15:23:47+00:00]   382302205: SDE raw 7.8760, A6 6.9366 (67s)\n"}
,{"stream_name":"stdout","time":3683.337046302,"data":"[2026-10-01T15:23:52+00:00]   255743472: SDE raw 14.7944, A6 19.8602 (3s)\n"}
,{"stream_name":"stdout","time":3783.245298438,"data":"[2026-10-01T15:25:32+00:00]   149219092: SDE raw 9.3869, A6 8.6021 (107s)\n"}
,{"stream_name":"stdout","time":3785.735631455,"data":"[2026-10-01T15:25:34+00:00]   400701350: SDE raw 8.1109, A6 9.5827 (2s)\n"}
,{"stream_name":"stdout","time":3791.309241413,"data":"[2026-10-01T15:25:40+00:00]   323878388: SDE raw 6.8353, A6 7.5430 (4s)\n"}
,{"stream_name":"stdout","time":3801.617656676,"data":"[2026-10-01T15:25:50+00:00]   284901325: SDE raw 11.0446, A6 7.0042 (115s)\n"}
,{"stream_name":"stdout","time":3829.232436093,"data":"[2026-10-01T15:26:18+00:00]   288608492: SDE raw 8.9738, A6 7.3051 (26s)\n"}
,{"stream_name":"stdout","time":3889.69348281,"data":"[2026-10-01T15:27:18+00:00]   219760888: SDE raw 10.6671, A6 6.4512 (95s)\n"}
,{"stream_name":"stdout","time":3905.583890109,"data":"[2026-10-01T15:27:34+00:00]   382099717: SDE raw 8.8252, A6 7.3476 (73s)\n"}
,{"stream_name":"stdout","time":3998.899197548,"data":"[2026-10-01T15:29:07+00:00]   425865767: SDE raw 6.9792, A6 7.4745 (107s)\n"}
,{"stream_name":"stdout","time":4001.858700887,"data":"[2026-10-01T15:29:10+00:00]   229685186: SDE raw 10.1429, A6 7.0467 (92s)\n"}
,{"stream_name":"stdout","time":4029.433295454,"data":"[2026-10-01T15:29:38+00:00]   307849590: SDE raw 6.9550, A6 7.6652 (25s)\n"}
,{"stream_name":"stdout","time":4059.629582338,"data":"[2026-10-01T15:30:08+00:00]   142445354: SDE raw 9.6637, A6 8.6856 (29s)\n"}
,{"stream_name":"stdout","time":4086.594430224,"data":"[2026-10-01T15:30:35+00:00]   416265649: SDE raw 10.0593, A6 7.7261 (86s)\n"}
,{"stream_name":"stdout","time":4127.579865127,"data":"[2026-10-01T15:31:16+00:00]   202423090: SDE raw 11.3811, A6 8.8405 (39s)\n"}
,{"stream_name":"stdout","time":4136.329199095,"data":"[2026-10-01T15:31:25+00:00]   167249700: SDE raw 10.1054, A6 7.4427 (73s)\n"}
,{"stream_name":"stdout","time":4178.405692661,"data":"[2026-10-01T15:32:07+00:00]   166065286: SDE raw 9.4687, A6 5.6556 (40s)\n"}
,{"stream_name":"stdout","time":4226.528905411,"data":"[2026-10-01T15:32:55+00:00]   335682956: SDE raw 7.1587, A6 7.6313 (46s)\n"}
,{"stream_name":"stdout","time":4257.09653598,"data":"[2026-10-01T15:33:25+00:00]   150098564: SDE raw 11.1978, A6 9.5877 (125s)\n"}
,{"stream_name":"stdout","time":4269.628856048,"data":"[2026-10-01T15:33:38+00:00]   461516246: SDE raw 10.5519, A6 7.7758 (41s)\n"}
,{"stream_name":"stdout","time":4369.996977117,"data":"[2026-10-01T15:35:18+00:00]   140580985: SDE raw 10.4393, A6 9.3243 (109s)\n"}
,{"stream_name":"stdout","time":4404.433727693,"data":"[2026-10-01T15:35:53+00:00]   236759151: SDE raw 9.2334, A6 7.3308 (131s)\n"}
,{"stream_name":"stdout","time":4501.648276249,"data":"[2026-10-01T15:37:30+00:00]   359588507: SDE raw 10.7260, A6 9.2790 (128s)\n"}
,{"stream_name":"stdout","time":4539.373156769,"data":"[2026-10-01T15:38:08+00:00]   176986832: SDE raw 12.2951, A6 8.5541 (130s)\n"}
,{"stream_name":"stdout","time":4540.117455126,"data":"[2026-10-01T15:38:08+00:00]   166787220: SDE raw 7.0930, A6 4.9002 (0s)\n"}
,{"stream_name":"stdout","time":4610.717038927,"data":"[2026-10-01T15:39:19+00:00]   149251911: SDE raw 9.1746, A6 7.2657 (105s)\n"}
,{"stream_name":"stdout","time":4672.956952494,"data":"[2026-10-01T15:40:21+00:00]   177258092: SDE raw 19.8064, A6 18.5190 (128s)\n"}
,{"stream_name":"stdout","time":4743.282657682,"data":"[2026-10-01T15:41:32+00:00]   198281243: SDE raw 8.2452, A6 7.4904 (128s)\n"}
,{"stream_name":"stdout","time":4790.033879115,"data":"[2026-10-01T15:42:18+00:00]   237230985: SDE raw 14.1163, A6 9.0847 (113s)\n"}
,{"stream_name":"stdout","time":4824.179652504,"data":"[2026-10-01T15:42:53+00:00]   142413204: SDE raw 8.7458, A6 5.7824 (32s)\n"}
,{"stream_name":"stdout","time":4900.381590292,"data":"[2026-10-01T15:44:09+00:00]   350623646: SDE raw 15.3576, A6 11.4417 (153s)\n"}
,{"stream_name":"stdout","time":4901.421308513,"data":"[2026-10-01T15:44:10+00:00]   273035189: SDE raw 6.7754, A6 8.1788 (1s)\n"}
,{"stream_name":"stdout","time":4919.072095896,"data":"[2026-10-01T15:44:27+00:00]   230071539: SDE raw 15.0117, A6 13.6451 (91s)\n"}
,{"stream_name":"stdout","time":4982.862445974,"data":"[2026-10-01T15:45:31+00:00]   236972072: SDE raw 10.8429, A6 9.4635 (61s)\n"}
,{"stream_name":"stdout","time":5026.108280893,"data":"[2026-10-01T15:46:14+00:00]   278198742: SDE raw 10.8393, A6 6.7555 (121s)\n"}
,{"stream_name":"stdout","time":5074.835212136,"data":"[2026-10-01T15:47:03+00:00]   259266100: SDE raw 8.9320, A6 6.5850 (88s)\n"}
,{"stream_name":"stdout","time":5172.851063214,"data":"[2026-10-01T15:48:41+00:00]   229688109: SDE raw 9.2232, A6 6.4718 (143s)\n"}
,{"stream_name":"stdout","time":5178.131046964,"data":"[2026-10-01T15:48:46+00:00]   358579477: SDE raw 12.4315, A6 8.9546 (4s)\n"}
,{"stream_name":"stdout","time":5188.571046461,"data":"[2026-10-01T15:48:57+00:00]   233128986: SDE raw 8.5593, A6 8.3701 (109s)\n"}
,{"stream_name":"stdout","time":5208.472483395,"data":"[2026-10-01T15:49:17+00:00]   349827424: SDE raw 8.2632, A6 8.9578 (29s)\n"}
,{"stream_name":"stdout","time":5281.037817628,"data":"[2026-10-01T15:50:29+00:00]   279362216: SDE raw 21.2084, A6 23.3373 (88s)\n"}
,{"stream_name":"stdout","time":5300.54001101,"data":"[2026-10-01T15:50:49+00:00]   259166291: SDE raw 10.6040, A6 8.9941 (88s)\n"}
,{"stream_name":"stdout","time":5380.436390016,"data":"[2026-10-01T15:52:09+00:00]   199631917: SDE raw 12.2141, A6 8.3727 (77s)\n"}
,{"stream_name":"stdout","time":5394.146588701,"data":"[2026-10-01T15:52:23+00:00]   289621610: SDE raw 8.9287, A6 9.5156 (108s)\n"}
,{"stream_name":"stdout","time":5410.739231333,"data":"[2026-10-01T15:52:39+00:00]   142439883: SDE raw 8.0971, A6 6.5206 (29s)\n"}
,{"stream_name":"stdout","time":5502.346756246,"data":"[2026-10-01T15:54:11+00:00]   55604793: SDE raw 10.0681, A6 8.0580 (104s)\n"}
,{"stream_name":"stdout","time":5522.728520224,"data":"[2026-10-01T15:54:31+00:00]   38696692: SDE raw 13.1324, A6 7.1695 (108s)\n"}
,{"stream_name":"stdout","time":5527.626328791,"data":"[2026-10-01T15:54:36+00:00]   231967801: SDE raw 6.9864, A6 6.3645 (4s)\n"}
,{"stream_name":"stdout","time":5570.505028029,"data":"[2026-10-01T15:55:19+00:00]   161820894: SDE raw 7.6198, A6 9.4149 (41s)\n"}
,{"stream_name":"stdout","time":5661.010634239,"data":"[2026-10-01T15:56:49+00:00]   404926864: SDE raw 8.4211, A6 8.0291 (154s)\n"}
,{"stream_name":"stdout","time":5662.622399852,"data":"[2026-10-01T15:56:51+00:00]   381952656: SDE raw 8.6084, A6 6.8366 (88s)\n"}
,{"stream_name":"stdout","time":5753.947299453,"data":"[2026-10-01T15:58:22+00:00]   358154514: SDE raw 9.3812, A6 7.4934 (89s)\n"}
,{"stream_name":"stdout","time":5755.760373486,"data":"[2026-10-01T15:58:24+00:00]   198185764: SDE raw 10.5597, A6 7.7004 (89s)\n"}
,{"stream_name":"stdout","time":5867.541027673,"data":"[2026-10-01T16:00:16+00:00]   306470809: SDE raw 8.3990, A6 10.5550 (108s)\n"}
,{"stream_name":"stdout","time":5896.375447035,"data":"[2026-10-01T16:00:45+00:00]   394051802: SDE raw 9.1191, A6 6.2978 (138s)\n"}
,{"stream_name":"stdout","time":5960.267773345,"data":"[2026-10-01T16:01:49+00:00]   389918321: SDE raw 13.4371, A6 8.4662 (89s)\n"}
,{"stream_name":"stdout","time":5989.338220106,"data":"[2026-10-01T16:02:18+00:00]   359557642: SDE raw 12.0740, A6 8.9872 (89s)\n"}
,{"stream_name":"stdout","time":6055.362833887,"data":"[2026-10-01T16:03:24+00:00]   207435197: SDE raw 12.7311, A6 7.8851 (91s)\n"}
,{"stream_name":"stdout","time":6095.692943565,"data":"[2026-10-01T16:04:04+00:00]   350335082: SDE raw 10.4050, A6 9.5094 (102s)\n"}
,{"stream_name":"stdout","time":6170.595324339,"data":"[2026-10-01T16:05:19+00:00]   230077165: SDE raw 10.2952, A6 8.5045 (111s)\n"}
,{"stream_name":"stdout","time":6184.232449753,"data":"[2026-10-01T16:05:33+00:00]   160394950: SDE raw 9.5385, A6 8.2663 (86s)\n"}
,{"stream_name":"stdout","time":6265.314080286,"data":"[2026-10-01T16:06:54+00:00]   229966779: SDE raw 10.7233, A6 6.4885 (91s)\n"}
,{"stream_name":"stdout","time":6276.7924976,"data":"[2026-10-01T16:07:05+00:00]   55558686: SDE raw 16.0273, A6 8.5474 (88s)\n"}
,{"stream_name":"stdout","time":6371.379224138,"data":"[2026-10-01T16:08:40+00:00]   287080187: SDE raw 8.5591, A6 7.4876 (91s)\n"}
,{"stream_name":"stdout","time":6377.486359067,"data":"[2026-10-01T16:08:46+00:00]   356976911: SDE raw 12.8119, A6 7.5991 (108s)\n"}
,{"stream_name":"stdout","time":6466.353519146,"data":"[2026-10-01T16:10:15+00:00]   229401943: SDE raw 11.1549, A6 9.2885 (91s)\n"}
,{"stream_name":"stdout","time":6469.571228986,"data":"[2026-10-01T16:10:18+00:00]   220421191: SDE raw 8.4157, A6 8.7596 (88s)\n"}
,{"stream_name":"stdout","time":6563.610283795,"data":"[2026-10-01T16:11:52+00:00]   233062953: SDE raw 8.4969, A6 7.6636 (93s)\n"}
,{"stream_name":"stdout","time":6566.241440778,"data":"[2026-10-01T16:11:55+00:00]   199663926: SDE raw 13.1740, A6 9.3695 (92s)\n"}
,{"stream_name":"stdout","time":6678.778815778,"data":"[2026-10-01T16:13:47+00:00]   220422671: SDE raw 10.9169, A6 7.5301 (112s)\n"}
,{"stream_name":"stdout","time":6682.865916533,"data":"[2026-10-01T16:13:51+00:00]   284892749: SDE raw 7.9096, A6 6.7059 (112s)\n"}
,{"stream_name":"stdout","time":6767.821991272,"data":"[2026-10-01T16:15:16+00:00]   199708730: SDE raw 10.6088, A6 7.2487 (86s)\n"}
,{"stream_name":"stdout","time":6801.206880757,"data":"[2026-10-01T16:15:50+00:00]   233157284: SDE raw 7.8236, A6 7.4608 (114s)\n"}
,{"stream_name":"stdout","time":6802.010568573,"data":"[2026-10-01T16:15:50+00:00]   288638522: SDE raw 11.0783, A6 10.6133 (32s)\n"}
,{"stream_name":"stdout","time":6894.242162368,"data":"[2026-10-01T16:17:23+00:00]   167895977: SDE raw 9.1432, A6 8.3513 (88s)\n"}
,{"stream_name":"stdout","time":6897.220712779,"data":"[2026-10-01T16:17:26+00:00]   229608897: SDE raw 7.7669, A6 7.4731 (92s)\n"}
,{"stream_name":"stdout","time":7010.700228832,"data":"[2026-10-01T16:19:19+00:00]   402448314: SDE raw 9.3440, A6 8.5036 (109s)\n"}
,{"stream_name":"stdout","time":7052.827532694,"data":"[2026-10-01T16:20:01+00:00]   150140166: SDE raw 10.5621, A6 8.2311 (154s)\n"}
,{"stream_name":"stdout","time":7122.370663975,"data":"[2026-10-01T16:21:11+00:00]   29758859: SDE raw 8.8035, A6 9.4850 (107s)\n"}
,{"stream_name":"stdout","time":7139.014398507,"data":"[2026-10-01T16:21:27+00:00]   382510066: SDE raw 7.6417, A6 7.6424 (83s)\n"}
,{"stream_name":"stdout","time":7231.53723534,"data":"[2026-10-01T16:23:00+00:00]   55398952: SDE raw 10.3215, A6 6.8176 (88s)\n"}
,{"stream_name":"stdout","time":7234.59881805,"data":"[2026-10-01T16:23:03+00:00]   198187666: SDE raw 9.4445, A6 8.2446 (108s)\n"}
,{"stream_name":"stdout","time":7342.043989282,"data":"[2026-10-01T16:24:50+00:00]   382257374: SDE raw 11.2436, A6 9.9344 (103s)\n"}
,{"stream_name":"stdout","time":7379.341746584,"data":"[2026-10-01T16:25:28+00:00]   229965743: SDE raw 9.6769, A6 8.0362 (143s)\n"}
,{"stream_name":"stdout","time":7472.753682971,"data":"[2026-10-01T16:27:01+00:00]   441763983: SDE raw 9.0544, A6 7.7510 (89s)\n"}
,{"stream_name":"stdout","time":7490.486122267,"data":"[2026-10-01T16:27:19+00:00]   160424623: SDE raw 12.8390, A6 7.8963 (144s)\n"}
,{"stream_name":"stdout","time":7584.818931797,"data":"[2026-10-01T16:28:53+00:00]   353897394: SDE raw 9.6213, A6 6.5399 (90s)\n"}
,{"stream_name":"stdout","time":7586.444040765,"data":"[2026-10-01T16:28:55+00:00]   198358376: SDE raw 8.4580, A6 8.7186 (109s)\n"}
,{"stream_name":"stdout","time":7653.457352295,"data":"[2026-10-01T16:30:02+00:00]   202505705: SDE raw 10.5266, A6 8.5357 (64s)\n"}
,{"stream_name":"stdout","time":7669.538960024,"data":"[2026-10-01T16:30:18+00:00]   243285053: SDE raw 5.8742, A6 6.0726 (15s)\n"}
,{"stream_name":"stdout","time":7678.051194835,"data":"[2026-10-01T16:30:26+00:00]   237198386: SDE raw 13.0007, A6 9.0805 (89s)\n"}
,{"stream_name":"stdout","time":7775.078630697,"data":"[2026-10-01T16:32:03+00:00]   219882087: SDE raw 6.2614, A6 6.4360 (93s)\n"}
,{"stream_name":"stdout","time":7806.499651862,"data":"[2026-10-01T16:32:35+00:00]   219792306: SDE raw 9.7620, A6 6.8433 (133s)\n"}
,{"stream_name":"stdout","time":7868.287927932,"data":"[2026-10-01T16:33:37+00:00]   280070842: SDE raw 12.0212, A6 9.4454 (89s)\n"}
,{"stream_name":"stdout","time":7924.290298313,"data":"[2026-10-01T16:34:33+00:00]   229702876: SDE raw 9.9704, A6 8.4158 (113s)\n"}
,{"stream_name":"stdout","time":7961.079894601,"data":"[2026-10-01T16:35:09+00:00]   441732126: SDE raw 12.0203, A6 7.8328 (89s)\n"}
,{"stream_name":"stdout","time":8009.262713754,"data":"[2026-10-01T16:35:58+00:00]   33878459: SDE raw 8.2318, A6 7.9107 (46s)\n"}
,{"stream_name":"stdout","time":8019.012528592,"data":"[2026-10-01T16:36:07+00:00]   341816295: SDE raw 7.6824, A6 8.4384 (90s)\n"}
,{"stream_name":"stdout","time":8103.825352823,"data":"[2026-10-01T16:37:32+00:00]   441812191: SDE raw 12.2633, A6 8.3989 (90s)\n"}
,{"stream_name":"stdout","time":8129.896327916,"data":"[2026-10-01T16:37:58+00:00]   150430837: SDE raw 10.2835, A6 7.8183 (107s)\n"}
,{"stream_name":"stdout","time":8196.285206336,"data":"[2026-10-01T16:39:05+00:00]   38508526: SDE raw 8.0890, A6 7.0820 (88s)\n"}
,{"stream_name":"stdout","time":8213.052586364,"data":"[2026-10-01T16:39:21+00:00]   139369107: SDE raw 9.1343, A6 9.7114 (80s)\n"}
,{"stream_name":"stdout","time":8307.997148609,"data":"[2026-10-01T16:40:56+00:00]   231081634: SDE raw 11.9225, A6 6.7427 (108s)\n"}
,{"stream_name":"stdout","time":8323.876670153,"data":"[2026-10-01T16:41:12+00:00]   279052980: SDE raw 10.7560, A6 11.4766 (106s)\n"}
,{"stream_name":"stdout","time":8400.996168362,"data":"[2026-10-01T16:42:29+00:00]   141280939: SDE raw 7.2601, A6 5.9278 (89s)\n"}
,{"stream_name":"stdout","time":8467.51854193,"data":"[2026-10-01T16:43:36+00:00]   374862395: SDE raw 12.2281, A6 12.0194 (140s)\n"}
,{"stream_name":"stdout","time":8518.232437075,"data":"[2026-10-01T16:44:27+00:00]   233733207: SDE raw 9.8212, A6 7.8408 (112s)\n"}
,{"stream_name":"stdout","time":8562.158122343,"data":"[2026-10-01T16:45:11+00:00]   219100883: SDE raw 9.1380, A6 7.5436 (90s)\n"}
,{"stream_name":"stdout","time":8643.098411429,"data":"[2026-10-01T16:46:31+00:00]   55296811: SDE raw 12.3203, A6 8.2270 (121s)\n"}
,{"stream_name":"stdout","time":8654.547548098,"data":"[2026-10-01T16:46:43+00:00]   306772594: SDE raw 9.7949, A6 9.1671 (88s)\n"}
,{"stream_name":"stdout","time":8748.777869601,"data":"[2026-10-01T16:48:17+00:00]   298289582: SDE raw 17.1795, A6 10.0202 (90s)\n"}
,{"stream_name":"stdout","time":8785.145137645,"data":"[2026-10-01T16:48:54+00:00]   33836833: SDE raw 13.4943, A6 9.1937 (138s)\n"}
,{"stream_name":"stdout","time":8878.232499811,"data":"[2026-10-01T16:50:27+00:00]   232636773: SDE raw 10.0183, A6 8.4540 (89s)\n"}
,{"stream_name":"stdout","time":8884.703220842,"data":"[2026-10-01T16:50:33+00:00]   41529304: SDE raw 16.7196, A6 10.4506 (131s)\n"}
,{"stream_name":"stdout","time":8955.310067294,"data":"[2026-10-01T16:51:44+00:00]   232617398: SDE raw 11.0284, A6 6.5696 (67s)\n"}
,{"stream_name":"stdout","time":9026.189418988,"data":"[2026-10-01T16:52:55+00:00]   219801626: SDE raw 13.4144, A6 8.9511 (144s)\n"}
,{"stream_name":"stdout","time":9046.32253835,"data":"[2026-10-01T16:53:15+00:00]   32092043: SDE raw 10.4841, A6 7.2135 (87s)\n"}
,{"stream_name":"stdout","time":9115.239243379,"data":"[2026-10-01T16:54:24+00:00]   278826800: SDE raw 7.9520, A6 8.8478 (86s)\n"}
,{"stream_name":"stdout","time":9167.099737031,"data":"[2026-10-01T16:55:15+00:00]   403329301: SDE raw 9.6196, A6 9.3314 (116s)\n"}
,{"stream_name":"stdout","time":9207.052971632,"data":"[2026-10-01T16:55:55+00:00]   300039564: SDE raw 11.1777, A6 8.9348 (88s)\n"}
,{"stream_name":"stdout","time":9275.981884888,"data":"[2026-10-01T16:57:04+00:00]   389499588: SDE raw 14.1873, A6 14.6154 (65s)\n"}
,{"stream_name":"stdout","time":9286.358755451,"data":"[2026-10-01T16:57:15+00:00]   233504081: SDE raw 11.1182, A6 13.0044 (115s)\n"}
,{"stream_name":"stdout","time":9369.069326064,"data":"[2026-10-01T16:58:37+00:00]   356975809: SDE raw 10.8373, A6 8.4243 (89s)\n"}
,{"stream_name":"stdout","time":9382.10693613,"data":"[2026-10-01T16:58:50+00:00]   237235044: SDE raw 10.1732, A6 10.4626 (92s)\n"}
,{"stream_name":"stdout","time":9461.559080773,"data":"[2026-10-01T17:00:10+00:00]   349765331: SDE raw 7.8651, A6 8.2361 (88s)\n"}
,{"stream_name":"stdout","time":9474.925583938,"data":"[2026-10-01T17:00:23+00:00]   353990599: SDE raw 8.3190, A6 7.0131 (89s)\n"}
,{"stream_name":"stdout","time":9576.293289684,"data":"[2026-10-01T17:02:05+00:00]   229615589: SDE raw 10.6118, A6 9.2018 (110s)\n"}
,{"stream_name":"stdout","time":9603.957741486,"data":"[2026-10-01T17:02:32+00:00]   31963524: SDE raw 10.4491, A6 7.9100 (125s)\n"}
,{"stream_name":"stdout","time":9668.777877455,"data":"[2026-10-01T17:03:37+00:00]   300863866: SDE raw 10.1173, A6 6.5133 (88s)\n"}
,{"stream_name":"stdout","time":9690.407484879,"data":"[2026-10-01T17:03:59+00:00]   55663810: SDE raw 10.8880, A6 8.1115 (82s)\n"}
,{"stream_name":"stdout","time":9761.872296314,"data":"[2026-10-01T17:05:10+00:00]   233631111: SDE raw 8.0959, A6 7.4432 (89s)\n"}
,{"stream_name":"stdout","time":9785.1969784,"data":"[2026-10-01T17:05:34+00:00]   235676019: SDE raw 12.7482, A6 9.5067 (91s)\n"}
,{"stream_name":"stdout","time":9876.201360318,"data":"[2026-10-01T17:07:05+00:00]   219898343: SDE raw 8.3707, A6 6.7453 (110s)\n"}
,{"stream_name":"stdout","time":9879.298643022,"data":"[2026-10-01T17:07:08+00:00]   416401346: SDE raw 8.7250, A6 7.1883 (90s)\n"}
,{"stream_name":"stdout","time":9973.060448273,"data":"[2026-10-01T17:08:41+00:00]   320323542: SDE raw 19.5912, A6 19.7445 (93s)\n"}
,{"stream_name":"stdout","time":10016.522399259,"data":"[2026-10-01T17:09:25+00:00]   233631664: SDE raw 10.1427, A6 8.2941 (133s)\n"}
,{"stream_name":"stdout","time":10094.478384985,"data":"[2026-10-01T17:10:43+00:00]   441716248: SDE raw 9.8268, A6 8.1447 (76s)\n"}
,{"stream_name":"stdout","time":10095.809258973,"data":"[2026-10-01T17:10:44+00:00]   198081977: SDE raw 8.5815, A6 9.6412 (119s)\n"}
,{"stream_name":"stdout","time":10190.109811496,"data":"[2026-10-01T17:12:18+00:00]   198213063: SDE raw 12.0561, A6 6.3982 (92s)\n"}
,{"stream_name":"stdout","time":10232.123710631,"data":"[2026-10-01T17:13:00+00:00]   359496682: SDE raw 10.7480, A6 8.4768 (132s)\n"}
,{"stream_name":"stderr","time":10235.195825727,"data":"/usr/local/lib/python3.12/dist-packages/mistune.py:435: SyntaxWarning: invalid escape sequence '\\|'\n"}
,{"stream_name":"stderr","time":10235.195862387,"data":"  cells[i][c] = re.sub('\\\\\\\\\\|', '|', cell)\n"}
,{"stream_name":"stderr","time":10235.451730764,"data":"/usr/local/lib/python3.12/dist-packages/nbconvert/filters/filter_links.py:36: SyntaxWarning: invalid escape sequence '\\_'\n"}
,{"stream_name":"stderr","time":10235.451780274,"data":"  text = re.sub(r'_', '\\_', text) # Escape underscores in display text\n"}
,{"stream_name":"stderr","time":10236.117660462,"data":"[NbConvertApp] Converting notebook __script__.ipynb to html\n"}
,{"stream_name":"stderr","time":10237.348259125,"data":"[NbConvertApp] Writing 277892 bytes to __results__.html\n"}
]