[{"stream_name":"stdout","time":17.474218579,"data":"     ━━━━━━━━━━━━━━━━━━━━━━━━━━━━━━━━━━━━━━━━ 62.1/62.1 kB 1.6 MB/s eta 0:00:00\n"}
,{"stream_name":"stdout","time":18.952311528,"data":"     ━━━━━━━━━━━━━━━━━━━━━━━━━━━━━━━━━━━━━━━━ 80.3/80.3 kB 2.7 MB/s eta 0:00:00\n"}
,{"stream_name":"stdout","time":21.370141899,"data":"     ━━━━━━━━━━━━━━━━━━━━━━━━━━━━━━━━━━━━━━━━ 41.2/41.2 kB 1.7 MB/s eta 0:00:00\n"}
,{"stream_name":"stdout","time":25.605314896,"data":"   ━━━━━━━━━━━━━━━━━━━━━━━━━━━━━━━━━━━━━━━━ 10.5/10.5 MB 83.1 MB/s eta 0:00:00\n"}
,{"stream_name":"stdout","time":25.72845775,"data":"   ━━━━━━━━━━━━━━━━━━━━━━━━━━━━━━━━━━━━━━━━ 11.1/11.1 MB 102.1 MB/s eta 0:00:00\n"}
,{"stream_name":"stdout","time":25.766039715,"data":"   ━━━━━━━━━━━━━━━━━━━━━━━━━━━━━━━━━━━━━━━━ 243.5/243.5 kB 11.5 MB/s eta 0:00:00\n"}
,{"stream_name":"stdout","time":25.812771131,"data":"   ━━━━━━━━━━━━━━━━━━━━━━━━━━━━━━━━━━━━━━━━ 377.5/377.5 kB 16.1 MB/s eta 0:00:00\n"}
,{"stream_name":"stdout","time":25.851370725,"data":"   ━━━━━━━━━━━━━━━━━━━━━━━━━━━━━━━━━━━━━━━━ 261.1/261.1 kB 13.0 MB/s eta 0:00:00\n"}
,{"stream_name":"stdout","time":25.961089389,"data":"   ━━━━━━━━━━━━━━━━━━━━━━━━━━━━━━━━━━━━━━━━ 9.9/9.9 MB 109.0 MB/s eta 0:00:00\n"}
,{"stream_name":"stdout","time":25.99779219,"data":"   ━━━━━━━━━━━━━━━━━━━━━━━━━━━━━━━━━━━━━━━━ 155.6/155.6 kB 7.3 MB/s eta 0:00:00\n"}
,{"stream_name":"stdout","time":26.103626442,"data":"   ━━━━━━━━━━━━━━━━━━━━━━━━━━━━━━━━━━━━━━━━ 9.2/9.2 MB 106.8 MB/s eta 0:00:00\n"}
,{"stream_name":"stdout","time":26.405512374,"data":"   ━━━━━━━━━━━━━━━━━━━━━━━━━━━━━━━━━━━━━━━━ 35.2/35.2 MB 62.3 MB/s eta 0:00:00\n"}
,{"stream_name":"stdout","time":26.45032237,"data":"   ━━━━━━━━━━━━━━━━━━━━━━━━━━━━━━━━━━━━━━━━ 47.5/47.5 kB 1.4 MB/s eta 0:00:00\n"}
,{"stream_name":"stdout","time":26.531353501,"data":"   ━━━━━━━━━━━━━━━━━━━━━━━━━━━━━━━━━━━━━━━━ 2.0/2.0 MB 59.4 MB/s eta 0:00:00\n"}
,{"stream_name":"stdout","time":26.57948408,"data":"   ━━━━━━━━━━━━━━━━━━━━━━━━━━━━━━━━━━━━━━━━ 1.2/1.2 MB 39.4 MB/s eta 0:00:00\n"}
,{"stream_name":"stdout","time":26.655249468,"data":"   ━━━━━━━━━━━━━━━━━━━━━━━━━━━━━━━━━━━━━━━━ 60.1/60.1 kB 2.3 MB/s eta 0:00:00\n"}
,{"stream_name":"stdout","time":26.72662173,"data":"   ━━━━━━━━━━━━━━━━━━━━━━━━━━━━━━━━━━━━━━━━ 102.6/102.6 kB 4.5 MB/s eta 0:00:00\n"}
,{"stream_name":"stdout","time":26.772332552,"data":"   ━━━━━━━━━━━━━━━━━━━━━━━━━━━━━━━━━━━━━━━━ 1.8/1.8 MB 62.6 MB/s eta 0:00:00\n"}
,{"stream_name":"stdout","time":26.81435007,"data":"   ━━━━━━━━━━━━━━━━━━━━━━━━━━━━━━━━━━━━━━━━ 221.7/221.7 kB 8.4 MB/s eta 0:00:00\n"}
,{"stream_name":"stdout","time":27.00705528,"data":"   ━━━━━━━━━━━━━━━━━━━━━━━━━━━━━━━━━━━━━━━━ 16.0/16.0 MB 91.4 MB/s eta 0:00:00\n"}
,{"stream_name":"stderr","time":108.8899168,"data":"ERROR: pip's dependency resolver does not currently take into account all the packages that are installed. This behaviour is the source of the following dependency conflicts.\n"}
,{"stream_name":"stderr","time":108.88994756,"data":"bigframes 2.39.0 requires google-cloud-bigquery-storage\u003c3.0.0,\u003e=2.30.0, which is not installed.\n"}
,{"stream_name":"stderr","time":108.889953259,"data":"datasets 5.0.0 requires fsspec[http]\u003c=2026.4.0,\u003e=2023.1.0, but you have fsspec 2026.9.0 which is incompatible.\n"}
,{"stream_name":"stderr","time":108.889957608,"data":"ydata-profiling 4.18.4 requires matplotlib\u003c=3.10,\u003e=3.5, but you have matplotlib 3.11.2 which is incompatible.\n"}
,{"stream_name":"stderr","time":108.889961868,"data":"ydata-profiling 4.18.4 requires scipy\u003c1.17,\u003e=1.8, but you have scipy 1.17.1 which is incompatible.\n"}
,{"stream_name":"stderr","time":108.889966392,"data":"gcsfs 2025.3.0 requires fsspec==2025.3.0, but you have fsspec 2026.9.0 which is incompatible.\n"}
,{"stream_name":"stderr","time":108.889970978,"data":"sklearn-compat 0.1.5 requires scikit-learn\u003c1.9,\u003e=1.2, but you have scikit-learn 1.9.1 which is incompatible.\n"}
,{"stream_name":"stdout","time":165.909519184,"data":"[2026-10-02T07:45:40+00:00] gpu_14of14: 191 stars, cache /kaggle/input/datasets/srijeetbanerjee/exog-lc-cache-v1/cache\n"}
,{"stream_name":"stdout","time":167.374278786,"data":"[2026-10-02T07:45:42+00:00] gpu_13of14: 187 stars, cache /kaggle/input/datasets/srijeetbanerjee/exog-lc-cache-v1/cache\n"}
,{"stream_name":"stdout","time":198.823018028,"data":"[2026-10-02T07:46:13+00:00]   71110165: SDE raw 5.4678, A6 4.6516 (2s)\n"}
,{"stream_name":"stdout","time":199.787750488,"data":"[2026-10-02T07:46:14+00:00]   350022826: SDE raw 9.9945, A6 10.8337 (3s)\n"}
,{"stream_name":"stdout","time":201.191717897,"data":"[2026-10-02T07:46:15+00:00]   365966774: SDE raw 5.1200, A6 4.6553 (1s)\n"}
,{"stream_name":"stdout","time":201.266673297,"data":"[2026-10-02T07:46:16+00:00]   219015973: SDE raw 8.8588, A6 5.4914 (2s)\n"}
,{"stream_name":"stdout","time":203.379296706,"data":"[2026-10-02T07:46:18+00:00]   257303464: SDE raw 9.2090, A6 8.0392 (1s)\n"}
,{"stream_name":"stdout","time":203.527512563,"data":"[2026-10-02T07:46:18+00:00]   404738718: SDE raw 7.1787, A6 5.2132 (1s)\n"}
,{"stream_name":"stdout","time":205.898459659,"data":"[2026-10-02T07:46:20+00:00]   271519653: SDE raw 8.0323, A6 6.4496 (2s)\n"}
,{"stream_name":"stdout","time":206.231298301,"data":"[2026-10-02T07:46:20+00:00]   237886434: SDE raw 5.7653, A6 5.4940 (2s)\n"}
,{"stream_name":"stdout","time":206.79655934,"data":"[2026-10-02T07:46:21+00:00]   164053586: SDE raw 6.0519, A6 4.2200 (1s)\n"}
,{"stream_name":"stdout","time":207.102593385,"data":"[2026-10-02T07:46:21+00:00]   33174824: SDE raw 6.3834, A6 4.9209 (0s)\n"}
,{"stream_name":"stdout","time":209.225592164,"data":"[2026-10-02T07:46:23+00:00]   71591972: SDE raw 5.8832, A6 5.8301 (2s)\n"}
,{"stream_name":"stdout","time":211.724082263,"data":"[2026-10-02T07:46:26+00:00]   286729352: SDE raw 6.6714, A6 5.2883 (2s)\n"}
,{"stream_name":"stdout","time":212.704208415,"data":"[2026-10-02T07:46:27+00:00]   89188478: SDE raw 4.9479, A6 5.6212 (1s)\n"}
,{"stream_name":"stdout","time":213.949645402,"data":"[2026-10-02T07:46:28+00:00]   206596339: SDE raw 6.5473, A6 6.5628 (1s)\n"}
,{"stream_name":"stdout","time":216.43949375,"data":"[2026-10-02T07:46:31+00:00]   401837890: SDE raw 8.4308, A6 5.2078 (2s)\n"}
,{"stream_name":"stdout","time":219.310873821,"data":"[2026-10-02T07:46:34+00:00]   159505220: SDE raw 10.8451, A6 8.6749 (11s)\n"}
,{"stream_name":"stdout","time":221.429548845,"data":"[2026-10-02T07:46:36+00:00]   3663779: SDE raw 10.1124, A6 5.6291 (4s)\n"}
,{"stream_name":"stdout","time":221.695324127,"data":"[2026-10-02T07:46:36+00:00]   144602332: SDE raw 10.2876, A6 5.4505 (2s)\n"}
,{"stream_name":"stdout","time":223.738762767,"data":"[2026-10-02T07:46:38+00:00]   22749511: SDE raw 6.0171, A6 7.4773 (1s)\n"}
,{"stream_name":"stdout","time":224.034094534,"data":"[2026-10-02T07:46:38+00:00]   114592893: SDE raw 5.7095, A6 6.4039 (1s)\n"}
,{"stream_name":"stdout","time":225.891380957,"data":"[2026-10-02T07:46:40+00:00]   305237897: SDE raw 5.7202, A6 5.2240 (1s)\n"}
,{"stream_name":"stdout","time":226.297926592,"data":"[2026-10-02T07:46:41+00:00]   407696589: SDE raw 5.4732, A6 5.8161 (2s)\n"}
,{"stream_name":"stdout","time":226.86826392,"data":"[2026-10-02T07:46:41+00:00]   63627476: SDE raw 7.4293, A6 7.0857 (1s)\n"}
,{"stream_name":"stdout","time":227.640225852,"data":"[2026-10-02T07:46:42+00:00]   285117655: SDE raw 9.8639, A6 6.9223 (1s)\n"}
,{"stream_name":"stdout","time":229.336738723,"data":"[2026-10-02T07:46:44+00:00]   88840606: SDE raw 6.6317, A6 4.9710 (1s)\n"}
,{"stream_name":"stdout","time":230.021002463,"data":"[2026-10-02T07:46:44+00:00]   389856146: SDE raw 8.4963, A6 8.0957 (2s)\n"}
,{"stream_name":"stdout","time":230.899687594,"data":"[2026-10-02T07:46:45+00:00]   258085772: SDE raw 5.1300, A6 4.6726 (1s)\n"}
,{"stream_name":"stdout","time":230.923190649,"data":"[2026-10-02T07:46:45+00:00]   10147982: SDE raw 8.4021, A6 4.5741 (1s)\n"}
,{"stream_name":"stdout","time":232.121957785,"data":"[2026-10-02T07:46:46+00:00]   49783735: SDE raw 5.2250, A6 6.2928 (1s)\n"}
,{"stream_name":"stdout","time":233.274862658,"data":"[2026-10-02T07:46:48+00:00]   69222462: SDE raw 6.8054, A6 6.4929 (1s)\n"}
,{"stream_name":"stdout","time":234.515363408,"data":"[2026-10-02T07:46:49+00:00]   215403879: SDE raw 6.9761, A6 6.0995 (2s)\n"}
,{"stream_name":"stdout","time":235.693566635,"data":"[2026-10-02T07:46:50+00:00]   381483073: SDE raw 5.3051, A6 5.2041 (1s)\n"}
,{"stream_name":"stdout","time":235.708279297,"data":"[2026-10-02T07:46:50+00:00]   18422408: SDE raw 7.1443, A6 5.2340 (2s)\n"}
,{"stream_name":"stdout","time":238.238618247,"data":"[2026-10-02T07:46:52+00:00]   459838958: SDE raw 8.3783, A6 5.1384 (2s)\n"}
,{"stream_name":"stdout","time":239.671791619,"data":"[2026-10-02T07:46:54+00:00]   39080732: SDE raw 6.8709, A6 7.6894 (3s)\n"}
,{"stream_name":"stdout","time":240.791393479,"data":"[2026-10-02T07:46:55+00:00]   138110412: SDE raw 6.4098, A6 8.0261 (2s)\n"}
,{"stream_name":"stdout","time":240.887883849,"data":"[2026-10-02T07:46:55+00:00]   382382650: SDE raw 5.3711, A6 5.0247 (1s)\n"}
,{"stream_name":"stdout","time":241.826569181,"data":"[2026-10-02T07:46:56+00:00]   298441199: SDE raw 11.0849, A6 7.3213 (1s)\n"}
,{"stream_name":"stdout","time":242.071293885,"data":"[2026-10-02T07:46:56+00:00]   158230577: SDE raw 5.0971, A6 4.4131 (1s)\n"}
,{"stream_name":"stdout","time":242.934930749,"data":"[2026-10-02T07:46:57+00:00]   311443180: SDE raw 6.7728, A6 6.7150 (1s)\n"}
,{"stream_name":"stdout","time":244.87466865,"data":"[2026-10-02T07:46:59+00:00]   425863917: SDE raw 8.2489, A6 8.1321 (2s)\n"}
,{"stream_name":"stdout","time":245.304902141,"data":"[2026-10-02T07:47:00+00:00]   307434078: SDE raw 7.1530, A6 7.3925 (2s)\n"}
,{"stream_name":"stdout","time":245.84142291,"data":"[2026-10-02T07:47:00+00:00]   393298428: SDE raw 7.0377, A6 9.1153 (1s)\n"}
,{"stream_name":"stdout","time":248.376899923,"data":"[2026-10-02T07:47:03+00:00]   38065293: SDE raw 7.6347, A6 6.3003 (2s)\n"}
,{"stream_name":"stdout","time":296.332964954,"data":"[2026-10-02T07:47:51+00:00]   353820067: SDE raw 7.0460, A6 5.1969 (50s)\n"}
,{"stream_name":"stdout","time":298.312842306,"data":"[2026-10-02T07:47:53+00:00]   57061535: SDE raw 5.7456, A6 4.4204 (1s)\n"}
,{"stream_name":"stdout","time":299.457189123,"data":"[2026-10-02T07:47:54+00:00]   71677236: SDE raw 5.4459, A6 5.9742 (1s)\n"}
,{"stream_name":"stdout","time":301.918933348,"data":"[2026-10-02T07:47:56+00:00]   281786464: SDE raw 5.8808, A6 4.8600 (2s)\n"}
,{"stream_name":"stdout","time":312.452097009,"data":"[2026-10-02T07:48:07+00:00]   137606469: SDE raw 7.0938, A6 8.5057 (62s)\n"}
,{"stream_name":"stdout","time":335.114560335,"data":"[2026-10-02T07:48:29+00:00]   461561350: SDE raw 7.7022, A6 7.2448 (21s)\n"}
,{"stream_name":"stdout","time":337.592840745,"data":"[2026-10-02T07:48:32+00:00]   455305368: SDE raw 6.9550, A6 8.1779 (2s)\n"}
,{"stream_name":"stdout","time":338.528759484,"data":"[2026-10-02T07:48:33+00:00]   405475827: SDE raw 6.1063, A6 5.2366 (1s)\n"}
,{"stream_name":"stdout","time":343.848069018,"data":"[2026-10-02T07:48:38+00:00]   197885865: SDE raw 8.3865, A6 6.2155 (4s)\n"}
,{"stream_name":"stdout","time":348.617981767,"data":"[2026-10-02T07:48:43+00:00]   239976503: SDE raw 10.9381, A6 5.3996 (4s)\n"}
,{"stream_name":"stdout","time":350.964507545,"data":"[2026-10-02T07:48:45+00:00]   88523474: SDE raw 7.3209, A6 7.0253 (2s)\n"}
,{"stream_name":"stdout","time":352.355060155,"data":"[2026-10-02T07:48:47+00:00]   422246096: SDE raw 5.0350, A6 4.9703 (1s)\n"}
,{"stream_name":"stdout","time":353.846787849,"data":"[2026-10-02T07:48:48+00:00]   180669655: SDE raw 6.3827, A6 6.8876 (1s)\n"}
,{"stream_name":"stdout","time":355.019911363,"data":"[2026-10-02T07:48:49+00:00]   270375929: SDE raw 7.1973, A6 5.5722 (1s)\n"}
,{"stream_name":"stdout","time":356.400791412,"data":"[2026-10-02T07:48:51+00:00]   138894094: SDE raw 8.6531, A6 11.4919 (1s)\n"}
,{"stream_name":"stdout","time":358.673327929,"data":"[2026-10-02T07:48:53+00:00]   391551371: SDE raw 5.2017, A6 4.9731 (2s)\n"}
,{"stream_name":"stdout","time":361.162711986,"data":"[2026-10-02T07:48:55+00:00]   210439899: SDE raw 6.7008, A6 5.2356 (2s)\n"}
,{"stream_name":"stdout","time":362.248949852,"data":"[2026-10-02T07:48:57+00:00]   99840867: SDE raw 5.4026, A6 5.7453 (1s)\n"}
,{"stream_name":"stdout","time":363.351513469,"data":"[2026-10-02T07:48:58+00:00]   29394809: SDE raw 5.8375, A6 5.3929 (1s)\n"}
,{"stream_name":"stdout","time":364.733564484,"data":"[2026-10-02T07:48:59+00:00]   252878031: SDE raw 4.8948, A6 4.9496 (1s)\n"}
,{"stream_name":"stdout","time":367.537290601,"data":"[2026-10-02T07:49:02+00:00]   178937089: SDE raw 6.9767, A6 6.0151 (2s)\n"}
,{"stream_name":"stdout","time":369.851510649,"data":"[2026-10-02T07:49:04+00:00]   344773008: SDE raw 7.1456, A6 5.5974 (2s)\n"}
,{"stream_name":"stdout","time":371.161761391,"data":"[2026-10-02T07:49:05+00:00]   284676604: SDE raw 7.7948, A6 6.6733 (1s)\n"}
,{"stream_name":"stdout","time":375.281897674,"data":"[2026-10-02T07:49:10+00:00]   269851471: SDE raw 9.6183, A6 8.6915 (71s)\n"}
,{"stream_name":"stdout","time":377.589246825,"data":"[2026-10-02T07:49:12+00:00]   261594070: SDE raw 7.3358, A6 5.9200 (1s)\n"}
,{"stream_name":"stdout","time":378.835752331,"data":"[2026-10-02T07:49:13+00:00]   394557592: SDE raw 5.9877, A6 6.1797 (1s)\n"}
,{"stream_name":"stdout","time":380.05524492,"data":"[2026-10-02T07:49:14+00:00]   407910627: SDE raw 6.1397, A6 5.6658 (1s)\n"}
,{"stream_name":"stdout","time":395.981879625,"data":"[2026-10-02T07:49:30+00:00]   285093256: SDE raw 5.7492, A6 6.4486 (24s)\n"}
,{"stream_name":"stdout","time":398.454232985,"data":"[2026-10-02T07:49:33+00:00]   309254123: SDE raw 12.1233, A6 12.6742 (2s)\n"}
,{"stream_name":"stdout","time":399.409221929,"data":"[2026-10-02T07:49:34+00:00]   333794492: SDE raw 6.7158, A6 6.2101 (0s)\n"}
,{"stream_name":"stdout","time":400.302703074,"data":"[2026-10-02T07:49:35+00:00]   363874210: SDE raw 6.3984, A6 7.0323 (0s)\n"}
,{"stream_name":"stdout","time":445.154512849,"data":"[2026-10-02T07:50:19+00:00]   324656458: SDE raw 8.5837, A6 6.5657 (63s)\n"}
,{"stream_name":"stdout","time":446.185792054,"data":"[2026-10-02T07:50:20+00:00]   89263085: SDE raw 5.8355, A6 5.5729 (1s)\n"}
,{"stream_name":"stdout","time":448.939861064,"data":"[2026-10-02T07:50:23+00:00]   86371937: SDE raw 6.9957, A6 4.9562 (2s)\n"}
,{"stream_name":"stdout","time":449.721596786,"data":"[2026-10-02T07:50:24+00:00]   202443811: SDE raw 10.6587, A6 7.6358 (47s)\n"}
,{"stream_name":"stdout","time":454.147009423,"data":"[2026-10-02T07:50:28+00:00]   198035751: SDE raw 11.0748, A6 9.0937 (4s)\n"}
,{"stream_name":"stdout","time":455.426952471,"data":"[2026-10-02T07:50:30+00:00]   445030227: SDE raw 6.1823, A6 5.5804 (1s)\n"}
,{"stream_name":"stdout","time":457.981041696,"data":"[2026-10-02T07:50:32+00:00]   178199869: SDE raw 8.5046, A6 8.8084 (2s)\n"}
,{"stream_name":"stdout","time":524.122412923,"data":"[2026-10-02T07:51:38+00:00]   169746153: SDE raw 6.2403, A6 7.2768 (64s)\n"}
,{"stream_name":"stdout","time":525.297202659,"data":"[2026-10-02T07:51:40+00:00]   270560239: SDE raw 5.5133, A6 4.8617 (1s)\n"}
,{"stream_name":"stdout","time":526.234704854,"data":"[2026-10-02T07:51:40+00:00]   52254854: SDE raw 6.6371, A6 6.9099 (0s)\n"}
,{"stream_name":"stdout","time":527.259517869,"data":"[2026-10-02T07:51:42+00:00]   166282414: SDE raw 5.1792, A6 6.6959 (1s)\n"}
,{"stream_name":"stdout","time":535.524567691,"data":"[2026-10-02T07:51:50+00:00]   444038485: SDE raw 10.3414, A6 9.5069 (83s)\n"}
,{"stream_name":"stdout","time":536.440579062,"data":"[2026-10-02T07:51:51+00:00]   144949446: SDE raw 5.2446, A6 5.9158 (0s)\n"}
,{"stream_name":"stdout","time":539.513670591,"data":"[2026-10-02T07:51:54+00:00]   67475670: SDE raw 8.1521, A6 7.5747 (11s)\n"}
,{"stream_name":"stdout","time":545.92913336,"data":"[2026-10-02T07:52:00+00:00]   25300673: SDE raw 12.8880, A6 10.7158 (5s)\n"}
,{"stream_name":"stdout","time":548.370592845,"data":"[2026-10-02T07:52:03+00:00]   180212522: SDE raw 6.2602, A6 6.6874 (2s)\n"}
,{"stream_name":"stdout","time":553.102382937,"data":"[2026-10-02T07:52:07+00:00]   247412249: SDE raw 10.0011, A6 6.3330 (3s)\n"}
,{"stream_name":"stdout","time":555.722199805,"data":"[2026-10-02T07:52:10+00:00]   95362101: SDE raw 7.2614, A6 6.0253 (2s)\n"}
,{"stream_name":"stdout","time":557.736124946,"data":"[2026-10-02T07:52:12+00:00]   198289334: SDE raw 7.1904, A6 5.2716 (2s)\n"}
,{"stream_name":"stdout","time":572.663030408,"data":"[2026-10-02T07:52:27+00:00]   289992527: SDE raw 10.2261, A6 6.7215 (34s)\n"}
,{"stream_name":"stdout","time":599.776489943,"data":"[2026-10-02T07:52:54+00:00]   159163331: SDE raw 6.3356, A6 7.2129 (26s)\n"}
,{"stream_name":"stdout","time":602.513900505,"data":"[2026-10-02T07:52:57+00:00]   77207257: SDE raw 7.7470, A6 7.3758 (2s)\n"}
,{"stream_name":"stdout","time":604.97925932,"data":"[2026-10-02T07:52:59+00:00]   20205100: SDE raw 11.3422, A6 7.0191 (2s)\n"}
,{"stream_name":"stdout","time":613.047127263,"data":"[2026-10-02T07:53:07+00:00]   161840391: SDE raw 10.3258, A6 7.9528 (7s)\n"}
,{"stream_name":"stdout","time":626.469403658,"data":"[2026-10-02T07:53:21+00:00]   41030765: SDE raw 14.6484, A6 7.4066 (11s)\n"}
,{"stream_name":"stdout","time":654.397055204,"data":"[2026-10-02T07:53:49+00:00]   365232678: SDE raw 9.3593, A6 8.1131 (94s)\n"}
,{"stream_name":"stdout","time":659.485457677,"data":"[2026-10-02T07:53:54+00:00]   21274791: SDE raw 11.2634, A6 11.0005 (4s)\n"}
,{"stream_name":"stdout","time":668.60557066,"data":"[2026-10-02T07:54:03+00:00]   207401873: SDE raw 11.3853, A6 6.9111 (40s)\n"}
,{"stream_name":"stdout","time":678.336899821,"data":"[2026-10-02T07:54:13+00:00]   165831403: SDE raw 7.1526, A6 6.1771 (8s)\n"}
,{"stream_name":"stdout","time":689.857668215,"data":"[2026-10-02T07:54:24+00:00]   319555654: SDE raw 7.9388, A6 6.3889 (29s)\n"}
,{"stream_name":"stdout","time":691.507912556,"data":"[2026-10-02T07:54:26+00:00]   189402469: SDE raw 4.5710, A6 5.6876 (1s)\n"}
,{"stream_name":"stdout","time":709.046378288,"data":"[2026-10-02T07:54:43+00:00]   263632601: SDE raw 10.5816, A6 8.1099 (29s)\n"}
,{"stream_name":"stdout","time":711.985898295,"data":"[2026-10-02T07:54:46+00:00]   24750489: SDE raw 8.2173, A6 5.9823 (2s)\n"}
,{"stream_name":"stdout","time":726.557711229,"data":"[2026-10-02T07:55:01+00:00]   313485314: SDE raw 9.3064, A6 6.1239 (33s)\n"}
,{"stream_name":"stdout","time":777.040450525,"data":"[2026-10-02T07:55:51+00:00]   198517506: SDE raw 9.5452, A6 8.1616 (62s)\n"}
,{"stream_name":"stdout","time":778.603943597,"data":"[2026-10-02T07:55:53+00:00]   348788705: SDE raw 4.8028, A6 3.9681 (1s)\n"}
,{"stream_name":"stdout","time":793.865434417,"data":"[2026-10-02T07:56:08+00:00]   394653833: SDE raw 8.8220, A6 7.7060 (65s)\n"}
,{"stream_name":"stdout","time":821.518493883,"data":"[2026-10-02T07:56:36+00:00]   366718889: SDE raw 14.4462, A6 7.3219 (41s)\n"}
,{"stream_name":"stdout","time":824.2210855,"data":"[2026-10-02T07:56:38+00:00]   137841274: SDE raw 5.6052, A6 5.1332 (2s)\n"}
,{"stream_name":"stdout","time":870.897359735,"data":"[2026-10-02T07:57:25+00:00]   309145476: SDE raw 14.0605, A6 11.1177 (74s)\n"}
,{"stream_name":"stdout","time":880.655852083,"data":"[2026-10-02T07:57:35+00:00]   302242001: SDE raw 7.5925, A6 6.9798 (8s)\n"}
,{"stream_name":"stdout","time":902.958095972,"data":"[2026-10-02T07:57:57+00:00]   199548745: SDE raw 11.3415, A6 8.9053 (75s)\n"}
,{"stream_name":"stdout","time":903.520434763,"data":"[2026-10-02T07:57:58+00:00]   229743133: SDE raw 9.0140, A6 6.7436 (20s)\n"}
,{"stream_name":"stdout","time":904.577108816,"data":"[2026-10-02T07:57:59+00:00]   209451929: SDE raw 4.9674, A6 4.6461 (1s)\n"}
,{"stream_name":"stdout","time":905.667009473,"data":"[2026-10-02T07:58:00+00:00]   236379550: SDE raw 7.9459, A6 6.4797 (2s)\n"}
,{"stream_name":"stdout","time":909.833291152,"data":"[2026-10-02T07:58:04+00:00]   161637267: SDE raw 9.0419, A6 6.3978 (3s)\n"}
,{"stream_name":"stdout","time":986.423498845,"data":"[2026-10-02T07:59:21+00:00]   48088111: SDE raw 14.0993, A6 8.0156 (79s)\n"}
,{"stream_name":"stdout","time":987.510836635,"data":"[2026-10-02T07:59:22+00:00]   120960091: SDE raw 5.2063, A6 5.3461 (1s)\n"}
,{"stream_name":"stdout","time":988.789104106,"data":"[2026-10-02T07:59:23+00:00]   335610394: SDE raw 5.7639, A6 5.3882 (1s)\n"}
,{"stream_name":"stdout","time":991.289860878,"data":"[2026-10-02T07:59:26+00:00]   274673808: SDE raw 5.3907, A6 5.9408 (2s)\n"}
,{"stream_name":"stdout","time":992.574077307,"data":"[2026-10-02T07:59:27+00:00]   309001972: SDE raw 6.4471, A6 6.5553 (81s)\n"}
,{"stream_name":"stdout","time":993.888095109,"data":"[2026-10-02T07:59:28+00:00]   417581749: SDE raw 5.8288, A6 6.1857 (2s)\n"}
,{"stream_name":"stdout","time":1019.290010841,"data":"[2026-10-02T07:59:54+00:00]   140960921: SDE raw 10.4970, A6 8.0250 (24s)\n"}
,{"stream_name":"stdout","time":1020.346150205,"data":"[2026-10-02T07:59:55+00:00]   239205761: SDE raw 7.1561, A6 4.5554 (1s)\n"}
,{"stream_name":"stdout","time":1023.097715764,"data":"[2026-10-02T07:59:57+00:00]   178154480: SDE raw 5.9423, A6 5.9847 (2s)\n"}
,{"stream_name":"stdout","time":1028.76029459,"data":"[2026-10-02T08:00:03+00:00]   224310378: SDE raw 8.7838, A6 7.8409 (34s)\n"}
,{"stream_name":"stdout","time":1031.45805346,"data":"[2026-10-02T08:00:06+00:00]   389012647: SDE raw 7.3684, A6 6.6584 (2s)\n"}
,{"stream_name":"stdout","time":1033.958875537,"data":"[2026-10-02T08:00:08+00:00]   24530425: SDE raw 9.1196, A6 8.4146 (2s)\n"}
,{"stream_name":"stdout","time":1046.9645403,"data":"[2026-10-02T08:00:21+00:00]   158019748: SDE raw 10.5412, A6 6.1500 (23s)\n"}
,{"stream_name":"stdout","time":1050.998283286,"data":"[2026-10-02T08:00:25+00:00]   141910230: SDE raw 7.9163, A6 5.9780 (15s)\n"}
,{"stream_name":"stdout","time":1081.299805094,"data":"[2026-10-02T08:00:56+00:00]   147878531: SDE raw 7.8469, A6 8.7267 (28s)\n"}
,{"stream_name":"stdout","time":1095.83012528,"data":"[2026-10-02T08:01:10+00:00]   267667925: SDE raw 10.5016, A6 9.3648 (46s)\n"}
,{"stream_name":"stdout","time":1098.732373003,"data":"[2026-10-02T08:01:13+00:00]   202293183: SDE raw 7.2510, A6 6.8249 (2s)\n"}
,{"stream_name":"stdout","time":1101.070099926,"data":"[2026-10-02T08:01:15+00:00]   101098910: SDE raw 5.5618, A6 4.3686 (1s)\n"}
,{"stream_name":"stdout","time":1164.461337289,"data":"[2026-10-02T08:02:19+00:00]   55651898: SDE raw 11.6639, A6 7.8470 (60s)\n"}
,{"stream_name":"stdout","time":1164.746666054,"data":"[2026-10-02T08:02:19+00:00]   426020017: SDE raw 9.3164, A6 9.6130 (81s)\n"}
,{"stream_name":"stdout","time":1173.671850182,"data":"[2026-10-02T08:02:28+00:00]   382523882: SDE raw 7.3769, A6 7.1688 (8s)\n"}
,{"stream_name":"stdout","time":1174.810517936,"data":"[2026-10-02T08:02:29+00:00]   349826417: SDE raw 9.8336, A6 6.4838 (1s)\n"}
,{"stream_name":"stdout","time":1177.46784717,"data":"[2026-10-02T08:02:32+00:00]   39983930: SDE raw 4.9555, A6 5.5384 (2s)\n"}
,{"stream_name":"stdout","time":1178.689762573,"data":"[2026-10-02T08:02:33+00:00]   139196676: SDE raw 6.5896, A6 5.1137 (1s)\n"}
,{"stream_name":"stdout","time":1203.667570038,"data":"[2026-10-02T08:02:58+00:00]   367681439: SDE raw 7.1790, A6 7.3610 (23s)\n"}
,{"stream_name":"stdout","time":1204.701052302,"data":"[2026-10-02T08:02:59+00:00]   101101702: SDE raw 4.9738, A6 5.0585 (1s)\n"}
,{"stream_name":"stdout","time":1214.635570527,"data":"[2026-10-02T08:03:09+00:00]   470128342: SDE raw 10.1620, A6 6.5028 (47s)\n"}
,{"stream_name":"stdout","time":1228.040968479,"data":"[2026-10-02T08:03:22+00:00]   232644555: SDE raw 7.0836, A6 6.0347 (21s)\n"}
,{"stream_name":"stdout","time":1256.680625011,"data":"[2026-10-02T08:03:51+00:00]   219064439: SDE raw 10.0202, A6 8.5417 (40s)\n"}
,{"stream_name":"stdout","time":1283.670791359,"data":"[2026-10-02T08:04:18+00:00]   387358462: SDE raw 15.7663, A6 12.1535 (53s)\n"}
,{"stream_name":"stdout","time":1284.7916804,"data":"[2026-10-02T08:04:19+00:00]   423184161: SDE raw 7.8734, A6 6.4965 (1s)\n"}
,{"stream_name":"stdout","time":1312.819771263,"data":"[2026-10-02T08:04:47+00:00]   444045759: SDE raw 11.2368, A6 7.3509 (26s)\n"}
,{"stream_name":"stdout","time":1342.431427465,"data":"[2026-10-02T08:05:17+00:00]   434367416: SDE raw 13.1015, A6 13.3074 (83s)\n"}
,{"stream_name":"stdout","time":1363.349323663,"data":"[2026-10-02T08:05:38+00:00]   207504191: SDE raw 7.5742, A6 7.5270 (48s)\n"}
,{"stream_name":"stdout","time":1365.713238677,"data":"[2026-10-02T08:05:40+00:00]   75135208: SDE raw 11.6055, A6 8.0399 (2s)\n"}
,{"stream_name":"stdout","time":1405.305057921,"data":"[2026-10-02T08:06:20+00:00]   260418991: SDE raw 10.2239, A6 8.0952 (38s)\n"}
,{"stream_name":"stdout","time":1407.723145036,"data":"[2026-10-02T08:06:22+00:00]   229149626: SDE raw 6.9790, A6 6.1570 (2s)\n"}
,{"stream_name":"stdout","time":1447.798676195,"data":"[2026-10-02T08:07:02+00:00]   263601265: SDE raw 15.6545, A6 8.9594 (102s)\n"}
,{"stream_name":"stdout","time":1448.708126789,"data":"[2026-10-02T08:07:03+00:00]   443616599: SDE raw 6.1431, A6 8.7304 (0s)\n"}
,{"stream_name":"stdout","time":1449.269227666,"data":"[2026-10-02T08:07:04+00:00]   404105593: SDE raw 8.4410, A6 7.6695 (39s)\n"}
,{"stream_name":"stdout","time":1451.46302515,"data":"[2026-10-02T08:07:06+00:00]   405305758: SDE raw 8.9191, A6 6.1363 (2s)\n"}
,{"stream_name":"stdout","time":1452.482009999,"data":"[2026-10-02T08:07:07+00:00]   64105494: SDE raw 5.5888, A6 5.8629 (1s)\n"}
,{"stream_name":"stdout","time":1455.070170718,"data":"[2026-10-02T08:07:09+00:00]   394394591: SDE raw 7.2125, A6 6.8864 (2s)\n"}
,{"stream_name":"stdout","time":1498.851335004,"data":"[2026-10-02T08:07:53+00:00]   229536730: SDE raw 7.0036, A6 8.8668 (42s)\n"}
,{"stream_name":"stdout","time":1499.51970478,"data":"[2026-10-02T08:07:54+00:00]   154091848: SDE raw 8.1254, A6 8.4326 (48s)\n"}
,{"stream_name":"stdout","time":1544.581952658,"data":"[2026-10-02T08:08:39+00:00]   162592479: SDE raw 9.4161, A6 6.2810 (44s)\n"}
,{"stream_name":"stdout","time":1561.625366037,"data":"[2026-10-02T08:08:56+00:00]   219017213: SDE raw 6.8548, A6 7.4266 (59s)\n"}
,{"stream_name":"stdout","time":1563.977748062,"data":"[2026-10-02T08:08:58+00:00]   198005212: SDE raw 5.8219, A6 7.0994 (2s)\n"}
,{"stream_name":"stdout","time":1565.431339635,"data":"[2026-10-02T08:09:00+00:00]   14780709: SDE raw 6.7210, A6 5.8687 (1s)\n"}
,{"stream_name":"stdout","time":1567.823623523,"data":"[2026-10-02T08:09:02+00:00]   166745428: SDE raw 7.0383, A6 5.3659 (2s)\n"}
,{"stream_name":"stdout","time":1586.927876936,"data":"[2026-10-02T08:09:21+00:00]   441663519: SDE raw 9.3791, A6 7.9170 (40s)\n"}
,{"stream_name":"stdout","time":1665.03853735,"data":"[2026-10-02T08:10:39+00:00]   416615728: SDE raw 8.4548, A6 7.7988 (95s)\n"}
,{"stream_name":"stdout","time":1677.212501586,"data":"[2026-10-02T08:10:51+00:00]   346444653: SDE raw 10.8117, A6 12.9226 (88s)\n"}
,{"stream_name":"stdout","time":1730.83109056,"data":"[2026-10-02T08:11:45+00:00]   263075972: SDE raw 8.1785, A6 8.9666 (64s)\n"}
,{"stream_name":"stdout","time":1733.280567587,"data":"[2026-10-02T08:11:48+00:00]   103348849: SDE raw 10.3455, A6 6.6235 (2s)\n"}
,{"stream_name":"stdout","time":1751.989738817,"data":"[2026-10-02T08:12:06+00:00]   264101722: SDE raw 13.1155, A6 11.9201 (71s)\n"}
,{"stream_name":"stdout","time":1763.871108962,"data":"[2026-10-02T08:12:18+00:00]   138472093: SDE raw 9.1325, A6 8.4020 (29s)\n"}
,{"stream_name":"stdout","time":1764.755805882,"data":"[2026-10-02T08:12:19+00:00]   20614062: SDE raw 4.7955, A6 5.9171 (0s)\n"}
,{"stream_name":"stdout","time":1807.175572753,"data":"[2026-10-02T08:13:01+00:00]   284626405: SDE raw 7.8275, A6 8.2434 (40s)\n"}
,{"stream_name":"stdout","time":1842.59352203,"data":"[2026-10-02T08:13:37+00:00]   417707531: SDE raw 10.1368, A6 8.1475 (34s)\n"}
,{"stream_name":"stdout","time":1843.731700576,"data":"[2026-10-02T08:13:38+00:00]   234342573: SDE raw 6.4026, A6 5.3654 (1s)\n"}
,{"stream_name":"stdout","time":1863.078944242,"data":"[2026-10-02T08:13:57+00:00]   260239097: SDE raw 9.3009, A6 9.8414 (107s)\n"}
,{"stream_name":"stdout","time":1886.811148377,"data":"[2026-10-02T08:14:21+00:00]   402976323: SDE raw 11.7683, A6 8.4009 (41s)\n"}
,{"stream_name":"stdout","time":1887.878466389,"data":"[2026-10-02T08:14:22+00:00]   310355676: SDE raw 8.0712, A6 5.9401 (1s)\n"}
,{"stream_name":"stdout","time":1946.944854789,"data":"[2026-10-02T08:15:21+00:00]   372819326: SDE raw 11.4937, A6 9.4450 (80s)\n"}
,{"stream_name":"stdout","time":2002.595548507,"data":"[2026-10-02T08:16:17+00:00]   232603771: SDE raw 14.6708, A6 24.2196 (110s)\n"}
,{"stream_name":"stdout","time":2061.189337356,"data":"[2026-10-02T08:17:15+00:00]   233683183: SDE raw 10.5242, A6 7.2674 (110s)\n"}
,{"stream_name":"stdout","time":2107.366633709,"data":"[2026-10-02T08:18:02+00:00]   160323064: SDE raw 8.8297, A6 8.4348 (102s)\n"}
,{"stream_name":"stdout","time":2127.416679112,"data":"[2026-10-02T08:18:22+00:00]   417757363: SDE raw 9.2201, A6 7.0669 (19s)\n"}
,{"stream_name":"stdout","time":2128.494888721,"data":"[2026-10-02T08:18:23+00:00]   118444304: SDE raw 6.9352, A6 8.1365 (1s)\n"}
,{"stream_name":"stdout","time":2176.644118454,"data":"[2026-10-02T08:19:11+00:00]   307087051: SDE raw 11.2771, A6 8.5850 (111s)\n"}
,{"stream_name":"stdout","time":2246.269769967,"data":"[2026-10-02T08:20:21+00:00]   229738891: SDE raw 10.1281, A6 7.9705 (113s)\n"}
,{"stream_name":"stdout","time":2251.877515785,"data":"[2026-10-02T08:20:26+00:00]   229613765: SDE raw 9.5076, A6 6.4686 (4s)\n"}
,{"stream_name":"stdout","time":2295.617093619,"data":"[2026-10-02T08:21:10+00:00]   310001905: SDE raw 7.9494, A6 7.7866 (115s)\n"}
,{"stream_name":"stdout","time":2363.105117211,"data":"[2026-10-02T08:22:17+00:00]   287589907: SDE raw 9.9667, A6 7.6571 (65s)\n"}
,{"stream_name":"stdout","time":2408.421113942,"data":"[2026-10-02T08:23:03+00:00]   38570601: SDE raw 10.3692, A6 6.5590 (152s)\n"}
,{"stream_name":"stdout","time":2492.154438173,"data":"[2026-10-02T08:24:26+00:00]   149539101: SDE raw 13.4817, A6 8.0354 (80s)\n"}
,{"stream_name":"stdout","time":2500.131484561,"data":"[2026-10-02T08:24:34+00:00]   229611466: SDE raw 13.7092, A6 12.6151 (132s)\n"}
,{"stream_name":"stdout","time":2587.981364573,"data":"[2026-10-02T08:26:02+00:00]   219894486: SDE raw 11.3138, A6 6.8516 (91s)\n"}
,{"stream_name":"stdout","time":2612.918824546,"data":"[2026-10-02T08:26:27+00:00]   198184045: SDE raw 5.4001, A6 10.4398 (108s)\n"}
,{"stream_name":"stdout","time":2633.303340969,"data":"[2026-10-02T08:26:48+00:00]   142397006: SDE raw 10.7050, A6 6.4807 (43s)\n"}
,{"stream_name":"stdout","time":2730.782755679,"data":"[2026-10-02T08:28:25+00:00]   356869021: SDE raw 9.8463, A6 11.6365 (113s)\n"}
,{"stream_name":"stdout","time":2767.266992615,"data":"[2026-10-02T08:29:02+00:00]   366513872: SDE raw 11.9226, A6 8.4047 (129s)\n"}
,{"stream_name":"stdout","time":2819.916027497,"data":"[2026-10-02T08:29:54+00:00]   299900425: SDE raw 9.7672, A6 7.9015 (51s)\n"}
,{"stream_name":"stdout","time":2822.17651437,"data":"[2026-10-02T08:29:56+00:00]   80995687: SDE raw 7.9003, A6 6.7860 (1s)\n"}
,{"stream_name":"stdout","time":2830.949475692,"data":"[2026-10-02T08:30:05+00:00]   259589759: SDE raw 14.3280, A6 10.3473 (7s)\n"}
,{"stream_name":"stdout","time":2836.814303992,"data":"[2026-10-02T08:30:11+00:00]   149601140: SDE raw 9.7705, A6 5.6852 (102s)\n"}
,{"stream_name":"stdout","time":2867.943907229,"data":"[2026-10-02T08:30:42+00:00]   230135747: SDE raw 8.2391, A6 7.1608 (34s)\n"}
,{"stream_name":"stdout","time":2872.289530195,"data":"[2026-10-02T08:30:47+00:00]   134221782: SDE raw 6.3508, A6 7.5918 (3s)\n"}
,{"stream_name":"stdout","time":2946.761562349,"data":"[2026-10-02T08:32:01+00:00]   391899797: SDE raw 9.4499, A6 9.2344 (105s)\n"}
,{"stream_name":"stdout","time":2986.361721268,"data":"[2026-10-02T08:32:41+00:00]   300163348: SDE raw 7.2277, A6 6.8951 (110s)\n"}
,{"stream_name":"stdout","time":3064.043810042,"data":"[2026-10-02T08:33:58+00:00]   394171820: SDE raw 14.3101, A6 8.1631 (112s)\n"}
,{"stream_name":"stdout","time":3111.316792383,"data":"[2026-10-02T08:34:46+00:00]   149542538: SDE raw 13.3360, A6 10.6196 (121s)\n"}
,{"stream_name":"stdout","time":3175.25548246,"data":"[2026-10-02T08:35:50+00:00]   140799035: SDE raw 9.7760, A6 7.4449 (107s)\n"}
,{"stream_name":"stdout","time":3176.402624565,"data":"[2026-10-02T08:35:51+00:00]   158569305: SDE raw 4.7060, A6 5.1153 (1s)\n"}
,{"stream_name":"stdout","time":3223.6131298,"data":"[2026-10-02T08:36:38+00:00]   198553139: SDE raw 10.0382, A6 7.4412 (108s)\n"}
,{"stream_name":"stdout","time":3259.605172901,"data":"[2026-10-02T08:37:14+00:00]   142961460: SDE raw 11.5265, A6 7.9628 (34s)\n"}
,{"stream_name":"stdout","time":3285.92834974,"data":"[2026-10-02T08:37:40+00:00]   264216967: SDE raw 10.5831, A6 7.0093 (24s)\n"}
,{"stream_name":"stdout","time":3315.046170967,"data":"[2026-10-02T08:38:09+00:00]   375061802: SDE raw 10.6076, A6 8.3439 (134s)\n"}
,{"stream_name":"stdout","time":3349.359129716,"data":"[2026-10-02T08:38:44+00:00]   159182396: SDE raw 7.6708, A6 6.9174 (32s)\n"}
,{"stream_name":"stdout","time":3412.262422087,"data":"[2026-10-02T08:39:47+00:00]   308398336: SDE raw 9.6146, A6 8.8718 (59s)\n"}
,{"stream_name":"stdout","time":3414.935725979,"data":"[2026-10-02T08:39:49+00:00]   202353593: SDE raw 10.7427, A6 5.3775 (2s)\n"}
,{"stream_name":"stdout","time":3427.325477027,"data":"[2026-10-02T08:40:02+00:00]   353870193: SDE raw 12.5348, A6 7.2746 (137s)\n"}
,{"stream_name":"stdout","time":3433.303498957,"data":"[2026-10-02T08:40:08+00:00]   198508404: SDE raw 7.1010, A6 6.2103 (5s)\n"}
,{"stream_name":"stdout","time":3463.717838866,"data":"[2026-10-02T08:40:38+00:00]   103743667: SDE raw 12.6490, A6 9.9688 (29s)\n"}
,{"stream_name":"stdout","time":3471.240630358,"data":"[2026-10-02T08:40:45+00:00]   149160058: SDE raw 25.5773, A6 23.9569 (53s)\n"}
,{"stream_name":"stdout","time":3601.526145073,"data":"[2026-10-02T08:42:56+00:00]   159454467: SDE raw 12.9046, A6 7.2867 (126s)\n"}
,{"stream_name":"stdout","time":3606.32357919,"data":"[2026-10-02T08:43:01+00:00]   288266795: SDE raw 13.0665, A6 7.9440 (138s)\n"}
,{"stream_name":"stdout","time":3631.939842816,"data":"[2026-10-02T08:43:26+00:00]   142634134: SDE raw 12.1426, A6 7.0025 (28s)\n"}
,{"stream_name":"stdout","time":3664.57007398,"data":"[2026-10-02T08:43:59+00:00]   165690063: SDE raw 8.5878, A6 11.6501 (56s)\n"}
,{"stream_name":"stdout","time":3719.201751477,"data":"[2026-10-02T08:44:53+00:00]   349484930: SDE raw 11.1975, A6 10.4351 (84s)\n"}
,{"stream_name":"stdout","time":3758.50131845,"data":"[2026-10-02T08:45:33+00:00]   279091610: SDE raw 11.8427, A6 11.9927 (37s)\n"}
,{"stream_name":"stdout","time":3776.334294973,"data":"[2026-10-02T08:45:51+00:00]   166975502: SDE raw 10.7022, A6 8.1086 (107s)\n"}
,{"stream_name":"stdout","time":3862.087304009,"data":"[2026-10-02T08:47:16+00:00]   155637861: SDE raw 7.0614, A6 7.6484 (101s)\n"}
,{"stream_name":"stdout","time":3879.602668951,"data":"[2026-10-02T08:47:34+00:00]   31817742: SDE raw 13.4515, A6 18.2627 (100s)\n"}
,{"stream_name":"stdout","time":3932.410435721,"data":"[2026-10-02T08:48:27+00:00]   299942210: SDE raw 11.5450, A6 12.2927 (67s)\n"}
,{"stream_name":"stdout","time":3990.275043818,"data":"[2026-10-02T08:49:25+00:00]   233533816: SDE raw 10.2346, A6 7.6123 (106s)\n"}
,{"stream_name":"stdout","time":4005.614458106,"data":"[2026-10-02T08:49:40+00:00]   21121180: SDE raw 8.2469, A6 6.3089 (71s)\n"}
,{"stream_name":"stdout","time":4014.712324246,"data":"[2026-10-02T08:49:49+00:00]   231821698: SDE raw 9.8073, A6 6.7563 (8s)\n"}
,{"stream_name":"stdout","time":4084.281757645,"data":"[2026-10-02T08:50:59+00:00]   353819595: SDE raw 7.6251, A6 6.7658 (90s)\n"}
,{"stream_name":"stdout","time":4089.518360507,"data":"[2026-10-02T08:51:04+00:00]   31652979: SDE raw 8.2722, A6 6.8227 (4s)\n"}
,{"stream_name":"stdout","time":4128.844683182,"data":"[2026-10-02T08:51:43+00:00]   391900272: SDE raw 8.6806, A6 8.8984 (109s)\n"}
,{"stream_name":"stdout","time":4195.748425384,"data":"[2026-10-02T08:52:50+00:00]   233080120: SDE raw 13.1000, A6 7.5892 (103s)\n"}
,{"stream_name":"stdout","time":4207.988783982,"data":"[2026-10-02T08:53:02+00:00]   167792267: SDE raw 8.6252, A6 7.6112 (76s)\n"}
,{"stream_name":"stdout","time":4295.031851633,"data":"[2026-10-02T08:54:29+00:00]   199633399: SDE raw 7.6955, A6 7.0927 (84s)\n"}
,{"stream_name":"stdout","time":4299.759617184,"data":"[2026-10-02T08:54:34+00:00]   219237079: SDE raw 15.1456, A6 12.9413 (4s)\n"}
,{"stream_name":"stdout","time":4321.119242232,"data":"[2026-10-02T08:54:55+00:00]   261334793: SDE raw 16.6265, A6 16.4346 (122s)\n"}
,{"stream_name":"stdout","time":4322.334655649,"data":"[2026-10-02T08:54:57+00:00]   469981586: SDE raw 6.2463, A6 6.6844 (1s)\n"}
,{"stream_name":"stdout","time":4329.833160997,"data":"[2026-10-02T08:55:04+00:00]   236759909: SDE raw 10.7995, A6 7.2920 (28s)\n"}
,{"stream_name":"stdout","time":4352.328766023,"data":"[2026-10-02T08:55:27+00:00]   31814908: SDE raw 7.2041, A6 6.4950 (21s)\n"}
,{"stream_name":"stdout","time":4357.081604814,"data":"[2026-10-02T08:55:31+00:00]   50493502: SDE raw 7.9501, A6 5.7074 (3s)\n"}
,{"stream_name":"stdout","time":4362.486756451,"data":"[2026-10-02T08:55:37+00:00]   261401286: SDE raw 7.5537, A6 6.4558 (4s)\n"}
,{"stream_name":"stdout","time":4415.962313196,"data":"[2026-10-02T08:56:30+00:00]   140632037: SDE raw 25.2880, A6 8.3496 (89s)\n"}
,{"stream_name":"stdout","time":4441.723897409,"data":"[2026-10-02T08:56:56+00:00]   55652005: SDE raw 9.0477, A6 6.7131 (76s)\n"}
,{"stream_name":"stdout","time":4482.063925621,"data":"[2026-10-02T08:57:36+00:00]   315758126: SDE raw 8.5861, A6 8.2978 (38s)\n"}
,{"stream_name":"stdout","time":4487.145708949,"data":"[2026-10-02T08:57:41+00:00]   231917352: SDE raw 8.0940, A6 6.0448 (4s)\n"}
,{"stream_name":"stdout","time":4526.35712331,"data":"[2026-10-02T08:58:21+00:00]   339632743: SDE raw 7.9704, A6 8.3936 (106s)\n"}
,{"stream_name":"stdout","time":4531.234684377,"data":"[2026-10-02T08:58:25+00:00]   150247039: SDE raw 8.1770, A6 8.2225 (4s)\n"}
,{"stream_name":"stdout","time":4602.4200077,"data":"[2026-10-02T08:59:37+00:00]   229481409: SDE raw 12.8958, A6 7.4563 (111s)\n"}
,{"stream_name":"stdout","time":4607.201328979,"data":"[2026-10-02T08:59:41+00:00]   358290364: SDE raw 13.8000, A6 9.6835 (4s)\n"}
,{"stream_name":"stdout","time":4618.779803976,"data":"[2026-10-02T08:59:53+00:00]   198315831: SDE raw 17.9594, A6 11.9463 (84s)\n"}
,{"stream_name":"stdout","time":4638.077801645,"data":"[2026-10-02T09:00:12+00:00]   352698649: SDE raw 8.4596, A6 6.9386 (29s)\n"}
,{"stream_name":"stdout","time":4730.26525501,"data":"[2026-10-02T09:01:45+00:00]   177256886: SDE raw 12.8844, A6 7.8416 (107s)\n"}
,{"stream_name":"stdout","time":4754.431555524,"data":"[2026-10-02T09:02:09+00:00]   233082344: SDE raw 16.4006, A6 7.2357 (111s)\n"}
,{"stream_name":"stdout","time":4823.30873991,"data":"[2026-10-02T09:03:18+00:00]   278863500: SDE raw 12.4068, A6 6.9223 (67s)\n"}
,{"stream_name":"stdout","time":4825.455515723,"data":"[2026-10-02T09:03:20+00:00]   157133425: SDE raw 6.1480, A6 6.6283 (1s)\n"}
,{"stream_name":"stdout","time":4845.601177504,"data":"[2026-10-02T09:03:40+00:00]   237278258: SDE raw 9.8251, A6 8.9562 (110s)\n"}
,{"stream_name":"stdout","time":4938.059864383,"data":"[2026-10-02T09:05:12+00:00]   309700725: SDE raw 8.5028, A6 7.1065 (108s)\n"}
,{"stream_name":"stdout","time":4943.333626036,"data":"[2026-10-02T09:05:18+00:00]   229595862: SDE raw 8.1113, A6 9.0385 (93s)\n"}
,{"stream_name":"stdout","time":5052.321644821,"data":"[2026-10-02T09:07:07+00:00]   288636033: SDE raw 10.3241, A6 12.0987 (110s)\n"}
,{"stream_name":"stdout","time":5097.228421243,"data":"[2026-10-02T09:07:51+00:00]   233212331: SDE raw 13.9766, A6 16.0605 (150s)\n"}
,{"stream_name":"stdout","time":5182.626153631,"data":"[2026-10-02T09:09:17+00:00]   389960002: SDE raw 8.6444, A6 7.6631 (126s)\n"}
,{"stream_name":"stdout","time":5187.021477336,"data":"[2026-10-02T09:09:21+00:00]   334799482: SDE raw 11.2130, A6 9.3209 (86s)\n"}
,{"stream_name":"stdout","time":5258.839252499,"data":"[2026-10-02T09:10:33+00:00]   140827974: SDE raw 20.2566, A6 8.0689 (72s)\n"}
,{"stream_name":"stdout","time":5273.642799894,"data":"[2026-10-02T09:10:48+00:00]   349681324: SDE raw 8.0152, A6 8.5079 (13s)\n"}
,{"stream_name":"stdout","time":5320.473883768,"data":"[2026-10-02T09:11:35+00:00]   259099044: SDE raw 8.2019, A6 7.4591 (129s)\n"}
,{"stream_name":"stdout","time":5389.632553906,"data":"[2026-10-02T09:12:44+00:00]   140999455: SDE raw 15.6495, A6 7.5436 (66s)\n"}
,{"stream_name":"stdout","time":5428.466961833,"data":"[2026-10-02T09:13:23+00:00]   38468688: SDE raw 10.9387, A6 7.4119 (150s)\n"}
,{"stream_name":"stdout","time":5483.971789786,"data":"[2026-10-02T09:14:18+00:00]   388198760: SDE raw 7.9597, A6 8.3595 (92s)\n"}
,{"stream_name":"stdout","time":5556.172584199,"data":"[2026-10-02T09:15:30+00:00]   288345106: SDE raw 9.5903, A6 8.0906 (124s)\n"}
,{"stream_name":"stdout","time":5599.279212131,"data":"[2026-10-02T09:16:14+00:00]   235674326: SDE raw 13.3504, A6 17.0733 (111s)\n"}
,{"stream_name":"stdout","time":5649.138969943,"data":"[2026-10-02T09:17:03+00:00]   141282136: SDE raw 7.2543, A6 6.5766 (89s)\n"}
,{"stream_name":"stdout","time":5728.701551296,"data":"[2026-10-02T09:18:23+00:00]   258958036: SDE raw 10.1926, A6 7.8892 (126s)\n"}
,{"stream_name":"stdout","time":5760.898490535,"data":"[2026-10-02T09:18:55+00:00]   167656135: SDE raw 10.5847, A6 9.9738 (107s)\n"}
,{"stream_name":"stdout","time":5824.141820154,"data":"[2026-10-02T09:19:58+00:00]   356820522: SDE raw 11.2336, A6 10.3181 (91s)\n"}
,{"stream_name":"stdout","time":5832.472882778,"data":"[2026-10-02T09:20:07+00:00]   355457311: SDE raw 9.3517, A6 8.2986 (7s)\n"}
,{"stream_name":"stdout","time":5890.545591587,"data":"[2026-10-02T09:21:05+00:00]   258954539: SDE raw 12.9225, A6 6.6284 (125s)\n"}
,{"stream_name":"stdout","time":5907.669683222,"data":"[2026-10-02T09:21:22+00:00]   235953116: SDE raw 10.6250, A6 7.6848 (72s)\n"}
,{"stream_name":"stdout","time":5984.953973157,"data":"[2026-10-02T09:22:39+00:00]   233193629: SDE raw 6.5028, A6 6.2441 (90s)\n"}
,{"stream_name":"stdout","time":5987.758908208,"data":"[2026-10-02T09:22:42+00:00]   261063309: SDE raw 8.6268, A6 9.0146 (78s)\n"}
,{"stream_name":"stdout","time":6056.490824547,"data":"[2026-10-02T09:23:51+00:00]   166089209: SDE raw 8.1489, A6 7.1245 (66s)\n"}
,{"stream_name":"stdout","time":6142.942755575,"data":"[2026-10-02T09:25:17+00:00]   237199341: SDE raw 9.4131, A6 8.3670 (153s)\n"}
,{"stream_name":"stdout","time":6163.728032564,"data":"[2026-10-02T09:25:38+00:00]   229486096: SDE raw 15.9161, A6 11.9544 (103s)\n"}
,{"stream_name":"stdout","time":6219.161110708,"data":"[2026-10-02T09:26:33+00:00]   256805270: SDE raw 9.8450, A6 11.1894 (53s)\n"}
,{"stream_name":"stdout","time":6236.842104209,"data":"[2026-10-02T09:26:51+00:00]   287151936: SDE raw 8.8404, A6 7.7524 (89s)\n"}
,{"stream_name":"stdout","time":6249.861768189,"data":"[2026-10-02T09:27:04+00:00]   302362581: SDE raw 14.6597, A6 6.1063 (29s)\n"}
,{"stream_name":"stdout","time":6332.075402278,"data":"[2026-10-02T09:28:26+00:00]   235680881: SDE raw 8.8167, A6 7.5436 (91s)\n"}
,{"stream_name":"stdout","time":6343.57546246,"data":"[2026-10-02T09:28:38+00:00]   279614943: SDE raw 10.8173, A6 7.0073 (89s)\n"}
,{"stream_name":"stdout","time":6402.857606807,"data":"[2026-10-02T09:29:37+00:00]   229598094: SDE raw 9.6827, A6 8.9859 (66s)\n"}
,{"stream_name":"stdout","time":6450.157792042,"data":"[2026-10-02T09:30:24+00:00]   224602388: SDE raw 15.7390, A6 10.7839 (102s)\n"}
,{"stream_name":"stdout","time":6516.975688938,"data":"[2026-10-02T09:31:31+00:00]   275690220: SDE raw 14.9241, A6 7.5701 (109s)\n"}
,{"stream_name":"stdout","time":6562.43407549,"data":"[2026-10-02T09:32:17+00:00]   32072097: SDE raw 7.8732, A6 8.4147 (108s)\n"}
,{"stream_name":"stdout","time":6607.492860336,"data":"[2026-10-02T09:33:02+00:00]   300141025: SDE raw 12.0100, A6 8.9695 (86s)\n"}
,{"stream_name":"stdout","time":6652.219005916,"data":"[2026-10-02T09:33:46+00:00]   260708591: SDE raw 8.7229, A6 7.6283 (85s)\n"}
,{"stream_name":"stdout","time":6699.815472182,"data":"[2026-10-02T09:34:34+00:00]   353993248: SDE raw 9.2516, A6 7.3597 (88s)\n"}
,{"stream_name":"stdout","time":6745.865640368,"data":"[2026-10-02T09:35:20+00:00]   259039037: SDE raw 8.3010, A6 6.2461 (89s)\n"}
,{"stream_name":"stdout","time":6811.379840958,"data":"[2026-10-02T09:36:26+00:00]   38707482: SDE raw 8.1878, A6 9.0778 (107s)\n"}
,{"stream_name":"stdout","time":6833.159412759,"data":"[2026-10-02T09:36:47+00:00]   38608928: SDE raw 9.8275, A6 7.9236 (83s)\n"}
,{"stream_name":"stdout","time":6903.401896833,"data":"[2026-10-02T09:37:58+00:00]   264170604: SDE raw 13.9430, A6 9.1881 (88s)\n"}
,{"stream_name":"stdout","time":6928.142475932,"data":"[2026-10-02T09:38:22+00:00]   198185275: SDE raw 9.3501, A6 9.0970 (90s)\n"}
,{"stream_name":"stdout","time":6994.939257679,"data":"[2026-10-02T09:39:29+00:00]   353731941: SDE raw 11.4765, A6 7.7988 (87s)\n"}
,{"stream_name":"stdout","time":7021.302765318,"data":"[2026-10-02T09:39:56+00:00]   55758992: SDE raw 13.1810, A6 9.5938 (89s)\n"}
,{"stream_name":"stdout","time":7087.431683415,"data":"[2026-10-02T09:41:02+00:00]   198161846: SDE raw 14.7360, A6 8.9936 (88s)\n"}
,{"stream_name":"stdout","time":7163.850312042,"data":"[2026-10-02T09:42:18+00:00]   159502654: SDE raw 11.0265, A6 7.8498 (139s)\n"}
,{"stream_name":"stdout","time":7179.097773691,"data":"[2026-10-02T09:42:33+00:00]   350146018: SDE raw 10.3398, A6 11.6110 (87s)\n"}
,{"stream_name":"stdout","time":7271.571791159,"data":"[2026-10-02T09:44:06+00:00]   359632304: SDE raw 9.1394, A6 8.9230 (88s)\n"}
,{"stream_name":"stdout","time":7298.84795011,"data":"[2026-10-02T09:44:33+00:00]   381925443: SDE raw 11.3955, A6 9.3399 (131s)\n"}
,{"stream_name":"stdout","time":7383.597064927,"data":"[2026-10-02T09:45:58+00:00]   230073127: SDE raw 9.1173, A6 7.8712 (108s)\n"}
,{"stream_name":"stdout","time":7391.266835977,"data":"[2026-10-02T09:46:06+00:00]   177114260: SDE raw 10.5619, A6 8.1210 (88s)\n"}
,{"stream_name":"stdout","time":7479.30768146,"data":"[2026-10-02T09:47:34+00:00]   420108194: SDE raw 11.3167, A6 8.0124 (91s)\n"}
,{"stream_name":"stdout","time":7480.029684871,"data":"[2026-10-02T09:47:34+00:00]   279248550: SDE raw 17.5634, A6 15.2850 (85s)\n"}
,{"stream_name":"stdout","time":7569.776824788,"data":"[2026-10-02T09:49:04+00:00]   309698892: SDE raw 8.6193, A6 8.4065 (85s)\n"}
,{"stream_name":"stdout","time":7610.445446882,"data":"[2026-10-02T09:49:45+00:00]   243315463: SDE raw 11.4871, A6 14.9126 (126s)\n"}
,{"stream_name":"stdout","time":7666.655548199,"data":"[2026-10-02T09:50:41+00:00]   219795050: SDE raw 11.8505, A6 13.1141 (92s)\n"}
,{"stream_name":"stdout","time":7719.335534829,"data":"[2026-10-02T09:51:34+00:00]   167811187: SDE raw 11.0846, A6 7.0020 (105s)\n"}
,{"stream_name":"stdout","time":7781.520259193,"data":"[2026-10-02T09:52:36+00:00]   441719749: SDE raw 7.2572, A6 7.3356 (110s)\n"}
,{"stream_name":"stdout","time":7850.864725002,"data":"[2026-10-02T09:53:45+00:00]   229770431: SDE raw 10.1481, A6 7.2489 (128s)\n"}
,{"stream_name":"stdout","time":7875.274071728,"data":"[2026-10-02T09:54:10+00:00]   298663845: SDE raw 9.7809, A6 8.7668 (89s)\n"}
,{"stream_name":"stdout","time":7969.25377596,"data":"[2026-10-02T09:55:44+00:00]   376884757: SDE raw 15.4272, A6 6.7182 (90s)\n"}
,{"stream_name":"stdout","time":8001.088567256,"data":"[2026-10-02T09:56:15+00:00]   288601772: SDE raw 11.5054, A6 11.0293 (145s)\n"}
,{"stream_name":"stdout","time":8003.971770117,"data":"[2026-10-02T09:56:18+00:00]   300324667: SDE raw 8.3464, A6 7.3464 (2s)\n"}
,{"stream_name":"stdout","time":8050.705197241,"data":"[2026-10-02T09:57:05+00:00]   459970335: SDE raw 10.1913, A6 7.7382 (44s)\n"}
,{"stream_name":"stdout","time":8083.666223315,"data":"[2026-10-02T09:57:38+00:00]   160586166: SDE raw 9.6178, A6 7.3811 (110s)\n"}
,{"stream_name":"stdout","time":8084.648925726,"data":"[2026-10-02T09:57:39+00:00]   294928018: SDE raw 7.4671, A6 6.5932 (1s)\n"}
,{"stream_name":"stdout","time":8144.055757976,"data":"[2026-10-02T09:58:38+00:00]   229410939: SDE raw 9.2932, A6 9.6449 (89s)\n"}
,{"stream_name":"stdout","time":8182.401735574,"data":"[2026-10-02T09:59:17+00:00]   229787530: SDE raw 7.9126, A6 7.9527 (93s)\n"}
,{"stream_name":"stdout","time":8238.00367765,"data":"[2026-10-02T10:00:12+00:00]   165553746: SDE raw 11.4712, A6 8.8611 (90s)\n"}
,{"stream_name":"stdout","time":8294.594857615,"data":"[2026-10-02T10:01:09+00:00]   142144969: SDE raw 10.7389, A6 7.3766 (108s)\n"}
,{"stream_name":"stdout","time":8388.85594888,"data":"[2026-10-02T10:02:43+00:00]   230133143: SDE raw 10.7540, A6 7.1230 (147s)\n"}
,{"stream_name":"stdout","time":8407.052460105,"data":"[2026-10-02T10:03:01+00:00]   55758201: SDE raw 11.6495, A6 7.2744 (108s)\n"}
,{"stream_name":"stdout","time":8500.489332174,"data":"[2026-10-02T10:04:35+00:00]   370041736: SDE raw 9.5549, A6 8.4810 (89s)\n"}
,{"stream_name":"stdout","time":8515.97991708,"data":"[2026-10-02T10:04:50+00:00]   160493316: SDE raw 14.5643, A6 7.2537 (123s)\n"}
,{"stream_name":"stdout","time":8608.019054883,"data":"[2026-10-02T10:06:22+00:00]   198214408: SDE raw 10.7025, A6 6.7088 (88s)\n"}
,{"stream_name":"stdout","time":8626.919416574,"data":"[2026-10-02T10:06:41+00:00]   441736266: SDE raw 9.8395, A6 8.0399 (122s)\n"}
,{"stream_name":"stdout","time":8702.106881199,"data":"[2026-10-02T10:07:56+00:00]   150189995: SDE raw 19.1529, A6 13.2088 (90s)\n"}
,{"stream_name":"stdout","time":8743.758089856,"data":"[2026-10-02T10:08:38+00:00]   219861470: SDE raw 8.1493, A6 9.6594 (112s)\n"}
,{"stream_name":"stdout","time":8753.423754859,"data":"[2026-10-02T10:08:48+00:00]   207462338: SDE raw 8.4817, A6 5.4231 (49s)\n"}
,{"stream_name":"stdout","time":8843.353556896,"data":"[2026-10-02T10:10:18+00:00]   177080030: SDE raw 9.4417, A6 9.3732 (86s)\n"}
,{"stream_name":"stdout","time":8907.213995796,"data":"[2026-10-02T10:11:21+00:00]   237199791: SDE raw 9.6137, A6 7.8453 (159s)\n"}
,{"stream_name":"stdout","time":8955.309750866,"data":"[2026-10-02T10:12:10+00:00]   198185138: SDE raw 10.1627, A6 9.1893 (107s)\n"}
,{"stream_name":"stdout","time":8956.320800938,"data":"[2026-10-02T10:12:11+00:00]   149450152: SDE raw 7.0428, A6 6.0165 (1s)\n"}
,{"stream_name":"stdout","time":9005.151828488,"data":"[2026-10-02T10:12:59+00:00]   233501332: SDE raw 11.8891, A6 7.3825 (94s)\n"}
,{"stream_name":"stdout","time":9047.254937163,"data":"[2026-10-02T10:13:42+00:00]   38610352: SDE raw 7.7034, A6 6.5031 (87s)\n"}
,{"stream_name":"stdout","time":9122.39757196,"data":"[2026-10-02T10:14:57+00:00]   377292209: SDE raw 11.5136, A6 6.8994 (113s)\n"}
,{"stream_name":"stdout","time":9165.472123587,"data":"[2026-10-02T10:15:40+00:00]   219757178: SDE raw 8.3182, A6 6.7787 (114s)\n"}
,{"stream_name":"stdout","time":9217.629509626,"data":"[2026-10-02T10:16:32+00:00]   237937700: SDE raw 8.4477, A6 5.3938 (92s)\n"}
,{"stream_name":"stdout","time":9260.42023064,"data":"[2026-10-02T10:17:15+00:00]   219101208: SDE raw 9.0131, A6 9.0717 (90s)\n"}
,{"stream_name":"stdout","time":9329.105864921,"data":"[2026-10-02T10:18:23+00:00]   350563306: SDE raw 11.4925, A6 10.3699 (107s)\n"}
,{"stream_name":"stdout","time":9355.251473881,"data":"[2026-10-02T10:18:50+00:00]   230071682: SDE raw 9.4850, A6 5.7862 (90s)\n"}
,{"stream_name":"stdout","time":9407.008285765,"data":"[2026-10-02T10:19:41+00:00]   237936194: SDE raw 12.3094, A6 12.7255 (75s)\n"}
,{"stream_name":"stdout","time":9451.050653707,"data":"[2026-10-02T10:20:25+00:00]   233063121: SDE raw 8.5964, A6 6.8873 (92s)\n"}
,{"stream_name":"stdout","time":9503.847247443,"data":"[2026-10-02T10:21:18+00:00]   198479347: SDE raw 14.7267, A6 8.4479 (92s)\n"}
,{"stream_name":"stdout","time":9542.503503439,"data":"[2026-10-02T10:21:57+00:00]   220428876: SDE raw 13.4096, A6 10.8137 (87s)\n"}
,{"stream_name":"stdout","time":9598.033122966,"data":"[2026-10-02T10:22:52+00:00]   359630395: SDE raw 7.1946, A6 7.2686 (90s)\n"}
,{"stream_name":"stdout","time":9638.251743847,"data":"[2026-10-02T10:23:33+00:00]   256298086: SDE raw 8.5174, A6 8.3932 (91s)\n"}
,{"stream_name":"stdout","time":9737.369377525,"data":"[2026-10-02T10:25:12+00:00]   229714508: SDE raw 11.0139, A6 6.7033 (135s)\n"}
,{"stream_name":"stdout","time":9772.423083491,"data":"[2026-10-02T10:25:47+00:00]   306932279: SDE raw 10.7221, A6 10.9032 (130s)\n"}
,{"stream_name":"stdout","time":9831.148445807,"data":"[2026-10-02T10:26:45+00:00]   32090440: SDE raw 9.1752, A6 8.8553 (90s)\n"}
,{"stream_name":"stdout","time":9864.548822469,"data":"[2026-10-02T10:27:19+00:00]   25077654: SDE raw 8.8499, A6 10.7554 (88s)\n"}
,{"stream_name":"stdout","time":9924.228335898,"data":"[2026-10-02T10:28:18+00:00]   279979088: SDE raw 8.7431, A6 7.3235 (89s)\n"}
,{"stream_name":"stdout","time":9955.765380582,"data":"[2026-10-02T10:28:50+00:00]   382157731: SDE raw 9.7484, A6 7.5552 (87s)\n"}
,{"stream_name":"stdout","time":10020.602360195,"data":"[2026-10-02T10:29:55+00:00]   237104188: SDE raw 8.0272, A6 7.0942 (92s)\n"}
,{"stream_name":"stdout","time":10049.615322047,"data":"[2026-10-02T10:30:24+00:00]   229701771: SDE raw 10.5971, A6 11.1415 (90s)\n"}
,{"stream_name":"stdout","time":10135.054136634,"data":"[2026-10-02T10:31:49+00:00]   320498138: SDE raw 8.5036, A6 6.8154 (110s)\n"}
,{"stream_name":"stdout","time":10166.131724585,"data":"[2026-10-02T10:32:20+00:00]   159453559: SDE raw 12.0568, A6 6.6246 (113s)\n"}
,{"stream_name":"stdout","time":10231.021362314,"data":"[2026-10-02T10:33:25+00:00]   441794991: SDE raw 9.8840, A6 7.8843 (92s)\n"}
,{"stream_name":"stdout","time":10325.502883264,"data":"[2026-10-02T10:35:00+00:00]   232631842: SDE raw 10.2680, A6 9.1065 (90s)\n"}
,{"stream_name":"stderr","time":10329.179862439,"data":"/usr/local/lib/python3.12/dist-packages/mistune.py:435: SyntaxWarning: invalid escape sequence '\\|'\n"}
,{"stream_name":"stderr","time":10329.179899192,"data":"  cells[i][c] = re.sub('\\\\\\\\\\|', '|', cell)\n"}
,{"stream_name":"stderr","time":10329.592390739,"data":"/usr/local/lib/python3.12/dist-packages/nbconvert/filters/filter_links.py:36: SyntaxWarning: invalid escape sequence '\\_'\n"}
,{"stream_name":"stderr","time":10329.59242822,"data":"  text = re.sub(r'_', '\\_', text) # Escape underscores in display text\n"}
,{"stream_name":"stderr","time":10330.386875659,"data":"[NbConvertApp] Converting notebook __script__.ipynb to html\n"}
,{"stream_name":"stderr","time":10331.998427587,"data":"[NbConvertApp] Writing 277896 bytes to __results__.html\n"}
]