[{"stream_name":"stdout","time":13.0349657,"data":"     ━━━━━━━━━━━━━━━━━━━━━━━━━━━━━━━━━━━━━━━━ 62.1/62.1 kB 2.7 MB/s eta 0:00:00\n"}
,{"stream_name":"stdout","time":14.287062332,"data":"     ━━━━━━━━━━━━━━━━━━━━━━━━━━━━━━━━━━━━━━━━ 80.3/80.3 kB 4.1 MB/s eta 0:00:00\n"}
,{"stream_name":"stdout","time":16.162215297,"data":"     ━━━━━━━━━━━━━━━━━━━━━━━━━━━━━━━━━━━━━━━━ 41.2/41.2 kB 1.8 MB/s eta 0:00:00\n"}
,{"stream_name":"stdout","time":20.092183566,"data":"   ━━━━━━━━━━━━━━━━━━━━━━━━━━━━━━━━━━━━━━━━ 10.5/10.5 MB 98.9 MB/s eta 0:00:00\n"}
,{"stream_name":"stdout","time":20.229633839,"data":"   ━━━━━━━━━━━━━━━━━━━━━━━━━━━━━━━━━━━━━━━━ 11.1/11.1 MB 82.9 MB/s eta 0:00:00\n"}
,{"stream_name":"stdout","time":20.254870681,"data":"   ━━━━━━━━━━━━━━━━━━━━━━━━━━━━━━━━━━━━━━━━ 243.5/243.5 kB 13.5 MB/s eta 0:00:00\n"}
,{"stream_name":"stdout","time":20.285762581,"data":"   ━━━━━━━━━━━━━━━━━━━━━━━━━━━━━━━━━━━━━━━━ 377.5/377.5 kB 15.6 MB/s eta 0:00:00\n"}
,{"stream_name":"stdout","time":20.316065681,"data":"   ━━━━━━━━━━━━━━━━━━━━━━━━━━━━━━━━━━━━━━━━ 261.1/261.1 kB 11.1 MB/s eta 0:00:00\n"}
,{"stream_name":"stdout","time":20.430439324,"data":"   ━━━━━━━━━━━━━━━━━━━━━━━━━━━━━━━━━━━━━━━━ 9.9/9.9 MB 92.2 MB/s eta 0:00:00\n"}
,{"stream_name":"stdout","time":20.457141659,"data":"   ━━━━━━━━━━━━━━━━━━━━━━━━━━━━━━━━━━━━━━━━ 155.6/155.6 kB 7.7 MB/s eta 0:00:00\n"}
,{"stream_name":"stdout","time":20.592913589,"data":"   ━━━━━━━━━━━━━━━━━━━━━━━━━━━━━━━━━━━━━━━━ 9.2/9.2 MB 72.0 MB/s eta 0:00:00\n"}
,{"stream_name":"stdout","time":20.883659479,"data":"   ━━━━━━━━━━━━━━━━━━━━━━━━━━━━━━━━━━━━━━━━ 35.2/35.2 MB 61.5 MB/s eta 0:00:00\n"}
,{"stream_name":"stdout","time":20.913067999,"data":"   ━━━━━━━━━━━━━━━━━━━━━━━━━━━━━━━━━━━━━━━━ 47.5/47.5 kB 1.8 MB/s eta 0:00:00\n"}
,{"stream_name":"stdout","time":20.97420784,"data":"   ━━━━━━━━━━━━━━━━━━━━━━━━━━━━━━━━━━━━━━━━ 2.0/2.0 MB 65.0 MB/s eta 0:00:00\n"}
,{"stream_name":"stdout","time":21.012280747,"data":"   ━━━━━━━━━━━━━━━━━━━━━━━━━━━━━━━━━━━━━━━━ 1.2/1.2 MB 41.3 MB/s eta 0:00:00\n"}
,{"stream_name":"stdout","time":21.05317235,"data":"   ━━━━━━━━━━━━━━━━━━━━━━━━━━━━━━━━━━━━━━━━ 60.1/60.1 kB 3.0 MB/s eta 0:00:00\n"}
,{"stream_name":"stdout","time":21.094077615,"data":"   ━━━━━━━━━━━━━━━━━━━━━━━━━━━━━━━━━━━━━━━━ 102.6/102.6 kB 5.2 MB/s eta 0:00:00\n"}
,{"stream_name":"stdout","time":21.13056496,"data":"   ━━━━━━━━━━━━━━━━━━━━━━━━━━━━━━━━━━━━━━━━ 1.8/1.8 MB 59.4 MB/s eta 0:00:00\n"}
,{"stream_name":"stdout","time":21.161798372,"data":"   ━━━━━━━━━━━━━━━━━━━━━━━━━━━━━━━━━━━━━━━━ 221.7/221.7 kB 9.5 MB/s eta 0:00:00\n"}
,{"stream_name":"stdout","time":21.342351036,"data":"   ━━━━━━━━━━━━━━━━━━━━━━━━━━━━━━━━━━━━━━━━ 16.0/16.0 MB 90.6 MB/s eta 0:00:00\n"}
,{"stream_name":"stderr","time":69.803922872,"data":"ERROR: pip's dependency resolver does not currently take into account all the packages that are installed. This behaviour is the source of the following dependency conflicts.\n"}
,{"stream_name":"stderr","time":69.803963304,"data":"bigframes 2.39.0 requires google-cloud-bigquery-storage\u003c3.0.0,\u003e=2.30.0, which is not installed.\n"}
,{"stream_name":"stderr","time":69.803969143,"data":"datasets 5.0.0 requires fsspec[http]\u003c=2026.4.0,\u003e=2023.1.0, but you have fsspec 2026.9.0 which is incompatible.\n"}
,{"stream_name":"stderr","time":69.803972903,"data":"ydata-profiling 4.18.4 requires matplotlib\u003c=3.10,\u003e=3.5, but you have matplotlib 3.11.2 which is incompatible.\n"}
,{"stream_name":"stderr","time":69.803976398,"data":"ydata-profiling 4.18.4 requires scipy\u003c1.17,\u003e=1.8, but you have scipy 1.17.1 which is incompatible.\n"}
,{"stream_name":"stderr","time":69.803979607,"data":"gcsfs 2025.3.0 requires fsspec==2025.3.0, but you have fsspec 2026.9.0 which is incompatible.\n"}
,{"stream_name":"stderr","time":69.803982761,"data":"sklearn-compat 0.1.5 requires scikit-learn\u003c1.9,\u003e=1.2, but you have scikit-learn 1.9.1 which is incompatible.\n"}
,{"stream_name":"stdout","time":125.701568794,"data":"[2026-10-02T04:50:32+00:00] gpu_11of14: 193 stars, cache /kaggle/input/datasets/srijeetbanerjee/exog-lc-cache-v1/cache\n"}
,{"stream_name":"stdout","time":125.701737604,"data":"[2026-10-02T04:50:32+00:00] gpu_12of14: 529 stars, cache /kaggle/input/datasets/srijeetbanerjee/exog-lc-cache-v1/cache\n"}
,{"stream_name":"stdout","time":152.046366768,"data":"[2026-10-02T04:50:58+00:00]   203220170: SDE raw 7.7213, A6 6.5989 (5s)\n"}
,{"stream_name":"stdout","time":153.237809308,"data":"[2026-10-02T04:50:59+00:00]   63695346: SDE raw 7.5646, A6 3.9672 (1s)\n"}
,{"stream_name":"stdout","time":157.186524715,"data":"[2026-10-02T04:51:03+00:00]   364131317: SDE raw 7.4065, A6 6.1339 (3s)\n"}
,{"stream_name":"stdout","time":214.743231425,"data":"[2026-10-02T04:52:01+00:00]   419635831: SDE raw 8.0567, A6 7.4990 (67s)\n"}
,{"stream_name":"stdout","time":215.551675031,"data":"[2026-10-02T04:52:02+00:00]   33649266: SDE raw 6.2113, A6 4.5012 (0s)\n"}
,{"stream_name":"stdout","time":217.647004148,"data":"[2026-10-02T04:52:04+00:00]   458516874: SDE raw 5.3673, A6 7.4484 (2s)\n"}
,{"stream_name":"stdout","time":218.656803772,"data":"[2026-10-02T04:52:05+00:00]   21501907: SDE raw 5.3080, A6 4.6798 (1s)\n"}
,{"stream_name":"stdout","time":219.555059988,"data":"[2026-10-02T04:52:06+00:00]   145708: SDE raw 6.8245, A6 5.1931 (1s)\n"}
,{"stream_name":"stdout","time":222.804640158,"data":"[2026-10-02T04:52:09+00:00]   274014993: SDE raw 7.8996, A6 7.4492 (63s)\n"}
,{"stream_name":"stdout","time":224.362730768,"data":"[2026-10-02T04:52:10+00:00]   219251046: SDE raw 7.7026, A6 7.4869 (4s)\n"}
,{"stream_name":"stdout","time":225.160021916,"data":"[2026-10-02T04:52:11+00:00]   231907336: SDE raw 9.5028, A6 7.1193 (2s)\n"}
,{"stream_name":"stdout","time":226.250721476,"data":"[2026-10-02T04:52:12+00:00]   406404433: SDE raw 6.8513, A6 4.9078 (1s)\n"}
,{"stream_name":"stdout","time":226.617874014,"data":"[2026-10-02T04:52:13+00:00]   408546125: SDE raw 7.6367, A6 5.2207 (2s)\n"}
,{"stream_name":"stdout","time":227.729301053,"data":"[2026-10-02T04:52:14+00:00]   270378256: SDE raw 6.6190, A6 5.0770 (1s)\n"}
,{"stream_name":"stdout","time":229.105035453,"data":"[2026-10-02T04:52:15+00:00]   100105797: SDE raw 9.0112, A6 7.4562 (2s)\n"}
,{"stream_name":"stdout","time":229.845586975,"data":"[2026-10-02T04:52:16+00:00]   423669556: SDE raw 5.8596, A6 5.5788 (0s)\n"}
,{"stream_name":"stdout","time":229.909743939,"data":"[2026-10-02T04:52:16+00:00]   395320272: SDE raw 7.6368, A6 6.8221 (2s)\n"}
,{"stream_name":"stdout","time":230.938955091,"data":"[2026-10-02T04:52:17+00:00]   149741603: SDE raw 5.5925, A6 6.6137 (1s)\n"}
,{"stream_name":"stdout","time":231.074854274,"data":"[2026-10-02T04:52:17+00:00]   422274184: SDE raw 5.4619, A6 5.5898 (1s)\n"}
,{"stream_name":"stdout","time":232.391392975,"data":"[2026-10-02T04:52:18+00:00]   166573547: SDE raw 5.8798, A6 3.5607 (1s)\n"}
,{"stream_name":"stdout","time":233.146189939,"data":"[2026-10-02T04:52:19+00:00]   10819194: SDE raw 4.5022, A6 4.2446 (0s)\n"}
,{"stream_name":"stdout","time":233.308499718,"data":"[2026-10-02T04:52:19+00:00]   212957388: SDE raw 9.9876, A6 6.5987 (1s)\n"}
,{"stream_name":"stdout","time":235.461820721,"data":"[2026-10-02T04:52:22+00:00]   234993166: SDE raw 5.0174, A6 5.5409 (1s)\n"}
,{"stream_name":"stdout","time":235.499385801,"data":"[2026-10-02T04:52:22+00:00]   452386765: SDE raw 6.6497, A6 5.3056 (2s)\n"}
,{"stream_name":"stdout","time":245.874251214,"data":"[2026-10-02T04:52:32+00:00]   350296771: SDE raw 9.7318, A6 6.7155 (9s)\n"}
,{"stream_name":"stdout","time":250.584273597,"data":"[2026-10-02T04:52:37+00:00]   381413540: SDE raw 5.9132, A6 6.7305 (3s)\n"}
,{"stream_name":"stdout","time":252.922141012,"data":"[2026-10-02T04:52:39+00:00]   59081015: SDE raw 9.5277, A6 9.1640 (1s)\n"}
,{"stream_name":"stdout","time":272.907242082,"data":"[2026-10-02T04:52:59+00:00]   85288867: SDE raw 7.8218, A6 6.6436 (19s)\n"}
,{"stream_name":"stdout","time":275.438979452,"data":"[2026-10-02T04:53:02+00:00]   345076629: SDE raw 13.6057, A6 13.4573 (2s)\n"}
,{"stream_name":"stdout","time":277.764743385,"data":"[2026-10-02T04:53:04+00:00]   101726981: SDE raw 6.3157, A6 6.0940 (1s)\n"}
,{"stream_name":"stdout","time":278.979435823,"data":"[2026-10-02T04:53:05+00:00]   235042681: SDE raw 7.7568, A6 5.8125 (1s)\n"}
,{"stream_name":"stdout","time":318.300084614,"data":"[2026-10-02T04:53:44+00:00]   50439803: SDE raw 12.1617, A6 7.8517 (81s)\n"}
,{"stream_name":"stdout","time":319.312979108,"data":"[2026-10-02T04:53:45+00:00]   1128207: SDE raw 7.5732, A6 5.3721 (1s)\n"}
,{"stream_name":"stdout","time":321.740485148,"data":"[2026-10-02T04:53:48+00:00]   467223244: SDE raw 6.5812, A6 5.2468 (2s)\n"}
,{"stream_name":"stdout","time":322.967244515,"data":"[2026-10-02T04:53:49+00:00]   214723875: SDE raw 6.0473, A6 4.9160 (1s)\n"}
,{"stream_name":"stdout","time":338.397394238,"data":"[2026-10-02T04:54:04+00:00]   28769644: SDE raw 9.9437, A6 8.8216 (58s)\n"}
,{"stream_name":"stdout","time":351.949184493,"data":"[2026-10-02T04:54:18+00:00]   85879267: SDE raw 7.5722, A6 6.3784 (27s)\n"}
,{"stream_name":"stdout","time":367.706545252,"data":"[2026-10-02T04:54:34+00:00]   396328004: SDE raw 9.2527, A6 10.3564 (28s)\n"}
,{"stream_name":"stdout","time":369.921099262,"data":"[2026-10-02T04:54:36+00:00]   148182040: SDE raw 8.6553, A6 7.3140 (1s)\n"}
,{"stream_name":"stdout","time":374.960039889,"data":"[2026-10-02T04:54:41+00:00]   150364128: SDE raw 7.9151, A6 6.3506 (22s)\n"}
,{"stream_name":"stdout","time":377.160308299,"data":"[2026-10-02T04:54:43+00:00]   255587561: SDE raw 8.4802, A6 7.0007 (1s)\n"}
,{"stream_name":"stdout","time":378.459321714,"data":"[2026-10-02T04:54:45+00:00]   139418956: SDE raw 5.7702, A6 5.4127 (1s)\n"}
,{"stream_name":"stdout","time":380.6981807,"data":"[2026-10-02T04:54:47+00:00]   310362891: SDE raw 8.6469, A6 5.2016 (1s)\n"}
,{"stream_name":"stdout","time":383.125021775,"data":"[2026-10-02T04:54:49+00:00]   200280954: SDE raw 8.7719, A6 6.4369 (2s)\n"}
,{"stream_name":"stdout","time":385.509482458,"data":"[2026-10-02T04:54:52+00:00]   106991368: SDE raw 9.6434, A6 5.6619 (2s)\n"}
,{"stream_name":"stdout","time":389.850128409,"data":"[2026-10-02T04:54:56+00:00]   162594819: SDE raw 10.4962, A6 6.2679 (3s)\n"}
,{"stream_name":"stdout","time":392.101746039,"data":"[2026-10-02T04:54:58+00:00]   266075926: SDE raw 9.0936, A6 4.6492 (2s)\n"}
,{"stream_name":"stdout","time":394.697637463,"data":"[2026-10-02T04:55:01+00:00]   418386461: SDE raw 7.8141, A6 7.3452 (2s)\n"}
,{"stream_name":"stdout","time":395.72288712,"data":"[2026-10-02T04:55:02+00:00]   121051065: SDE raw 6.7151, A6 5.7563 (1s)\n"}
,{"stream_name":"stdout","time":397.374098358,"data":"[2026-10-02T04:55:03+00:00]   399044025: SDE raw 5.3586, A6 4.7661 (1s)\n"}
,{"stream_name":"stdout","time":400.356649673,"data":"[2026-10-02T04:55:06+00:00]   103193203: SDE raw 13.9372, A6 9.5931 (29s)\n"}
,{"stream_name":"stdout","time":401.095277495,"data":"[2026-10-02T04:55:07+00:00]   382307690: SDE raw 5.1945, A6 4.1771 (0s)\n"}
,{"stream_name":"stdout","time":403.479051752,"data":"[2026-10-02T04:55:10+00:00]   122558413: SDE raw 6.3962, A6 7.2422 (2s)\n"}
,{"stream_name":"stdout","time":405.898066418,"data":"[2026-10-02T04:55:12+00:00]   180670639: SDE raw 7.0389, A6 9.2335 (2s)\n"}
,{"stream_name":"stdout","time":405.999956186,"data":"[2026-10-02T04:55:12+00:00]   95432896: SDE raw 6.9214, A6 7.3719 (7s)\n"}
,{"stream_name":"stdout","time":406.794295916,"data":"[2026-10-02T04:55:13+00:00]   333794682: SDE raw 6.4916, A6 4.4377 (0s)\n"}
,{"stream_name":"stdout","time":409.361628284,"data":"[2026-10-02T04:55:15+00:00]   326199506: SDE raw 7.1536, A6 7.1194 (2s)\n"}
,{"stream_name":"stdout","time":411.406525113,"data":"[2026-10-02T04:55:17+00:00]   233171680: SDE raw 7.4252, A6 5.9308 (4s)\n"}
,{"stream_name":"stdout","time":411.832697019,"data":"[2026-10-02T04:55:18+00:00]   288375338: SDE raw 6.0738, A6 5.8307 (2s)\n"}
,{"stream_name":"stdout","time":413.722173114,"data":"[2026-10-02T04:55:20+00:00]   231022348: SDE raw 6.4298, A6 6.4441 (2s)\n"}
,{"stream_name":"stdout","time":413.937056112,"data":"[2026-10-02T04:55:20+00:00]   331300217: SDE raw 8.2370, A6 7.0687 (1s)\n"}
,{"stream_name":"stdout","time":416.231690271,"data":"[2026-10-02T04:55:22+00:00]   27229572: SDE raw 7.4288, A6 6.4643 (2s)\n"}
,{"stream_name":"stdout","time":416.48020326,"data":"[2026-10-02T04:55:23+00:00]   144109776: SDE raw 8.5534, A6 6.6538 (2s)\n"}
,{"stream_name":"stdout","time":417.331201083,"data":"[2026-10-02T04:55:23+00:00]   52403906: SDE raw 6.2974, A6 5.6414 (1s)\n"}
,{"stream_name":"stdout","time":419.081662408,"data":"[2026-10-02T04:55:25+00:00]   82160047: SDE raw 11.5791, A6 8.6076 (2s)\n"}
,{"stream_name":"stdout","time":419.959507915,"data":"[2026-10-02T04:55:26+00:00]   301021917: SDE raw 7.0802, A6 6.5163 (2s)\n"}
,{"stream_name":"stdout","time":421.033626245,"data":"[2026-10-02T04:55:27+00:00]   382473126: SDE raw 4.9194, A6 4.9692 (1s)\n"}
,{"stream_name":"stdout","time":423.489176459,"data":"[2026-10-02T04:55:30+00:00]   374312797: SDE raw 7.0686, A6 4.3484 (2s)\n"}
,{"stream_name":"stdout","time":425.883097914,"data":"[2026-10-02T04:55:32+00:00]   267432303: SDE raw 7.9948, A6 5.6024 (2s)\n"}
,{"stream_name":"stdout","time":426.062291275,"data":"[2026-10-02T04:55:32+00:00]   26971188: SDE raw 8.9704, A6 6.4063 (6s)\n"}
,{"stream_name":"stdout","time":427.077544169,"data":"[2026-10-02T04:55:33+00:00]   284928339: SDE raw 6.3139, A6 5.8069 (1s)\n"}
,{"stream_name":"stdout","time":428.147021654,"data":"[2026-10-02T04:55:34+00:00]   120461208: SDE raw 5.1224, A6 5.1721 (1s)\n"}
,{"stream_name":"stdout","time":430.395379885,"data":"[2026-10-02T04:55:36+00:00]   177171512: SDE raw 7.3454, A6 5.3971 (3s)\n"}
,{"stream_name":"stdout","time":430.936974435,"data":"[2026-10-02T04:55:37+00:00]   232076054: SDE raw 7.3299, A6 5.4759 (2s)\n"}
,{"stream_name":"stdout","time":432.325817425,"data":"[2026-10-02T04:55:38+00:00]   139053380: SDE raw 5.7955, A6 6.1740 (1s)\n"}
,{"stream_name":"stdout","time":433.483812415,"data":"[2026-10-02T04:55:40+00:00]   207084753: SDE raw 5.4892, A6 6.4576 (1s)\n"}
,{"stream_name":"stdout","time":458.452520701,"data":"[2026-10-02T04:56:05+00:00]   136953571: SDE raw 12.6954, A6 11.0253 (27s)\n"}
,{"stream_name":"stdout","time":461.067203658,"data":"[2026-10-02T04:56:07+00:00]   171557044: SDE raw 7.0185, A6 5.8269 (2s)\n"}
,{"stream_name":"stdout","time":462.071047609,"data":"[2026-10-02T04:56:08+00:00]   91354281: SDE raw 3.8758, A6 4.5486 (1s)\n"}
,{"stream_name":"stdout","time":464.298244626,"data":"[2026-10-02T04:56:10+00:00]   150188411: SDE raw 6.8662, A6 4.8129 (1s)\n"}
,{"stream_name":"stdout","time":465.287296546,"data":"[2026-10-02T04:56:11+00:00]   64111053: SDE raw 4.3433, A6 5.3460 (1s)\n"}
,{"stream_name":"stdout","time":466.350098589,"data":"[2026-10-02T04:56:12+00:00]   365969362: SDE raw 7.5746, A6 5.8106 (1s)\n"}
,{"stream_name":"stdout","time":491.471246094,"data":"[2026-10-02T04:56:38+00:00]   322320510: SDE raw 9.8603, A6 10.5001 (56s)\n"}
,{"stream_name":"stdout","time":495.99242869,"data":"[2026-10-02T04:56:42+00:00]   142942547: SDE raw 9.6390, A6 7.7661 (28s)\n"}
,{"stream_name":"stdout","time":497.014671814,"data":"[2026-10-02T04:56:43+00:00]   323463874: SDE raw 9.7834, A6 5.5812 (4s)\n"}
,{"stream_name":"stdout","time":500.613426444,"data":"[2026-10-02T04:56:47+00:00]   258029388: SDE raw 7.4197, A6 6.5170 (3s)\n"}
,{"stream_name":"stdout","time":531.082628147,"data":"[2026-10-02T04:57:17+00:00]   141760986: SDE raw 9.6299, A6 6.7304 (29s)\n"}
,{"stream_name":"stdout","time":532.276116146,"data":"[2026-10-02T04:57:18+00:00]   158703741: SDE raw 4.6898, A6 5.4683 (1s)\n"}
,{"stream_name":"stdout","time":533.176683901,"data":"[2026-10-02T04:57:19+00:00]   410324206: SDE raw 6.5725, A6 4.0587 (0s)\n"}
,{"stream_name":"stdout","time":561.357030385,"data":"[2026-10-02T04:57:47+00:00]   261088356: SDE raw 11.9946, A6 13.5120 (62s)\n"}
,{"stream_name":"stdout","time":563.861095557,"data":"[2026-10-02T04:57:50+00:00]   59087122: SDE raw 7.6895, A6 6.8718 (2s)\n"}
,{"stream_name":"stdout","time":564.889493846,"data":"[2026-10-02T04:57:51+00:00]   365335204: SDE raw 4.6979, A6 5.7275 (1s)\n"}
,{"stream_name":"stdout","time":567.525003912,"data":"[2026-10-02T04:57:54+00:00]   166934491: SDE raw 8.7150, A6 7.5846 (2s)\n"}
,{"stream_name":"stdout","time":570.331457971,"data":"[2026-10-02T04:57:56+00:00]   142349164: SDE raw 6.1710, A6 6.6722 (2s)\n"}
,{"stream_name":"stdout","time":571.285943921,"data":"[2026-10-02T04:57:57+00:00]   100668092: SDE raw 7.2266, A6 4.5245 (1s)\n"}
,{"stream_name":"stdout","time":584.277859368,"data":"[2026-10-02T04:58:10+00:00]   150029448: SDE raw 7.8025, A6 7.3560 (49s)\n"}
,{"stream_name":"stdout","time":585.622173429,"data":"[2026-10-02T04:58:12+00:00]   286055732: SDE raw 5.8555, A6 5.1412 (1s)\n"}
,{"stream_name":"stdout","time":590.845600173,"data":"[2026-10-02T04:58:17+00:00]   160489403: SDE raw 6.6235, A6 6.5036 (18s)\n"}
,{"stream_name":"stdout","time":621.794206033,"data":"[2026-10-02T04:58:48+00:00]   308449735: SDE raw 10.9303, A6 9.4579 (34s)\n"}
,{"stream_name":"stdout","time":651.087455627,"data":"[2026-10-02T04:59:17+00:00]   232984678: SDE raw 10.1504, A6 8.0383 (58s)\n"}
,{"stream_name":"stdout","time":653.574729741,"data":"[2026-10-02T04:59:20+00:00]   286231807: SDE raw 6.4868, A6 4.5622 (2s)\n"}
,{"stream_name":"stdout","time":672.032713187,"data":"[2026-10-02T04:59:38+00:00]   235951733: SDE raw 11.2786, A6 6.0805 (48s)\n"}
,{"stream_name":"stdout","time":729.011097552,"data":"[2026-10-02T05:00:35+00:00]   279360705: SDE raw 8.7850, A6 6.0735 (55s)\n"}
,{"stream_name":"stdout","time":755.981223267,"data":"[2026-10-02T05:01:02+00:00]   288268653: SDE raw 18.9621, A6 16.5301 (99s)\n"}
,{"stream_name":"stdout","time":758.323155311,"data":"[2026-10-02T05:01:04+00:00]   141602474: SDE raw 6.3511, A6 6.4495 (2s)\n"}
,{"stream_name":"stdout","time":774.727354664,"data":"[2026-10-02T05:01:21+00:00]   116896152: SDE raw 12.4896, A6 9.2284 (44s)\n"}
,{"stream_name":"stdout","time":799.565987946,"data":"[2026-10-02T05:01:46+00:00]   293805252: SDE raw 18.6863, A6 15.0364 (23s)\n"}
,{"stream_name":"stdout","time":802.3108138,"data":"[2026-10-02T05:01:48+00:00]   160553101: SDE raw 5.3623, A6 6.0312 (2s)\n"}
,{"stream_name":"stdout","time":852.921530536,"data":"[2026-10-02T05:02:39+00:00]   287065065: SDE raw 18.6954, A6 19.6740 (49s)\n"}
,{"stream_name":"stdout","time":855.355301061,"data":"[2026-10-02T05:02:41+00:00]   316494199: SDE raw 6.8254, A6 5.8705 (2s)\n"}
,{"stream_name":"stdout","time":872.132649444,"data":"[2026-10-02T05:02:58+00:00]   160492053: SDE raw 9.2535, A6 6.5574 (110s)\n"}
,{"stream_name":"stdout","time":873.245361352,"data":"[2026-10-02T05:02:59+00:00]   52075663: SDE raw 7.3100, A6 5.0472 (1s)\n"}
,{"stream_name":"stdout","time":875.4569179,"data":"[2026-10-02T05:03:02+00:00]   79531088: SDE raw 9.0920, A6 6.9971 (1s)\n"}
,{"stream_name":"stdout","time":898.050881107,"data":"[2026-10-02T05:03:24+00:00]   435680679: SDE raw 10.9211, A6 6.7508 (41s)\n"}
,{"stream_name":"stdout","time":916.343904986,"data":"[2026-10-02T05:03:42+00:00]   316420315: SDE raw 9.4691, A6 5.8567 (39s)\n"}
,{"stream_name":"stdout","time":921.103666527,"data":"[2026-10-02T05:03:47+00:00]   23793707: SDE raw 7.2252, A6 7.9835 (22s)\n"}
,{"stream_name":"stdout","time":939.830481181,"data":"[2026-10-02T05:04:06+00:00]   141264868: SDE raw 7.0780, A6 6.5144 (22s)\n"}
,{"stream_name":"stdout","time":940.904584154,"data":"[2026-10-02T05:04:07+00:00]   158415140: SDE raw 6.0675, A6 5.0856 (1s)\n"}
,{"stream_name":"stdout","time":956.338674567,"data":"[2026-10-02T05:04:22+00:00]   354245891: SDE raw 12.2556, A6 12.3028 (33s)\n"}
,{"stream_name":"stdout","time":957.583344282,"data":"[2026-10-02T05:04:24+00:00]   101277731: SDE raw 5.3090, A6 6.4294 (1s)\n"}
,{"stream_name":"stdout","time":959.928900625,"data":"[2026-10-02T05:04:26+00:00]   144705372: SDE raw 7.3185, A6 6.1926 (2s)\n"}
,{"stream_name":"stdout","time":968.390481847,"data":"[2026-10-02T05:04:34+00:00]   165372816: SDE raw 7.9649, A6 8.1100 (26s)\n"}
,{"stream_name":"stdout","time":969.342958583,"data":"[2026-10-02T05:04:35+00:00]   89255038: SDE raw 5.5169, A6 4.2011 (1s)\n"}
,{"stream_name":"stdout","time":973.852846262,"data":"[2026-10-02T05:04:40+00:00]   277550936: SDE raw 9.1306, A6 6.3292 (4s)\n"}
,{"stream_name":"stdout","time":1035.108176267,"data":"[2026-10-02T05:05:41+00:00]   455272769: SDE raw 9.6720, A6 10.9274 (59s)\n"}
,{"stream_name":"stdout","time":1035.897158476,"data":"[2026-10-02T05:05:42+00:00]   310979172: SDE raw 5.0968, A6 5.0976 (1s)\n"}
,{"stream_name":"stdout","time":1038.23232626,"data":"[2026-10-02T05:05:44+00:00]   91594813: SDE raw 9.3174, A6 9.5757 (76s)\n"}
,{"stream_name":"stdout","time":1039.094940075,"data":"[2026-10-02T05:05:45+00:00]   72600876: SDE raw 5.8382, A6 5.2629 (0s)\n"}
,{"stream_name":"stdout","time":1041.757191168,"data":"[2026-10-02T05:05:48+00:00]   325562128: SDE raw 8.6828, A6 8.1080 (2s)\n"}
,{"stream_name":"stdout","time":1050.332353033,"data":"[2026-10-02T05:05:56+00:00]   220474002: SDE raw 9.1225, A6 8.2546 (13s)\n"}
,{"stream_name":"stdout","time":1051.248761778,"data":"[2026-10-02T05:05:57+00:00]   95571557: SDE raw 9.9127, A6 8.3004 (8s)\n"}
,{"stream_name":"stdout","time":1085.334668522,"data":"[2026-10-02T05:06:31+00:00]   326201069: SDE raw 9.6020, A6 8.4444 (33s)\n"}
,{"stream_name":"stdout","time":1115.386183462,"data":"[2026-10-02T05:07:01+00:00]   272432894: SDE raw 8.4647, A6 10.1189 (28s)\n"}
,{"stream_name":"stdout","time":1124.772983418,"data":"[2026-10-02T05:07:11+00:00]   3576581: SDE raw 9.8901, A6 6.6510 (8s)\n"}
,{"stream_name":"stdout","time":1125.992999153,"data":"[2026-10-02T05:07:12+00:00]   394005299: SDE raw 6.1012, A6 5.2399 (1s)\n"}
,{"stream_name":"stdout","time":1155.379049475,"data":"[2026-10-02T05:07:41+00:00]   155872701: SDE raw 10.6642, A6 18.4676 (28s)\n"}
,{"stream_name":"stdout","time":1156.137482777,"data":"[2026-10-02T05:07:42+00:00]   32432469: SDE raw 6.2836, A6 5.6569 (0s)\n"}
,{"stream_name":"stdout","time":1160.738798943,"data":"[2026-10-02T05:07:47+00:00]   224603153: SDE raw 9.2837, A6 14.7768 (107s)\n"}
,{"stream_name":"stdout","time":1181.020168582,"data":"[2026-10-02T05:08:07+00:00]   468607863: SDE raw 7.3198, A6 6.8074 (19s)\n"}
,{"stream_name":"stdout","time":1197.591186079,"data":"[2026-10-02T05:08:24+00:00]   141862887: SDE raw 17.4725, A6 13.4221 (39s)\n"}
,{"stream_name":"stdout","time":1198.563267357,"data":"[2026-10-02T05:08:25+00:00]   443892394: SDE raw 4.2776, A6 4.9819 (1s)\n"}
,{"stream_name":"stdout","time":1199.96263442,"data":"[2026-10-02T05:08:26+00:00]   71293147: SDE raw 7.0591, A6 5.7564 (1s)\n"}
,{"stream_name":"stdout","time":1201.273599302,"data":"[2026-10-02T05:08:27+00:00]   297076422: SDE raw 6.3251, A6 6.0150 (1s)\n"}
,{"stream_name":"stdout","time":1203.527725592,"data":"[2026-10-02T05:08:30+00:00]   280790195: SDE raw 5.1950, A6 6.5026 (1s)\n"}
,{"stream_name":"stdout","time":1205.806888674,"data":"[2026-10-02T05:08:32+00:00]   74787842: SDE raw 7.1439, A6 7.2385 (2s)\n"}
,{"stream_name":"stdout","time":1206.620770517,"data":"[2026-10-02T05:08:33+00:00]   253374215: SDE raw 8.6216, A6 13.6030 (0s)\n"}
,{"stream_name":"stdout","time":1207.601576462,"data":"[2026-10-02T05:08:34+00:00]   149418073: SDE raw 5.3220, A6 3.6729 (1s)\n"}
,{"stream_name":"stdout","time":1218.283974747,"data":"[2026-10-02T05:08:44+00:00]   230199859: SDE raw 9.9177, A6 7.0882 (36s)\n"}
,{"stream_name":"stdout","time":1219.087691944,"data":"[2026-10-02T05:08:45+00:00]   241445862: SDE raw 6.0547, A6 5.1159 (0s)\n"}
,{"stream_name":"stdout","time":1219.972634142,"data":"[2026-10-02T05:08:46+00:00]   258588345: SDE raw 9.5677, A6 13.2394 (0s)\n"}
,{"stream_name":"stdout","time":1221.045096963,"data":"[2026-10-02T05:08:47+00:00]   270621612: SDE raw 6.2656, A6 5.3543 (1s)\n"}
,{"stream_name":"stdout","time":1250.170264006,"data":"[2026-10-02T05:09:16+00:00]   309401404: SDE raw 12.4929, A6 6.4244 (40s)\n"}
,{"stream_name":"stdout","time":1252.555728759,"data":"[2026-10-02T05:09:19+00:00]   192826201: SDE raw 6.8369, A6 6.1800 (2s)\n"}
,{"stream_name":"stdout","time":1260.897976216,"data":"[2026-10-02T05:09:27+00:00]   382508413: SDE raw 11.1228, A6 11.8597 (37s)\n"}
,{"stream_name":"stdout","time":1265.923934757,"data":"[2026-10-02T05:09:32+00:00]   231966104: SDE raw 18.8094, A6 11.6327 (4s)\n"}
,{"stream_name":"stdout","time":1282.614888637,"data":"[2026-10-02T05:09:49+00:00]   103687616: SDE raw 9.5493, A6 11.1775 (28s)\n"}
,{"stream_name":"stdout","time":1284.865456637,"data":"[2026-10-02T05:09:51+00:00]   155875539: SDE raw 8.9095, A6 7.2936 (18s)\n"}
,{"stream_name":"stdout","time":1362.283393129,"data":"[2026-10-02T05:11:08+00:00]   287953237: SDE raw 11.0916, A6 9.4324 (75s)\n"}
,{"stream_name":"stdout","time":1363.15066498,"data":"[2026-10-02T05:11:09+00:00]   353784254: SDE raw 9.8439, A6 6.3337 (78s)\n"}
,{"stream_name":"stdout","time":1363.566954524,"data":"[2026-10-02T05:11:10+00:00]   445918502: SDE raw 5.2223, A6 6.0494 (1s)\n"}
,{"stream_name":"stdout","time":1364.327606328,"data":"[2026-10-02T05:11:10+00:00]   3816082: SDE raw 5.6266, A6 5.3521 (0s)\n"}
,{"stream_name":"stdout","time":1365.462013826,"data":"[2026-10-02T05:11:12+00:00]   16370959: SDE raw 6.9155, A6 5.1674 (1s)\n"}
,{"stream_name":"stdout","time":1399.710972468,"data":"[2026-10-02T05:11:46+00:00]   141819543: SDE raw 11.2301, A6 9.6947 (35s)\n"}
,{"stream_name":"stdout","time":1404.614370795,"data":"[2026-10-02T05:11:51+00:00]   232032625: SDE raw 6.8119, A6 5.0295 (4s)\n"}
,{"stream_name":"stdout","time":1406.972328417,"data":"[2026-10-02T05:11:53+00:00]   8483309: SDE raw 6.4849, A6 6.5379 (2s)\n"}
,{"stream_name":"stdout","time":1416.454278833,"data":"[2026-10-02T05:12:03+00:00]   302302736: SDE raw 8.8463, A6 7.3473 (8s)\n"}
,{"stream_name":"stdout","time":1448.305797967,"data":"[2026-10-02T05:12:34+00:00]   47733476: SDE raw 13.9512, A6 13.6571 (80s)\n"}
,{"stream_name":"stdout","time":1450.653659768,"data":"[2026-10-02T05:12:37+00:00]   146713291: SDE raw 7.8752, A6 7.1310 (2s)\n"}
,{"stream_name":"stdout","time":1451.46392816,"data":"[2026-10-02T05:12:38+00:00]   468719286: SDE raw 7.5811, A6 7.7448 (33s)\n"}
,{"stream_name":"stdout","time":1481.145078503,"data":"[2026-10-02T05:13:07+00:00]   418342346: SDE raw 10.0940, A6 8.8615 (29s)\n"}
,{"stream_name":"stdout","time":1482.355683532,"data":"[2026-10-02T05:13:08+00:00]   191288300: SDE raw 4.0464, A6 4.6511 (1s)\n"}
,{"stream_name":"stdout","time":1483.349972619,"data":"[2026-10-02T05:13:09+00:00]   318928983: SDE raw 6.8970, A6 5.7937 (1s)\n"}
,{"stream_name":"stdout","time":1487.601261837,"data":"[2026-10-02T05:13:14+00:00]   358049692: SDE raw 7.1169, A6 6.6284 (3s)\n"}
,{"stream_name":"stdout","time":1492.658863984,"data":"[2026-10-02T05:13:19+00:00]   175290532: SDE raw 6.9279, A6 7.7942 (4s)\n"}
,{"stream_name":"stdout","time":1501.829261773,"data":"[2026-10-02T05:13:28+00:00]   467184554: SDE raw 8.4412, A6 8.7718 (49s)\n"}
,{"stream_name":"stdout","time":1503.043415912,"data":"[2026-10-02T05:13:29+00:00]   165213629: SDE raw 6.5390, A6 8.3601 (1s)\n"}
,{"stream_name":"stdout","time":1517.536461307,"data":"[2026-10-02T05:13:44+00:00]   301867386: SDE raw 12.1113, A6 11.8152 (23s)\n"}
,{"stream_name":"stdout","time":1594.914231611,"data":"[2026-10-02T05:15:01+00:00]   350816446: SDE raw 8.3912, A6 7.1296 (89s)\n"}
,{"stream_name":"stdout","time":1597.483478122,"data":"[2026-10-02T05:15:04+00:00]   237118852: SDE raw 8.8393, A6 7.8713 (2s)\n"}
,{"stream_name":"stdout","time":1621.420241338,"data":"[2026-10-02T05:15:27+00:00]   158014106: SDE raw 11.5504, A6 8.4727 (101s)\n"}
,{"stream_name":"stdout","time":1624.222694096,"data":"[2026-10-02T05:15:30+00:00]   232966497: SDE raw 9.6488, A6 6.2459 (2s)\n"}
,{"stream_name":"stdout","time":1667.687182291,"data":"[2026-10-02T05:16:14+00:00]   224296705: SDE raw 10.5954, A6 6.6547 (41s)\n"}
,{"stream_name":"stdout","time":1670.037719523,"data":"[2026-10-02T05:16:16+00:00]   397354290: SDE raw 9.9025, A6 7.5877 (2s)\n"}
,{"stream_name":"stdout","time":1672.575779039,"data":"[2026-10-02T05:16:19+00:00]   282924667: SDE raw 6.6586, A6 6.7970 (2s)\n"}
,{"stream_name":"stdout","time":1677.837875164,"data":"[2026-10-02T05:16:24+00:00]   207236625: SDE raw 17.6500, A6 15.8575 (4s)\n"}
,{"stream_name":"stdout","time":1680.170545716,"data":"[2026-10-02T05:16:26+00:00]   141808431: SDE raw 8.6797, A6 5.5955 (2s)\n"}
,{"stream_name":"stdout","time":1688.544761376,"data":"[2026-10-02T05:16:35+00:00]   264217124: SDE raw 10.2226, A6 6.7171 (87s)\n"}
,{"stream_name":"stdout","time":1760.583274785,"data":"[2026-10-02T05:17:47+00:00]   394287434: SDE raw 8.8562, A6 7.8129 (78s)\n"}
,{"stream_name":"stdout","time":1763.234417127,"data":"[2026-10-02T05:17:49+00:00]   115325744: SDE raw 6.2176, A6 6.0127 (2s)\n"}
,{"stream_name":"stdout","time":1765.544285475,"data":"[2026-10-02T05:17:52+00:00]   39268506: SDE raw 6.6573, A6 5.3827 (2s)\n"}
,{"stream_name":"stdout","time":1766.082436409,"data":"[2026-10-02T05:17:52+00:00]   309965455: SDE raw 8.8448, A6 10.6090 (75s)\n"}
,{"stream_name":"stdout","time":1812.031878483,"data":"[2026-10-02T05:18:38+00:00]   150438314: SDE raw 12.4045, A6 8.6270 (43s)\n"}
,{"stream_name":"stdout","time":1814.363968363,"data":"[2026-10-02T05:18:40+00:00]   198009513: SDE raw 13.5678, A6 11.0264 (47s)\n"}
,{"stream_name":"stdout","time":1855.062613983,"data":"[2026-10-02T05:19:21+00:00]   202439632: SDE raw 14.0695, A6 7.4164 (39s)\n"}
,{"stream_name":"stdout","time":1857.889040139,"data":"[2026-10-02T05:19:24+00:00]   316937718: SDE raw 6.4996, A6 6.3728 (2s)\n"}
,{"stream_name":"stdout","time":1901.720677166,"data":"[2026-10-02T05:20:08+00:00]   154720073: SDE raw 10.9452, A6 7.4486 (87s)\n"}
,{"stream_name":"stdout","time":1950.838082659,"data":"[2026-10-02T05:20:57+00:00]   392536314: SDE raw 7.8864, A6 8.7172 (89s)\n"}
,{"stream_name":"stdout","time":1993.122609488,"data":"[2026-10-02T05:21:39+00:00]   31675050: SDE raw 19.5507, A6 20.3963 (89s)\n"}
,{"stream_name":"stdout","time":2043.505099494,"data":"[2026-10-02T05:22:30+00:00]   188776067: SDE raw 9.5947, A6 8.5674 (48s)\n"}
,{"stream_name":"stdout","time":2063.799034508,"data":"[2026-10-02T05:22:50+00:00]   390022437: SDE raw 12.6864, A6 8.1355 (108s)\n"}
,{"stream_name":"stdout","time":2129.948566464,"data":"[2026-10-02T05:23:56+00:00]   33864966: SDE raw 16.5416, A6 9.0688 (63s)\n"}
,{"stream_name":"stdout","time":2170.183133663,"data":"[2026-10-02T05:24:36+00:00]   288671132: SDE raw 12.0699, A6 12.9656 (123s)\n"}
,{"stream_name":"stdout","time":2214.894820947,"data":"[2026-10-02T05:25:21+00:00]   243313540: SDE raw 9.9939, A6 6.4525 (83s)\n"}
,{"stream_name":"stdout","time":2280.64356381,"data":"[2026-10-02T05:26:27+00:00]   375057545: SDE raw 13.4579, A6 7.2738 (107s)\n"}
,{"stream_name":"stdout","time":2308.072434298,"data":"[2026-10-02T05:26:54+00:00]   237197553: SDE raw 11.2589, A6 8.2505 (89s)\n"}
,{"stream_name":"stdout","time":2384.958484052,"data":"[2026-10-02T05:28:11+00:00]   55401965: SDE raw 10.8740, A6 9.2089 (100s)\n"}
,{"stream_name":"stdout","time":2423.273305078,"data":"[2026-10-02T05:28:49+00:00]   356735189: SDE raw 11.5976, A6 6.7979 (111s)\n"}
,{"stream_name":"stdout","time":2424.619295774,"data":"[2026-10-02T05:28:51+00:00]   352234671: SDE raw 10.6236, A6 5.3026 (1s)\n"}
,{"stream_name":"stdout","time":2438.70477212,"data":"[2026-10-02T05:29:05+00:00]   278866967: SDE raw 8.3559, A6 7.3524 (52s)\n"}
,{"stream_name":"stdout","time":2440.038639706,"data":"[2026-10-02T05:29:06+00:00]   188640716: SDE raw 5.0673, A6 4.9338 (1s)\n"}
,{"stream_name":"stdout","time":2442.250970751,"data":"[2026-10-02T05:29:08+00:00]   445330461: SDE raw 10.0195, A6 13.3804 (1s)\n"}
,{"stream_name":"stdout","time":2458.866534067,"data":"[2026-10-02T05:29:25+00:00]   298107954: SDE raw 7.4624, A6 6.9031 (32s)\n"}
,{"stream_name":"stdout","time":2510.331335697,"data":"[2026-10-02T05:30:16+00:00]   316976676: SDE raw 15.6706, A6 18.1654 (65s)\n"}
,{"stream_name":"stdout","time":2529.212984289,"data":"[2026-10-02T05:30:35+00:00]   167754778: SDE raw 11.4410, A6 6.8715 (67s)\n"}
,{"stream_name":"stdout","time":2594.090225401,"data":"[2026-10-02T05:31:40+00:00]   258871515: SDE raw 7.4240, A6 7.4993 (80s)\n"}
,{"stream_name":"stdout","time":2596.407601763,"data":"[2026-10-02T05:31:42+00:00]   220022156: SDE raw 7.0189, A6 5.7677 (2s)\n"}
,{"stream_name":"stdout","time":2643.345040436,"data":"[2026-10-02T05:32:29+00:00]   140939570: SDE raw 8.9164, A6 9.8554 (109s)\n"}
,{"stream_name":"stdout","time":2707.772822676,"data":"[2026-10-02T05:33:34+00:00]   198188031: SDE raw 12.4979, A6 8.8425 (107s)\n"}
,{"stream_name":"stdout","time":2712.549448409,"data":"[2026-10-02T05:33:39+00:00]   259643889: SDE raw 8.5132, A6 7.7191 (4s)\n"}
,{"stream_name":"stdout","time":2730.716940633,"data":"[2026-10-02T05:33:57+00:00]   149347103: SDE raw 7.6357, A6 7.9205 (83s)\n"}
,{"stream_name":"stdout","time":2732.090120809,"data":"[2026-10-02T05:33:58+00:00]   271974012: SDE raw 10.1597, A6 6.4818 (18s)\n"}
,{"stream_name":"stdout","time":2824.891723581,"data":"[2026-10-02T05:35:31+00:00]   219900265: SDE raw 8.1186, A6 8.5120 (90s)\n"}
,{"stream_name":"stdout","time":2867.895504388,"data":"[2026-10-02T05:36:14+00:00]   229506873: SDE raw 9.0576, A6 7.0604 (131s)\n"}
,{"stream_name":"stdout","time":2911.468119117,"data":"[2026-10-02T05:36:58+00:00]   459242821: SDE raw 10.0644, A6 6.6253 (41s)\n"}
,{"stream_name":"stdout","time":2917.857021837,"data":"[2026-10-02T05:37:04+00:00]   229598107: SDE raw 11.5678, A6 9.2833 (89s)\n"}
,{"stream_name":"stdout","time":2969.351262381,"data":"[2026-10-02T05:37:55+00:00]   150032410: SDE raw 18.5617, A6 18.9472 (49s)\n"}
,{"stream_name":"stdout","time":3006.647275649,"data":"[2026-10-02T05:38:33+00:00]   141807811: SDE raw 12.7034, A6 7.9886 (92s)\n"}
,{"stream_name":"stdout","time":3080.104381372,"data":"[2026-10-02T05:39:46+00:00]   149390565: SDE raw 9.7646, A6 10.2117 (106s)\n"}
,{"stream_name":"stdout","time":3117.355542432,"data":"[2026-10-02T05:40:23+00:00]   382147310: SDE raw 9.6014, A6 6.4748 (106s)\n"}
,{"stream_name":"stdout","time":3166.584687707,"data":"[2026-10-02T05:41:13+00:00]   140897732: SDE raw 13.5888, A6 10.6383 (82s)\n"}
,{"stream_name":"stdout","time":3194.20146032,"data":"[2026-10-02T05:41:40+00:00]   231091343: SDE raw 9.5623, A6 7.1800 (73s)\n"}
,{"stream_name":"stdout","time":3251.638311073,"data":"[2026-10-02T05:42:38+00:00]   375056704: SDE raw 14.9765, A6 8.2687 (81s)\n"}
,{"stream_name":"stdout","time":3310.48403496,"data":"[2026-10-02T05:43:37+00:00]   219760176: SDE raw 9.0115, A6 6.1683 (112s)\n"}
,{"stream_name":"stdout","time":3411.546816933,"data":"[2026-10-02T05:45:18+00:00]   32068848: SDE raw 10.1455, A6 8.3315 (155s)\n"}
,{"stream_name":"stdout","time":3434.147239602,"data":"[2026-10-02T05:45:40+00:00]   219731796: SDE raw 9.7629, A6 6.6061 (120s)\n"}
,{"stream_name":"stdout","time":3447.341154682,"data":"[2026-10-02T05:45:53+00:00]   160119847: SDE raw 11.5461, A6 6.9741 (34s)\n"}
,{"stream_name":"stdout","time":3524.114724256,"data":"[2026-10-02T05:47:10+00:00]   33831261: SDE raw 9.4669, A6 7.5516 (73s)\n"}
,{"stream_name":"stdout","time":3568.361765025,"data":"[2026-10-02T05:47:54+00:00]   362103238: SDE raw 9.9185, A6 8.4853 (130s)\n"}
,{"stream_name":"stdout","time":3577.611936694,"data":"[2026-10-02T05:48:04+00:00]   230391939: SDE raw 6.9090, A6 8.2295 (8s)\n"}
,{"stream_name":"stdout","time":3625.471925538,"data":"[2026-10-02T05:48:52+00:00]   376929000: SDE raw 11.9101, A6 13.1846 (98s)\n"}
,{"stream_name":"stdout","time":3656.654257431,"data":"[2026-10-02T05:49:23+00:00]   150245403: SDE raw 9.3621, A6 7.3058 (76s)\n"}
,{"stream_name":"stdout","time":3735.669203021,"data":"[2026-10-02T05:50:42+00:00]   336007244: SDE raw 10.2392, A6 8.0507 (107s)\n"}
,{"stream_name":"stdout","time":3766.838940998,"data":"[2026-10-02T05:51:13+00:00]   349411936: SDE raw 10.8075, A6 12.0226 (106s)\n"}
,{"stream_name":"stdout","time":3804.345142414,"data":"[2026-10-02T05:51:50+00:00]   232537437: SDE raw 9.2464, A6 8.3028 (66s)\n"}
,{"stream_name":"stdout","time":3881.140295215,"data":"[2026-10-02T05:53:07+00:00]   382266780: SDE raw 9.1853, A6 10.7239 (73s)\n"}
,{"stream_name":"stdout","time":3925.149325457,"data":"[2026-10-02T05:53:51+00:00]   32069236: SDE raw 9.8620, A6 7.5783 (153s)\n"}
,{"stream_name":"stdout","time":3958.897055076,"data":"[2026-10-02T05:54:25+00:00]   441761798: SDE raw 7.1547, A6 7.9851 (76s)\n"}
,{"stream_name":"stdout","time":3975.569283063,"data":"[2026-10-02T05:54:42+00:00]   220427015: SDE raw 12.5969, A6 6.5028 (49s)\n"}
,{"stream_name":"stdout","time":4002.335277787,"data":"[2026-10-02T05:55:08+00:00]   142347879: SDE raw 13.7986, A6 8.9986 (41s)\n"}
,{"stream_name":"stdout","time":4016.705133012,"data":"[2026-10-02T05:55:23+00:00]   319257744: SDE raw 8.3936, A6 6.9809 (13s)\n"}
,{"stream_name":"stdout","time":4041.402372445,"data":"[2026-10-02T05:55:47+00:00]   188665139: SDE raw 8.8959, A6 7.6235 (63s)\n"}
,{"stream_name":"stdout","time":4087.848475442,"data":"[2026-10-02T05:56:34+00:00]   334754252: SDE raw 8.0214, A6 9.7694 (68s)\n"}
,{"stream_name":"stdout","time":4119.614951681,"data":"[2026-10-02T05:57:06+00:00]   237288833: SDE raw 7.3843, A6 7.4316 (75s)\n"}
,{"stream_name":"stdout","time":4130.484435589,"data":"[2026-10-02T05:57:17+00:00]   375651470: SDE raw 14.3762, A6 9.4962 (41s)\n"}
,{"stream_name":"stdout","time":4162.406505348,"data":"[2026-10-02T05:57:48+00:00]   154107534: SDE raw 11.7376, A6 8.8559 (41s)\n"}
,{"stream_name":"stdout","time":4243.254633739,"data":"[2026-10-02T05:59:09+00:00]   198181100: SDE raw 8.4506, A6 7.2555 (108s)\n"}
,{"stream_name":"stdout","time":4244.138598536,"data":"[2026-10-02T05:59:10+00:00]   335746280: SDE raw 5.5800, A6 6.9221 (0s)\n"}
,{"stream_name":"stdout","time":4287.598889147,"data":"[2026-10-02T05:59:54+00:00]   308663384: SDE raw 8.8597, A6 8.9663 (121s)\n"}
,{"stream_name":"stdout","time":4376.741652438,"data":"[2026-10-02T06:01:23+00:00]   298732428: SDE raw 8.5890, A6 6.5574 (129s)\n"}
,{"stream_name":"stdout","time":4377.836707086,"data":"[2026-10-02T06:01:24+00:00]   5716636: SDE raw 4.7445, A6 4.4939 (1s)\n"}
,{"stream_name":"stdout","time":4382.567408705,"data":"[2026-10-02T06:01:29+00:00]   219744158: SDE raw 13.1208, A6 12.0773 (91s)\n"}
,{"stream_name":"stdout","time":4440.725287754,"data":"[2026-10-02T06:02:27+00:00]   55601337: SDE raw 9.7594, A6 10.7459 (59s)\n"}
,{"stream_name":"stdout","time":4441.875830459,"data":"[2026-10-02T06:02:28+00:00]   298896336: SDE raw 5.9554, A6 4.5114 (1s)\n"}
,{"stream_name":"stdout","time":4464.46756782,"data":"[2026-10-02T06:02:51+00:00]   31850397: SDE raw 8.7892, A6 7.2687 (21s)\n"}
,{"stream_name":"stdout","time":4499.113941399,"data":"[2026-10-02T06:03:25+00:00]   236770905: SDE raw 15.4996, A6 14.4080 (112s)\n"}
,{"stream_name":"stdout","time":4529.245048234,"data":"[2026-10-02T06:03:55+00:00]   155639688: SDE raw 8.4227, A6 6.5621 (28s)\n"}
,{"stream_name":"stdout","time":4594.940777508,"data":"[2026-10-02T06:05:01+00:00]   382045620: SDE raw 16.6442, A6 14.7236 (126s)\n"}
,{"stream_name":"stdout","time":4598.472946313,"data":"[2026-10-02T06:05:05+00:00]   269662152: SDE raw 8.8828, A6 8.1550 (67s)\n"}
,{"stream_name":"stdout","time":4601.235885627,"data":"[2026-10-02T06:05:07+00:00]   277122829: SDE raw 6.5357, A6 4.7426 (2s)\n"}
,{"stream_name":"stdout","time":4705.207178497,"data":"[2026-10-02T06:06:51+00:00]   260192532: SDE raw 10.6836, A6 7.2475 (106s)\n"}
,{"stream_name":"stdout","time":4715.493957536,"data":"[2026-10-02T06:07:02+00:00]   229650547: SDE raw 10.3122, A6 8.5352 (110s)\n"}
,{"stream_name":"stdout","time":4824.793012905,"data":"[2026-10-02T06:08:51+00:00]   150299078: SDE raw 9.7494, A6 9.0562 (105s)\n"}
,{"stream_name":"stdout","time":4844.488814001,"data":"[2026-10-02T06:09:11+00:00]   219899292: SDE raw 8.9404, A6 10.9625 (135s)\n"}
,{"stream_name":"stdout","time":4855.066768442,"data":"[2026-10-02T06:09:21+00:00]   269209376: SDE raw 6.2857, A6 8.8511 (29s)\n"}
,{"stream_name":"stdout","time":4939.25458088,"data":"[2026-10-02T06:10:45+00:00]   198206084: SDE raw 9.0391, A6 7.1719 (81s)\n"}
,{"stream_name":"stdout","time":5004.645499387,"data":"[2026-10-02T06:11:51+00:00]   230125740: SDE raw 9.7791, A6 7.5599 (155s)\n"}
,{"stream_name":"stdout","time":5073.944267914,"data":"[2026-10-02T06:13:00+00:00]   270557837: SDE raw 8.5906, A6 8.4337 (131s)\n"}
,{"stream_name":"stdout","time":5114.240679462,"data":"[2026-10-02T06:13:40+00:00]   167422188: SDE raw 8.7953, A6 6.8360 (105s)\n"}
,{"stream_name":"stdout","time":5183.466089131,"data":"[2026-10-02T06:14:50+00:00]   29779125: SDE raw 20.4908, A6 18.6171 (105s)\n"}
,{"stream_name":"stdout","time":5257.655847281,"data":"[2026-10-02T06:16:04+00:00]   160536135: SDE raw 10.1662, A6 7.3199 (139s)\n"}
,{"stream_name":"stdout","time":5277.861888627,"data":"[2026-10-02T06:16:24+00:00]   233063623: SDE raw 7.9931, A6 7.9661 (90s)\n"}
,{"stream_name":"stdout","time":5280.00958451,"data":"[2026-10-02T06:16:26+00:00]   373445488: SDE raw 5.5347, A6 4.4993 (2s)\n"}
,{"stream_name":"stdout","time":5285.186243394,"data":"[2026-10-02T06:16:31+00:00]   262875656: SDE raw 17.1282, A6 15.3953 (4s)\n"}
,{"stream_name":"stdout","time":5371.387539077,"data":"[2026-10-02T06:17:57+00:00]   230072574: SDE raw 9.5070, A6 8.2701 (109s)\n"}
,{"stream_name":"stdout","time":5401.428290562,"data":"[2026-10-02T06:18:27+00:00]   233199678: SDE raw 11.5130, A6 7.3551 (111s)\n"}
,{"stream_name":"stdout","time":5466.547041509,"data":"[2026-10-02T06:19:33+00:00]   376925418: SDE raw 8.5373, A6 9.5131 (91s)\n"}
,{"stream_name":"stdout","time":5476.916945964,"data":"[2026-10-02T06:19:43+00:00]   382158499: SDE raw 15.1949, A6 10.7866 (72s)\n"}
,{"stream_name":"stdout","time":5559.63873249,"data":"[2026-10-02T06:21:06+00:00]   33839044: SDE raw 9.0855, A6 7.5634 (88s)\n"}
,{"stream_name":"stdout","time":5572.479487776,"data":"[2026-10-02T06:21:19+00:00]   199523459: SDE raw 15.3952, A6 8.6002 (92s)\n"}
,{"stream_name":"stdout","time":5650.967470118,"data":"[2026-10-02T06:22:37+00:00]   349157265: SDE raw 9.1984, A6 7.4822 (87s)\n"}
,{"stream_name":"stdout","time":5699.639739326,"data":"[2026-10-02T06:23:26+00:00]   229644935: SDE raw 9.7426, A6 6.6278 (124s)\n"}
,{"stream_name":"stdout","time":5743.127076781,"data":"[2026-10-02T06:24:09+00:00]   220411010: SDE raw 8.6819, A6 6.0458 (88s)\n"}
,{"stream_name":"stdout","time":5810.619019682,"data":"[2026-10-02T06:25:17+00:00]   229609179: SDE raw 8.4496, A6 7.4724 (106s)\n"}
,{"stream_name":"stdout","time":5865.913172131,"data":"[2026-10-02T06:26:12+00:00]   38633112: SDE raw 10.1403, A6 7.2314 (119s)\n"}
,{"stream_name":"stdout","time":5901.974196907,"data":"[2026-10-02T06:26:48+00:00]   382159282: SDE raw 10.3431, A6 6.7289 (87s)\n"}
,{"stream_name":"stdout","time":5959.164382715,"data":"[2026-10-02T06:27:45+00:00]   299833015: SDE raw 10.2284, A6 7.7052 (88s)\n"}
,{"stream_name":"stdout","time":6033.193621424,"data":"[2026-10-02T06:28:59+00:00]   258828187: SDE raw 9.7987, A6 7.8437 (126s)\n"}
,{"stream_name":"stdout","time":6051.421619293,"data":"[2026-10-02T06:29:17+00:00]   259128910: SDE raw 9.7666, A6 7.2886 (88s)\n"}
,{"stream_name":"stdout","time":6146.378278783,"data":"[2026-10-02T06:30:52+00:00]   307955457: SDE raw 12.0418, A6 8.6504 (90s)\n"}
,{"stream_name":"stdout","time":6186.192530403,"data":"[2026-10-02T06:31:32+00:00]   288390626: SDE raw 10.7689, A6 8.5386 (148s)\n"}
,{"stream_name":"stdout","time":6242.742183712,"data":"[2026-10-02T06:32:29+00:00]   199632719: SDE raw 9.1253, A6 6.7921 (92s)\n"}
,{"stream_name":"stdout","time":6258.086493046,"data":"[2026-10-02T06:32:44+00:00]   355950542: SDE raw 9.8912, A6 8.3587 (69s)\n"}
,{"stream_name":"stdout","time":6332.038517112,"data":"[2026-10-02T06:33:58+00:00]   278776583: SDE raw 7.6869, A6 8.4342 (85s)\n"}
,{"stream_name":"stdout","time":6391.575244158,"data":"[2026-10-02T06:34:58+00:00]   199714223: SDE raw 8.4230, A6 6.0928 (129s)\n"}
,{"stream_name":"stdout","time":6450.147315715,"data":"[2026-10-02T06:35:56+00:00]   233681770: SDE raw 10.5317, A6 9.6805 (113s)\n"}
,{"stream_name":"stdout","time":6500.938818771,"data":"[2026-10-02T06:36:47+00:00]   260659364: SDE raw 9.6911, A6 9.7394 (105s)\n"}
,{"stream_name":"stdout","time":6545.239139178,"data":"[2026-10-02T06:37:31+00:00]   441802995: SDE raw 10.4230, A6 7.7332 (91s)\n"}
,{"stream_name":"stdout","time":6615.109948755,"data":"[2026-10-02T06:38:41+00:00]   362220421: SDE raw 13.7735, A6 6.8791 (111s)\n"}
,{"stream_name":"stdout","time":6638.475798506,"data":"[2026-10-02T06:39:05+00:00]   280035517: SDE raw 11.8073, A6 9.2725 (89s)\n"}
,{"stream_name":"stdout","time":6706.122082095,"data":"[2026-10-02T06:40:12+00:00]   177114809: SDE raw 11.7221, A6 7.2448 (87s)\n"}
,{"stream_name":"stdout","time":6748.696818451,"data":"[2026-10-02T06:40:55+00:00]   167749605: SDE raw 9.6833, A6 8.5575 (106s)\n"}
,{"stream_name":"stdout","time":6840.358086679,"data":"[2026-10-02T06:42:26+00:00]   238227061: SDE raw 9.9454, A6 9.0178 (130s)\n"}
,{"stream_name":"stdout","time":6889.863963395,"data":"[2026-10-02T06:43:16+00:00]   259167310: SDE raw 7.6515, A6 6.6856 (137s)\n"}
,{"stream_name":"stdout","time":6951.585953668,"data":"[2026-10-02T06:44:18+00:00]   287137584: SDE raw 10.2403, A6 8.6969 (107s)\n"}
,{"stream_name":"stdout","time":6982.765025809,"data":"[2026-10-02T06:44:49+00:00]   140635285: SDE raw 9.9564, A6 10.5865 (89s)\n"}
,{"stream_name":"stdout","time":7062.432866696,"data":"[2026-10-02T06:46:09+00:00]   141805493: SDE raw 18.7819, A6 14.8912 (106s)\n"}
,{"stream_name":"stdout","time":7074.04327143,"data":"[2026-10-02T06:46:20+00:00]   237293455: SDE raw 11.0283, A6 7.9923 (87s)\n"}
,{"stream_name":"stdout","time":7152.573870524,"data":"[2026-10-02T06:47:39+00:00]   38825084: SDE raw 10.6920, A6 8.9955 (86s)\n"}
,{"stream_name":"stdout","time":7212.797868069,"data":"[2026-10-02T06:48:39+00:00]   233727455: SDE raw 8.9474, A6 7.0731 (134s)\n"}
,{"stream_name":"stdout","time":7244.327925373,"data":"[2026-10-02T06:49:10+00:00]   231076815: SDE raw 9.7836, A6 10.3327 (88s)\n"}
,{"stream_name":"stdout","time":7338.409203753,"data":"[2026-10-02T06:50:44+00:00]   198236922: SDE raw 8.2353, A6 8.0282 (90s)\n"}
,{"stream_name":"stdout","time":7347.951881573,"data":"[2026-10-02T06:50:54+00:00]   150168739: SDE raw 9.1371, A6 8.7123 (130s)\n"}
,{"stream_name":"stdout","time":7459.532068434,"data":"[2026-10-02T06:52:46+00:00]   272751211: SDE raw 9.6975, A6 8.0705 (107s)\n"}
,{"stream_name":"stdout","time":7478.430102247,"data":"[2026-10-02T06:53:04+00:00]   229776099: SDE raw 12.4609, A6 8.7831 (136s)\n"}
,{"stream_name":"stdout","time":7552.360443657,"data":"[2026-10-02T06:54:18+00:00]   356975793: SDE raw 8.8573, A6 7.2275 (89s)\n"}
,{"stream_name":"stdout","time":7562.802628431,"data":"[2026-10-02T06:54:29+00:00]   219150008: SDE raw 8.8422, A6 7.4684 (81s)\n"}
,{"stream_name":"stdout","time":7655.450890235,"data":"[2026-10-02T06:56:02+00:00]   233504880: SDE raw 8.0058, A6 8.5908 (88s)\n"}
,{"stream_name":"stdout","time":7665.930635161,"data":"[2026-10-02T06:56:12+00:00]   389920950: SDE raw 14.5686, A6 18.5605 (109s)\n"}
,{"stream_name":"stdout","time":7746.808138148,"data":"[2026-10-02T06:57:33+00:00]   350182638: SDE raw 6.6033, A6 6.5040 (87s)\n"}
,{"stream_name":"stdout","time":7748.177697509,"data":"[2026-10-02T06:57:34+00:00]   349091788: SDE raw 8.6488, A6 5.4850 (1s)\n"}
,{"stream_name":"stdout","time":7762.724689717,"data":"[2026-10-02T06:57:49+00:00]   219857804: SDE raw 10.1457, A6 9.2520 (92s)\n"}
,{"stream_name":"stdout","time":7841.218070928,"data":"[2026-10-02T06:59:07+00:00]   198177771: SDE raw 8.5623, A6 8.4905 (89s)\n"}
,{"stream_name":"stdout","time":7857.936692893,"data":"[2026-10-02T06:59:24+00:00]   229949098: SDE raw 10.1960, A6 7.8549 (91s)\n"}
,{"stream_name":"stdout","time":7933.192145221,"data":"[2026-10-02T07:00:39+00:00]   258388531: SDE raw 9.5684, A6 9.8095 (87s)\n"}
,{"stream_name":"stdout","time":7950.027843005,"data":"[2026-10-02T07:00:56+00:00]   381950507: SDE raw 20.8913, A6 12.7287 (88s)\n"}
,{"stream_name":"stdout","time":8025.652761937,"data":"[2026-10-02T07:02:12+00:00]   198157467: SDE raw 10.3633, A6 8.6593 (88s)\n"}
,{"stream_name":"stdout","time":8056.102024462,"data":"[2026-10-02T07:02:42+00:00]   229483903: SDE raw 12.1621, A6 6.7601 (102s)\n"}
,{"stream_name":"stdout","time":8140.039202315,"data":"[2026-10-02T07:04:06+00:00]   424388839: SDE raw 9.0082, A6 7.5416 (110s)\n"}
,{"stream_name":"stdout","time":8145.014763655,"data":"[2026-10-02T07:04:11+00:00]   199708739: SDE raw 12.1500, A6 7.1344 (86s)\n"}
,{"stream_name":"stdout","time":8230.523437039,"data":"[2026-10-02T07:05:37+00:00]   235048515: SDE raw 12.9226, A6 11.6571 (82s)\n"}
,{"stream_name":"stdout","time":8299.262856099,"data":"[2026-10-02T07:06:45+00:00]   233210206: SDE raw 13.7649, A6 8.5200 (154s)\n"}
,{"stream_name":"stdout","time":8323.284096662,"data":"[2026-10-02T07:07:09+00:00]   353896700: SDE raw 8.1263, A6 8.3358 (88s)\n"}
,{"stream_name":"stdout","time":8389.851572278,"data":"[2026-10-02T07:08:16+00:00]   300814213: SDE raw 15.4702, A6 8.9039 (86s)\n"}
,{"stream_name":"stdout","time":8443.551639065,"data":"[2026-10-02T07:09:10+00:00]   233010606: SDE raw 6.9924, A6 7.0970 (115s)\n"}
,{"stream_name":"stdout","time":8500.972100127,"data":"[2026-10-02T07:10:07+00:00]   176954188: SDE raw 14.2846, A6 8.9037 (107s)\n"}
,{"stream_name":"stdout","time":8536.303443654,"data":"[2026-10-02T07:10:42+00:00]   233612454: SDE raw 9.4123, A6 6.6682 (89s)\n"}
,{"stream_name":"stdout","time":8594.897376902,"data":"[2026-10-02T07:11:41+00:00]   229745729: SDE raw 9.4404, A6 5.9163 (90s)\n"}
,{"stream_name":"stdout","time":8649.635221006,"data":"[2026-10-02T07:12:36+00:00]   441792823: SDE raw 9.0273, A6 13.0067 (109s)\n"}
,{"stream_name":"stdout","time":8690.739736689,"data":"[2026-10-02T07:13:17+00:00]   356087112: SDE raw 8.1737, A6 7.0758 (91s)\n"}
,{"stream_name":"stdout","time":8782.573876957,"data":"[2026-10-02T07:14:49+00:00]   237097968: SDE raw 10.0378, A6 7.0075 (88s)\n"}
,{"stream_name":"stdout","time":8795.899856287,"data":"[2026-10-02T07:15:02+00:00]   229701055: SDE raw 14.0469, A6 12.0648 (142s)\n"}
,{"stream_name":"stdout","time":8875.074495567,"data":"[2026-10-02T07:16:21+00:00]   362256785: SDE raw 10.4994, A6 7.6212 (88s)\n"}
,{"stream_name":"stdout","time":8908.330427224,"data":"[2026-10-02T07:16:54+00:00]   224607994: SDE raw 13.4330, A6 6.5385 (108s)\n"}
,{"stream_name":"stdout","time":8918.09258272,"data":"[2026-10-02T07:17:04+00:00]   461497076: SDE raw 10.6700, A6 8.1261 (41s)\n"}
,{"stream_name":"stdout","time":9011.038905001,"data":"[2026-10-02T07:18:37+00:00]   219104847: SDE raw 16.3033, A6 6.5324 (89s)\n"}
,{"stream_name":"stdout","time":9021.178706818,"data":"[2026-10-02T07:18:47+00:00]   38696814: SDE raw 10.0564, A6 7.7672 (108s)\n"}
,{"stream_name":"stdout","time":9102.990317754,"data":"[2026-10-02T07:20:09+00:00]   230087941: SDE raw 12.2206, A6 8.2821 (88s)\n"}
,{"stream_name":"stdout","time":9149.151071025,"data":"[2026-10-02T07:20:55+00:00]   362219539: SDE raw 11.7284, A6 8.5324 (124s)\n"}
,{"stream_name":"stdout","time":9154.670701516,"data":"[2026-10-02T07:21:01+00:00]   280867290: SDE raw 9.3914, A6 10.9483 (4s)\n"}
,{"stream_name":"stdout","time":9168.098683482,"data":"[2026-10-02T07:21:14+00:00]   233073451: SDE raw 6.9088, A6 8.3278 (62s)\n"}
,{"stream_name":"stdout","time":9260.028904542,"data":"[2026-10-02T07:22:46+00:00]   353734834: SDE raw 14.7078, A6 17.4706 (88s)\n"}
,{"stream_name":"stdout","time":9266.401573055,"data":"[2026-10-02T07:22:52+00:00]   140688941: SDE raw 14.6881, A6 12.9929 (108s)\n"}
,{"stream_name":"stdout","time":9351.956792997,"data":"[2026-10-02T07:24:18+00:00]   25196356: SDE raw 12.6054, A6 7.9106 (88s)\n"}
,{"stream_name":"stdout","time":9370.428869904,"data":"[2026-10-02T07:24:36+00:00]   159342780: SDE raw 7.5593, A6 7.2978 (101s)\n"}
,{"stream_name":"stdout","time":9379.254923826,"data":"[2026-10-02T07:24:45+00:00]   238947589: SDE raw 12.7019, A6 8.2296 (7s)\n"}
,{"stream_name":"stdout","time":9460.435664267,"data":"[2026-10-02T07:26:07+00:00]   167364354: SDE raw 9.4298, A6 8.0684 (104s)\n"}
,{"stream_name":"stdout","time":9473.729826781,"data":"[2026-10-02T07:26:20+00:00]   232634636: SDE raw 7.9197, A6 6.2689 (90s)\n"}
,{"stream_name":"stdout","time":9551.994147587,"data":"[2026-10-02T07:27:38+00:00]   141712654: SDE raw 8.3752, A6 6.7605 (87s)\n"}
,{"stream_name":"stdout","time":9567.952676829,"data":"[2026-10-02T07:27:54+00:00]   198185495: SDE raw 7.7881, A6 8.1621 (90s)\n"}
,{"stream_name":"stdout","time":9638.054584477,"data":"[2026-10-02T07:29:04+00:00]   41083578: SDE raw 9.9029, A6 7.0084 (66s)\n"}
,{"stream_name":"stdout","time":9647.963179935,"data":"[2026-10-02T07:29:14+00:00]   423025387: SDE raw 10.4378, A6 7.3342 (92s)\n"}
,{"stream_name":"stdout","time":9740.272350979,"data":"[2026-10-02T07:30:46+00:00]   229449838: SDE raw 9.5203, A6 6.9731 (88s)\n"}
,{"stream_name":"stdout","time":9744.897155791,"data":"[2026-10-02T07:30:51+00:00]   233632813: SDE raw 9.0908, A6 7.6334 (3s)\n"}
,{"stream_name":"stdout","time":9752.973194292,"data":"[2026-10-02T07:30:59+00:00]   219754975: SDE raw 10.8415, A6 6.9172 (111s)\n"}
,{"stream_name":"stdout","time":9857.72302014,"data":"[2026-10-02T07:32:44+00:00]   230081946: SDE raw 8.6396, A6 8.4074 (108s)\n"}
,{"stream_name":"stdout","time":9891.338309659,"data":"[2026-10-02T07:33:17+00:00]   32032865: SDE raw 8.7041, A6 7.0281 (134s)\n"}
,{"stream_name":"stdout","time":9967.765067249,"data":"[2026-10-02T07:34:34+00:00]   357096629: SDE raw 15.0999, A6 11.2434 (105s)\n"}
,{"stream_name":"stdout","time":9994.015926312,"data":"[2026-10-02T07:35:00+00:00]   198238742: SDE raw 8.4564, A6 7.1464 (98s)\n"}
,{"stream_name":"stdout","time":10062.148703973,"data":"[2026-10-02T07:36:08+00:00]   287152535: SDE raw 8.9278, A6 7.2428 (90s)\n"}
,{"stream_name":"stdout","time":10105.315782623,"data":"[2026-10-02T07:36:51+00:00]   306512813: SDE raw 9.9371, A6 8.7624 (107s)\n"}
,{"stream_name":"stderr","time":10108.409593983,"data":"/usr/local/lib/python3.12/dist-packages/mistune.py:435: SyntaxWarning: invalid escape sequence '\\|'\n"}
,{"stream_name":"stderr","time":10108.409639189,"data":"  cells[i][c] = re.sub('\\\\\\\\\\|', '|', cell)\n"}
,{"stream_name":"stderr","time":10108.652084845,"data":"/usr/local/lib/python3.12/dist-packages/nbconvert/filters/filter_links.py:36: SyntaxWarning: invalid escape sequence '\\_'\n"}
,{"stream_name":"stderr","time":10108.652131508,"data":"  text = re.sub(r'_', '\\_', text) # Escape underscores in display text\n"}
,{"stream_name":"stderr","time":10109.328894911,"data":"[NbConvertApp] Converting notebook __script__.ipynb to html\n"}
,{"stream_name":"stderr","time":10110.570281258,"data":"[NbConvertApp] Writing 277896 bytes to __results__.html\n"}
]