[{"stream_name":"stdout","time":20.964686104,"data":"     ━━━━━━━━━━━━━━━━━━━━━━━━━━━━━━━━━━━━━━━━ 18.9/18.9 MB 64.8 MB/s eta 0:00:00\n"}
,{"stream_name":"stdout","time":295.240398267,"data":"     ━━━━━━━━━━━━━━━━━━━━━━━━━━━━━━━━━━━━━━━━ 62.1/62.1 kB 2.6 MB/s eta 0:00:00\n"}
,{"stream_name":"stdout","time":296.781945695,"data":"     ━━━━━━━━━━━━━━━━━━━━━━━━━━━━━━━━━━━━━━━━ 80.3/80.3 kB 4.1 MB/s eta 0:00:00\n"}
,{"stream_name":"stdout","time":299.014963032,"data":"     ━━━━━━━━━━━━━━━━━━━━━━━━━━━━━━━━━━━━━━━━ 41.2/41.2 kB 1.1 MB/s eta 0:00:00\n"}
,{"stream_name":"stdout","time":300.724409002,"data":"   ━━━━━━━━━━━━━━━━━━━━━━━━━━━━━━━━━━━━━━━━ 10.5/10.5 MB 56.2 MB/s eta 0:00:00\n"}
,{"stream_name":"stdout","time":300.869081267,"data":"   ━━━━━━━━━━━━━━━━━━━━━━━━━━━━━━━━━━━━━━━━ 11.1/11.1 MB 84.9 MB/s eta 0:00:00\n"}
,{"stream_name":"stdout","time":300.912418281,"data":"   ━━━━━━━━━━━━━━━━━━━━━━━━━━━━━━━━━━━━━━━━ 243.4/243.4 kB 10.8 MB/s eta 0:00:00\n"}
,{"stream_name":"stdout","time":300.951862886,"data":"   ━━━━━━━━━━━━━━━━━━━━━━━━━━━━━━━━━━━━━━━━ 377.7/377.7 kB 16.7 MB/s eta 0:00:00\n"}
,{"stream_name":"stdout","time":300.991354538,"data":"   ━━━━━━━━━━━━━━━━━━━━━━━━━━━━━━━━━━━━━━━━ 261.1/261.1 kB 12.1 MB/s eta 0:00:00\n"}
,{"stream_name":"stdout","time":301.143715467,"data":"   ━━━━━━━━━━━━━━━━━━━━━━━━━━━━━━━━━━━━━━━━ 9.9/9.9 MB 74.2 MB/s eta 0:00:00\n"}
,{"stream_name":"stdout","time":301.182824079,"data":"   ━━━━━━━━━━━━━━━━━━━━━━━━━━━━━━━━━━━━━━━━ 155.6/155.6 kB 6.8 MB/s eta 0:00:00\n"}
,{"stream_name":"stdout","time":301.30628336,"data":"   ━━━━━━━━━━━━━━━━━━━━━━━━━━━━━━━━━━━━━━━━ 9.1/9.1 MB 89.0 MB/s eta 0:00:00\n"}
,{"stream_name":"stdout","time":301.68595724,"data":"   ━━━━━━━━━━━━━━━━━━━━━━━━━━━━━━━━━━━━━━━━ 35.2/35.2 MB 58.4 MB/s eta 0:00:00\n"}
,{"stream_name":"stdout","time":301.725797855,"data":"   ━━━━━━━━━━━━━━━━━━━━━━━━━━━━━━━━━━━━━━━━ 47.5/47.5 kB 1.8 MB/s eta 0:00:00\n"}
,{"stream_name":"stdout","time":301.816400102,"data":"   ━━━━━━━━━━━━━━━━━━━━━━━━━━━━━━━━━━━━━━━━ 1.2/1.2 MB 40.8 MB/s eta 0:00:00\n"}
,{"stream_name":"stdout","time":301.865780451,"data":"   ━━━━━━━━━━━━━━━━━━━━━━━━━━━━━━━━━━━━━━━━ 60.1/60.1 kB 2.0 MB/s eta 0:00:00\n"}
,{"stream_name":"stderr","time":372.156271787,"data":"ERROR: pip's dependency resolver does not currently take into account all the packages that are installed. This behaviour is the source of the following dependency conflicts.\n"}
,{"stream_name":"stderr","time":372.156303043,"data":"bigframes 2.48.0 requires google-cloud-bigquery-storage\u003c3.0.0,\u003e=2.30.0, which is not installed.\n"}
,{"stream_name":"stderr","time":372.156320717,"data":"ydata-profiling 4.18.4 requires matplotlib\u003c=3.10,\u003e=3.5, but you have matplotlib 3.11.2 which is incompatible.\n"}
,{"stream_name":"stderr","time":372.156363609,"data":"ydata-profiling 4.18.4 requires scipy\u003c1.17,\u003e=1.8, but you have scipy 1.17.1 which is incompatible.\n"}
,{"stream_name":"stderr","time":372.156370153,"data":"mne 1.13.2 requires numpy\u003c3,\u003e=2.1, but you have numpy 2.0.2 which is incompatible.\n"}
,{"stream_name":"stderr","time":372.156377139,"data":"bayesian-optimization 3.3.0 requires numpy\u003e=2.1.3; python_full_version \u003e= \"3.13\", but you have numpy 2.0.2 which is incompatible.\n"}
,{"stream_name":"stderr","time":372.156379967,"data":"google-colab 1.0.0 requires jupyter-server==2.20.0, but you have jupyter-server 2.12.5 which is incompatible.\n"}
,{"stream_name":"stderr","time":372.156382415,"data":"google-colab 1.0.0 requires pandas==2.2.3, but you have pandas 2.3.3 which is incompatible.\n"}
,{"stream_name":"stderr","time":372.156384911,"data":"google-colab 1.0.0 requires requests==2.32.4, but you have requests 2.34.2 which is incompatible.\n"}
,{"stream_name":"stderr","time":372.156387447,"data":"dopamine-rl 4.1.2 requires gym\u003c=0.25.2, but you have gym 0.26.2 which is incompatible.\n"}
,{"stream_name":"stderr","time":372.156389921,"data":"moviepy 1.0.3 requires decorator\u003c5.0,\u003e=4.0.2, but you have decorator 5.3.1 which is incompatible.\n"}
,{"stream_name":"stderr","time":372.156392511,"data":"ml-dtypes 0.6.0 requires numpy\u003e=2.1.0; python_version \u003e= \"3.13\", but you have numpy 2.0.2 which is incompatible.\n"}
,{"stream_name":"stderr","time":372.156395122,"data":"jax 0.11.1 requires numpy\u003e=2.1, but you have numpy 2.0.2 which is incompatible.\n"}
,{"stream_name":"stderr","time":372.156397624,"data":"dm-tree 0.1.10 requires numpy\u003e=2.1.0; python_version \u003e= \"3.13\", but you have numpy 2.0.2 which is incompatible.\n"}
,{"stream_name":"stderr","time":372.156400229,"data":"tifffile 2026.8.23 requires numpy\u003e=2.1, but you have numpy 2.0.2 which is incompatible.\n"}
,{"stream_name":"stdout","time":375.613395223,"data":"search_bls_gpu_2of2: 992 injections on 396 hosts, cache /kaggle/input/datasets/srijeetbanerjee/exog-lc-cache-v1/cache\n"}
,{"stream_name":"stdout","time":375.61463762,"data":"search_bls_gpu_1of2: 1008 injections on 397 hosts, cache /kaggle/input/datasets/srijeetbanerjee/exog-lc-cache-v1/cache\n"}
,{"stream_name":"stdout","time":2035.11787883,"data":"200/1008 1660s\n"}
,{"stream_name":"stdout","time":2162.799629268,"data":"200/992 1787s\n"}
,{"stream_name":"stdout","time":5160.899507375,"data":"400/992 4785s\n"}
,{"stream_name":"stdout","time":5960.333006336,"data":"400/1008 5585s\n"}
,{"stream_name":"stdout","time":10547.397949745,"data":"600/992 10172s\n"}
,{"stream_name":"stdout","time":11568.557255878,"data":"601/1008 11193s\n"}
,{"stream_name":"stdout","time":18983.393009522,"data":"800/992 18608s\n"}
,{"stream_name":"stdout","time":18999.628935176,"data":"801/1008 18624s\n"}
,{"stream_name":"stdout","time":27225.840937583,"data":"1000/1008 26850s\n"}
,{"stream_name":"stderr","time":27670.731385816,"data":"/usr/local/lib/python3.13/dist-packages/mistune.py:435: SyntaxWarning: invalid escape sequence '\\|'\n"}
,{"stream_name":"stderr","time":27670.731428165,"data":"  cells[i][c] = re.sub('\\\\\\\\\\|', '|', cell)\n"}
,{"stream_name":"stderr","time":27671.128391889,"data":"/usr/local/lib/python3.13/dist-packages/nbconvert/filters/filter_links.py:36: SyntaxWarning: invalid escape sequence '\\_'\n"}
,{"stream_name":"stderr","time":27671.128417941,"data":"  text = re.sub(r'_', '\\_', text) # Escape underscores in display text\n"}
,{"stream_name":"stderr","time":27672.048978885,"data":"[NbConvertApp] Converting notebook __script__.ipynb to html\n"}
,{"stream_name":"stderr","time":27673.422191527,"data":"[NbConvertApp] Writing 277365 bytes to __results__.html\n"}
]