[{"stream_name":"stdout","time":14.784094502,"data":"     ━━━━━━━━━━━━━━━━━━━━━━━━━━━━━━━━━━━━━━━━ 18.9/18.9 MB 68.1 MB/s eta 0:00:00\n"}
,{"stream_name":"stdout","time":317.378652845,"data":"     ━━━━━━━━━━━━━━━━━━━━━━━━━━━━━━━━━━━━━━━━ 62.1/62.1 kB 2.0 MB/s eta 0:00:00\n"}
,{"stream_name":"stdout","time":319.035949172,"data":"     ━━━━━━━━━━━━━━━━━━━━━━━━━━━━━━━━━━━━━━━━ 80.3/80.3 kB 2.9 MB/s eta 0:00:00\n"}
,{"stream_name":"stdout","time":321.177444197,"data":"     ━━━━━━━━━━━━━━━━━━━━━━━━━━━━━━━━━━━━━━━━ 41.2/41.2 kB 1.3 MB/s eta 0:00:00\n"}
,{"stream_name":"stdout","time":322.945158775,"data":"   ━━━━━━━━━━━━━━━━━━━━━━━━━━━━━━━━━━━━━━━━ 10.5/10.5 MB 77.3 MB/s eta 0:00:00\n"}
,{"stream_name":"stdout","time":323.072084446,"data":"   ━━━━━━━━━━━━━━━━━━━━━━━━━━━━━━━━━━━━━━━━ 11.1/11.1 MB 100.4 MB/s eta 0:00:00\n"}
,{"stream_name":"stdout","time":323.11430951,"data":"   ━━━━━━━━━━━━━━━━━━━━━━━━━━━━━━━━━━━━━━━━ 243.4/243.4 kB 10.5 MB/s eta 0:00:00\n"}
,{"stream_name":"stdout","time":323.158259825,"data":"   ━━━━━━━━━━━━━━━━━━━━━━━━━━━━━━━━━━━━━━━━ 377.7/377.7 kB 16.0 MB/s eta 0:00:00\n"}
,{"stream_name":"stdout","time":323.208734131,"data":"   ━━━━━━━━━━━━━━━━━━━━━━━━━━━━━━━━━━━━━━━━ 261.1/261.1 kB 8.4 MB/s eta 0:00:00\n"}
,{"stream_name":"stdout","time":323.349550283,"data":"   ━━━━━━━━━━━━━━━━━━━━━━━━━━━━━━━━━━━━━━━━ 9.9/9.9 MB 81.1 MB/s eta 0:00:00\n"}
,{"stream_name":"stdout","time":323.390965145,"data":"   ━━━━━━━━━━━━━━━━━━━━━━━━━━━━━━━━━━━━━━━━ 155.6/155.6 kB 6.4 MB/s eta 0:00:00\n"}
,{"stream_name":"stdout","time":323.522222306,"data":"   ━━━━━━━━━━━━━━━━━━━━━━━━━━━━━━━━━━━━━━━━ 9.1/9.1 MB 82.9 MB/s eta 0:00:00\n"}
,{"stream_name":"stdout","time":323.852473361,"data":"   ━━━━━━━━━━━━━━━━━━━━━━━━━━━━━━━━━━━━━━━━ 35.2/35.2 MB 55.6 MB/s eta 0:00:00\n"}
,{"stream_name":"stdout","time":323.892022163,"data":"   ━━━━━━━━━━━━━━━━━━━━━━━━━━━━━━━━━━━━━━━━ 47.5/47.5 kB 1.9 MB/s eta 0:00:00\n"}
,{"stream_name":"stdout","time":323.979117829,"data":"   ━━━━━━━━━━━━━━━━━━━━━━━━━━━━━━━━━━━━━━━━ 1.2/1.2 MB 41.5 MB/s eta 0:00:00\n"}
,{"stream_name":"stdout","time":324.021560599,"data":"   ━━━━━━━━━━━━━━━━━━━━━━━━━━━━━━━━━━━━━━━━ 60.1/60.1 kB 2.2 MB/s eta 0:00:00\n"}
,{"stream_name":"stderr","time":378.216554252,"data":"ERROR: pip's dependency resolver does not currently take into account all the packages that are installed. This behaviour is the source of the following dependency conflicts.\n"}
,{"stream_name":"stderr","time":378.216603382,"data":"bigframes 2.48.0 requires google-cloud-bigquery-storage\u003c3.0.0,\u003e=2.30.0, which is not installed.\n"}
,{"stream_name":"stderr","time":378.216611023,"data":"ydata-profiling 4.18.4 requires matplotlib\u003c=3.10,\u003e=3.5, but you have matplotlib 3.11.2 which is incompatible.\n"}
,{"stream_name":"stderr","time":378.2166264,"data":"ydata-profiling 4.18.4 requires scipy\u003c1.17,\u003e=1.8, but you have scipy 1.17.1 which is incompatible.\n"}
,{"stream_name":"stderr","time":378.216629308,"data":"mne 1.13.2 requires numpy\u003c3,\u003e=2.1, but you have numpy 2.0.2 which is incompatible.\n"}
,{"stream_name":"stderr","time":378.216631934,"data":"bayesian-optimization 3.3.0 requires numpy\u003e=2.1.3; python_full_version \u003e= \"3.13\", but you have numpy 2.0.2 which is incompatible.\n"}
,{"stream_name":"stderr","time":378.216634613,"data":"google-colab 1.0.0 requires jupyter-server==2.20.0, but you have jupyter-server 2.12.5 which is incompatible.\n"}
,{"stream_name":"stderr","time":378.216637156,"data":"google-colab 1.0.0 requires pandas==2.2.3, but you have pandas 2.3.3 which is incompatible.\n"}
,{"stream_name":"stderr","time":378.216639653,"data":"google-colab 1.0.0 requires requests==2.32.4, but you have requests 2.34.2 which is incompatible.\n"}
,{"stream_name":"stderr","time":378.216642264,"data":"dopamine-rl 4.1.2 requires gym\u003c=0.25.2, but you have gym 0.26.2 which is incompatible.\n"}
,{"stream_name":"stderr","time":378.216644757,"data":"moviepy 1.0.3 requires decorator\u003c5.0,\u003e=4.0.2, but you have decorator 5.3.1 which is incompatible.\n"}
,{"stream_name":"stderr","time":378.216647429,"data":"ml-dtypes 0.6.0 requires numpy\u003e=2.1.0; python_version \u003e= \"3.13\", but you have numpy 2.0.2 which is incompatible.\n"}
,{"stream_name":"stderr","time":378.216649992,"data":"jax 0.11.1 requires numpy\u003e=2.1, but you have numpy 2.0.2 which is incompatible.\n"}
,{"stream_name":"stderr","time":378.216652399,"data":"dm-tree 0.1.10 requires numpy\u003e=2.1.0; python_version \u003e= \"3.13\", but you have numpy 2.0.2 which is incompatible.\n"}
,{"stream_name":"stderr","time":378.216655006,"data":"tifffile 2026.8.23 requires numpy\u003e=2.1, but you have numpy 2.0.2 which is incompatible.\n"}
,{"stream_name":"stdout","time":381.716218281,"data":"wrong_4of5: 4310 injections on 431 hosts, cache /kaggle/input/datasets/srijeetbanerjee/exog-lc-cache-v1/cache\n"}
,{"stream_name":"stdout","time":630.501751743,"data":"200/4310 249s\n"}
,{"stream_name":"stdout","time":793.383474632,"data":"400/4310 412s\n"}
,{"stream_name":"stdout","time":959.387501169,"data":"600/4310 578s\n"}
,{"stream_name":"stdout","time":1148.963384709,"data":"800/4310 767s\n"}
,{"stream_name":"stdout","time":1342.351834902,"data":"1000/4310 961s\n"}
,{"stream_name":"stdout","time":1559.974025663,"data":"1200/4310 1178s\n"}
,{"stream_name":"stdout","time":1757.781161889,"data":"1400/4310 1376s\n"}
,{"stream_name":"stdout","time":2041.190922178,"data":"1600/4310 1659s\n"}
,{"stream_name":"stdout","time":2248.75742928,"data":"1800/4310 1867s\n"}
,{"stream_name":"stdout","time":2511.848684764,"data":"2000/4310 2130s\n"}
,{"stream_name":"stdout","time":2810.397564636,"data":"2200/4310 2429s\n"}
,{"stream_name":"stdout","time":3175.57005943,"data":"2400/4310 2794s\n"}
,{"stream_name":"stdout","time":3698.584423672,"data":"2600/4310 3317s\n"}
,{"stream_name":"stdout","time":4072.114954378,"data":"2800/4310 3690s\n"}
,{"stream_name":"stdout","time":4515.714258476,"data":"3000/4310 4134s\n"}
,{"stream_name":"stdout","time":4895.642809403,"data":"3200/4310 4514s\n"}
,{"stream_name":"stdout","time":5338.512695765,"data":"3400/4310 4957s\n"}
,{"stream_name":"stdout","time":5889.652350909,"data":"3600/4310 5508s\n"}
,{"stream_name":"stdout","time":6443.306984883,"data":"3800/4310 6062s\n"}
,{"stream_name":"stdout","time":6900.421270611,"data":"4000/4310 6519s\n"}
,{"stream_name":"stdout","time":7336.777054003,"data":"4200/4310 6955s\n"}
,{"stream_name":"stderr","time":7609.844839315,"data":"/usr/local/lib/python3.13/dist-packages/mistune.py:435: SyntaxWarning: invalid escape sequence '\\|'\n"}
,{"stream_name":"stderr","time":7609.844882415,"data":"  cells[i][c] = re.sub('\\\\\\\\\\|', '|', cell)\n"}
,{"stream_name":"stderr","time":7610.139812948,"data":"/usr/local/lib/python3.13/dist-packages/nbconvert/filters/filter_links.py:36: SyntaxWarning: invalid escape sequence '\\_'\n"}
,{"stream_name":"stderr","time":7610.139842767,"data":"  text = re.sub(r'_', '\\_', text) # Escape underscores in display text\n"}
,{"stream_name":"stderr","time":7611.03891831,"data":"[NbConvertApp] Converting notebook __script__.ipynb to html\n"}
,{"stream_name":"stderr","time":7612.177824514,"data":"[NbConvertApp] Writing 275969 bytes to __results__.html\n"}
]