[{"stream_name":"stdout","time":15.561105441,"data":"     ━━━━━━━━━━━━━━━━━━━━━━━━━━━━━━━━━━━━━━━━ 62.1/62.1 kB 2.2 MB/s eta 0:00:00\n"}
,{"stream_name":"stdout","time":17.41545905,"data":"     ━━━━━━━━━━━━━━━━━━━━━━━━━━━━━━━━━━━━━━━━ 80.3/80.3 kB 2.6 MB/s eta 0:00:00\n"}
,{"stream_name":"stdout","time":19.771849986,"data":"     ━━━━━━━━━━━━━━━━━━━━━━━━━━━━━━━━━━━━━━━━ 41.2/41.2 kB 1.3 MB/s eta 0:00:00\n"}
,{"stream_name":"stdout","time":24.581715994,"data":"   ━━━━━━━━━━━━━━━━━━━━━━━━━━━━━━━━━━━━━━━━ 10.5/10.5 MB 70.7 MB/s eta 0:00:00\n"}
,{"stream_name":"stdout","time":24.712315208,"data":"   ━━━━━━━━━━━━━━━━━━━━━━━━━━━━━━━━━━━━━━━━ 11.1/11.1 MB 87.5 MB/s eta 0:00:00\n"}
,{"stream_name":"stdout","time":24.747431123,"data":"   ━━━━━━━━━━━━━━━━━━━━━━━━━━━━━━━━━━━━━━━━ 243.5/243.5 kB 9.1 MB/s eta 0:00:00\n"}
,{"stream_name":"stdout","time":24.785260528,"data":"   ━━━━━━━━━━━━━━━━━━━━━━━━━━━━━━━━━━━━━━━━ 377.5/377.5 kB 12.8 MB/s eta 0:00:00\n"}
,{"stream_name":"stdout","time":24.84384658,"data":"   ━━━━━━━━━━━━━━━━━━━━━━━━━━━━━━━━━━━━━━━━ 261.1/261.1 kB 5.2 MB/s eta 0:00:00\n"}
,{"stream_name":"stdout","time":24.953231975,"data":"   ━━━━━━━━━━━━━━━━━━━━━━━━━━━━━━━━━━━━━━━━ 9.9/9.9 MB 98.3 MB/s eta 0:00:00\n"}
,{"stream_name":"stdout","time":24.985849828,"data":"   ━━━━━━━━━━━━━━━━━━━━━━━━━━━━━━━━━━━━━━━━ 155.6/155.6 kB 6.4 MB/s eta 0:00:00\n"}
,{"stream_name":"stdout","time":25.096827582,"data":"   ━━━━━━━━━━━━━━━━━━━━━━━━━━━━━━━━━━━━━━━━ 9.2/9.2 MB 89.8 MB/s eta 0:00:00\n"}
,{"stream_name":"stdout","time":25.412082536,"data":"   ━━━━━━━━━━━━━━━━━━━━━━━━━━━━━━━━━━━━━━━━ 35.2/35.2 MB 53.5 MB/s eta 0:00:00\n"}
,{"stream_name":"stdout","time":25.444030909,"data":"   ━━━━━━━━━━━━━━━━━━━━━━━━━━━━━━━━━━━━━━━━ 47.5/47.5 kB 1.6 MB/s eta 0:00:00\n"}
,{"stream_name":"stdout","time":25.52261866,"data":"   ━━━━━━━━━━━━━━━━━━━━━━━━━━━━━━━━━━━━━━━━ 2.0/2.0 MB 52.1 MB/s eta 0:00:00\n"}
,{"stream_name":"stdout","time":25.563640338,"data":"   ━━━━━━━━━━━━━━━━━━━━━━━━━━━━━━━━━━━━━━━━ 1.2/1.2 MB 35.6 MB/s eta 0:00:00\n"}
,{"stream_name":"stdout","time":25.62284587,"data":"   ━━━━━━━━━━━━━━━━━━━━━━━━━━━━━━━━━━━━━━━━ 60.1/60.1 kB 2.1 MB/s eta 0:00:00\n"}
,{"stream_name":"stdout","time":25.683543226,"data":"   ━━━━━━━━━━━━━━━━━━━━━━━━━━━━━━━━━━━━━━━━ 102.6/102.6 kB 4.1 MB/s eta 0:00:00\n"}
,{"stream_name":"stdout","time":25.732810699,"data":"   ━━━━━━━━━━━━━━━━━━━━━━━━━━━━━━━━━━━━━━━━ 1.8/1.8 MB 43.8 MB/s eta 0:00:00\n"}
,{"stream_name":"stdout","time":25.766771381,"data":"   ━━━━━━━━━━━━━━━━━━━━━━━━━━━━━━━━━━━━━━━━ 221.7/221.7 kB 8.1 MB/s eta 0:00:00\n"}
,{"stream_name":"stdout","time":25.98265967,"data":"   ━━━━━━━━━━━━━━━━━━━━━━━━━━━━━━━━━━━━━━━━ 16.0/16.0 MB 71.4 MB/s eta 0:00:00\n"}
,{"stream_name":"stderr","time":83.411680231,"data":"ERROR: pip's dependency resolver does not currently take into account all the packages that are installed. This behaviour is the source of the following dependency conflicts.\n"}
,{"stream_name":"stderr","time":83.411746123,"data":"bigframes 2.39.0 requires google-cloud-bigquery-storage\u003c3.0.0,\u003e=2.30.0, which is not installed.\n"}
,{"stream_name":"stderr","time":83.411754372,"data":"datasets 5.0.0 requires fsspec[http]\u003c=2026.4.0,\u003e=2023.1.0, but you have fsspec 2026.9.0 which is incompatible.\n"}
,{"stream_name":"stderr","time":83.411758603,"data":"ydata-profiling 4.18.4 requires matplotlib\u003c=3.10,\u003e=3.5, but you have matplotlib 3.11.2 which is incompatible.\n"}
,{"stream_name":"stderr","time":83.411762277,"data":"ydata-profiling 4.18.4 requires scipy\u003c1.17,\u003e=1.8, but you have scipy 1.17.1 which is incompatible.\n"}
,{"stream_name":"stderr","time":83.411765707,"data":"gcsfs 2025.3.0 requires fsspec==2025.3.0, but you have fsspec 2026.9.0 which is incompatible.\n"}
,{"stream_name":"stderr","time":83.411769147,"data":"sklearn-compat 0.1.5 requires scikit-learn\u003c1.9,\u003e=1.2, but you have scikit-learn 1.9.1 which is incompatible.\n"}
,{"stream_name":"stdout","time":104.387089724,"data":"{'toi': '1050.01', 'tic': 66818296, 'seed': 'tls', 'status': 'ok', 'n_points': 13936, 'load_s': 0.01896834373474121, 'runtime_s': 17.55398201942444, 'n_hypotheses': 24, 'beta': 2.6577038878443386, 'p_max': 0.9999954554453817, 'abstain': False, 'r_map': '1', 'P_map': 3.735455033984813}\n"}
,{"stream_name":"stdout","time":106.867272969,"data":"{'toi': '1050.01', 'tic': 66818296, 'seed': 'bls', 'status': 'ok', 'n_points': 13936, 'load_s': 0.01896834373474121, 'runtime_s': 2.4782304763793945, 'n_hypotheses': 24, 'beta': 2.521291532709821, 'p_max': 0.999997312719047, 'abstain': False, 'r_map': '1', 'P_map': 3.7354550339881514}\n"}
,{"stream_name":"stdout","time":115.483860795,"data":"{'toi': '1181.01', 'tic': 229510866, 'seed': 'tls', 'status': 'ok', 'n_points': 52398, 'load_s': 0.08391737937927246, 'runtime_s': 8.530083179473877, 'n_hypotheses': 24, 'beta': 1.2295646431993579, 'p_max': 0.9922320704685367, 'abstain': False, 'r_map': '1', 'P_map': 2.1032070073697158}\n"}
,{"stream_name":"stdout","time":123.843048041,"data":"{'toi': '1181.01', 'tic': 229510866, 'seed': 'bls', 'status': 'ok', 'n_points': 52398, 'load_s': 0.08391737937927246, 'runtime_s': 8.35678482055664, 'n_hypotheses': 24, 'beta': 1.258623837447888, 'p_max': 0.9910503141087649, 'abstain': False, 'r_map': '1', 'P_map': 2.1032070073696256}\n"}
,{"stream_name":"stdout","time":132.643499166,"data":"{'toi': '1190.01', 'tic': 287196418, 'seed': 'tls', 'status': 'ok', 'n_points': 77910, 'load_s': 0.059990882873535156, 'runtime_s': 8.737235307693481, 'n_hypotheses': 24, 'beta': 7.0104327543026, 'p_max': 0.9999999997567939, 'abstain': False, 'r_map': '2', 'P_map': 7.39004236763396}\n"}
,{"stream_name":"stdout","time":141.422243358,"data":"{'toi': '1190.01', 'tic': 287196418, 'seed': 'bls', 'status': 'ok', 'n_points': 77910, 'load_s': 0.059990882873535156, 'runtime_s': 8.775919675827026, 'n_hypotheses': 24, 'beta': 6.937242643364704, 'p_max': 0.9999999998533546, 'abstain': False, 'r_map': '2', 'P_map': 7.3900423676440905}\n"}
,{"stream_name":"stdout","time":152.921680394,"data":"{'toi': '1453.01', 'tic': 198390247, 'seed': 'tls', 'status': 'ok', 'n_points': 187283, 'load_s': 0.2911992073059082, 'runtime_s': 11.201920509338379, 'n_hypotheses': 24, 'beta': 1.0743612525595694, 'p_max': 0.9910832571464007, 'abstain': False, 'r_map': '1', 'P_map': 6.588726285966375}\n"}
,{"stream_name":"stdout","time":163.824029148,"data":"{'toi': '1453.01', 'tic': 198390247, 'seed': 'bls', 'status': 'ok', 'n_points': 187283, 'load_s': 0.2911992073059082, 'runtime_s': 10.896669387817383, 'n_hypotheses': 24, 'beta': 1.0744881599585723, 'p_max': 0.9985402241847272, 'abstain': False, 'r_map': '1', 'P_map': 6.588724100010602}\n"}
,{"stream_name":"stdout","time":166.114214979,"data":"{'toi': '1839.01', 'tic': 381714186, 'seed': 'tls', 'status': 'ok', 'n_points': 13115, 'load_s': 0.025638341903686523, 'runtime_s': 2.262735366821289, 'n_hypotheses': 24, 'beta': 1.1989230303998262, 'p_max': 0.9997268812747511, 'abstain': False, 'r_map': '1', 'P_map': 1.424436178716846}\n"}
,{"stream_name":"stdout","time":168.094151437,"data":"{'toi': '1839.01', 'tic': 381714186, 'seed': 'bls', 'status': 'ok', 'n_points': 13115, 'load_s': 0.025638341903686523, 'runtime_s': 1.9783415794372559, 'n_hypotheses': 24, 'beta': 1.1748444152144697, 'p_max': 0.9365524414955368, 'abstain': False, 'r_map': '1', 'P_map': 1.4250134104262329}\n"}
,{"stream_name":"stdout","time":172.524506015,"data":"{'toi': '2068.01', 'tic': 417931300, 'seed': 'tls', 'status': 'ok', 'n_points': 66806, 'load_s': 0.05209016799926758, 'runtime_s': 4.375171661376953, 'n_hypotheses': 24, 'beta': 1.6126149487140398, 'p_max': 0.5460101643203042, 'abstain': True, 'r_map': '2', 'P_map': 15.537423924543669}\n"}
,{"stream_name":"stdout","time":176.842649796,"data":"{'toi': '2068.01', 'tic': 417931300, 'seed': 'bls', 'status': 'ok', 'n_points': 66806, 'load_s': 0.05209016799926758, 'runtime_s': 4.315237283706665, 'n_hypotheses': 24, 'beta': 1.6150047380211359, 'p_max': 0.5996705140756641, 'abstain': True, 'r_map': '2', 'P_map': 15.537473199746533}\n"}
,{"stream_name":"stdout","time":178.457389152,"data":"{'toi': '2140.01', 'tic': 399860444, 'seed': 'tls', 'status': 'ok', 'n_points': 16653, 'load_s': 0.048003435134887695, 'runtime_s': 1.5649185180664062, 'n_hypotheses': 24, 'beta': 1.1800110602018463, 'p_max': 0.9975363347095775, 'abstain': False, 'r_map': '1', 'P_map': 2.470615993864311}\n"}
,{"stream_name":"stdout","time":180.091437159,"data":"{'toi': '2140.01', 'tic': 399860444, 'seed': 'bls', 'status': 'ok', 'n_points': 16653, 'load_s': 0.048003435134887695, 'runtime_s': 1.6322658061981201, 'n_hypotheses': 24, 'beta': 1.1746921438771676, 'p_max': 0.9975422425261314, 'abstain': False, 'r_map': '1', 'P_map': 2.470615993864238}\n"}
,{"stream_name":"stdout","time":182.129823685,"data":"{'toi': '3160.01', 'tic': 440872576, 'seed': 'tls', 'status': 'ok', 'n_points': 16825, 'load_s': 0.015063285827636719, 'runtime_s': 2.021479368209839, 'n_hypotheses': 24, 'beta': 1.2662851891180211, 'p_max': 0.9890936004419666, 'abstain': False, 'r_map': '1', 'P_map': 3.9713216040510084}\n"}
,{"stream_name":"stdout","time":184.102971474,"data":"{'toi': '3160.01', 'tic': 440872576, 'seed': 'bls', 'status': 'ok', 'n_points': 16825, 'load_s': 0.015063285827636719, 'runtime_s': 1.9714789390563965, 'n_hypotheses': 24, 'beta': 1.2225880992848916, 'p_max': 0.9827171096764558, 'abstain': False, 'r_map': '1', 'P_map': 3.9714112612032384}\n"}
,{"stream_name":"stdout","time":186.615287003,"data":"{'toi': '4593.01', 'tic': 399954349, 'seed': 'tls', 'status': 'ok', 'n_points': 33431, 'load_s': 0.05389881134033203, 'runtime_s': 2.4560976028442383, 'n_hypotheses': 24, 'beta': 1.8199727029391854, 'p_max': 0.6407459285793482, 'abstain': True, 'r_map': '4', 'P_map': 31.33261665433834}\n"}
,{"stream_name":"stdout","time":196.79634736,"data":"{'toi': '4593.01', 'tic': 399954349, 'seed': 'bls', 'status': 'ok', 'n_points': 33431, 'load_s': 0.05389881134033203, 'runtime_s': 10.179003477096558, 'n_hypotheses': 24, 'beta': 2.2866729335775267, 'p_max': 0.4711633455592552, 'abstain': True, 'r_map': '5', 'P_map': 4.991232288774464}\n"}
,{"stream_name":"stdout","time":199.114831939,"data":"{'toi': '4930.01', 'tic': 307221757, 'seed': 'tls', 'status': 'ok', 'n_points': 18854, 'load_s': 0.05107283592224121, 'runtime_s': 2.265460729598999, 'n_hypotheses': 24, 'beta': 1.0, 'p_max': 0.9905571947311094, 'abstain': False, 'r_map': '1', 'P_map': 6.787504093821806}\n"}
,{"stream_name":"stdout","time":201.644973024,"data":"{'toi': '4930.01', 'tic': 307221757, 'seed': 'bls', 'status': 'ok', 'n_points': 18854, 'load_s': 0.05107283592224121, 'runtime_s': 2.528468132019043, 'n_hypotheses': 24, 'beta': 1.0, 'p_max': 0.996424015168616, 'abstain': False, 'r_map': '1', 'P_map': 6.788467424825151}\n"}
,{"stream_name":"stdout","time":203.472953911,"data":"{'toi': '560.02', 'tic': 101011575, 'seed': 'tls', 'status': 'ok', 'n_points': 12725, 'load_s': 0.04910564422607422, 'runtime_s': 1.7769794464111328, 'n_hypotheses': 24, 'beta': 1.5709160774121043, 'p_max': 0.9134921397398065, 'abstain': False, 'r_map': '1', 'P_map': 3.333088300560944}\n"}
,{"stream_name":"stdout","time":204.77722165,"data":"{'toi': '560.02', 'tic': 101011575, 'seed': 'bls', 'status': 'ok', 'n_points': 12725, 'load_s': 0.04910564422607422, 'runtime_s': 1.3026645183563232, 'n_hypotheses': 24, 'beta': 1.840235746399365, 'p_max': 0.8105413786441282, 'abstain': True, 'r_map': '1', 'P_map': 16.670022580029745}\n"}
,{"stream_name":"stdout","time":206.392913957,"data":"{'toi': '5823.01', 'tic': 248853232, 'seed': 'tls', 'status': 'ok', 'n_points': 14148, 'load_s': 0.04570722579956055, 'runtime_s': 1.5679574012756348, 'n_hypotheses': 24, 'beta': 1.6349264894688387, 'p_max': 0.9999999813434217, 'abstain': False, 'r_map': '1', 'P_map': 3.868109275942306}\n"}
,{"stream_name":"stdout","time":208.143251006,"data":"{'toi': '5823.01', 'tic': 248853232, 'seed': 'bls', 'status': 'ok', 'n_points': 14148, 'load_s': 0.04570722579956055, 'runtime_s': 1.7488219738006592, 'n_hypotheses': 24, 'beta': 1.6270680156545356, 'p_max': 0.9999999813464913, 'abstain': False, 'r_map': '1', 'P_map': 3.8681092759422886}\n"}
,{"stream_name":"stdout","time":213.196542702,"data":"{'toi': '6001.01', 'tic': 139104940, 'seed': 'tls', 'status': 'ok', 'n_points': 36219, 'load_s': 0.07621002197265625, 'runtime_s': 4.974937915802002, 'n_hypotheses': 24, 'beta': 1.0093463749620148, 'p_max': 0.5404760251985186, 'abstain': True, 'r_map': '2', 'P_map': 6.007527377472309}\n"}
,{"stream_name":"stdout","time":225.930837503,"data":"{'toi': '6001.01', 'tic': 139104940, 'seed': 'bls', 'status': 'ok', 'n_points': 36219, 'load_s': 0.07621002197265625, 'runtime_s': 12.732216119766235, 'n_hypotheses': 24, 'beta': 1.0746930783895066, 'p_max': 0.9985065737307941, 'abstain': False, 'r_map': '3', 'P_map': 1.5019820539239854}\n"}
,{"stream_name":"stdout","time":227.607189037,"data":"{'toi': '663.02', 'tic': 54962195, 'seed': 'tls', 'status': 'ok', 'n_points': 13362, 'load_s': 0.02162623405456543, 'runtime_s': 1.6529200077056885, 'n_hypotheses': 24, 'beta': 1.0598543862919787, 'p_max': 0.9999777898425093, 'abstain': False, 'r_map': '1', 'P_map': 4.699226339590716}\n"}
,{"stream_name":"stdout","time":229.26174522,"data":"{'toi': '663.02', 'tic': 54962195, 'seed': 'bls', 'status': 'ok', 'n_points': 13362, 'load_s': 0.02162623405456543, 'runtime_s': 1.6529319286346436, 'n_hypotheses': 24, 'beta': 1.0668785071288145, 'p_max': 0.9999743479562635, 'abstain': False, 'r_map': '1', 'P_map': 4.699336133711056}\n"}
,{"stream_name":"stdout","time":232.944957847,"data":"{'toi': '696.01', 'tic': 77156829, 'seed': 'tls', 'status': 'ok', 'n_points': 30270, 'load_s': 0.07951903343200684, 'runtime_s': 3.601707935333252, 'n_hypotheses': 24, 'beta': 1.1053424433470884, 'p_max': 0.6096158698107157, 'abstain': True, 'r_map': '2', 'P_map': 1.720527827982675}\n"}
,{"stream_name":"stdout","time":235.014624669,"data":"{'toi': '696.01', 'tic': 77156829, 'seed': 'bls', 'status': 'ok', 'n_points': 30270, 'load_s': 0.07951903343200684, 'runtime_s': 2.067676305770874, 'n_hypotheses': 24, 'beta': 1.096289576466463, 'p_max': 0.9871751759240746, 'abstain': False, 'r_map': '2', 'P_map': 30.30156855273252}\n"}
,{"stream_name":"stdout","time":236.498208303,"data":"{'toi': '7066.01', 'tic': 405010127, 'seed': 'tls', 'status': 'ok', 'n_points': 9366, 'load_s': 0.013434886932373047, 'runtime_s': 1.46842622756958, 'n_hypotheses': 24, 'beta': 1.0761876021144703, 'p_max': 0.7453675363287886, 'abstain': True, 'r_map': '1', 'P_map': 2.5643238797243413}\n"}
,{"stream_name":"stdout","time":238.430241912,"data":"{'toi': '7066.01', 'tic': 405010127, 'seed': 'bls', 'status': 'ok', 'n_points': 9366, 'load_s': 0.013434886932373047, 'runtime_s': 1.930527687072754, 'n_hypotheses': 24, 'beta': 1.0534095959433196, 'p_max': 0.870396986773418, 'abstain': True, 'r_map': '1', 'P_map': 0.5360253444466636}\n"}
,{"stream_name":"stdout","time":241.13824475,"data":"{'toi': '7396.01', 'tic': 273690178, 'seed': 'tls', 'status': 'ok', 'n_points': 33546, 'load_s': 0.04904317855834961, 'runtime_s': 2.656843423843384, 'n_hypotheses': 24, 'beta': 1.2398024863309176, 'p_max': 0.9703283853924498, 'abstain': False, 'r_map': '3', 'P_map': 46.334926010679446}\n"}
,{"stream_name":"stdout","time":244.068040786,"data":"{'toi': '7396.01', 'tic': 273690178, 'seed': 'bls', 'status': 'ok', 'n_points': 33546, 'load_s': 0.04904317855834961, 'runtime_s': 2.9277541637420654, 'n_hypotheses': 24, 'beta': 1.0873540665341213, 'p_max': 0.595679996074859, 'abstain': True, 'r_map': '4', 'P_map': 61.580507399305105}\n"}
,{"stream_name":"stdout","time":247.282032681,"data":"{'toi': '7457.01', 'tic': 272840455, 'seed': 'tls', 'status': 'ok', 'n_points': 36220, 'load_s': 0.021025657653808594, 'runtime_s': 3.190530300140381, 'n_hypotheses': 24, 'beta': 1.0810796174569397, 'p_max': 0.7062054399266262, 'abstain': True, 'r_map': '2/3', 'P_map': 1.4233449632218937}\n"}
,{"stream_name":"stdout","time":261.255815829,"data":"{'toi': '7457.01', 'tic': 272840455, 'seed': 'bls', 'status': 'ok', 'n_points': 36220, 'load_s': 0.021025657653808594, 'runtime_s': 13.971618413925171, 'n_hypotheses': 24, 'beta': 1.1123989708014952, 'p_max': 0.6224494284156492, 'abstain': True, 'r_map': '2', 'P_map': 1.0478746633445244}\n"}
,{"stream_name":"stdout","time":262.925623634,"data":"{'toi': '782.01', 'tic': 429358906, 'seed': 'tls', 'status': 'ok', 'n_points': 13364, 'load_s': 0.04913783073425293, 'runtime_s': 1.6189336776733398, 'n_hypotheses': 24, 'beta': 1.063251848905956, 'p_max': 0.8509401147623412, 'abstain': True, 'r_map': '1', 'P_map': 8.023669102869825}\n"}
,{"stream_name":"stdout","time":264.500462475,"data":"{'toi': '782.01', 'tic': 429358906, 'seed': 'bls', 'status': 'ok', 'n_points': 13364, 'load_s': 0.04913783073425293, 'runtime_s': 1.5732262134552002, 'n_hypotheses': 24, 'beta': 1.0718853874516105, 'p_max': 0.8513006337635296, 'abstain': True, 'r_map': '1', 'P_map': 8.023635643841608}\n"}
,{"stream_name":"stdout","time":268.915229079,"data":"{'toi': '7902.01', 'tic': 169556484, 'seed': 'tls', 'status': 'ok', 'n_points': 36779, 'load_s': 0.021697998046875, 'runtime_s': 4.390622138977051, 'n_hypotheses': 24, 'beta': 1.0364364175079037, 'p_max': 0.9999889980566095, 'abstain': False, 'r_map': '1', 'P_map': 5.3457486041586835}\n"}
,{"stream_name":"stdout","time":277.997794631,"data":"{'toi': '7902.01', 'tic': 169556484, 'seed': 'bls', 'status': 'ok', 'n_points': 36779, 'load_s': 0.021697998046875, 'runtime_s': 9.080414295196533, 'n_hypotheses': 24, 'beta': 1.088221536263137, 'p_max': 0.5097506087817216, 'abstain': True, 'r_map': '1', 'P_map': 0.5926412018457854}\n"}
,{"stream_name":"stderr","time":281.284531352,"data":"/usr/local/lib/python3.12/dist-packages/mistune.py:435: SyntaxWarning: invalid escape sequence '\\|'\n"}
,{"stream_name":"stderr","time":281.284573913,"data":"  cells[i][c] = re.sub('\\\\\\\\\\|', '|', cell)\n"}
,{"stream_name":"stderr","time":281.595600591,"data":"/usr/local/lib/python3.12/dist-packages/nbconvert/filters/filter_links.py:36: SyntaxWarning: invalid escape sequence '\\_'\n"}
,{"stream_name":"stderr","time":281.595646956,"data":"  text = re.sub(r'_', '\\_', text) # Escape underscores in display text\n"}
,{"stream_name":"stderr","time":282.436680693,"data":"[NbConvertApp] Converting notebook __script__.ipynb to html\n"}
,{"stream_name":"stderr","time":284.097462138,"data":"[NbConvertApp] Writing 275940 bytes to __results__.html\n"}
]