[{"stream_name":"stdout","time":16.029820784,"data":"     ━━━━━━━━━━━━━━━━━━━━━━━━━━━━━━━━━━━━━━━━ 18.9/18.9 MB 68.0 MB/s eta 0:00:00\n"}
,{"stream_name":"stdout","time":344.812420194,"data":"     ━━━━━━━━━━━━━━━━━━━━━━━━━━━━━━━━━━━━━━━━ 62.1/62.1 kB 2.1 MB/s eta 0:00:00\n"}
,{"stream_name":"stdout","time":346.694710284,"data":"     ━━━━━━━━━━━━━━━━━━━━━━━━━━━━━━━━━━━━━━━━ 80.3/80.3 kB 2.7 MB/s eta 0:00:00\n"}
,{"stream_name":"stdout","time":348.989488842,"data":"     ━━━━━━━━━━━━━━━━━━━━━━━━━━━━━━━━━━━━━━━━ 41.2/41.2 kB 1.2 MB/s eta 0:00:00\n"}
,{"stream_name":"stdout","time":350.74847523,"data":"   ━━━━━━━━━━━━━━━━━━━━━━━━━━━━━━━━━━━━━━━━ 10.5/10.5 MB 96.1 MB/s eta 0:00:00\n"}
,{"stream_name":"stdout","time":350.897243406,"data":"   ━━━━━━━━━━━━━━━━━━━━━━━━━━━━━━━━━━━━━━━━ 11.1/11.1 MB 76.0 MB/s eta 0:00:00\n"}
,{"stream_name":"stdout","time":350.933213845,"data":"   ━━━━━━━━━━━━━━━━━━━━━━━━━━━━━━━━━━━━━━━━ 243.4/243.4 kB 8.8 MB/s eta 0:00:00\n"}
,{"stream_name":"stdout","time":350.976787284,"data":"   ━━━━━━━━━━━━━━━━━━━━━━━━━━━━━━━━━━━━━━━━ 377.7/377.7 kB 10.8 MB/s eta 0:00:00\n"}
,{"stream_name":"stdout","time":351.010944929,"data":"   ━━━━━━━━━━━━━━━━━━━━━━━━━━━━━━━━━━━━━━━━ 261.1/261.1 kB 10.0 MB/s eta 0:00:00\n"}
,{"stream_name":"stdout","time":351.125544219,"data":"   ━━━━━━━━━━━━━━━━━━━━━━━━━━━━━━━━━━━━━━━━ 9.9/9.9 MB 94.3 MB/s eta 0:00:00\n"}
,{"stream_name":"stdout","time":351.161206236,"data":"   ━━━━━━━━━━━━━━━━━━━━━━━━━━━━━━━━━━━━━━━━ 155.6/155.6 kB 5.7 MB/s eta 0:00:00\n"}
,{"stream_name":"stdout","time":351.26807961,"data":"   ━━━━━━━━━━━━━━━━━━━━━━━━━━━━━━━━━━━━━━━━ 9.1/9.1 MB 93.0 MB/s eta 0:00:00\n"}
,{"stream_name":"stdout","time":351.586305394,"data":"   ━━━━━━━━━━━━━━━━━━━━━━━━━━━━━━━━━━━━━━━━ 35.2/35.2 MB 55.5 MB/s eta 0:00:00\n"}
,{"stream_name":"stdout","time":351.622886956,"data":"   ━━━━━━━━━━━━━━━━━━━━━━━━━━━━━━━━━━━━━━━━ 47.5/47.5 kB 1.4 MB/s eta 0:00:00\n"}
,{"stream_name":"stdout","time":351.694548539,"data":"   ━━━━━━━━━━━━━━━━━━━━━━━━━━━━━━━━━━━━━━━━ 1.2/1.2 MB 31.6 MB/s eta 0:00:00\n"}
,{"stream_name":"stdout","time":351.731650227,"data":"   ━━━━━━━━━━━━━━━━━━━━━━━━━━━━━━━━━━━━━━━━ 60.1/60.1 kB 1.8 MB/s eta 0:00:00\n"}
,{"stream_name":"stderr","time":410.941099478,"data":"ERROR: pip's dependency resolver does not currently take into account all the packages that are installed. This behaviour is the source of the following dependency conflicts.\n"}
,{"stream_name":"stderr","time":410.941132029,"data":"bigframes 2.48.0 requires google-cloud-bigquery-storage\u003c3.0.0,\u003e=2.30.0, which is not installed.\n"}
,{"stream_name":"stderr","time":410.941137767,"data":"ydata-profiling 4.18.4 requires matplotlib\u003c=3.10,\u003e=3.5, but you have matplotlib 3.11.2 which is incompatible.\n"}
,{"stream_name":"stderr","time":410.941154221,"data":"ydata-profiling 4.18.4 requires scipy\u003c1.17,\u003e=1.8, but you have scipy 1.17.1 which is incompatible.\n"}
,{"stream_name":"stderr","time":410.941158551,"data":"mne 1.13.2 requires numpy\u003c3,\u003e=2.1, but you have numpy 2.0.2 which is incompatible.\n"}
,{"stream_name":"stderr","time":410.941162122,"data":"bayesian-optimization 3.3.0 requires numpy\u003e=2.1.3; python_full_version \u003e= \"3.13\", but you have numpy 2.0.2 which is incompatible.\n"}
,{"stream_name":"stderr","time":410.941166485,"data":"google-colab 1.0.0 requires jupyter-server==2.20.0, but you have jupyter-server 2.12.5 which is incompatible.\n"}
,{"stream_name":"stderr","time":410.941170185,"data":"google-colab 1.0.0 requires pandas==2.2.3, but you have pandas 2.3.3 which is incompatible.\n"}
,{"stream_name":"stderr","time":410.941173901,"data":"google-colab 1.0.0 requires requests==2.32.4, but you have requests 2.34.2 which is incompatible.\n"}
,{"stream_name":"stderr","time":410.941177438,"data":"dopamine-rl 4.1.2 requires gym\u003c=0.25.2, but you have gym 0.26.2 which is incompatible.\n"}
,{"stream_name":"stderr","time":410.941180905,"data":"moviepy 1.0.3 requires decorator\u003c5.0,\u003e=4.0.2, but you have decorator 5.3.1 which is incompatible.\n"}
,{"stream_name":"stderr","time":410.941184729,"data":"ml-dtypes 0.6.0 requires numpy\u003e=2.1.0; python_version \u003e= \"3.13\", but you have numpy 2.0.2 which is incompatible.\n"}
,{"stream_name":"stderr","time":410.941188664,"data":"jax 0.11.1 requires numpy\u003e=2.1, but you have numpy 2.0.2 which is incompatible.\n"}
,{"stream_name":"stderr","time":410.941192547,"data":"dm-tree 0.1.10 requires numpy\u003e=2.1.0; python_version \u003e= \"3.13\", but you have numpy 2.0.2 which is incompatible.\n"}
,{"stream_name":"stderr","time":410.941196642,"data":"tifffile 2026.8.23 requires numpy\u003e=2.1, but you have numpy 2.0.2 which is incompatible.\n"}
,{"stream_name":"stdout","time":414.247267827,"data":"wrong_1of5: 4310 injections on 431 hosts, cache /kaggle/input/datasets/srijeetbanerjee/exog-lc-cache-v1/cache\n"}
,{"stream_name":"stdout","time":671.841629581,"data":"200/4310 258s\n"}
,{"stream_name":"stdout","time":936.968385823,"data":"400/4310 523s\n"}
,{"stream_name":"stdout","time":1123.063940102,"data":"600/4310 709s\n"}
,{"stream_name":"stdout","time":1330.112855718,"data":"800/4310 916s\n"}
,{"stream_name":"stdout","time":1573.470309758,"data":"1000/4310 1159s\n"}
,{"stream_name":"stdout","time":1785.139075143,"data":"1200/4310 1371s\n"}
,{"stream_name":"stdout","time":2064.843738123,"data":"1400/4310 1651s\n"}
,{"stream_name":"stdout","time":2359.242019683,"data":"1600/4310 1945s\n"}
,{"stream_name":"stdout","time":2660.267065269,"data":"1800/4310 2246s\n"}
,{"stream_name":"stdout","time":2875.320656032,"data":"2000/4310 2461s\n"}
,{"stream_name":"stdout","time":3119.631035125,"data":"2200/4310 2705s\n"}
,{"stream_name":"stdout","time":3458.078609769,"data":"2400/4310 3044s\n"}
,{"stream_name":"stdout","time":3998.723964281,"data":"2600/4310 3584s\n"}
,{"stream_name":"stdout","time":4445.284225463,"data":"2800/4310 4031s\n"}
,{"stream_name":"stdout","time":4992.470334322,"data":"3000/4310 4578s\n"}
,{"stream_name":"stdout","time":5421.682747486,"data":"3200/4310 5007s\n"}
,{"stream_name":"stdout","time":5837.283019937,"data":"3400/4310 5423s\n"}
,{"stream_name":"stdout","time":6417.89682976,"data":"3600/4310 6004s\n"}
,{"stream_name":"stdout","time":7066.545234797,"data":"3800/4310 6652s\n"}
,{"stream_name":"stdout","time":7630.348109476,"data":"4000/4310 7216s\n"}
,{"stream_name":"stdout","time":8246.727551046,"data":"4200/4310 7832s\n"}
,{"stream_name":"stderr","time":8634.684783045,"data":"/usr/local/lib/python3.13/dist-packages/mistune.py:435: SyntaxWarning: invalid escape sequence '\\|'\n"}
,{"stream_name":"stderr","time":8634.684833581,"data":"  cells[i][c] = re.sub('\\\\\\\\\\|', '|', cell)\n"}
,{"stream_name":"stderr","time":8635.112013637,"data":"/usr/local/lib/python3.13/dist-packages/nbconvert/filters/filter_links.py:36: SyntaxWarning: invalid escape sequence '\\_'\n"}
,{"stream_name":"stderr","time":8635.11205833,"data":"  text = re.sub(r'_', '\\_', text) # Escape underscores in display text\n"}
,{"stream_name":"stderr","time":8636.166966252,"data":"[NbConvertApp] Converting notebook __script__.ipynb to html\n"}
,{"stream_name":"stderr","time":8637.691787113,"data":"[NbConvertApp] Writing 275969 bytes to __results__.html\n"}
]