[{"stream_name":"stdout","time":14.513191087,"data":"     ━━━━━━━━━━━━━━━━━━━━━━━━━━━━━━━━━━━━━━━━ 18.9/18.9 MB 64.9 MB/s eta 0:00:00\n"}
,{"stream_name":"stdout","time":238.831290832,"data":"     ━━━━━━━━━━━━━━━━━━━━━━━━━━━━━━━━━━━━━━━━ 62.1/62.1 kB 1.8 MB/s eta 0:00:00\n"}
,{"stream_name":"stdout","time":241.249465201,"data":"     ━━━━━━━━━━━━━━━━━━━━━━━━━━━━━━━━━━━━━━━━ 80.3/80.3 kB 2.9 MB/s eta 0:00:00\n"}
,{"stream_name":"stdout","time":243.475733116,"data":"     ━━━━━━━━━━━━━━━━━━━━━━━━━━━━━━━━━━━━━━━ 41.2/41.2 kB 840.1 kB/s eta 0:00:00\n"}
,{"stream_name":"stdout","time":244.896063453,"data":"   ━━━━━━━━━━━━━━━━━━━━━━━━━━━━━━━━━━━━━━━━ 10.5/10.5 MB 91.4 MB/s eta 0:00:00\n"}
,{"stream_name":"stdout","time":245.024069114,"data":"   ━━━━━━━━━━━━━━━━━━━━━━━━━━━━━━━━━━━━━━━━ 11.1/11.1 MB 88.9 MB/s eta 0:00:00\n"}
,{"stream_name":"stdout","time":245.266061707,"data":"   ━━━━━━━━━━━━━━━━━━━━━━━━━━━━━━━━━━━━━━━━ 243.4/243.4 kB 8.5 MB/s eta 0:00:00\n"}
,{"stream_name":"stdout","time":245.302239847,"data":"   ━━━━━━━━━━━━━━━━━━━━━━━━━━━━━━━━━━━━━━━━ 377.7/377.7 kB 13.1 MB/s eta 0:00:00\n"}
,{"stream_name":"stdout","time":245.339099228,"data":"   ━━━━━━━━━━━━━━━━━━━━━━━━━━━━━━━━━━━━━━━━ 261.1/261.1 kB 8.9 MB/s eta 0:00:00\n"}
,{"stream_name":"stdout","time":245.451733889,"data":"   ━━━━━━━━━━━━━━━━━━━━━━━━━━━━━━━━━━━━━━━━ 9.9/9.9 MB 94.5 MB/s eta 0:00:00\n"}
,{"stream_name":"stdout","time":245.49148222,"data":"   ━━━━━━━━━━━━━━━━━━━━━━━━━━━━━━━━━━━━━━━━ 155.6/155.6 kB 4.7 MB/s eta 0:00:00\n"}
,{"stream_name":"stdout","time":245.602492081,"data":"   ━━━━━━━━━━━━━━━━━━━━━━━━━━━━━━━━━━━━━━━━ 9.1/9.1 MB 89.2 MB/s eta 0:00:00\n"}
,{"stream_name":"stdout","time":246.281898219,"data":"   ━━━━━━━━━━━━━━━━━━━━━━━━━━━━━━━━━━━━━━━━ 35.2/35.2 MB 54.2 MB/s eta 0:00:00\n"}
,{"stream_name":"stdout","time":246.527504961,"data":"   ━━━━━━━━━━━━━━━━━━━━━━━━━━━━━━━━━━━━━━━━ 47.5/47.5 kB 986.8 kB/s eta 0:00:00\n"}
,{"stream_name":"stdout","time":246.811448345,"data":"   ━━━━━━━━━━━━━━━━━━━━━━━━━━━━━━━━━━━━━━━━ 1.2/1.2 MB 30.9 MB/s eta 0:00:00\n"}
,{"stream_name":"stdout","time":246.862261996,"data":"   ━━━━━━━━━━━━━━━━━━━━━━━━━━━━━━━━━━━━━━━━ 60.1/60.1 kB 1.2 MB/s eta 0:00:00\n"}
,{"stream_name":"stderr","time":300.838287177,"data":"ERROR: pip's dependency resolver does not currently take into account all the packages that are installed. This behaviour is the source of the following dependency conflicts.\n"}
,{"stream_name":"stderr","time":300.838317057,"data":"bigframes 2.48.0 requires google-cloud-bigquery-storage\u003c3.0.0,\u003e=2.30.0, which is not installed.\n"}
,{"stream_name":"stderr","time":300.838322767,"data":"ydata-profiling 4.18.4 requires matplotlib\u003c=3.10,\u003e=3.5, but you have matplotlib 3.11.2 which is incompatible.\n"}
,{"stream_name":"stderr","time":300.838338777,"data":"ydata-profiling 4.18.4 requires scipy\u003c1.17,\u003e=1.8, but you have scipy 1.17.1 which is incompatible.\n"}
,{"stream_name":"stderr","time":300.838342157,"data":"mne 1.13.2 requires numpy\u003c3,\u003e=2.1, but you have numpy 2.0.2 which is incompatible.\n"}
,{"stream_name":"stderr","time":300.838345247,"data":"bayesian-optimization 3.3.0 requires numpy\u003e=2.1.3; python_full_version \u003e= \"3.13\", but you have numpy 2.0.2 which is incompatible.\n"}
,{"stream_name":"stderr","time":300.838348437,"data":"google-colab 1.0.0 requires jupyter-server==2.20.0, but you have jupyter-server 2.12.5 which is incompatible.\n"}
,{"stream_name":"stderr","time":300.838351547,"data":"google-colab 1.0.0 requires pandas==2.2.3, but you have pandas 2.3.3 which is incompatible.\n"}
,{"stream_name":"stderr","time":300.838354577,"data":"google-colab 1.0.0 requires requests==2.32.4, but you have requests 2.34.2 which is incompatible.\n"}
,{"stream_name":"stderr","time":300.838357897,"data":"dopamine-rl 4.1.2 requires gym\u003c=0.25.2, but you have gym 0.26.2 which is incompatible.\n"}
,{"stream_name":"stderr","time":300.838361057,"data":"moviepy 1.0.3 requires decorator\u003c5.0,\u003e=4.0.2, but you have decorator 5.3.1 which is incompatible.\n"}
,{"stream_name":"stderr","time":300.838364407,"data":"ml-dtypes 0.6.0 requires numpy\u003e=2.1.0; python_version \u003e= \"3.13\", but you have numpy 2.0.2 which is incompatible.\n"}
,{"stream_name":"stderr","time":300.838367477,"data":"jax 0.11.1 requires numpy\u003e=2.1, but you have numpy 2.0.2 which is incompatible.\n"}
,{"stream_name":"stderr","time":300.838370467,"data":"dm-tree 0.1.10 requires numpy\u003e=2.1.0; python_version \u003e= \"3.13\", but you have numpy 2.0.2 which is incompatible.\n"}
,{"stream_name":"stderr","time":300.838373437,"data":"tifffile 2026.8.23 requires numpy\u003e=2.1, but you have numpy 2.0.2 which is incompatible.\n"}
,{"stream_name":"stdout","time":303.680883564,"data":"wrong_3of5: 4310 injections on 431 hosts, cache /kaggle/input/datasets/srijeetbanerjee/exog-lc-cache-v1/cache\n"}
,{"stream_name":"stdout","time":462.862917512,"data":"200/4310 159s\n"}
,{"stream_name":"stdout","time":616.89931815,"data":"400/4310 313s\n"}
,{"stream_name":"stdout","time":757.35868389,"data":"600/4310 454s\n"}
,{"stream_name":"stdout","time":883.037631349,"data":"800/4310 579s\n"}
,{"stream_name":"stdout","time":1014.220534673,"data":"1000/4310 711s\n"}
,{"stream_name":"stdout","time":1165.384501132,"data":"1200/4310 862s\n"}
,{"stream_name":"stdout","time":1331.879390329,"data":"1400/4310 1028s\n"}
,{"stream_name":"stdout","time":1533.332921526,"data":"1600/4310 1230s\n"}
,{"stream_name":"stdout","time":1683.720528459,"data":"1800/4310 1380s\n"}
,{"stream_name":"stdout","time":1876.194933963,"data":"2000/4310 1573s\n"}
,{"stream_name":"stdout","time":2032.301454264,"data":"2200/4310 1729s\n"}
,{"stream_name":"stdout","time":2333.601762063,"data":"2400/4310 2030s\n"}
,{"stream_name":"stdout","time":2629.710547093,"data":"2600/4310 2326s\n"}
,{"stream_name":"stdout","time":2968.592206839,"data":"2800/4310 2665s\n"}
,{"stream_name":"stdout","time":3242.106781,"data":"3000/4310 2938s\n"}
,{"stream_name":"stdout","time":3520.507580973,"data":"3200/4310 3217s\n"}
,{"stream_name":"stdout","time":3764.297160431,"data":"3400/4310 3461s\n"}
,{"stream_name":"stdout","time":4085.664892851,"data":"3600/4310 3782s\n"}
,{"stream_name":"stdout","time":4434.867454156,"data":"3800/4310 4131s\n"}
,{"stream_name":"stdout","time":4784.589832585,"data":"4000/4310 4481s\n"}
,{"stream_name":"stdout","time":5114.171531411,"data":"4200/4310 4810s\n"}
,{"stream_name":"stderr","time":5299.134204496,"data":"/usr/local/lib/python3.13/dist-packages/mistune.py:435: SyntaxWarning: invalid escape sequence '\\|'\n"}
,{"stream_name":"stderr","time":5299.134251817,"data":"  cells[i][c] = re.sub('\\\\\\\\\\|', '|', cell)\n"}
,{"stream_name":"stderr","time":5299.432129012,"data":"/usr/local/lib/python3.13/dist-packages/nbconvert/filters/filter_links.py:36: SyntaxWarning: invalid escape sequence '\\_'\n"}
,{"stream_name":"stderr","time":5299.432176122,"data":"  text = re.sub(r'_', '\\_', text) # Escape underscores in display text\n"}
,{"stream_name":"stderr","time":5300.228671369,"data":"[NbConvertApp] Converting notebook __script__.ipynb to html\n"}
,{"stream_name":"stderr","time":5301.300336582,"data":"[NbConvertApp] Writing 275969 bytes to __results__.html\n"}
]