[{"stream_name":"stdout","time":17.072690922,"data":"     ━━━━━━━━━━━━━━━━━━━━━━━━━━━━━━━━━━━━━━━━ 18.9/18.9 MB 67.1 MB/s eta 0:00:00\n"}
,{"stream_name":"stdout","time":362.488948778,"data":"     ━━━━━━━━━━━━━━━━━━━━━━━━━━━━━━━━━━━━━━━━ 62.1/62.1 kB 1.8 MB/s eta 0:00:00\n"}
,{"stream_name":"stdout","time":364.789387814,"data":"     ━━━━━━━━━━━━━━━━━━━━━━━━━━━━━━━━━━━━━━━━ 80.3/80.3 kB 2.0 MB/s eta 0:00:00\n"}
,{"stream_name":"stdout","time":367.811223524,"data":"     ━━━━━━━━━━━━━━━━━━━━━━━━━━━━━━━━━━━━━━━ 41.2/41.2 kB 959.6 kB/s eta 0:00:00\n"}
,{"stream_name":"stdout","time":370.04754119,"data":"   ━━━━━━━━━━━━━━━━━━━━━━━━━━━━━━━━━━━━━━━━ 10.5/10.5 MB 87.6 MB/s eta 0:00:00\n"}
,{"stream_name":"stdout","time":370.186882127,"data":"   ━━━━━━━━━━━━━━━━━━━━━━━━━━━━━━━━━━━━━━━━ 11.1/11.1 MB 86.2 MB/s eta 0:00:00\n"}
,{"stream_name":"stdout","time":370.23032238,"data":"   ━━━━━━━━━━━━━━━━━━━━━━━━━━━━━━━━━━━━━━━━ 243.4/243.4 kB 7.7 MB/s eta 0:00:00\n"}
,{"stream_name":"stdout","time":370.283833729,"data":"   ━━━━━━━━━━━━━━━━━━━━━━━━━━━━━━━━━━━━━━━━ 377.7/377.7 kB 8.9 MB/s eta 0:00:00\n"}
,{"stream_name":"stdout","time":370.330782264,"data":"   ━━━━━━━━━━━━━━━━━━━━━━━━━━━━━━━━━━━━━━━━ 261.1/261.1 kB 7.3 MB/s eta 0:00:00\n"}
,{"stream_name":"stdout","time":370.469370272,"data":"   ━━━━━━━━━━━━━━━━━━━━━━━━━━━━━━━━━━━━━━━━ 9.9/9.9 MB 79.2 MB/s eta 0:00:00\n"}
,{"stream_name":"stdout","time":370.518655035,"data":"   ━━━━━━━━━━━━━━━━━━━━━━━━━━━━━━━━━━━━━━━━ 155.6/155.6 kB 3.9 MB/s eta 0:00:00\n"}
,{"stream_name":"stdout","time":370.645635155,"data":"   ━━━━━━━━━━━━━━━━━━━━━━━━━━━━━━━━━━━━━━━━ 9.1/9.1 MB 79.8 MB/s eta 0:00:00\n"}
,{"stream_name":"stdout","time":371.016581551,"data":"   ━━━━━━━━━━━━━━━━━━━━━━━━━━━━━━━━━━━━━━━━ 35.2/35.2 MB 49.8 MB/s eta 0:00:00\n"}
,{"stream_name":"stdout","time":371.056106899,"data":"   ━━━━━━━━━━━━━━━━━━━━━━━━━━━━━━━━━━━━━━━━ 47.5/47.5 kB 1.3 MB/s eta 0:00:00\n"}
,{"stream_name":"stdout","time":371.150952926,"data":"   ━━━━━━━━━━━━━━━━━━━━━━━━━━━━━━━━━━━━━━━━ 1.2/1.2 MB 24.6 MB/s eta 0:00:00\n"}
,{"stream_name":"stdout","time":371.19022643,"data":"   ━━━━━━━━━━━━━━━━━━━━━━━━━━━━━━━━━━━━━━━━ 60.1/60.1 kB 1.9 MB/s eta 0:00:00\n"}
,{"stream_name":"stderr","time":437.462061221,"data":"ERROR: pip's dependency resolver does not currently take into account all the packages that are installed. This behaviour is the source of the following dependency conflicts.\n"}
,{"stream_name":"stderr","time":437.462101466,"data":"bigframes 2.48.0 requires google-cloud-bigquery-storage\u003c3.0.0,\u003e=2.30.0, which is not installed.\n"}
,{"stream_name":"stderr","time":437.462109813,"data":"ydata-profiling 4.18.4 requires matplotlib\u003c=3.10,\u003e=3.5, but you have matplotlib 3.11.2 which is incompatible.\n"}
,{"stream_name":"stderr","time":437.46213013,"data":"ydata-profiling 4.18.4 requires scipy\u003c1.17,\u003e=1.8, but you have scipy 1.17.1 which is incompatible.\n"}
,{"stream_name":"stderr","time":437.462135846,"data":"mne 1.13.2 requires numpy\u003c3,\u003e=2.1, but you have numpy 2.0.2 which is incompatible.\n"}
,{"stream_name":"stderr","time":437.462141178,"data":"bayesian-optimization 3.3.0 requires numpy\u003e=2.1.3; python_full_version \u003e= \"3.13\", but you have numpy 2.0.2 which is incompatible.\n"}
,{"stream_name":"stderr","time":437.462145018,"data":"google-colab 1.0.0 requires jupyter-server==2.20.0, but you have jupyter-server 2.12.5 which is incompatible.\n"}
,{"stream_name":"stderr","time":437.46214818,"data":"google-colab 1.0.0 requires pandas==2.2.3, but you have pandas 2.3.3 which is incompatible.\n"}
,{"stream_name":"stderr","time":437.462151407,"data":"google-colab 1.0.0 requires requests==2.32.4, but you have requests 2.34.2 which is incompatible.\n"}
,{"stream_name":"stderr","time":437.462154545,"data":"dopamine-rl 4.1.2 requires gym\u003c=0.25.2, but you have gym 0.26.2 which is incompatible.\n"}
,{"stream_name":"stderr","time":437.46215768,"data":"moviepy 1.0.3 requires decorator\u003c5.0,\u003e=4.0.2, but you have decorator 5.3.1 which is incompatible.\n"}
,{"stream_name":"stderr","time":437.462160841,"data":"ml-dtypes 0.6.0 requires numpy\u003e=2.1.0; python_version \u003e= \"3.13\", but you have numpy 2.0.2 which is incompatible.\n"}
,{"stream_name":"stderr","time":437.46216411,"data":"jax 0.11.1 requires numpy\u003e=2.1, but you have numpy 2.0.2 which is incompatible.\n"}
,{"stream_name":"stderr","time":437.4621673,"data":"dm-tree 0.1.10 requires numpy\u003e=2.1.0; python_version \u003e= \"3.13\", but you have numpy 2.0.2 which is incompatible.\n"}
,{"stream_name":"stderr","time":437.462170466,"data":"tifffile 2026.8.23 requires numpy\u003e=2.1, but you have numpy 2.0.2 which is incompatible.\n"}
,{"stream_name":"stdout","time":440.998508734,"data":"wrong_2of5: 4310 injections on 431 hosts, cache /kaggle/input/datasets/srijeetbanerjee/exog-lc-cache-v1/cache\n"}
,{"stream_name":"stdout","time":748.528494227,"data":"200/4310 308s\n"}
,{"stream_name":"stdout","time":950.823925837,"data":"400/4310 510s\n"}
,{"stream_name":"stdout","time":1218.607606384,"data":"600/4310 778s\n"}
,{"stream_name":"stdout","time":1437.532265216,"data":"800/4310 997s\n"}
,{"stream_name":"stdout","time":1663.777634752,"data":"1000/4310 1223s\n"}
,{"stream_name":"stdout","time":1986.712017955,"data":"1200/4310 1546s\n"}
,{"stream_name":"stdout","time":2246.1247031,"data":"1400/4310 1805s\n"}
,{"stream_name":"stdout","time":2521.013010818,"data":"1600/4310 2080s\n"}
,{"stream_name":"stdout","time":2789.634770731,"data":"1800/4310 2349s\n"}
,{"stream_name":"stdout","time":3084.79079442,"data":"2000/4310 2644s\n"}
,{"stream_name":"stdout","time":3486.47249781,"data":"2200/4310 3045s\n"}
,{"stream_name":"stdout","time":3890.448371235,"data":"2400/4310 3449s\n"}
,{"stream_name":"stdout","time":4335.517634338,"data":"2600/4310 3895s\n"}
,{"stream_name":"stdout","time":4785.010630073,"data":"2800/4310 4344s\n"}
,{"stream_name":"stdout","time":5262.900561103,"data":"3000/4310 4822s\n"}
,{"stream_name":"stdout","time":5834.430082439,"data":"3200/4310 5393s\n"}
,{"stream_name":"stdout","time":6460.854631319,"data":"3400/4310 6020s\n"}
,{"stream_name":"stdout","time":7102.686796482,"data":"3600/4310 6662s\n"}
,{"stream_name":"stdout","time":7709.226601268,"data":"3800/4310 7268s\n"}
,{"stream_name":"stdout","time":8348.629980243,"data":"4000/4310 7908s\n"}
,{"stream_name":"stdout","time":9041.54536634,"data":"4200/4310 8601s\n"}
,{"stream_name":"stderr","time":9330.200914736,"data":"/usr/local/lib/python3.13/dist-packages/mistune.py:435: SyntaxWarning: invalid escape sequence '\\|'\n"}
,{"stream_name":"stderr","time":9330.200962719,"data":"  cells[i][c] = re.sub('\\\\\\\\\\|', '|', cell)\n"}
,{"stream_name":"stderr","time":9330.526710273,"data":"/usr/local/lib/python3.13/dist-packages/nbconvert/filters/filter_links.py:36: SyntaxWarning: invalid escape sequence '\\_'\n"}
,{"stream_name":"stderr","time":9330.526743968,"data":"  text = re.sub(r'_', '\\_', text) # Escape underscores in display text\n"}
,{"stream_name":"stderr","time":9331.52968173,"data":"[NbConvertApp] Converting notebook __script__.ipynb to html\n"}
,{"stream_name":"stderr","time":9332.808535862,"data":"[NbConvertApp] Writing 275969 bytes to __results__.html\n"}
]