[{"stream_name":"stdout","time":16.20971742,"data":"     ━━━━━━━━━━━━━━━━━━━━━━━━━━━━━━━━━━━━━━━━ 62.1/62.1 kB 1.4 MB/s eta 0:00:00\n"}
,{"stream_name":"stdout","time":18.081175186,"data":"     ━━━━━━━━━━━━━━━━━━━━━━━━━━━━━━━━━━━━━━━━ 80.3/80.3 kB 2.6 MB/s eta 0:00:00\n"}
,{"stream_name":"stdout","time":20.508222543,"data":"     ━━━━━━━━━━━━━━━━━━━━━━━━━━━━━━━━━━━━━━━━ 41.2/41.2 kB 1.4 MB/s eta 0:00:00\n"}
,{"stream_name":"stdout","time":25.723320071,"data":"   ━━━━━━━━━━━━━━━━━━━━━━━━━━━━━━━━━━━━━━━━ 10.5/10.5 MB 74.5 MB/s eta 0:00:00\n"}
,{"stream_name":"stdout","time":25.866502114,"data":"   ━━━━━━━━━━━━━━━━━━━━━━━━━━━━━━━━━━━━━━━━ 11.1/11.1 MB 89.3 MB/s eta 0:00:00\n"}
,{"stream_name":"stdout","time":25.915040995,"data":"   ━━━━━━━━━━━━━━━━━━━━━━━━━━━━━━━━━━━━━━━━ 243.5/243.5 kB 8.5 MB/s eta 0:00:00\n"}
,{"stream_name":"stdout","time":25.964699612,"data":"   ━━━━━━━━━━━━━━━━━━━━━━━━━━━━━━━━━━━━━━━━ 377.5/377.5 kB 12.8 MB/s eta 0:00:00\n"}
,{"stream_name":"stdout","time":26.010792491,"data":"   ━━━━━━━━━━━━━━━━━━━━━━━━━━━━━━━━━━━━━━━━ 261.1/261.1 kB 10.3 MB/s eta 0:00:00\n"}
,{"stream_name":"stdout","time":26.141143011,"data":"   ━━━━━━━━━━━━━━━━━━━━━━━━━━━━━━━━━━━━━━━━ 9.9/9.9 MB 90.9 MB/s eta 0:00:00\n"}
,{"stream_name":"stdout","time":26.188959792,"data":"   ━━━━━━━━━━━━━━━━━━━━━━━━━━━━━━━━━━━━━━━━ 155.6/155.6 kB 5.5 MB/s eta 0:00:00\n"}
,{"stream_name":"stdout","time":26.313374567,"data":"   ━━━━━━━━━━━━━━━━━━━━━━━━━━━━━━━━━━━━━━━━ 9.2/9.2 MB 88.3 MB/s eta 0:00:00\n"}
,{"stream_name":"stdout","time":26.665621943,"data":"   ━━━━━━━━━━━━━━━━━━━━━━━━━━━━━━━━━━━━━━━━ 35.2/35.2 MB 49.2 MB/s eta 0:00:00\n"}
,{"stream_name":"stdout","time":26.713522932,"data":"   ━━━━━━━━━━━━━━━━━━━━━━━━━━━━━━━━━━━━━━━━ 47.5/47.5 kB 1.5 MB/s eta 0:00:00\n"}
,{"stream_name":"stdout","time":26.827203679,"data":"   ━━━━━━━━━━━━━━━━━━━━━━━━━━━━━━━━━━━━━━━━ 2.0/2.0 MB 41.6 MB/s eta 0:00:00\n"}
,{"stream_name":"stdout","time":26.886262821,"data":"   ━━━━━━━━━━━━━━━━━━━━━━━━━━━━━━━━━━━━━━━━ 1.2/1.2 MB 32.5 MB/s eta 0:00:00\n"}
,{"stream_name":"stdout","time":26.968097002,"data":"   ━━━━━━━━━━━━━━━━━━━━━━━━━━━━━━━━━━━━━━━━ 60.1/60.1 kB 1.8 MB/s eta 0:00:00\n"}
,{"stream_name":"stdout","time":27.060415881,"data":"   ━━━━━━━━━━━━━━━━━━━━━━━━━━━━━━━━━━━━━━━━ 102.6/102.6 kB 3.3 MB/s eta 0:00:00\n"}
,{"stream_name":"stdout","time":27.119511367,"data":"   ━━━━━━━━━━━━━━━━━━━━━━━━━━━━━━━━━━━━━━━━ 1.8/1.8 MB 45.9 MB/s eta 0:00:00\n"}
,{"stream_name":"stdout","time":27.167717267,"data":"   ━━━━━━━━━━━━━━━━━━━━━━━━━━━━━━━━━━━━━━━━ 221.7/221.7 kB 7.7 MB/s eta 0:00:00\n"}
,{"stream_name":"stdout","time":27.37197887,"data":"   ━━━━━━━━━━━━━━━━━━━━━━━━━━━━━━━━━━━━━━━━ 16.0/16.0 MB 80.3 MB/s eta 0:00:00\n"}
,{"stream_name":"stderr","time":86.891582349,"data":"ERROR: pip's dependency resolver does not currently take into account all the packages that are installed. This behaviour is the source of the following dependency conflicts.\n"}
,{"stream_name":"stderr","time":86.891638945,"data":"bigframes 2.39.0 requires google-cloud-bigquery-storage\u003c3.0.0,\u003e=2.30.0, which is not installed.\n"}
,{"stream_name":"stderr","time":86.891647211,"data":"datasets 5.0.0 requires fsspec[http]\u003c=2026.4.0,\u003e=2023.1.0, but you have fsspec 2026.9.0 which is incompatible.\n"}
,{"stream_name":"stderr","time":86.891653825,"data":"ydata-profiling 4.18.4 requires matplotlib\u003c=3.10,\u003e=3.5, but you have matplotlib 3.11.2 which is incompatible.\n"}
,{"stream_name":"stderr","time":86.891660031,"data":"ydata-profiling 4.18.4 requires scipy\u003c1.17,\u003e=1.8, but you have scipy 1.17.1 which is incompatible.\n"}
,{"stream_name":"stderr","time":86.891666355,"data":"gcsfs 2025.3.0 requires fsspec==2025.3.0, but you have fsspec 2026.9.0 which is incompatible.\n"}
,{"stream_name":"stderr","time":86.891672376,"data":"sklearn-compat 0.1.5 requires scikit-learn\u003c1.9,\u003e=1.2, but you have scikit-learn 1.9.1 which is incompatible.\n"}
,{"stream_name":"stdout","time":308.59537809,"data":"0/1500 220s\n"}
,{"stream_name":"stdout","time":878.399735948,"data":"100/1500 790s\n"}
,{"stream_name":"stdout","time":1639.74435035,"data":"200/1500 1551s\n"}
,{"stream_name":"stdout","time":2204.223413442,"data":"300/1500 2116s\n"}
,{"stream_name":"stdout","time":2808.641967932,"data":"400/1500 2720s\n"}
,{"stream_name":"stdout","time":3520.376738909,"data":"500/1500 3432s\n"}
,{"stream_name":"stdout","time":4134.014440283,"data":"600/1500 4046s\n"}
,{"stream_name":"stdout","time":4859.903087504,"data":"700/1500 4772s\n"}
,{"stream_name":"stdout","time":5568.543309412,"data":"800/1500 5480s\n"}
,{"stream_name":"stdout","time":6257.558770757,"data":"900/1500 6169s\n"}
,{"stream_name":"stdout","time":7006.784239142,"data":"1000/1500 6918s\n"}
,{"stream_name":"stdout","time":7720.29602118,"data":"1100/1500 7632s\n"}
,{"stream_name":"stdout","time":8370.002874561,"data":"1200/1500 8282s\n"}
,{"stream_name":"stdout","time":9239.800106964,"data":"1300/1500 9151s\n"}
,{"stream_name":"stdout","time":9825.600052697,"data":"1400/1500 9737s\n"}
,{"stream_name":"stderr","time":10489.324709936,"data":"/usr/local/lib/python3.12/dist-packages/mistune.py:435: SyntaxWarning: invalid escape sequence '\\|'\n"}
,{"stream_name":"stderr","time":10489.32476645,"data":"  cells[i][c] = re.sub('\\\\\\\\\\|', '|', cell)\n"}
,{"stream_name":"stderr","time":10489.664361967,"data":"/usr/local/lib/python3.12/dist-packages/nbconvert/filters/filter_links.py:36: SyntaxWarning: invalid escape sequence '\\_'\n"}
,{"stream_name":"stderr","time":10489.664414402,"data":"  text = re.sub(r'_', '\\_', text) # Escape underscores in display text\n"}
,{"stream_name":"stderr","time":10490.500018652,"data":"[NbConvertApp] Converting notebook __script__.ipynb to html\n"}
,{"stream_name":"stderr","time":10492.277101852,"data":"[NbConvertApp] Writing 276300 bytes to __results__.html\n"}
]