[{"stream_name":"stdout","time":17.804742658,"data":"     ━━━━━━━━━━━━━━━━━━━━━━━━━━━━━━━━━━━━━━━━ 62.1/62.1 kB 1.1 MB/s eta 0:00:00\n"}
,{"stream_name":"stdout","time":20.485870518,"data":"     ━━━━━━━━━━━━━━━━━━━━━━━━━━━━━━━━━━━━━━━━ 80.3/80.3 kB 2.1 MB/s eta 0:00:00\n"}
,{"stream_name":"stdout","time":23.46534279,"data":"     ━━━━━━━━━━━━━━━━━━━━━━━━━━━━━━━━━━━━━━━ 41.2/41.2 kB 866.4 kB/s eta 0:00:00\n"}
,{"stream_name":"stdout","time":29.720494318,"data":"   ━━━━━━━━━━━━━━━━━━━━━━━━━━━━━━━━━━━━━━━━ 10.5/10.5 MB 72.2 MB/s eta 0:00:00\n"}
,{"stream_name":"stdout","time":29.8830458,"data":"   ━━━━━━━━━━━━━━━━━━━━━━━━━━━━━━━━━━━━━━━━ 11.1/11.1 MB 70.8 MB/s eta 0:00:00\n"}
,{"stream_name":"stdout","time":29.933879047,"data":"   ━━━━━━━━━━━━━━━━━━━━━━━━━━━━━━━━━━━━━━━━ 243.5/243.5 kB 6.3 MB/s eta 0:00:00\n"}
,{"stream_name":"stdout","time":29.980271895,"data":"   ━━━━━━━━━━━━━━━━━━━━━━━━━━━━━━━━━━━━━━━━ 377.5/377.5 kB 10.8 MB/s eta 0:00:00\n"}
,{"stream_name":"stdout","time":30.020977209,"data":"   ━━━━━━━━━━━━━━━━━━━━━━━━━━━━━━━━━━━━━━━━ 261.1/261.1 kB 9.0 MB/s eta 0:00:00\n"}
,{"stream_name":"stdout","time":30.158318961,"data":"   ━━━━━━━━━━━━━━━━━━━━━━━━━━━━━━━━━━━━━━━━ 9.9/9.9 MB 78.6 MB/s eta 0:00:00\n"}
,{"stream_name":"stdout","time":30.205147369,"data":"   ━━━━━━━━━━━━━━━━━━━━━━━━━━━━━━━━━━━━━━━━ 155.6/155.6 kB 4.1 MB/s eta 0:00:00\n"}
,{"stream_name":"stdout","time":30.340423189,"data":"   ━━━━━━━━━━━━━━━━━━━━━━━━━━━━━━━━━━━━━━━━ 9.2/9.2 MB 74.1 MB/s eta 0:00:00\n"}
,{"stream_name":"stdout","time":30.727446255,"data":"   ━━━━━━━━━━━━━━━━━━━━━━━━━━━━━━━━━━━━━━━━ 35.2/35.2 MB 44.8 MB/s eta 0:00:00\n"}
,{"stream_name":"stdout","time":30.81116829,"data":"   ━━━━━━━━━━━━━━━━━━━━━━━━━━━━━━━━━━━━━━━━ 47.5/47.5 kB 544.1 kB/s eta 0:00:00\n"}
,{"stream_name":"stdout","time":30.950229919999998,"data":"   ━━━━━━━━━━━━━━━━━━━━━━━━━━━━━━━━━━━━━━━━ 2.0/2.0 MB 32.2 MB/s eta 0:00:00\n"}
,{"stream_name":"stdout","time":31.014124004,"data":"   ━━━━━━━━━━━━━━━━━━━━━━━━━━━━━━━━━━━━━━━━ 1.2/1.2 MB 22.3 MB/s eta 0:00:00\n"}
,{"stream_name":"stdout","time":31.111196449,"data":"   ━━━━━━━━━━━━━━━━━━━━━━━━━━━━━━━━━━━━━━━━ 60.1/60.1 kB 1.5 MB/s eta 0:00:00\n"}
,{"stream_name":"stdout","time":31.20041295,"data":"   ━━━━━━━━━━━━━━━━━━━━━━━━━━━━━━━━━━━━━━━━ 102.6/102.6 kB 3.0 MB/s eta 0:00:00\n"}
,{"stream_name":"stdout","time":31.258656993,"data":"   ━━━━━━━━━━━━━━━━━━━━━━━━━━━━━━━━━━━━━━━━ 1.8/1.8 MB 38.5 MB/s eta 0:00:00\n"}
,{"stream_name":"stdout","time":31.300855561,"data":"   ━━━━━━━━━━━━━━━━━━━━━━━━━━━━━━━━━━━━━━━━ 221.7/221.7 kB 6.9 MB/s eta 0:00:00\n"}
,{"stream_name":"stdout","time":31.538623503,"data":"   ━━━━━━━━━━━━━━━━━━━━━━━━━━━━━━━━━━━━━━━━ 16.0/16.0 MB 68.4 MB/s eta 0:00:00\n"}
,{"stream_name":"stderr","time":104.616914462,"data":"ERROR: pip's dependency resolver does not currently take into account all the packages that are installed. This behaviour is the source of the following dependency conflicts.\n"}
,{"stream_name":"stderr","time":104.616990723,"data":"bigframes 2.39.0 requires google-cloud-bigquery-storage\u003c3.0.0,\u003e=2.30.0, which is not installed.\n"}
,{"stream_name":"stderr","time":104.617000185,"data":"datasets 5.0.0 requires fsspec[http]\u003c=2026.4.0,\u003e=2023.1.0, but you have fsspec 2026.9.0 which is incompatible.\n"}
,{"stream_name":"stderr","time":104.617007527,"data":"ydata-profiling 4.18.4 requires matplotlib\u003c=3.10,\u003e=3.5, but you have matplotlib 3.11.2 which is incompatible.\n"}
,{"stream_name":"stderr","time":104.617014045,"data":"ydata-profiling 4.18.4 requires scipy\u003c1.17,\u003e=1.8, but you have scipy 1.17.1 which is incompatible.\n"}
,{"stream_name":"stderr","time":104.617020731,"data":"gcsfs 2025.3.0 requires fsspec==2025.3.0, but you have fsspec 2026.9.0 which is incompatible.\n"}
,{"stream_name":"stderr","time":104.617024783,"data":"sklearn-compat 0.1.5 requires scikit-learn\u003c1.9,\u003e=1.2, but you have scikit-learn 1.9.1 which is incompatible.\n"}
,{"stream_name":"stdout","time":187.353458903,"data":"0/1500 80s\n"}
,{"stream_name":"stdout","time":1027.042454082,"data":"100/1500 920s\n"}
,{"stream_name":"stdout","time":1822.975434951,"data":"200/1500 1716s\n"}
,{"stream_name":"stdout","time":2539.205532752,"data":"300/1500 2432s\n"}
,{"stream_name":"stdout","time":3247.490041065,"data":"400/1500 3141s\n"}
,{"stream_name":"stdout","time":4009.320502455,"data":"500/1500 3902s\n"}
,{"stream_name":"stdout","time":4623.163353011,"data":"600/1500 4516s\n"}
,{"stream_name":"stdout","time":5234.836576923,"data":"700/1500 5128s\n"}
,{"stream_name":"stdout","time":5975.1241133,"data":"800/1500 5868s\n"}
,{"stream_name":"stdout","time":6668.879521302,"data":"900/1500 6562s\n"}
,{"stream_name":"stdout","time":7515.130397133,"data":"1000/1500 7408s\n"}
,{"stream_name":"stdout","time":8224.899797545,"data":"1100/1500 8118s\n"}
,{"stream_name":"stdout","time":8941.980401342,"data":"1200/1500 8835s\n"}
,{"stream_name":"stdout","time":9621.900529179,"data":"1300/1500 9515s\n"}
,{"stream_name":"stdout","time":10424.427964267,"data":"1400/1500 10317s\n"}
,{"stream_name":"stderr","time":11162.404385845,"data":"/usr/local/lib/python3.12/dist-packages/mistune.py:435: SyntaxWarning: invalid escape sequence '\\|'\n"}
,{"stream_name":"stderr","time":11162.404448916,"data":"  cells[i][c] = re.sub('\\\\\\\\\\|', '|', cell)\n"}
,{"stream_name":"stderr","time":11162.749833288,"data":"/usr/local/lib/python3.12/dist-packages/nbconvert/filters/filter_links.py:36: SyntaxWarning: invalid escape sequence '\\_'\n"}
,{"stream_name":"stderr","time":11162.749883574,"data":"  text = re.sub(r'_', '\\_', text) # Escape underscores in display text\n"}
,{"stream_name":"stderr","time":11163.71571723,"data":"[NbConvertApp] Converting notebook __script__.ipynb to html\n"}
,{"stream_name":"stderr","time":11165.618236307,"data":"[NbConvertApp] Writing 276300 bytes to __results__.html\n"}
]