[{"stream_name":"stdout","time":16.636376255,"data":"     ━━━━━━━━━━━━━━━━━━━━━━━━━━━━━━━━━━━━━━━━ 18.9/18.9 MB 58.5 MB/s eta 0:00:00\n"}
,{"stream_name":"stdout","time":338.406976001,"data":"     ━━━━━━━━━━━━━━━━━━━━━━━━━━━━━━━━━━━━━━━━ 62.1/62.1 kB 1.9 MB/s eta 0:00:00\n"}
,{"stream_name":"stdout","time":340.444004027,"data":"     ━━━━━━━━━━━━━━━━━━━━━━━━━━━━━━━━━━━━━━━━ 80.3/80.3 kB 2.5 MB/s eta 0:00:00\n"}
,{"stream_name":"stdout","time":343.038455806,"data":"     ━━━━━━━━━━━━━━━━━━━━━━━━━━━━━━━━━━━━━━━━ 41.2/41.2 kB 1.1 MB/s eta 0:00:00\n"}
,{"stream_name":"stdout","time":344.89645539,"data":"   ━━━━━━━━━━━━━━━━━━━━━━━━━━━━━━━━━━━━━━━━ 10.5/10.5 MB 90.2 MB/s eta 0:00:00\n"}
,{"stream_name":"stdout","time":345.034592301,"data":"   ━━━━━━━━━━━━━━━━━━━━━━━━━━━━━━━━━━━━━━━━ 11.1/11.1 MB 82.8 MB/s eta 0:00:00\n"}
,{"stream_name":"stdout","time":345.158352921,"data":"   ━━━━━━━━━━━━━━━━━━━━━━━━━━━━━━━━━━━━━━━━ 243.4/243.4 kB 7.4 MB/s eta 0:00:00\n"}
,{"stream_name":"stdout","time":345.198780317,"data":"   ━━━━━━━━━━━━━━━━━━━━━━━━━━━━━━━━━━━━━━━━ 377.7/377.7 kB 11.7 MB/s eta 0:00:00\n"}
,{"stream_name":"stdout","time":345.234627973,"data":"   ━━━━━━━━━━━━━━━━━━━━━━━━━━━━━━━━━━━━━━━━ 261.1/261.1 kB 9.4 MB/s eta 0:00:00\n"}
,{"stream_name":"stdout","time":345.353558065,"data":"   ━━━━━━━━━━━━━━━━━━━━━━━━━━━━━━━━━━━━━━━━ 9.9/9.9 MB 88.7 MB/s eta 0:00:00\n"}
,{"stream_name":"stdout","time":345.389199101,"data":"   ━━━━━━━━━━━━━━━━━━━━━━━━━━━━━━━━━━━━━━━━ 155.6/155.6 kB 5.6 MB/s eta 0:00:00\n"}
,{"stream_name":"stdout","time":345.507418042,"data":"   ━━━━━━━━━━━━━━━━━━━━━━━━━━━━━━━━━━━━━━━━ 9.1/9.1 MB 83.5 MB/s eta 0:00:00\n"}
,{"stream_name":"stdout","time":345.84078397,"data":"   ━━━━━━━━━━━━━━━━━━━━━━━━━━━━━━━━━━━━━━━━ 35.2/35.2 MB 53.5 MB/s eta 0:00:00\n"}
,{"stream_name":"stdout","time":345.875052808,"data":"   ━━━━━━━━━━━━━━━━━━━━━━━━━━━━━━━━━━━━━━━━ 47.5/47.5 kB 1.5 MB/s eta 0:00:00\n"}
,{"stream_name":"stdout","time":345.955285129,"data":"   ━━━━━━━━━━━━━━━━━━━━━━━━━━━━━━━━━━━━━━━━ 1.2/1.2 MB 30.7 MB/s eta 0:00:00\n"}
,{"stream_name":"stdout","time":345.992802702,"data":"   ━━━━━━━━━━━━━━━━━━━━━━━━━━━━━━━━━━━━━━━━ 60.1/60.1 kB 1.7 MB/s eta 0:00:00\n"}
,{"stream_name":"stderr","time":414.188753287,"data":"ERROR: pip's dependency resolver does not currently take into account all the packages that are installed. This behaviour is the source of the following dependency conflicts.\n"}
,{"stream_name":"stderr","time":414.188791108,"data":"bigframes 2.48.0 requires google-cloud-bigquery-storage\u003c3.0.0,\u003e=2.30.0, which is not installed.\n"}
,{"stream_name":"stderr","time":414.188797988,"data":"ydata-profiling 4.18.4 requires matplotlib\u003c=3.10,\u003e=3.5, but you have matplotlib 3.11.2 which is incompatible.\n"}
,{"stream_name":"stderr","time":414.188815922,"data":"ydata-profiling 4.18.4 requires scipy\u003c1.17,\u003e=1.8, but you have scipy 1.17.1 which is incompatible.\n"}
,{"stream_name":"stderr","time":414.188821197,"data":"mne 1.13.2 requires numpy\u003c3,\u003e=2.1, but you have numpy 2.0.2 which is incompatible.\n"}
,{"stream_name":"stderr","time":414.188825479,"data":"bayesian-optimization 3.3.0 requires numpy\u003e=2.1.3; python_full_version \u003e= \"3.13\", but you have numpy 2.0.2 which is incompatible.\n"}
,{"stream_name":"stderr","time":414.188829675,"data":"google-colab 1.0.0 requires jupyter-server==2.20.0, but you have jupyter-server 2.12.5 which is incompatible.\n"}
,{"stream_name":"stderr","time":414.188833974,"data":"google-colab 1.0.0 requires pandas==2.2.3, but you have pandas 2.3.3 which is incompatible.\n"}
,{"stream_name":"stderr","time":414.188837826,"data":"google-colab 1.0.0 requires requests==2.32.4, but you have requests 2.34.2 which is incompatible.\n"}
,{"stream_name":"stderr","time":414.188841821,"data":"dopamine-rl 4.1.2 requires gym\u003c=0.25.2, but you have gym 0.26.2 which is incompatible.\n"}
,{"stream_name":"stderr","time":414.188845758,"data":"moviepy 1.0.3 requires decorator\u003c5.0,\u003e=4.0.2, but you have decorator 5.3.1 which is incompatible.\n"}
,{"stream_name":"stderr","time":414.188849318,"data":"ml-dtypes 0.6.0 requires numpy\u003e=2.1.0; python_version \u003e= \"3.13\", but you have numpy 2.0.2 which is incompatible.\n"}
,{"stream_name":"stderr","time":414.188853451,"data":"jax 0.11.1 requires numpy\u003e=2.1, but you have numpy 2.0.2 which is incompatible.\n"}
,{"stream_name":"stderr","time":414.188857316,"data":"dm-tree 0.1.10 requires numpy\u003e=2.1.0; python_version \u003e= \"3.13\", but you have numpy 2.0.2 which is incompatible.\n"}
,{"stream_name":"stderr","time":414.188861447,"data":"tifffile 2026.8.23 requires numpy\u003e=2.1, but you have numpy 2.0.2 which is incompatible.\n"}
,{"stream_name":"stdout","time":564.023640774,"data":"0/1500 148s\n"}
,{"stream_name":"stdout","time":965.096598245,"data":"100/1500 549s\n"}
,{"stream_name":"stdout","time":1515.531073707,"data":"200/1500 1100s\n"}
,{"stream_name":"stdout","time":1938.168890634,"data":"300/1500 1523s\n"}
,{"stream_name":"stdout","time":2359.517511756,"data":"400/1500 1944s\n"}
,{"stream_name":"stdout","time":2863.376449786,"data":"500/1500 2448s\n"}
,{"stream_name":"stdout","time":3294.000858621,"data":"600/1500 2878s\n"}
,{"stream_name":"stdout","time":3795.520372844,"data":"700/1500 3380s\n"}
,{"stream_name":"stdout","time":4322.228920771,"data":"800/1500 3907s\n"}
,{"stream_name":"stdout","time":4780.683583124,"data":"900/1500 4365s\n"}
,{"stream_name":"stdout","time":5297.589340944,"data":"1000/1500 4882s\n"}
,{"stream_name":"stdout","time":5776.059467776,"data":"1100/1500 5360s\n"}
,{"stream_name":"stdout","time":6263.284887238,"data":"1200/1500 5848s\n"}
,{"stream_name":"stdout","time":6822.130793007,"data":"1300/1500 6407s\n"}
,{"stream_name":"stdout","time":7220.133818548,"data":"1400/1500 6805s\n"}
,{"stream_name":"stderr","time":7701.405068681,"data":"/usr/local/lib/python3.13/dist-packages/mistune.py:435: SyntaxWarning: invalid escape sequence '\\|'\n"}
,{"stream_name":"stderr","time":7701.40511853,"data":"  cells[i][c] = re.sub('\\\\\\\\\\|', '|', cell)\n"}
,{"stream_name":"stderr","time":7701.782314126,"data":"/usr/local/lib/python3.13/dist-packages/nbconvert/filters/filter_links.py:36: SyntaxWarning: invalid escape sequence '\\_'\n"}
,{"stream_name":"stderr","time":7701.782349938,"data":"  text = re.sub(r'_', '\\_', text) # Escape underscores in display text\n"}
,{"stream_name":"stderr","time":7702.840789591,"data":"[NbConvertApp] Converting notebook __script__.ipynb to html\n"}
,{"stream_name":"stderr","time":7704.238276984,"data":"[NbConvertApp] Writing 276061 bytes to __results__.html\n"}
]