[{"stream_name":"stdout","time":15.055733095,"data":"     ━━━━━━━━━━━━━━━━━━━━━━━━━━━━━━━━━━━━━━━━ 62.1/62.1 kB 1.5 MB/s eta 0:00:00\n"}
,{"stream_name":"stdout","time":16.980886422,"data":"     ━━━━━━━━━━━━━━━━━━━━━━━━━━━━━━━━━━━━━━━━ 80.3/80.3 kB 2.5 MB/s eta 0:00:00\n"}
,{"stream_name":"stdout","time":19.105235706,"data":"     ━━━━━━━━━━━━━━━━━━━━━━━━━━━━━━━━━━━━━━━━ 41.2/41.2 kB 1.3 MB/s eta 0:00:00\n"}
,{"stream_name":"stdout","time":23.862304061,"data":"   ━━━━━━━━━━━━━━━━━━━━━━━━━━━━━━━━━━━━━━━━ 10.5/10.5 MB 71.9 MB/s eta 0:00:00\n"}
,{"stream_name":"stdout","time":24.004968393,"data":"   ━━━━━━━━━━━━━━━━━━━━━━━━━━━━━━━━━━━━━━━━ 11.1/11.1 MB 87.3 MB/s eta 0:00:00\n"}
,{"stream_name":"stdout","time":24.049918232,"data":"   ━━━━━━━━━━━━━━━━━━━━━━━━━━━━━━━━━━━━━━━━ 243.5/243.5 kB 9.2 MB/s eta 0:00:00\n"}
,{"stream_name":"stdout","time":24.103985596,"data":"   ━━━━━━━━━━━━━━━━━━━━━━━━━━━━━━━━━━━━━━━━ 261.1/261.1 kB 7.5 MB/s eta 0:00:00\n"}
,{"stream_name":"stdout","time":24.229856354,"data":"   ━━━━━━━━━━━━━━━━━━━━━━━━━━━━━━━━━━━━━━━━ 9.9/9.9 MB 92.5 MB/s eta 0:00:00\n"}
,{"stream_name":"stdout","time":24.271690313,"data":"   ━━━━━━━━━━━━━━━━━━━━━━━━━━━━━━━━━━━━━━━━ 155.6/155.6 kB 6.4 MB/s eta 0:00:00\n"}
,{"stream_name":"stdout","time":24.390952171,"data":"   ━━━━━━━━━━━━━━━━━━━━━━━━━━━━━━━━━━━━━━━━ 9.2/9.2 MB 92.0 MB/s eta 0:00:00\n"}
,{"stream_name":"stdout","time":24.731947013,"data":"   ━━━━━━━━━━━━━━━━━━━━━━━━━━━━━━━━━━━━━━━━ 35.2/35.2 MB 51.3 MB/s eta 0:00:00\n"}
,{"stream_name":"stdout","time":24.773823989,"data":"   ━━━━━━━━━━━━━━━━━━━━━━━━━━━━━━━━━━━━━━━━ 47.5/47.5 kB 1.7 MB/s eta 0:00:00\n"}
,{"stream_name":"stdout","time":24.878185297,"data":"   ━━━━━━━━━━━━━━━━━━━━━━━━━━━━━━━━━━━━━━━━ 2.0/2.0 MB 50.3 MB/s eta 0:00:00\n"}
,{"stream_name":"stdout","time":25.008097426,"data":"   ━━━━━━━━━━━━━━━━━━━━━━━━━━━━━━━━━━━━━━━━ 1.2/1.2 MB 10.5 MB/s eta 0:00:00\n"}
,{"stream_name":"stdout","time":25.08841199,"data":"   ━━━━━━━━━━━━━━━━━━━━━━━━━━━━━━━━━━━━━━━━ 60.1/60.1 kB 2.1 MB/s eta 0:00:00\n"}
,{"stream_name":"stdout","time":25.16273697,"data":"   ━━━━━━━━━━━━━━━━━━━━━━━━━━━━━━━━━━━━━━━━ 102.0/102.0 kB 4.0 MB/s eta 0:00:00\n"}
,{"stream_name":"stdout","time":25.258237357,"data":"   ━━━━━━━━━━━━━━━━━━━━━━━━━━━━━━━━━━━━━━━━ 1.8/1.8 MB 23.8 MB/s eta 0:00:00\n"}
,{"stream_name":"stdout","time":25.307672575,"data":"   ━━━━━━━━━━━━━━━━━━━━━━━━━━━━━━━━━━━━━━━━ 221.7/221.7 kB 6.9 MB/s eta 0:00:00\n"}
,{"stream_name":"stdout","time":25.528360343,"data":"   ━━━━━━━━━━━━━━━━━━━━━━━━━━━━━━━━━━━━━━━━ 15.7/15.7 MB 72.9 MB/s eta 0:00:00\n"}
,{"stream_name":"stderr","time":85.924160663,"data":"ERROR: pip's dependency resolver does not currently take into account all the packages that are installed. This behaviour is the source of the following dependency conflicts.\n"}
,{"stream_name":"stderr","time":85.924219371,"data":"bigframes 2.39.0 requires google-cloud-bigquery-storage\u003c3.0.0,\u003e=2.30.0, which is not installed.\n"}
,{"stream_name":"stderr","time":85.924227556,"data":"datasets 5.0.0 requires fsspec[http]\u003c=2026.4.0,\u003e=2023.1.0, but you have fsspec 2026.9.0 which is incompatible.\n"}
,{"stream_name":"stderr","time":85.924240881,"data":"ydata-profiling 4.18.4 requires matplotlib\u003c=3.10,\u003e=3.5, but you have matplotlib 3.11.2 which is incompatible.\n"}
,{"stream_name":"stderr","time":85.924245221,"data":"ydata-profiling 4.18.4 requires scipy\u003c1.17,\u003e=1.8, but you have scipy 1.17.1 which is incompatible.\n"}
,{"stream_name":"stderr","time":85.924249177,"data":"gcsfs 2025.3.0 requires fsspec==2025.3.0, but you have fsspec 2026.9.0 which is incompatible.\n"}
,{"stream_name":"stderr","time":85.924253146,"data":"sklearn-compat 0.1.5 requires scikit-learn\u003c1.9,\u003e=1.2, but you have scikit-learn 1.9.1 which is incompatible.\n"}
,{"stream_name":"stderr","time":94.702216155,"data":"/usr/local/lib/python3.12/dist-packages/lightkurve/prf/__init__.py:7: UserWarning: Warning: the tpfmodel submodule is not available without oktopus installed, which requires a current version of autograd. See #1452 for details.\n"}
,{"stream_name":"stderr","time":94.702261165,"data":"  warnings.warn(\n"}
,{"stream_name":"stdout","time":828.685860032,"data":"Transit Least Squares TLS 1.32 (5 Apr 2024)\n"}
,{"stream_name":"stdout","time":828.788964313,"data":"Creating model cache for 43 durations\n"}
,{"stream_name":"stdout","time":828.800270575,"data":"Searching 7256 data points, 20531 periods from 1.046 to 29.995 days\n"}
,{"stream_name":"stdout","time":828.800319681,"data":"Using all 4 CPU threads\n"}
,{"stream_name":"stdout","time":928.252094992,"data":"Searching for best T0 for period 3.00363 days\n"}
,{"stream_name":"stderr","time":928.863860208,"data":"/usr/local/lib/python3.12/dist-packages/numpy/_core/_methods.py:218: RuntimeWarning: Degrees of freedom \u003c= 0 for slice\n"}
,{"stream_name":"stderr","time":928.863941282,"data":"  ret = _var(a, axis=axis, dtype=dtype, out=out, ddof=ddof,\n"}
,{"stream_name":"stderr","time":928.863951796,"data":"/usr/local/lib/python3.12/dist-packages/numpy/_core/_methods.py:175: RuntimeWarning: invalid value encountered in divide\n"}
,{"stream_name":"stderr","time":928.863958612,"data":"  arrmean = um.true_divide(arrmean, div, out=arrmean,\n"}
,{"stream_name":"stderr","time":928.863969415,"data":"/usr/local/lib/python3.12/dist-packages/numpy/_core/_methods.py:210: RuntimeWarning: invalid value encountered in scalar divide\n"}
,{"stream_name":"stderr","time":928.863976494,"data":"  ret = ret.dtype.type(ret / rcount)\n"}
,{"stream_name":"stderr","time":929.209874007,"data":"/usr/local/lib/python3.12/dist-packages/transitleastsquares/main.py:411: UserWarning: 108 of 125 transits without data. The true period may be twice the given period.\n"}
,{"stream_name":"stderr","time":929.209949522,"data":"  warnings.warn(text)\n"}
,{"stream_name":"stdout","time":929.219585351,"data":"TOI 6001.01: 840s  dl=1s bls=717s tls=101s raw=13.7MB slim=1.5MB\n"}
,{"stream_name":"stdout","time":1400.516027665,"data":"Transit Least Squares TLS 1.32 (5 Apr 2024)\n"}
,{"stream_name":"stdout","time":1400.525196146,"data":"Creating model cache for 43 durations\n"}
,{"stream_name":"stdout","time":1400.540778304,"data":"Searching 13541 data points, 40708 periods from 0.5 to 29.999 days\n"}
,{"stream_name":"stdout","time":1400.540858037,"data":"Using all 4 CPU threads\n"}
,{"stream_name":"stdout","time":1686.083270838,"data":"Searching for best T0 for period 7.76925 days\n"}
,{"stream_name":"stderr","time":1689.700334434,"data":"/usr/local/lib/python3.12/dist-packages/transitleastsquares/main.py:411: UserWarning: 19 of 32 transits without data. The true period may be twice the given period.\n"}
,{"stream_name":"stderr","time":1689.700416172,"data":"  warnings.warn(text)\n"}
,{"stream_name":"stdout","time":1689.710114314,"data":"TOI 2068.01: 760s  dl=1s bls=468s tls=289s raw=13.9MB slim=1.3MB\n"}
,{"stream_name":"stdout","time":1692.707064259,"data":"Transit Least Squares TLS 1.32 (5 Apr 2024)\n"}
,{"stream_name":"stdout","time":1692.70827581,"data":"Creating model cache for 37 durations\n"}
,{"stream_name":"stdout","time":1692.715442742,"data":"Searching 2568 data points, 3403 periods from 0.5 to 12.039 days\n"}
,{"stream_name":"stdout","time":1692.715491359,"data":"Using all 4 CPU threads\n"}
,{"stream_name":"stdout","time":1702.204018467,"data":"Searching for best T0 for period 3.33325 days\n"}
,{"stream_name":"stdout","time":1702.49262224,"data":"TOI 560.02: 13s  dl=0s bls=2s tls=10s raw=7.6MB slim=0.7MB\n"}
,{"stream_name":"stdout","time":1705.795675845,"data":"Transit Least Squares TLS 1.32 (5 Apr 2024)\n"}
,{"stream_name":"stdout","time":1705.796488312,"data":"Creating model cache for 38 durations\n"}
,{"stream_name":"stdout","time":1705.803797424,"data":"Searching 2834 data points, 2653 periods from 0.567 to 13.579 days\n"}
,{"stream_name":"stdout","time":1705.803854868,"data":"Using all 4 CPU threads\n"}
,{"stream_name":"stdout","time":1715.430868769,"data":"Searching for best T0 for period 3.87025 days\n"}
,{"stream_name":"stderr","time":1715.764907092,"data":"/usr/local/lib/python3.12/dist-packages/transitleastsquares/main.py:411: UserWarning: 3 of 7 transits without data. The true period may be twice the given period.\n"}
,{"stream_name":"stderr","time":1715.764983848,"data":"  warnings.warn(text)\n"}
,{"stream_name":"stdout","time":1715.770578478,"data":"TOI 5823.01: 13s  dl=1s bls=2s tls=10s raw=5.9MB slim=0.5MB\n"}
,{"stream_name":"stdout","time":4113.672403564,"data":"Transit Least Squares TLS 1.32 (5 Apr 2024)\n"}
,{"stream_name":"stdout","time":4113.682822675,"data":"Creating model cache for 43 durations\n"}
,{"stream_name":"stdout","time":4113.699950369,"data":"Searching 38135 data points, 51595 periods from 0.5 to 29.997 days\n"}
,{"stream_name":"stdout","time":4113.699999712,"data":"Using all 4 CPU threads\n"}
,{"stream_name":"stdout","time":4709.233258471,"data":"Searching for best T0 for period 6.58852 days\n"}
,{"stream_name":"stdout","time":4725.215739882,"data":"TOI 1453.01: 3009s  dl=2s bls=2384s tls=612s raw=74.6MB slim=6.6MB\n"}
,{"stream_name":"stdout","time":5316.824031966,"data":"Transit Least Squares TLS 1.32 (5 Apr 2024)\n"}
,{"stream_name":"stdout","time":5316.833622344,"data":"Creating model cache for 43 durations\n"}
,{"stream_name":"stdout","time":5316.84880002,"data":"Searching 6804 data points, 49556 periods from 0.5 to 29.998 days\n"}
,{"stream_name":"stdout","time":5316.848851597,"data":"Using all 4 CPU threads\n"}
,{"stream_name":"stdout","time":5522.449738296,"data":"Searching for best T0 for period 7.83404 days\n"}
,{"stream_name":"stderr","time":5523.751824722,"data":"/usr/local/lib/python3.12/dist-packages/numpy/_core/_methods.py:218: RuntimeWarning: Degrees of freedom \u003c= 0 for slice\n"}
,{"stream_name":"stderr","time":5523.751904484,"data":"  ret = _var(a, axis=axis, dtype=dtype, out=out, ddof=ddof,\n"}
,{"stream_name":"stderr","time":5523.751959067,"data":"/usr/local/lib/python3.12/dist-packages/numpy/_core/_methods.py:175: RuntimeWarning: invalid value encountered in divide\n"}
,{"stream_name":"stderr","time":5523.751967286,"data":"  arrmean = um.true_divide(arrmean, div, out=arrmean,\n"}
,{"stream_name":"stderr","time":5523.751971903,"data":"/usr/local/lib/python3.12/dist-packages/numpy/_core/_methods.py:210: RuntimeWarning: invalid value encountered in scalar divide\n"}
,{"stream_name":"stderr","time":5523.751976266,"data":"  ret = ret.dtype.type(ret / rcount)\n"}
,{"stream_name":"stderr","time":5524.004945153,"data":"/usr/local/lib/python3.12/dist-packages/transitleastsquares/main.py:411: UserWarning: 38 of 45 transits without data. The true period may be twice the given period.\n"}
,{"stream_name":"stderr","time":5524.004989366,"data":"  warnings.warn(text)\n"}
,{"stream_name":"stdout","time":5524.01472852,"data":"TOI 4593.01: 799s  dl=1s bls=588s tls=207s raw=23.3MB slim=2.3MB\n"}
,{"stream_name":"stdout","time":5542.747650402,"data":"Transit Least Squares TLS 1.32 (5 Apr 2024)\n"}
,{"stream_name":"stdout","time":5542.748323888,"data":"Creating model cache for 43 durations\n"}
,{"stream_name":"stdout","time":5542.756189243,"data":"Searching 7370 data points, 1280 periods from 2.076 to 27.18 days\n"}
,{"stream_name":"stdout","time":5542.756256807,"data":"Using all 4 CPU threads\n"}
,{"stream_name":"stdout","time":5551.579384362,"data":"Searching for best T0 for period 5.34724 days\n"}
,{"stream_name":"stdout","time":5552.647750335,"data":"TOI 7902.01: 29s  dl=1s bls=16s tls=10s raw=9.7MB slim=1.1MB\n"}
,{"stream_name":"stdout","time":5555.540536839,"data":"Transit Least Squares TLS 1.32 (5 Apr 2024)\n"}
,{"stream_name":"stdout","time":5555.541127613,"data":"Creating model cache for 37 durations\n"}
,{"stream_name":"stdout","time":5555.547699705,"data":"Searching 2834 data points, 1116 periods from 1.019 to 11.969 days\n"}
,{"stream_name":"stdout","time":5555.547748384,"data":"Using all 4 CPU threads\n"}
,{"stream_name":"stdout","time":5560.899501773,"data":"Searching for best T0 for period 3.73878 days\n"}
,{"stream_name":"stdout","time":5561.193978,"data":"TOI 1050.01: 9s  dl=1s bls=2s tls=6s raw=6.0MB slim=0.5MB\n"}
,{"stream_name":"stdout","time":5578.18040838,"data":"Transit Least Squares TLS 1.32 (5 Apr 2024)\n"}
,{"stream_name":"stdout","time":5578.181786738,"data":"Creating model cache for 43 durations\n"}
,{"stream_name":"stdout","time":5578.190355613,"data":"Searching 6802 data points, 5707 periods from 0.58 to 27.025 days\n"}
,{"stream_name":"stdout","time":5578.190396657,"data":"Using all 4 CPU threads\n"}
,{"stream_name":"stdout","time":5606.288636729,"data":"Searching for best T0 for period 15.44893 days\n"}
,{"stream_name":"stdout","time":5607.551705605,"data":"TOI 7396.01: 46s  dl=1s bls=14s tls=29s raw=11.7MB slim=1.3MB\n"}
,{"stream_name":"stderr","time":5608.423219056,"data":"Warning: 22% (3976/18126) of the cadences will be ignored due to the quality mask (quality_bitmask=17087).\n"}
,{"stream_name":"stdout","time":5610.580655859,"data":"Transit Least Squares TLS 1.32 (5 Apr 2024)\n"}
,{"stream_name":"stdout","time":5610.581605988,"data":"Creating model cache for 37 durations\n"}
,{"stream_name":"stdout","time":5610.588398487,"data":"Searching 2774 data points, 2802 periods from 0.5 to 12.343 days\n"}
,{"stream_name":"stdout","time":5610.588448062,"data":"Using all 4 CPU threads\n"}
,{"stream_name":"stdout","time":5618.903045019,"data":"Searching for best T0 for period 1.42515 days\n"}
,{"stream_name":"stdout","time":5619.248521335,"data":"TOI 1839.01: 12s  dl=1s bls=2s tls=9s raw=5.9MB slim=0.5MB\n"}
,{"stream_name":"stdout","time":5622.505375684,"data":"Transit Least Squares TLS 1.32 (5 Apr 2024)\n"}
,{"stream_name":"stdout","time":5622.506004827,"data":"Creating model cache for 37 durations\n"}
,{"stream_name":"stdout","time":5622.512483413,"data":"Searching 3373 data points, 1049 periods from 1.136 to 12.709 days\n"}
,{"stream_name":"stdout","time":5622.512522539,"data":"Using all 4 CPU threads\n"}
,{"stream_name":"stdout","time":5627.739662417,"data":"Searching for best T0 for period 3.96663 days\n"}
,{"stream_name":"stdout","time":5628.18771197,"data":"TOI 3160.01: 9s  dl=0s bls=2s tls=6s raw=4.0MB slim=0.3MB\n"}
,{"stream_name":"stdout","time":5677.182778876,"data":"Transit Least Squares TLS 1.32 (5 Apr 2024)\n"}
,{"stream_name":"stdout","time":5677.183939272,"data":"Creating model cache for 43 durations\n"}
,{"stream_name":"stdout","time":5677.192311978,"data":"Searching 10639 data points, 2848 periods from 1.494 to 29.965 days\n"}
,{"stream_name":"stdout","time":5677.192370091,"data":"Using all 4 CPU threads\n"}
,{"stream_name":"stdout","time":5704.574048456,"data":"Searching for best T0 for period 2.10377 days\n"}
,{"stream_name":"stdout","time":5705.398065404,"data":"TOI 1181.01: 77s  dl=2s bls=41s tls=28s raw=61.5MB slim=5.7MB\n"}
,{"stream_name":"stdout","time":5708.525831584,"data":"Transit Least Squares TLS 1.32 (5 Apr 2024)\n"}
,{"stream_name":"stdout","time":5708.52695329,"data":"Creating model cache for 37 durations\n"}
,{"stream_name":"stdout","time":5708.533882827,"data":"Searching 2683 data points, 3536 periods from 0.5 to 11.635 days\n"}
,{"stream_name":"stdout","time":5708.533936984,"data":"Using all 4 CPU threads\n"}
,{"stream_name":"stdout","time":5719.168108121,"data":"Searching for best T0 for period 4.69684 days\n"}
,{"stream_name":"stdout","time":5719.465336514,"data":"TOI 663.02: 14s  dl=1s bls=2s tls=11s raw=9.6MB slim=0.9MB\n"}
,{"stream_name":"stdout","time":6817.177525422,"data":"Transit Least Squares TLS 1.32 (5 Apr 2024)\n"}
,{"stream_name":"stdout","time":6817.181802594,"data":"Creating model cache for 43 durations\n"}
,{"stream_name":"stdout","time":6817.192948609,"data":"Searching 15800 data points, 19881 periods from 1.015 to 29.991 days\n"}
,{"stream_name":"stdout","time":6817.192990535,"data":"Using all 4 CPU threads\n"}
,{"stream_name":"stdout","time":7040.239134699,"data":"Searching for best T0 for period 3.69477 days\n"}
,{"stream_name":"stderr","time":7041.939878933,"data":"/usr/local/lib/python3.12/dist-packages/transitleastsquares/main.py:411: UserWarning: 64 of 95 transits without data. The true period may be twice the given period.\n"}
,{"stream_name":"stderr","time":7041.939976702,"data":"  warnings.warn(text)\n"}
,{"stream_name":"stdout","time":7041.948967955,"data":"TOI 1190.01: 1322s  dl=2s bls=1089s tls=225s raw=59.5MB slim=5.4MB\n"}
,{"stream_name":"stdout","time":7056.978636624,"data":"Transit Least Squares TLS 1.32 (5 Apr 2024)\n"}
,{"stream_name":"stdout","time":7056.981484385,"data":"Creating model cache for 43 durations\n"}
,{"stream_name":"stdout","time":7056.990642099,"data":"Searching 6141 data points, 11747 periods from 0.5 to 26.388 days\n"}
,{"stream_name":"stdout","time":7056.990688303,"data":"Using all 4 CPU threads\n"}
,{"stream_name":"stdout","time":7098.647389454,"data":"Searching for best T0 for period 0.86030 days\n"}
,{"stream_name":"stderr","time":7100.31874403,"data":"/usr/local/lib/python3.12/dist-packages/numpy/_core/_methods.py:218: RuntimeWarning: Degrees of freedom \u003c= 0 for slice\n"}
,{"stream_name":"stderr","time":7100.318812143,"data":"  ret = _var(a, axis=axis, dtype=dtype, out=out, ddof=ddof,\n"}
,{"stream_name":"stderr","time":7100.318821179,"data":"/usr/local/lib/python3.12/dist-packages/numpy/_core/_methods.py:175: RuntimeWarning: invalid value encountered in divide\n"}
,{"stream_name":"stderr","time":7100.318981684,"data":"  arrmean = um.true_divide(arrmean, div, out=arrmean,\n"}
,{"stream_name":"stderr","time":7100.31899078,"data":"/usr/local/lib/python3.12/dist-packages/numpy/_core/_methods.py:210: RuntimeWarning: invalid value encountered in scalar divide\n"}
,{"stream_name":"stderr","time":7100.318994253,"data":"  ret = ret.dtype.type(ret / rcount)\n"}
,{"stream_name":"stderr","time":7100.543590794,"data":"/usr/local/lib/python3.12/dist-packages/transitleastsquares/main.py:411: UserWarning: 40 of 61 transits without data. The true period may be twice the given period.\n"}
,{"stream_name":"stderr","time":7100.543637349,"data":"  warnings.warn(text)\n"}
,{"stream_name":"stdout","time":7100.549132934,"data":"TOI 696.01: 59s  dl=1s bls=13s tls=44s raw=11.8MB slim=1.1MB\n"}
,{"stream_name":"stdout","time":7103.735565092,"data":"Transit Least Squares TLS 1.32 (5 Apr 2024)\n"}
,{"stream_name":"stdout","time":7103.736878807,"data":"Creating model cache for 37 durations\n"}
,{"stream_name":"stdout","time":7103.745886505,"data":"Searching 2682 data points, 4098 periods from 0.5 to 11.617 days\n"}
,{"stream_name":"stdout","time":7103.745953095,"data":"Using all 4 CPU threads\n"}
,{"stream_name":"stdout","time":7115.697395851,"data":"Searching for best T0 for period 8.02643 days\n"}
,{"stream_name":"stderr","time":7115.979093682,"data":"/usr/local/lib/python3.12/dist-packages/transitleastsquares/main.py:411: UserWarning: 1 of 3 transits without data. The true period may be twice the given period.\n"}
,{"stream_name":"stderr","time":7115.97914921,"data":"  warnings.warn(text)\n"}
,{"stream_name":"stdout","time":7115.984477871,"data":"TOI 782.01: 15s  dl=1s bls=1s tls=12s raw=9.7MB slim=0.9MB\n"}
,{"stream_name":"stdout","time":7120.693895425,"data":"Transit Least Squares TLS 1.32 (5 Apr 2024)\n"}
,{"stream_name":"stdout","time":7120.694784181,"data":"Creating model cache for 37 durations\n"}
,{"stream_name":"stdout","time":7120.702512213,"data":"Searching 3389 data points, 2239 periods from 0.599 to 12.431 days\n"}
,{"stream_name":"stdout","time":7120.702551616,"data":"Using all 4 CPU threads\n"}
,{"stream_name":"stdout","time":7129.996144792,"data":"Searching for best T0 for period 2.46978 days\n"}
,{"stream_name":"stdout","time":7130.468073804,"data":"TOI 2140.01: 14s  dl=1s bls=2s tls=10s raw=19.5MB slim=1.9MB\n"}
,{"stream_name":"stdout","time":7853.681303243,"data":"Transit Least Squares TLS 1.32 (5 Apr 2024)\n"}
,{"stream_name":"stdout","time":7853.68366177,"data":"Creating model cache for 43 durations\n"}
,{"stream_name":"stdout","time":7853.692777931,"data":"Searching 7256 data points, 9057 periods from 2.076 to 29.989 days\n"}
,{"stream_name":"stdout","time":7853.692806573,"data":"Using all 4 CPU threads\n"}
,{"stream_name":"stdout","time":7899.48786785,"data":"Searching for best T0 for period 2.13496 days\n"}
,{"stream_name":"stderr","time":7901.160619912,"data":"/usr/local/lib/python3.12/dist-packages/numpy/_core/_methods.py:218: RuntimeWarning: Degrees of freedom \u003c= 0 for slice\n"}
,{"stream_name":"stderr","time":7901.160682694,"data":"  ret = _var(a, axis=axis, dtype=dtype, out=out, ddof=ddof,\n"}
,{"stream_name":"stderr","time":7901.160692451,"data":"/usr/local/lib/python3.12/dist-packages/numpy/_core/_methods.py:175: RuntimeWarning: invalid value encountered in divide\n"}
,{"stream_name":"stderr","time":7901.160699351,"data":"  arrmean = um.true_divide(arrmean, div, out=arrmean,\n"}
,{"stream_name":"stderr","time":7901.160705538,"data":"/usr/local/lib/python3.12/dist-packages/numpy/_core/_methods.py:210: RuntimeWarning: invalid value encountered in scalar divide\n"}
,{"stream_name":"stderr","time":7901.160731674,"data":"  ret = ret.dtype.type(ret / rcount)\n"}
,{"stream_name":"stderr","time":7901.592938064,"data":"/usr/local/lib/python3.12/dist-packages/transitleastsquares/main.py:396: RuntimeWarning: divide by zero encountered in scalar divide\n"}
,{"stream_name":"stderr","time":7901.59299617,"data":"  odd_even_mismatch = odd_even_difference / odd_even_std_sum\n"}
,{"stream_name":"stderr","time":7901.593003469,"data":"/usr/local/lib/python3.12/dist-packages/transitleastsquares/main.py:411: UserWarning: 175 of 177 transits without data. The true period may be twice the given period.\n"}
,{"stream_name":"stderr","time":7901.593010065,"data":"  warnings.warn(text)\n"}
,{"stream_name":"stdout","time":7901.60268429,"data":"TOI 7457.01: 771s  dl=1s bls=720s tls=48s raw=15.7MB slim=1.7MB\n"}
,{"stream_name":"stdout","time":7905.694591197,"data":"Transit Least Squares TLS 1.32 (5 Apr 2024)\n"}
,{"stream_name":"stdout","time":7905.695347388,"data":"Creating model cache for 38 durations\n"}
,{"stream_name":"stdout","time":7905.70231042,"data":"Searching 3787 data points, 1925 periods from 0.736 to 13.457 days\n"}
,{"stream_name":"stdout","time":7905.702348649,"data":"Using all 4 CPU threads\n"}
,{"stream_name":"stdout","time":7913.527091,"data":"Searching for best T0 for period 6.78254 days\n"}
,{"stream_name":"stdout","time":7914.009389584,"data":"TOI 4930.01: 12s  dl=1s bls=2s tls=8s raw=5.7MB slim=0.6MB\n"}
,{"stream_name":"stderr","time":7914.606862642,"data":"Warning: 25% (4588/18035) of the cadences will be ignored due to the quality mask (quality_bitmask=17087).\n"}
,{"stream_name":"stdout","time":7916.769309741,"data":"Transit Least Squares TLS 1.32 (5 Apr 2024)\n"}
,{"stream_name":"stdout","time":7916.770628338,"data":"Creating model cache for 38 durations\n"}
,{"stream_name":"stdout","time":7916.779270005,"data":"Searching 1876 data points, 4485 periods from 0.5 to 13.112 days\n"}
,{"stream_name":"stdout","time":7916.779305088,"data":"Using all 4 CPU threads\n"}
,{"stream_name":"stdout","time":7927.64834581,"data":"Searching for best T0 for period 2.56515 days\n"}
,{"stream_name":"stderr","time":7927.826809983,"data":"/usr/local/lib/python3.12/dist-packages/transitleastsquares/main.py:411: UserWarning: 5 of 10 transits without data. The true period may be twice the given period.\n"}
,{"stream_name":"stderr","time":7927.826878637,"data":"  warnings.warn(text)\n"}
,{"stream_name":"stdout","time":7927.832225607,"data":"TOI 7066.01: 14s  dl=1s bls=2s tls=11s raw=3.9MB slim=0.3MB\n"}
,{"stream_name":"stderr","time":7931.368590409,"data":"/usr/local/lib/python3.12/dist-packages/mistune.py:435: SyntaxWarning: invalid escape sequence '\\|'\n"}
,{"stream_name":"stderr","time":7931.368646578,"data":"  cells[i][c] = re.sub('\\\\\\\\\\|', '|', cell)\n"}
,{"stream_name":"stderr","time":7931.686920887,"data":"/usr/local/lib/python3.12/dist-packages/nbconvert/filters/filter_links.py:36: SyntaxWarning: invalid escape sequence '\\_'\n"}
,{"stream_name":"stderr","time":7931.686975489,"data":"  text = re.sub(r'_', '\\_', text) # Escape underscores in display text\n"}
,{"stream_name":"stderr","time":7932.510483859,"data":"[NbConvertApp] Converting notebook __script__.ipynb to html\n"}
,{"stream_name":"stderr","time":7934.076000287,"data":"[NbConvertApp] Writing 275804 bytes to __results__.html\n"}
]