[{"stream_name":"stdout","time":14.70516339,"data":"     ━━━━━━━━━━━━━━━━━━━━━━━━━━━━━━━━━━━━━━━━ 18.9/18.9 MB 70.3 MB/s eta 0:00:00\n"}
,{"stream_name":"stdout","time":320.280947676,"data":"     ━━━━━━━━━━━━━━━━━━━━━━━━━━━━━━━━━━━━━━━━ 62.1/62.1 kB 2.2 MB/s eta 0:00:00\n"}
,{"stream_name":"stdout","time":321.959364622,"data":"     ━━━━━━━━━━━━━━━━━━━━━━━━━━━━━━━━━━━━━━━━ 80.3/80.3 kB 3.2 MB/s eta 0:00:00\n"}
,{"stream_name":"stdout","time":324.16639932,"data":"     ━━━━━━━━━━━━━━━━━━━━━━━━━━━━━━━━━━━━━━━━ 41.2/41.2 kB 1.6 MB/s eta 0:00:00\n"}
,{"stream_name":"stdout","time":325.936797013,"data":"   ━━━━━━━━━━━━━━━━━━━━━━━━━━━━━━━━━━━━━━━━ 10.5/10.5 MB 98.4 MB/s eta 0:00:00\n"}
,{"stream_name":"stdout","time":326.085987313,"data":"   ━━━━━━━━━━━━━━━━━━━━━━━━━━━━━━━━━━━━━━━━ 11.1/11.1 MB 84.4 MB/s eta 0:00:00\n"}
,{"stream_name":"stdout","time":326.129080783,"data":"   ━━━━━━━━━━━━━━━━━━━━━━━━━━━━━━━━━━━━━━━━ 243.4/243.4 kB 10.3 MB/s eta 0:00:00\n"}
,{"stream_name":"stdout","time":326.16948328,"data":"   ━━━━━━━━━━━━━━━━━━━━━━━━━━━━━━━━━━━━━━━━ 377.7/377.7 kB 18.2 MB/s eta 0:00:00\n"}
,{"stream_name":"stdout","time":326.210480483,"data":"   ━━━━━━━━━━━━━━━━━━━━━━━━━━━━━━━━━━━━━━━━ 261.1/261.1 kB 11.8 MB/s eta 0:00:00\n"}
,{"stream_name":"stdout","time":326.330203534,"data":"   ━━━━━━━━━━━━━━━━━━━━━━━━━━━━━━━━━━━━━━━━ 9.9/9.9 MB 97.7 MB/s eta 0:00:00\n"}
,{"stream_name":"stdout","time":326.370161858,"data":"   ━━━━━━━━━━━━━━━━━━━━━━━━━━━━━━━━━━━━━━━━ 155.6/155.6 kB 7.1 MB/s eta 0:00:00\n"}
,{"stream_name":"stdout","time":326.483481753,"data":"   ━━━━━━━━━━━━━━━━━━━━━━━━━━━━━━━━━━━━━━━━ 9.1/9.1 MB 96.3 MB/s eta 0:00:00\n"}
,{"stream_name":"stdout","time":326.840137174,"data":"   ━━━━━━━━━━━━━━━━━━━━━━━━━━━━━━━━━━━━━━━━ 35.2/35.2 MB 52.8 MB/s eta 0:00:00\n"}
,{"stream_name":"stdout","time":326.881264578,"data":"   ━━━━━━━━━━━━━━━━━━━━━━━━━━━━━━━━━━━━━━━━ 47.5/47.5 kB 1.8 MB/s eta 0:00:00\n"}
,{"stream_name":"stdout","time":326.972093608,"data":"   ━━━━━━━━━━━━━━━━━━━━━━━━━━━━━━━━━━━━━━━━ 1.2/1.2 MB 39.0 MB/s eta 0:00:00\n"}
,{"stream_name":"stdout","time":327.016559121,"data":"   ━━━━━━━━━━━━━━━━━━━━━━━━━━━━━━━━━━━━━━━━ 60.1/60.1 kB 2.0 MB/s eta 0:00:00\n"}
,{"stream_name":"stderr","time":385.508165406,"data":"ERROR: pip's dependency resolver does not currently take into account all the packages that are installed. This behaviour is the source of the following dependency conflicts.\n"}
,{"stream_name":"stderr","time":385.508215482,"data":"bigframes 2.48.0 requires google-cloud-bigquery-storage\u003c3.0.0,\u003e=2.30.0, which is not installed.\n"}
,{"stream_name":"stderr","time":385.508221239,"data":"ydata-profiling 4.18.4 requires matplotlib\u003c=3.10,\u003e=3.5, but you have matplotlib 3.11.2 which is incompatible.\n"}
,{"stream_name":"stderr","time":385.508236562,"data":"ydata-profiling 4.18.4 requires scipy\u003c1.17,\u003e=1.8, but you have scipy 1.17.1 which is incompatible.\n"}
,{"stream_name":"stderr","time":385.508239569,"data":"mne 1.13.2 requires numpy\u003c3,\u003e=2.1, but you have numpy 2.0.2 which is incompatible.\n"}
,{"stream_name":"stderr","time":385.508242501,"data":"bayesian-optimization 3.3.0 requires numpy\u003e=2.1.3; python_full_version \u003e= \"3.13\", but you have numpy 2.0.2 which is incompatible.\n"}
,{"stream_name":"stderr","time":385.508245287,"data":"google-colab 1.0.0 requires jupyter-server==2.20.0, but you have jupyter-server 2.12.5 which is incompatible.\n"}
,{"stream_name":"stderr","time":385.508247915,"data":"google-colab 1.0.0 requires pandas==2.2.3, but you have pandas 2.3.3 which is incompatible.\n"}
,{"stream_name":"stderr","time":385.508250398,"data":"google-colab 1.0.0 requires requests==2.32.4, but you have requests 2.34.2 which is incompatible.\n"}
,{"stream_name":"stderr","time":385.508252927,"data":"dopamine-rl 4.1.2 requires gym\u003c=0.25.2, but you have gym 0.26.2 which is incompatible.\n"}
,{"stream_name":"stderr","time":385.50825543,"data":"moviepy 1.0.3 requires decorator\u003c5.0,\u003e=4.0.2, but you have decorator 5.3.1 which is incompatible.\n"}
,{"stream_name":"stderr","time":385.508258086,"data":"ml-dtypes 0.6.0 requires numpy\u003e=2.1.0; python_version \u003e= \"3.13\", but you have numpy 2.0.2 which is incompatible.\n"}
,{"stream_name":"stderr","time":385.508260785,"data":"jax 0.11.1 requires numpy\u003e=2.1, but you have numpy 2.0.2 which is incompatible.\n"}
,{"stream_name":"stderr","time":385.508263389,"data":"dm-tree 0.1.10 requires numpy\u003e=2.1.0; python_version \u003e= \"3.13\", but you have numpy 2.0.2 which is incompatible.\n"}
,{"stream_name":"stderr","time":385.508265934,"data":"tifffile 2026.8.23 requires numpy\u003e=2.1, but you have numpy 2.0.2 which is incompatible.\n"}
,{"stream_name":"stdout","time":388.637699711,"data":"wrong_5of5: 4310 injections on 431 hosts, cache /kaggle/input/datasets/srijeetbanerjee/exog-lc-cache-v1/cache\n"}
,{"stream_name":"stdout","time":606.211433003,"data":"200/4310 218s\n"}
,{"stream_name":"stdout","time":820.580717644,"data":"400/4310 432s\n"}
,{"stream_name":"stdout","time":999.034333092,"data":"600/4310 610s\n"}
,{"stream_name":"stdout","time":1243.7490453139999,"data":"800/4310 855s\n"}
,{"stream_name":"stdout","time":1413.981051753,"data":"1000/4310 1025s\n"}
,{"stream_name":"stdout","time":1611.438784223,"data":"1200/4310 1223s\n"}
,{"stream_name":"stdout","time":1873.224004998,"data":"1400/4310 1485s\n"}
,{"stream_name":"stdout","time":2093.187598467,"data":"1600/4310 1705s\n"}
,{"stream_name":"stdout","time":2368.991841514,"data":"1800/4310 1980s\n"}
,{"stream_name":"stdout","time":2623.336745493,"data":"2000/4310 2235s\n"}
,{"stream_name":"stdout","time":2913.401920764,"data":"2200/4310 2525s\n"}
,{"stream_name":"stdout","time":3276.991686847,"data":"2400/4310 2888s\n"}
,{"stream_name":"stdout","time":3601.127928707,"data":"2600/4310 3212s\n"}
,{"stream_name":"stdout","time":4067.766620427,"data":"2800/4310 3679s\n"}
,{"stream_name":"stdout","time":4500.32843986,"data":"3000/4310 4112s\n"}
,{"stream_name":"stdout","time":4820.628645574,"data":"3200/4310 4432s\n"}
,{"stream_name":"stdout","time":5419.799658861,"data":"3400/4310 5031s\n"}
,{"stream_name":"stdout","time":5974.068824723,"data":"3600/4310 5585s\n"}
,{"stream_name":"stdout","time":6513.340370344,"data":"3800/4310 6125s\n"}
,{"stream_name":"stdout","time":7062.128827899,"data":"4000/4310 6673s\n"}
,{"stream_name":"stdout","time":7568.032485438,"data":"4200/4310 7179s\n"}
,{"stream_name":"stderr","time":7834.566390699,"data":"/usr/local/lib/python3.13/dist-packages/mistune.py:435: SyntaxWarning: invalid escape sequence '\\|'\n"}
,{"stream_name":"stderr","time":7834.566436535,"data":"  cells[i][c] = re.sub('\\\\\\\\\\|', '|', cell)\n"}
,{"stream_name":"stderr","time":7834.869326219,"data":"/usr/local/lib/python3.13/dist-packages/nbconvert/filters/filter_links.py:36: SyntaxWarning: invalid escape sequence '\\_'\n"}
,{"stream_name":"stderr","time":7834.869355686,"data":"  text = re.sub(r'_', '\\_', text) # Escape underscores in display text\n"}
,{"stream_name":"stderr","time":7835.817228776,"data":"[NbConvertApp] Converting notebook __script__.ipynb to html\n"}
,{"stream_name":"stderr","time":7837.013404111,"data":"[NbConvertApp] Writing 275969 bytes to __results__.html\n"}
]