[{"stream_name":"stdout","time":14.210061827,"data":"     ━━━━━━━━━━━━━━━━━━━━━━━━━━━━━━━━━━━━━━━━ 62.1/62.1 kB 1.5 MB/s eta 0:00:00\n"}
,{"stream_name":"stdout","time":15.931771263,"data":"     ━━━━━━━━━━━━━━━━━━━━━━━━━━━━━━━━━━━━━━━━ 80.3/80.3 kB 2.8 MB/s eta 0:00:00\n"}
,{"stream_name":"stdout","time":17.9780498,"data":"     ━━━━━━━━━━━━━━━━━━━━━━━━━━━━━━━━━━━━━━━━ 41.2/41.2 kB 1.3 MB/s eta 0:00:00\n"}
,{"stream_name":"stdout","time":22.828534774,"data":"   ━━━━━━━━━━━━━━━━━━━━━━━━━━━━━━━━━━━━━━━━ 10.5/10.5 MB 80.1 MB/s eta 0:00:00\n"}
,{"stream_name":"stdout","time":22.96252999,"data":"   ━━━━━━━━━━━━━━━━━━━━━━━━━━━━━━━━━━━━━━━━ 11.1/11.1 MB 95.0 MB/s eta 0:00:00\n"}
,{"stream_name":"stdout","time":23.0140667,"data":"   ━━━━━━━━━━━━━━━━━━━━━━━━━━━━━━━━━━━━━━━━ 243.5/243.5 kB 9.9 MB/s eta 0:00:00\n"}
,{"stream_name":"stdout","time":23.061458345,"data":"   ━━━━━━━━━━━━━━━━━━━━━━━━━━━━━━━━━━━━━━━━ 261.1/261.1 kB 10.5 MB/s eta 0:00:00\n"}
,{"stream_name":"stdout","time":23.183528842,"data":"   ━━━━━━━━━━━━━━━━━━━━━━━━━━━━━━━━━━━━━━━━ 9.9/9.9 MB 95.9 MB/s eta 0:00:00\n"}
,{"stream_name":"stdout","time":23.228896687,"data":"   ━━━━━━━━━━━━━━━━━━━━━━━━━━━━━━━━━━━━━━━━ 155.6/155.6 kB 5.5 MB/s eta 0:00:00\n"}
,{"stream_name":"stdout","time":23.357048069,"data":"   ━━━━━━━━━━━━━━━━━━━━━━━━━━━━━━━━━━━━━━━━ 9.2/9.2 MB 95.6 MB/s eta 0:00:00\n"}
,{"stream_name":"stdout","time":23.807760525,"data":"   ━━━━━━━━━━━━━━━━━━━━━━━━━━━━━━━━━━━━━━━━ 35.2/35.2 MB 46.2 MB/s eta 0:00:00\n"}
,{"stream_name":"stdout","time":23.869056897,"data":"   ━━━━━━━━━━━━━━━━━━━━━━━━━━━━━━━━━━━━━━━━ 47.5/47.5 kB 1.8 MB/s eta 0:00:00\n"}
,{"stream_name":"stdout","time":23.962794865,"data":"   ━━━━━━━━━━━━━━━━━━━━━━━━━━━━━━━━━━━━━━━━ 2.0/2.0 MB 58.9 MB/s eta 0:00:00\n"}
,{"stream_name":"stdout","time":24.021612251,"data":"   ━━━━━━━━━━━━━━━━━━━━━━━━━━━━━━━━━━━━━━━━ 1.2/1.2 MB 35.1 MB/s eta 0:00:00\n"}
,{"stream_name":"stdout","time":24.096188277,"data":"   ━━━━━━━━━━━━━━━━━━━━━━━━━━━━━━━━━━━━━━━━ 60.1/60.1 kB 2.3 MB/s eta 0:00:00\n"}
,{"stream_name":"stdout","time":24.171658027,"data":"   ━━━━━━━━━━━━━━━━━━━━━━━━━━━━━━━━━━━━━━━━ 102.0/102.0 kB 4.6 MB/s eta 0:00:00\n"}
,{"stream_name":"stdout","time":24.22374099,"data":"   ━━━━━━━━━━━━━━━━━━━━━━━━━━━━━━━━━━━━━━━━ 1.8/1.8 MB 55.9 MB/s eta 0:00:00\n"}
,{"stream_name":"stdout","time":24.263046919,"data":"   ━━━━━━━━━━━━━━━━━━━━━━━━━━━━━━━━━━━━━━━━ 221.7/221.7 kB 10.1 MB/s eta 0:00:00\n"}
,{"stream_name":"stdout","time":24.478621913,"data":"   ━━━━━━━━━━━━━━━━━━━━━━━━━━━━━━━━━━━━━━━━ 15.7/15.7 MB 76.0 MB/s eta 0:00:00\n"}
,{"stream_name":"stderr","time":77.650563245,"data":"ERROR: pip's dependency resolver does not currently take into account all the packages that are installed. This behaviour is the source of the following dependency conflicts.\n"}
,{"stream_name":"stderr","time":77.650605877,"data":"bigframes 2.39.0 requires google-cloud-bigquery-storage\u003c3.0.0,\u003e=2.30.0, which is not installed.\n"}
,{"stream_name":"stderr","time":77.650614448,"data":"datasets 5.0.0 requires fsspec[http]\u003c=2026.4.0,\u003e=2023.1.0, but you have fsspec 2026.9.0 which is incompatible.\n"}
,{"stream_name":"stderr","time":77.650620792,"data":"ydata-profiling 4.18.4 requires matplotlib\u003c=3.10,\u003e=3.5, but you have matplotlib 3.11.2 which is incompatible.\n"}
,{"stream_name":"stderr","time":77.650624803,"data":"ydata-profiling 4.18.4 requires scipy\u003c1.17,\u003e=1.8, but you have scipy 1.17.1 which is incompatible.\n"}
,{"stream_name":"stderr","time":77.650628335,"data":"gcsfs 2025.3.0 requires fsspec==2025.3.0, but you have fsspec 2026.9.0 which is incompatible.\n"}
,{"stream_name":"stderr","time":77.650631787,"data":"sklearn-compat 0.1.5 requires scikit-learn\u003c1.9,\u003e=1.2, but you have scikit-learn 1.9.1 which is incompatible.\n"}
,{"stream_name":"stdout","time":80.269838668,"data":"[2026-09-30T15:46:00+00:00] chunk 1: 2649 TICs, 15884 files to do (0 already in manifest)\n"}
,{"stream_name":"stderr","time":120.751856247,"data":"Warning: 30% (5871/19412) of the cadences will be ignored due to the quality mask (quality_bitmask=17087).\n"}
,{"stream_name":"stderr","time":120.890050015,"data":"Warning: 30% (5871/19412) of the cadences will be ignored due to the quality mask (quality_bitmask=17087).\n"}
,{"stream_name":"stderr","time":121.241613474,"data":"Warning: 30% (5871/19412) of the cadences will be ignored due to the quality mask (quality_bitmask=17087).\n"}
,{"stream_name":"stderr","time":123.672481539,"data":"Warning: 25% (4741/19050) of the cadences will be ignored due to the quality mask (quality_bitmask=17087).\n"}
,{"stream_name":"stderr","time":128.497814389,"data":"Warning: 23% (4128/18307) of the cadences will be ignored due to the quality mask (quality_bitmask=17087).\n"}
,{"stream_name":"stderr","time":128.650197809,"data":"Warning: 30% (5872/19412) of the cadences will be ignored due to the quality mask (quality_bitmask=17087).\n"}
,{"stream_name":"stderr","time":131.980999194,"data":"Warning: 22% (3691/16779) of the cadences will be ignored due to the quality mask (quality_bitmask=17087).\n"}
,{"stream_name":"stderr","time":132.092856495,"data":"Warning: 33% (5554/16999) of the cadences will be ignored due to the quality mask (quality_bitmask=17087).\n"}
,{"stream_name":"stderr","time":132.159478102,"data":"Warning: 22% (3691/16779) of the cadences will be ignored due to the quality mask (quality_bitmask=17087).\n"}
,{"stream_name":"stderr","time":132.728728361,"data":"Warning: 33% (5560/16999) of the cadences will be ignored due to the quality mask (quality_bitmask=17087).\n"}
,{"stream_name":"stderr","time":132.77570759,"data":"Warning: 22% (3696/16779) of the cadences will be ignored due to the quality mask (quality_bitmask=17087).\n"}
,{"stream_name":"stderr","time":132.955953155,"data":"Warning: 22% (3696/16779) of the cadences will be ignored due to the quality mask (quality_bitmask=17087).\n"}
,{"stream_name":"stderr","time":133.328079369,"data":"Warning: 22% (3696/16779) of the cadences will be ignored due to the quality mask (quality_bitmask=17087).\n"}
,{"stream_name":"stderr","time":135.178019938,"data":"Warning: 21% (3717/18126) of the cadences will be ignored due to the quality mask (quality_bitmask=17087).\n"}
,{"stream_name":"stderr","time":135.17928849,"data":"Warning: 26% (3395/12904) of the cadences will be ignored due to the quality mask (quality_bitmask=17087).\n"}
,{"stream_name":"stderr","time":136.511607957,"data":"Warning: 24% (3961/16779) of the cadences will be ignored due to the quality mask (quality_bitmask=17087).\n"}
,{"stream_name":"stderr","time":136.619042716,"data":"Warning: 24% (3962/16779) of the cadences will be ignored due to the quality mask (quality_bitmask=17087).\n"}
,{"stream_name":"stderr","time":137.589810851,"data":"Warning: 24% (4080/16779) of the cadences will be ignored due to the quality mask (quality_bitmask=17087).\n"}
,{"stream_name":"stderr","time":138.779899057,"data":"Warning: 30% (5872/19412) of the cadences will be ignored due to the quality mask (quality_bitmask=17087).\n"}
,{"stream_name":"stderr","time":140.025244643,"data":"Warning: 30% (5872/19412) of the cadences will be ignored due to the quality mask (quality_bitmask=17087).\n"}
,{"stream_name":"stdout","time":153.949323296,"data":"[2026-09-30T15:47:14+00:00]   batch 1/32: 500 files, dl 27s, compact 33s total\n"}
,{"stream_name":"stderr","time":182.374258339,"data":"Warning: 20% (3681/18307) of the cadences will be ignored due to the quality mask (quality_bitmask=17087).\n"}
,{"stream_name":"stderr","time":182.869644565,"data":"Warning: 20% (3681/18307) of the cadences will be ignored due to the quality mask (quality_bitmask=17087).\n"}
,{"stream_name":"stderr","time":183.127023269,"data":"Warning: 20% (3681/18307) of the cadences will be ignored due to the quality mask (quality_bitmask=17087).\n"}
,{"stream_name":"stderr","time":189.518880256,"data":"Warning: 21% (3716/18126) of the cadences will be ignored due to the quality mask (quality_bitmask=17087).\n"}
,{"stream_name":"stderr","time":189.571892593,"data":"Warning: 34% (5754/16999) of the cadences will be ignored due to the quality mask (quality_bitmask=17087).\n"}
,{"stream_name":"stderr","time":189.591591963,"data":"Warning: 26% (3392/12904) of the cadences will be ignored due to the quality mask (quality_bitmask=17087).\n"}
,{"stream_name":"stderr","time":190.069827189,"data":"Warning: 21% (3717/18126) of the cadences will be ignored due to the quality mask (quality_bitmask=17087).\n"}
,{"stream_name":"stderr","time":190.111048429,"data":"Warning: 34% (5755/16999) of the cadences will be ignored due to the quality mask (quality_bitmask=17087).\n"}
,{"stream_name":"stderr","time":190.148161694,"data":"Warning: 26% (3392/12904) of the cadences will be ignored due to the quality mask (quality_bitmask=17087).\n"}
,{"stream_name":"stderr","time":193.477001906,"data":"Warning: 24% (4072/16779) of the cadences will be ignored due to the quality mask (quality_bitmask=17087).\n"}
,{"stream_name":"stderr","time":194.105984324,"data":"Warning: 24% (4073/16779) of the cadences will be ignored due to the quality mask (quality_bitmask=17087).\n"}
,{"stream_name":"stderr","time":194.65166264,"data":"Warning: 25% (4799/19050) of the cadences will be ignored due to the quality mask (quality_bitmask=17087).\n"}
,{"stream_name":"stderr","time":196.720240463,"data":"Warning: 20% (3714/18126) of the cadences will be ignored due to the quality mask (quality_bitmask=17087).\n"}
,{"stream_name":"stderr","time":196.872503951,"data":"Warning: 26% (3394/12904) of the cadences will be ignored due to the quality mask (quality_bitmask=17087).\n"}
,{"stream_name":"stderr","time":196.877026241,"data":"Warning: 20% (3713/18126) of the cadences will be ignored due to the quality mask (quality_bitmask=17087).\n"}
,{"stream_name":"stderr","time":196.90449491,"data":"Warning: 34% (5720/16999) of the cadences will be ignored due to the quality mask (quality_bitmask=17087).\n"}
,{"stream_name":"stderr","time":196.9255573,"data":"Warning: 26% (3392/12904) of the cadences will be ignored due to the quality mask (quality_bitmask=17087).\n"}
,{"stream_name":"stderr","time":197.206495458,"data":"Warning: 26% (3392/12904) of the cadences will be ignored due to the quality mask (quality_bitmask=17087).\n"}
,{"stream_name":"stderr","time":203.317211308,"data":"Warning: 25% (4798/19050) of the cadences will be ignored due to the quality mask (quality_bitmask=17087).\n"}
,{"stream_name":"stderr","time":204.181604175,"data":"Warning: 24% (3964/16779) of the cadences will be ignored due to the quality mask (quality_bitmask=17087).\n"}
,{"stream_name":"stderr","time":205.322030056,"data":"Warning: 24% (4000/16779) of the cadences will be ignored due to the quality mask (quality_bitmask=17087).\n"}
,{"stream_name":"stderr","time":205.713960483,"data":"Warning: 24% (4000/16779) of the cadences will be ignored due to the quality mask (quality_bitmask=17087).\n"}
,{"stream_name":"stdout","time":220.143840698,"data":"[2026-09-30T15:48:20+00:00]   batch 2/32: 500 files, dl 54s, compact 58s total\n"}
,{"stream_name":"stderr","time":248.50886174,"data":"Warning: 21% (3844/18126) of the cadences will be ignored due to the quality mask (quality_bitmask=17087).\n"}
,{"stream_name":"stderr","time":249.045477581,"data":"Warning: 21% (3844/18126) of the cadences will be ignored due to the quality mask (quality_bitmask=17087).\n"}
,{"stream_name":"stderr","time":249.073471337,"data":"Warning: 27% (3443/12904) of the cadences will be ignored due to the quality mask (quality_bitmask=17087).\n"}
,{"stream_name":"stderr","time":249.080402509,"data":"Warning: 25% (4768/19050) of the cadences will be ignored due to the quality mask (quality_bitmask=17087).\n"}
,{"stream_name":"stderr","time":251.015475027,"data":"Warning: 21% (3844/18126) of the cadences will be ignored due to the quality mask (quality_bitmask=17087).\n"}
,{"stream_name":"stderr","time":251.113835175,"data":"Warning: 25% (4769/19050) of the cadences will be ignored due to the quality mask (quality_bitmask=17087).\n"}
,{"stream_name":"stderr","time":251.167151444,"data":"Warning: 27% (3441/12904) of the cadences will be ignored due to the quality mask (quality_bitmask=17087).\n"}
,{"stream_name":"stderr","time":251.221075697,"data":"Warning: 21% (3845/18126) of the cadences will be ignored due to the quality mask (quality_bitmask=17087).\n"}
,{"stream_name":"stderr","time":251.337572302,"data":"Warning: 25% (4836/19050) of the cadences will be ignored due to the quality mask (quality_bitmask=17087).\n"}
,{"stream_name":"stderr","time":251.408314149,"data":"Warning: 28% (3559/12904) of the cadences will be ignored due to the quality mask (quality_bitmask=17087).\n"}
,{"stream_name":"stderr","time":251.577804475,"data":"Warning: 21% (3844/18126) of the cadences will be ignored due to the quality mask (quality_bitmask=17087).\n"}
,{"stream_name":"stderr","time":251.720843284,"data":"Warning: 21% (3844/18126) of the cadences will be ignored due to the quality mask (quality_bitmask=17087).\n"}
,{"stream_name":"stderr","time":251.778255713,"data":"Warning: 21% (3846/18126) of the cadences will be ignored due to the quality mask (quality_bitmask=17087).\n"}
,{"stream_name":"stderr","time":251.822162452,"data":"Warning: 25% (4836/19050) of the cadences will be ignored due to the quality mask (quality_bitmask=17087).\n"}
,{"stream_name":"stderr","time":251.899781379,"data":"Warning: 28% (3560/12904) of the cadences will be ignored due to the quality mask (quality_bitmask=17087).\n"}
,{"stream_name":"stderr","time":254.891279557,"data":"Warning: 30% (5871/19412) of the cadences will be ignored due to the quality mask (quality_bitmask=17087).\n"}
,{"stream_name":"stderr","time":256.292969081,"data":"Warning: 30% (5871/19412) of the cadences will be ignored due to the quality mask (quality_bitmask=17087).\n"}
,{"stream_name":"stderr","time":259.609333596,"data":"Warning: 30% (5871/19412) of the cadences will be ignored due to the quality mask (quality_bitmask=17087).\n"}
,{"stream_name":"stderr","time":261.851155391,"data":"Warning: 30% (5872/19412) of the cadences will be ignored due to the quality mask (quality_bitmask=17087).\n"}
,{"stream_name":"stderr","time":268.519514429,"data":"Warning: 24% (4434/18126) of the cadences will be ignored due to the quality mask (quality_bitmask=17087).\n"}
,{"stream_name":"stderr","time":268.652457306,"data":"Warning: 24% (4364/18126) of the cadences will be ignored due to the quality mask (quality_bitmask=17087).\n"}
,{"stream_name":"stderr","time":269.990551511,"data":"Warning: 21% (3846/18126) of the cadences will be ignored due to the quality mask (quality_bitmask=17087).\n"}
,{"stream_name":"stderr","time":270.029282449,"data":"Warning: 27% (3477/12904) of the cadences will be ignored due to the quality mask (quality_bitmask=17087).\n"}
,{"stream_name":"stderr","time":270.491077551,"data":"Warning: 20% (3715/18126) of the cadences will be ignored due to the quality mask (quality_bitmask=17087).\n"}
,{"stream_name":"stderr","time":270.582894836,"data":"Warning: 27% (3473/12904) of the cadences will be ignored due to the quality mask (quality_bitmask=17087).\n"}
,{"stream_name":"stdout","time":286.685939702,"data":"[2026-09-30T15:49:26+00:00]   batch 3/32: 500 files, dl 81s, compact 83s total\n"}
,{"stream_name":"stderr","time":316.758205713,"data":"Warning: 30% (5871/19412) of the cadences will be ignored due to the quality mask (quality_bitmask=17087).\n"}
,{"stream_name":"stderr","time":320.788729728,"data":"Warning: 30% (5872/19412) of the cadences will be ignored due to the quality mask (quality_bitmask=17087).\n"}
,{"stream_name":"stderr","time":322.351860856,"data":"Warning: 30% (5871/19412) of the cadences will be ignored due to the quality mask (quality_bitmask=17087).\n"}
,{"stream_name":"stderr","time":323.351758807,"data":"Warning: 30% (5871/19412) of the cadences will be ignored due to the quality mask (quality_bitmask=17087).\n"}
,{"stream_name":"stderr","time":324.868558024,"data":"Warning: 30% (5873/19412) of the cadences will be ignored due to the quality mask (quality_bitmask=17087).\n"}
,{"stream_name":"stderr","time":325.423476863,"data":"Warning: 30% (5871/19412) of the cadences will be ignored due to the quality mask (quality_bitmask=17087).\n"}
,{"stream_name":"stderr","time":327.521997156,"data":"Warning: 30% (5874/19412) of the cadences will be ignored due to the quality mask (quality_bitmask=17087).\n"}
,{"stream_name":"stderr","time":330.669447133,"data":"Warning: 30% (5871/19412) of the cadences will be ignored due to the quality mask (quality_bitmask=17087).\n"}
,{"stream_name":"stderr","time":332.89949631,"data":"Warning: 30% (5874/19412) of the cadences will be ignored due to the quality mask (quality_bitmask=17087).\n"}
,{"stream_name":"stderr","time":334.507978518,"data":"Warning: 30% (5871/19412) of the cadences will be ignored due to the quality mask (quality_bitmask=17087).\n"}
,{"stream_name":"stderr","time":335.522645267,"data":"Warning: 30% (5872/19412) of the cadences will be ignored due to the quality mask (quality_bitmask=17087).\n"}
,{"stream_name":"stderr","time":338.531577437,"data":"Warning: 30% (5871/19412) of the cadences will be ignored due to the quality mask (quality_bitmask=17087).\n"}
,{"stream_name":"stdout","time":354.140672589,"data":"[2026-09-30T15:50:34+00:00]   batch 4/32: 500 files, dl 109s, compact 107s total\n"}
,{"stream_name":"stderr","time":383.156690763,"data":"Warning: 30% (5873/19412) of the cadences will be ignored due to the quality mask (quality_bitmask=17087).\n"}
,{"stream_name":"stderr","time":384.565497603,"data":"Warning: 30% (5871/19412) of the cadences will be ignored due to the quality mask (quality_bitmask=17087).\n"}
,{"stream_name":"stderr","time":385.084927034,"data":"Warning: 30% (5871/19412) of the cadences will be ignored due to the quality mask (quality_bitmask=17087).\n"}
,{"stream_name":"stderr","time":386.957362226,"data":"Warning: 30% (5871/19412) of the cadences will be ignored due to the quality mask (quality_bitmask=17087).\n"}
,{"stream_name":"stderr","time":392.763331799,"data":"Warning: 30% (5880/19412) of the cadences will be ignored due to the quality mask (quality_bitmask=17087).\n"}
,{"stream_name":"stderr","time":394.461955786,"data":"Warning: 30% (5872/19412) of the cadences will be ignored due to the quality mask (quality_bitmask=17087).\n"}
,{"stream_name":"stderr","time":395.207057425,"data":"Warning: 30% (5872/19412) of the cadences will be ignored due to the quality mask (quality_bitmask=17087).\n"}
,{"stream_name":"stderr","time":395.776485459,"data":"Warning: 30% (5874/19412) of the cadences will be ignored due to the quality mask (quality_bitmask=17087).\n"}
,{"stream_name":"stderr","time":396.194798478,"data":"Warning: 30% (5873/19412) of the cadences will be ignored due to the quality mask (quality_bitmask=17087).\n"}
,{"stream_name":"stderr","time":397.6672629,"data":"Warning: 30% (5872/19412) of the cadences will be ignored due to the quality mask (quality_bitmask=17087).\n"}
,{"stream_name":"stderr","time":398.090741077,"data":"Warning: 30% (5872/19412) of the cadences will be ignored due to the quality mask (quality_bitmask=17087).\n"}
,{"stream_name":"stderr","time":398.627483415,"data":"Warning: 30% (5872/19412) of the cadences will be ignored due to the quality mask (quality_bitmask=17087).\n"}
,{"stream_name":"stderr","time":399.033678536,"data":"Warning: 30% (5871/19412) of the cadences will be ignored due to the quality mask (quality_bitmask=17087).\n"}
,{"stream_name":"stderr","time":399.370694535,"data":"Warning: 30% (5874/19412) of the cadences will be ignored due to the quality mask (quality_bitmask=17087).\n"}
,{"stream_name":"stderr","time":403.317048909,"data":"Warning: 30% (5871/19412) of the cadences will be ignored due to the quality mask (quality_bitmask=17087).\n"}
,{"stream_name":"stderr","time":405.001434757,"data":"Warning: 30% (5872/19412) of the cadences will be ignored due to the quality mask (quality_bitmask=17087).\n"}
,{"stream_name":"stdout","time":421.370020367,"data":"[2026-09-30T15:51:41+00:00]   batch 5/32: 500 files, dl 136s, compact 132s total\n"}
,{"stream_name":"stderr","time":450.682039912,"data":"Warning: 30% (5873/19412) of the cadences will be ignored due to the quality mask (quality_bitmask=17087).\n"}
,{"stream_name":"stderr","time":452.094382423,"data":"Warning: 30% (5871/19412) of the cadences will be ignored due to the quality mask (quality_bitmask=17087).\n"}
,{"stream_name":"stderr","time":452.659473743,"data":"Warning: 30% (5871/19412) of the cadences will be ignored due to the quality mask (quality_bitmask=17087).\n"}
,{"stream_name":"stderr","time":454.174656963,"data":"Warning: 30% (5871/19412) of the cadences will be ignored due to the quality mask (quality_bitmask=17087).\n"}
,{"stream_name":"stderr","time":455.25196432,"data":"Warning: 30% (5876/19412) of the cadences will be ignored due to the quality mask (quality_bitmask=17087).\n"}
,{"stream_name":"stderr","time":457.083714896,"data":"Warning: 30% (5871/19412) of the cadences will be ignored due to the quality mask (quality_bitmask=17087).\n"}
,{"stream_name":"stderr","time":458.008897879,"data":"Warning: 30% (5871/19412) of the cadences will be ignored due to the quality mask (quality_bitmask=17087).\n"}
,{"stream_name":"stderr","time":458.938014198,"data":"Warning: 30% (5872/19412) of the cadences will be ignored due to the quality mask (quality_bitmask=17087).\n"}
,{"stream_name":"stderr","time":462.556312763,"data":"Warning: 30% (5872/19412) of the cadences will be ignored due to the quality mask (quality_bitmask=17087).\n"}
,{"stream_name":"stderr","time":466.310394256,"data":"Warning: 30% (5872/19412) of the cadences will be ignored due to the quality mask (quality_bitmask=17087).\n"}
,{"stream_name":"stderr","time":467.229930843,"data":"Warning: 30% (5871/19412) of the cadences will be ignored due to the quality mask (quality_bitmask=17087).\n"}
,{"stream_name":"stderr","time":468.613332308,"data":"Warning: 30% (5872/19412) of the cadences will be ignored due to the quality mask (quality_bitmask=17087).\n"}
,{"stream_name":"stderr","time":472.276970462,"data":"Warning: 30% (5874/19412) of the cadences will be ignored due to the quality mask (quality_bitmask=17087).\n"}
,{"stream_name":"stdout","time":488.295498127,"data":"[2026-09-30T15:52:48+00:00]   batch 6/32: 500 files, dl 163s, compact 156s total\n"}
,{"stream_name":"stderr","time":515.030523362,"data":"Warning: 30% (5871/19412) of the cadences will be ignored due to the quality mask (quality_bitmask=17087).\n"}
,{"stream_name":"stderr","time":526.801024154,"data":"Warning: 30% (5872/19412) of the cadences will be ignored due to the quality mask (quality_bitmask=17087).\n"}
,{"stream_name":"stderr","time":528.166591138,"data":"Warning: 30% (5873/19412) of the cadences will be ignored due to the quality mask (quality_bitmask=17087).\n"}
,{"stream_name":"stderr","time":528.750871044,"data":"Warning: 30% (5872/19412) of the cadences will be ignored due to the quality mask (quality_bitmask=17087).\n"}
,{"stream_name":"stderr","time":531.389144962,"data":"Warning: 30% (5872/19412) of the cadences will be ignored due to the quality mask (quality_bitmask=17087).\n"}
,{"stream_name":"stderr","time":532.931710379,"data":"Warning: 30% (5874/19412) of the cadences will be ignored due to the quality mask (quality_bitmask=17087).\n"}
,{"stream_name":"stderr","time":534.816056786,"data":"Warning: 30% (5871/19412) of the cadences will be ignored due to the quality mask (quality_bitmask=17087).\n"}
,{"stream_name":"stderr","time":536.300441439,"data":"Warning: 30% (5874/19412) of the cadences will be ignored due to the quality mask (quality_bitmask=17087).\n"}
,{"stream_name":"stderr","time":538.251457152,"data":"Warning: 30% (5872/19412) of the cadences will be ignored due to the quality mask (quality_bitmask=17087).\n"}
,{"stream_name":"stdout","time":554.352918529,"data":"[2026-09-30T15:53:54+00:00]   batch 7/32: 500 files, dl 189s, compact 180s total\n"}
,{"stream_name":"stderr","time":582.820833876,"data":"Warning: 30% (5871/19412) of the cadences will be ignored due to the quality mask (quality_bitmask=17087).\n"}
,{"stream_name":"stderr","time":583.72634909,"data":"Warning: 30% (5871/19412) of the cadences will be ignored due to the quality mask (quality_bitmask=17087).\n"}
,{"stream_name":"stderr","time":587.522953899,"data":"Warning: 30% (5873/19412) of the cadences will be ignored due to the quality mask (quality_bitmask=17087).\n"}
,{"stream_name":"stderr","time":589.270072433,"data":"Warning: 30% (5871/19412) of the cadences will be ignored due to the quality mask (quality_bitmask=17087).\n"}
,{"stream_name":"stderr","time":590.856660154,"data":"Warning: 30% (5871/19412) of the cadences will be ignored due to the quality mask (quality_bitmask=17087).\n"}
,{"stream_name":"stderr","time":592.627756704,"data":"Warning: 30% (5871/19412) of the cadences will be ignored due to the quality mask (quality_bitmask=17087).\n"}
,{"stream_name":"stderr","time":593.3022761,"data":"Warning: 30% (5871/19412) of the cadences will be ignored due to the quality mask (quality_bitmask=17087).\n"}
,{"stream_name":"stderr","time":595.824603936,"data":"Warning: 30% (5871/19412) of the cadences will be ignored due to the quality mask (quality_bitmask=17087).\n"}
,{"stream_name":"stderr","time":599.35547971,"data":"Warning: 30% (5872/19412) of the cadences will be ignored due to the quality mask (quality_bitmask=17087).\n"}
,{"stream_name":"stderr","time":602.396727224,"data":"Warning: 30% (5872/19412) of the cadences will be ignored due to the quality mask (quality_bitmask=17087).\n"}
,{"stream_name":"stderr","time":604.082213968,"data":"Warning: 30% (5871/19412) of the cadences will be ignored due to the quality mask (quality_bitmask=17087).\n"}
,{"stream_name":"stderr","time":606.285643716,"data":"Warning: 30% (5871/19412) of the cadences will be ignored due to the quality mask (quality_bitmask=17087).\n"}
,{"stream_name":"stdout","time":622.819873,"data":"[2026-09-30T15:55:03+00:00]   batch 8/32: 500 files, dl 217s, compact 206s total\n"}
,{"stream_name":"stderr","time":652.477989498,"data":"Warning: 30% (5871/19412) of the cadences will be ignored due to the quality mask (quality_bitmask=17087).\n"}
,{"stream_name":"stderr","time":656.007533843,"data":"Warning: 24% (4082/16779) of the cadences will be ignored due to the quality mask (quality_bitmask=17087).\n"}
,{"stream_name":"stderr","time":656.359076085,"data":"Warning: 24% (4080/16779) of the cadences will be ignored due to the quality mask (quality_bitmask=17087).\n"}
,{"stream_name":"stderr","time":656.545553074,"data":"Warning: 24% (4083/16779) of the cadences will be ignored due to the quality mask (quality_bitmask=17087).\n"}
,{"stream_name":"stderr","time":656.846509104,"data":"Warning: 24% (4080/16779) of the cadences will be ignored due to the quality mask (quality_bitmask=17087).\n"}
,{"stream_name":"stderr","time":657.021466985,"data":"Warning: 24% (4080/16779) of the cadences will be ignored due to the quality mask (quality_bitmask=17087).\n"}
,{"stream_name":"stderr","time":658.528053276,"data":"Warning: 30% (5871/19412) of the cadences will be ignored due to the quality mask (quality_bitmask=17087).\n"}
,{"stream_name":"stderr","time":663.70558514,"data":"Warning: 30% (5879/19412) of the cadences will be ignored due to the quality mask (quality_bitmask=17087).\n"}
,{"stream_name":"stderr","time":665.582849513,"data":"Warning: 30% (5872/19412) of the cadences will be ignored due to the quality mask (quality_bitmask=17087).\n"}
,{"stream_name":"stderr","time":665.804028502,"data":"Warning: 30% (5871/19412) of the cadences will be ignored due to the quality mask (quality_bitmask=17087).\n"}
,{"stream_name":"stderr","time":666.095395467,"data":"Warning: 30% (5871/19412) of the cadences will be ignored due to the quality mask (quality_bitmask=17087).\n"}
,{"stream_name":"stderr","time":666.380017817,"data":"Warning: 22% (4113/18307) of the cadences will be ignored due to the quality mask (quality_bitmask=17087).\n"}
,{"stream_name":"stderr","time":666.561023441,"data":"Warning: 22% (4113/18307) of the cadences will be ignored due to the quality mask (quality_bitmask=17087).\n"}
,{"stream_name":"stderr","time":666.849488586,"data":"Warning: 23% (4188/18307) of the cadences will be ignored due to the quality mask (quality_bitmask=17087).\n"}
,{"stream_name":"stderr","time":666.929171213,"data":"Warning: 30% (5872/19412) of the cadences will be ignored due to the quality mask (quality_bitmask=17087).\n"}
,{"stream_name":"stderr","time":667.165373701,"data":"Warning: 23% (4186/18307) of the cadences will be ignored due to the quality mask (quality_bitmask=17087).\n"}
,{"stream_name":"stderr","time":668.423501179,"data":"Warning: 24% (4065/16779) of the cadences will be ignored due to the quality mask (quality_bitmask=17087).\n"}
,{"stream_name":"stderr","time":675.497020837,"data":"Warning: 22% (4044/18307) of the cadences will be ignored due to the quality mask (quality_bitmask=17087).\n"}
,{"stream_name":"stderr","time":675.731153903,"data":"Warning: 20% (3691/18307) of the cadences will be ignored due to the quality mask (quality_bitmask=17087).\n"}
,{"stream_name":"stdout","time":691.105627441,"data":"[2026-09-30T15:56:11+00:00]   batch 9/32: 500 files, dl 245s, compact 231s total\n"}
,{"stream_name":"stderr","time":718.282547426,"data":"Warning: 20% (3690/18307) of the cadences will be ignored due to the quality mask (quality_bitmask=17087).\n"}
,{"stream_name":"stderr","time":728.254195416,"data":"Warning: 30% (5872/19412) of the cadences will be ignored due to the quality mask (quality_bitmask=17087).\n"}
,{"stream_name":"stderr","time":738.397497201,"data":"Warning: 25% (4801/19050) of the cadences will be ignored due to the quality mask (quality_bitmask=17087).\n"}
,{"stream_name":"stderr","time":738.588874649,"data":"Warning: 25% (4801/19050) of the cadences will be ignored due to the quality mask (quality_bitmask=17087).\n"}
,{"stream_name":"stdout","time":756.975641657,"data":"[2026-09-30T15:57:17+00:00]   batch 10/32: 500 files, dl 272s, compact 255s total\n"}
,{"stream_name":"stderr","time":785.633493824,"data":"Warning: 30% (5871/19412) of the cadences will be ignored due to the quality mask (quality_bitmask=17087).\n"}
,{"stream_name":"stderr","time":786.578507706,"data":"Warning: 30% (5872/19412) of the cadences will be ignored due to the quality mask (quality_bitmask=17087).\n"}
,{"stream_name":"stderr","time":790.344469543,"data":"Warning: 30% (5871/19412) of the cadences will be ignored due to the quality mask (quality_bitmask=17087).\n"}
,{"stream_name":"stderr","time":791.796325925,"data":"Warning: 30% (5872/19412) of the cadences will be ignored due to the quality mask (quality_bitmask=17087).\n"}
,{"stream_name":"stderr","time":792.750659191,"data":"Warning: 30% (5871/19412) of the cadences will be ignored due to the quality mask (quality_bitmask=17087).\n"}
,{"stream_name":"stderr","time":793.730060496,"data":"Warning: 30% (5872/19412) of the cadences will be ignored due to the quality mask (quality_bitmask=17087).\n"}
,{"stream_name":"stderr","time":795.082943142,"data":"Warning: 30% (5871/19412) of the cadences will be ignored due to the quality mask (quality_bitmask=17087).\n"}
,{"stream_name":"stderr","time":796.909978174,"data":"Warning: 30% (5871/19412) of the cadences will be ignored due to the quality mask (quality_bitmask=17087).\n"}
,{"stream_name":"stderr","time":799.801348026,"data":"Warning: 30% (5872/19412) of the cadences will be ignored due to the quality mask (quality_bitmask=17087).\n"}
,{"stream_name":"stderr","time":803.088003759,"data":"Warning: 30% (5871/19412) of the cadences will be ignored due to the quality mask (quality_bitmask=17087).\n"}
,{"stream_name":"stderr","time":803.78350644,"data":"Warning: 30% (5871/19412) of the cadences will be ignored due to the quality mask (quality_bitmask=17087).\n"}
,{"stream_name":"stderr","time":805.27988425,"data":"Warning: 30% (5871/19412) of the cadences will be ignored due to the quality mask (quality_bitmask=17087).\n"}
,{"stream_name":"stderr","time":806.826053982,"data":"Warning: 30% (5873/19412) of the cadences will be ignored due to the quality mask (quality_bitmask=17087).\n"}
,{"stream_name":"stderr","time":807.38902419,"data":"Warning: 30% (5872/19412) of the cadences will be ignored due to the quality mask (quality_bitmask=17087).\n"}
,{"stream_name":"stdout","time":824.603867345,"data":"[2026-09-30T15:58:24+00:00]   batch 11/32: 500 files, dl 300s, compact 280s total\n"}
,{"stream_name":"stderr","time":852.994140016,"data":"Warning: 30% (5871/19412) of the cadences will be ignored due to the quality mask (quality_bitmask=17087).\n"}
,{"stream_name":"stderr","time":856.981268942,"data":"Warning: 30% (5871/19412) of the cadences will be ignored due to the quality mask (quality_bitmask=17087).\n"}
,{"stream_name":"stderr","time":858.875903574,"data":"Warning: 30% (5871/19412) of the cadences will be ignored due to the quality mask (quality_bitmask=17087).\n"}
,{"stream_name":"stderr","time":860.08694349,"data":"Warning: 30% (5871/19412) of the cadences will be ignored due to the quality mask (quality_bitmask=17087).\n"}
,{"stream_name":"stderr","time":862.676328278,"data":"Warning: 30% (5871/19412) of the cadences will be ignored due to the quality mask (quality_bitmask=17087).\n"}
,{"stream_name":"stderr","time":865.338876589,"data":"Warning: 22% (3708/16779) of the cadences will be ignored due to the quality mask (quality_bitmask=17087).\n"}
,{"stream_name":"stderr","time":865.674271118,"data":"Warning: 22% (3708/16779) of the cadences will be ignored due to the quality mask (quality_bitmask=17087).\n"}
,{"stream_name":"stderr","time":865.847838251,"data":"Warning: 22% (3707/16779) of the cadences will be ignored due to the quality mask (quality_bitmask=17087).\n"}
,{"stream_name":"stderr","time":866.031257003,"data":"Warning: 22% (3707/16779) of the cadences will be ignored due to the quality mask (quality_bitmask=17087).\n"}
,{"stream_name":"stderr","time":866.226332344,"data":"Warning: 22% (3708/16779) of the cadences will be ignored due to the quality mask (quality_bitmask=17087).\n"}
,{"stream_name":"stderr","time":871.245502663,"data":"Warning: 21% (3913/18307) of the cadences will be ignored due to the quality mask (quality_bitmask=17087).\n"}
,{"stream_name":"stderr","time":871.822459128,"data":"Warning: 21% (3854/18126) of the cadences will be ignored due to the quality mask (quality_bitmask=17087).\n"}
,{"stream_name":"stderr","time":874.049379672,"data":"Warning: 21% (3913/18307) of the cadences will be ignored due to the quality mask (quality_bitmask=17087).\n"}
,{"stream_name":"stdout","time":890.497072499,"data":"[2026-09-30T15:59:30+00:00]   batch 12/32: 500 files, dl 328s, compact 304s total\n"}
,{"stream_name":"stderr","time":917.919534858,"data":"Warning: 22% (4085/18307) of the cadences will be ignored due to the quality mask (quality_bitmask=17087).\n"}
,{"stream_name":"stderr","time":918.296539063,"data":"Warning: 30% (5872/19412) of the cadences will be ignored due to the quality mask (quality_bitmask=17087).\n"}
,{"stream_name":"stderr","time":920.480347418,"data":"Warning: 30% (5871/19412) of the cadences will be ignored due to the quality mask (quality_bitmask=17087).\n"}
,{"stream_name":"stderr","time":920.917519852,"data":"Warning: 30% (5875/19412) of the cadences will be ignored due to the quality mask (quality_bitmask=17087).\n"}
,{"stream_name":"stderr","time":922.730233215,"data":"Warning: 23% (4186/18307) of the cadences will be ignored due to the quality mask (quality_bitmask=17087).\n"}
,{"stream_name":"stderr","time":925.633476102,"data":"Warning: 30% (5871/19412) of the cadences will be ignored due to the quality mask (quality_bitmask=17087).\n"}
,{"stream_name":"stderr","time":925.818390744,"data":"Warning: 23% (4186/18307) of the cadences will be ignored due to the quality mask (quality_bitmask=17087).\n"}
,{"stream_name":"stderr","time":926.003012843,"data":"Warning: 23% (4186/18307) of the cadences will be ignored due to the quality mask (quality_bitmask=17087).\n"}
,{"stream_name":"stderr","time":926.213066133,"data":"Warning: 23% (4187/18307) of the cadences will be ignored due to the quality mask (quality_bitmask=17087).\n"}
,{"stream_name":"stderr","time":926.567591852,"data":"Warning: 27% (3459/12904) of the cadences will be ignored due to the quality mask (quality_bitmask=17087).\n"}
,{"stream_name":"stderr","time":927.05276347,"data":"Warning: 20% (3714/18126) of the cadences will be ignored due to the quality mask (quality_bitmask=17087).\n"}
,{"stream_name":"stderr","time":927.322023807,"data":"Warning: 21% (3717/18126) of the cadences will be ignored due to the quality mask (quality_bitmask=17087).\n"}
,{"stream_name":"stderr","time":927.338502477,"data":"Warning: 26% (3394/12904) of the cadences will be ignored due to the quality mask (quality_bitmask=17087).\n"}
,{"stream_name":"stderr","time":927.507188379,"data":"Warning: 27% (3473/12904) of the cadences will be ignored due to the quality mask (quality_bitmask=17087).\n"}
,{"stream_name":"stderr","time":927.50804473,"data":"Warning: 20% (3714/18126) of the cadences will be ignored due to the quality mask (quality_bitmask=17087).\n"}
,{"stream_name":"stderr","time":930.036900025,"data":"Warning: 22% (3696/16779) of the cadences will be ignored due to the quality mask (quality_bitmask=17087).\n"}
,{"stream_name":"stderr","time":931.955576231,"data":"Warning: 22% (3976/18307) of the cadences will be ignored due to the quality mask (quality_bitmask=17087).\n"}
,{"stream_name":"stderr","time":932.394793244,"data":"Warning: 30% (5875/19412) of the cadences will be ignored due to the quality mask (quality_bitmask=17087).\n"}
,{"stream_name":"stderr","time":936.608295096,"data":"Warning: 22% (3922/18126) of the cadences will be ignored due to the quality mask (quality_bitmask=17087).\n"}
,{"stream_name":"stderr","time":936.664086701,"data":"Warning: 27% (3443/12904) of the cadences will be ignored due to the quality mask (quality_bitmask=17087).\n"}
,{"stream_name":"stderr","time":938.360741273,"data":"Warning: 30% (5871/19412) of the cadences will be ignored due to the quality mask (quality_bitmask=17087).\n"}
,{"stream_name":"stdout","time":956.680387595,"data":"[2026-09-30T16:00:36+00:00]   batch 13/32: 500 files, dl 355s, compact 328s total\n"}
,{"stream_name":"stderr","time":990.881207773,"data":"Warning: 20% (3681/18307) of the cadences will be ignored due to the quality mask (quality_bitmask=17087).\n"}
,{"stream_name":"stderr","time":991.156378698,"data":"Warning: 20% (3681/18307) of the cadences will be ignored due to the quality mask (quality_bitmask=17087).\n"}
,{"stream_name":"stderr","time":991.509060234,"data":"Warning: 20% (3681/18307) of the cadences will be ignored due to the quality mask (quality_bitmask=17087).\n"}
,{"stream_name":"stderr","time":991.782260543,"data":"Warning: 22% (4079/18307) of the cadences will be ignored due to the quality mask (quality_bitmask=17087).\n"}
,{"stream_name":"stderr","time":994.415605893,"data":"Warning: 30% (5872/19412) of the cadences will be ignored due to the quality mask (quality_bitmask=17087).\n"}
,{"stream_name":"stderr","time":996.576590508,"data":"Warning: 22% (4108/18307) of the cadences will be ignored due to the quality mask (quality_bitmask=17087).\n"}
,{"stream_name":"stderr","time":996.942917685,"data":"Warning: 22% (4113/18307) of the cadences will be ignored due to the quality mask (quality_bitmask=17087).\n"}
,{"stream_name":"stderr","time":997.204400659,"data":"Warning: 22% (4108/18307) of the cadences will be ignored due to the quality mask (quality_bitmask=17087).\n"}
,{"stream_name":"stdout","time":1022.399535187,"data":"[2026-09-30T16:01:42+00:00]   batch 14/32: 500 files, dl 382s, compact 352s total\n"}
,{"stream_name":"stderr","time":1053.307120324,"data":"Warning: 24% (4435/18126) of the cadences will be ignored due to the quality mask (quality_bitmask=17087).\n"}
,{"stream_name":"stderr","time":1055.471659442,"data":"Warning: 24% (4080/16779) of the cadences will be ignored due to the quality mask (quality_bitmask=17087).\n"}
,{"stream_name":"stderr","time":1056.37111277,"data":"Warning: 20% (3738/18307) of the cadences will be ignored due to the quality mask (quality_bitmask=17087).\n"}
,{"stream_name":"stderr","time":1062.599837848,"data":"Warning: 30% (5872/19412) of the cadences will be ignored due to the quality mask (quality_bitmask=17087).\n"}
,{"stream_name":"stderr","time":1062.690523158,"data":"Warning: 30% (5872/19412) of the cadences will be ignored due to the quality mask (quality_bitmask=17087).\n"}
,{"stream_name":"stderr","time":1063.971297248,"data":"Warning: 30% (5871/19412) of the cadences will be ignored due to the quality mask (quality_bitmask=17087).\n"}
,{"stream_name":"stderr","time":1073.416478208,"data":"Warning: 21% (3913/18307) of the cadences will be ignored due to the quality mask (quality_bitmask=17087).\n"}
,{"stream_name":"stdout","time":1089.704541384,"data":"[2026-09-30T16:02:49+00:00]   batch 15/32: 500 files, dl 410s, compact 377s total\n"}
,{"stream_name":"stderr","time":1124.579638423,"data":"Warning: 22% (4101/18307) of the cadences will be ignored due to the quality mask (quality_bitmask=17087).\n"}
,{"stream_name":"stderr","time":1124.80736106,"data":"Warning: 22% (4113/18307) of the cadences will be ignored due to the quality mask (quality_bitmask=17087).\n"}
,{"stream_name":"stderr","time":1125.155605809,"data":"Warning: 22% (4102/18307) of the cadences will be ignored due to the quality mask (quality_bitmask=17087).\n"}
,{"stream_name":"stderr","time":1125.254025189,"data":"Warning: 30% (5871/19412) of the cadences will be ignored due to the quality mask (quality_bitmask=17087).\n"}
,{"stream_name":"stderr","time":1125.619088491,"data":"Warning: 22% (4108/18307) of the cadences will be ignored due to the quality mask (quality_bitmask=17087).\n"}
,{"stream_name":"stderr","time":1127.671730016,"data":"Warning: 30% (5871/19412) of the cadences will be ignored due to the quality mask (quality_bitmask=17087).\n"}
,{"stream_name":"stderr","time":1128.225854201,"data":"Warning: 30% (5871/19412) of the cadences will be ignored due to the quality mask (quality_bitmask=17087).\n"}
,{"stream_name":"stderr","time":1128.730586988,"data":"Warning: 30% (5873/19412) of the cadences will be ignored due to the quality mask (quality_bitmask=17087).\n"}
,{"stream_name":"stderr","time":1130.72377449,"data":"Warning: 25% (4798/19050) of the cadences will be ignored due to the quality mask (quality_bitmask=17087).\n"}
,{"stream_name":"stderr","time":1130.929492762,"data":"Warning: 24% (3961/16779) of the cadences will be ignored due to the quality mask (quality_bitmask=17087).\n"}
,{"stream_name":"stderr","time":1131.900257463,"data":"Warning: 22% (4113/18307) of the cadences will be ignored due to the quality mask (quality_bitmask=17087).\n"}
,{"stream_name":"stderr","time":1132.642853206,"data":"Warning: 22% (4107/18307) of the cadences will be ignored due to the quality mask (quality_bitmask=17087).\n"}
,{"stream_name":"stderr","time":1133.016498717,"data":"Warning: 22% (4107/18307) of the cadences will be ignored due to the quality mask (quality_bitmask=17087).\n"}
,{"stream_name":"stderr","time":1141.090606199,"data":"Warning: 34% (5847/16999) of the cadences will be ignored due to the quality mask (quality_bitmask=17087).\n"}
,{"stream_name":"stderr","time":1141.090677185,"data":"Warning: 23% (3804/16779) of the cadences will be ignored due to the quality mask (quality_bitmask=17087).\n"}
,{"stream_name":"stdout","time":1157.721813186,"data":"[2026-09-30T16:03:57+00:00]   batch 16/32: 500 files, dl 439s, compact 402s total\n"}
,{"stream_name":"stderr","time":1195.687101547,"data":"Warning: 22% (4080/18307) of the cadences will be ignored due to the quality mask (quality_bitmask=17087).\n"}
,{"stream_name":"stderr","time":1207.498986484,"data":"Warning: 23% (4186/18307) of the cadences will be ignored due to the quality mask (quality_bitmask=17087).\n"}
,{"stream_name":"stderr","time":1207.828955965,"data":"Warning: 23% (4186/18307) of the cadences will be ignored due to the quality mask (quality_bitmask=17087).\n"}
,{"stream_name":"stderr","time":1208.835350589,"data":"Warning: 23% (4186/18307) of the cadences will be ignored due to the quality mask (quality_bitmask=17087).\n"}
,{"stream_name":"stderr","time":1210.062210443,"data":"Warning: 21% (3864/18126) of the cadences will be ignored due to the quality mask (quality_bitmask=17087).\n"}
,{"stream_name":"stderr","time":1211.340461589,"data":"Warning: 23% (3802/16779) of the cadences will be ignored due to the quality mask (quality_bitmask=17087).\n"}
,{"stream_name":"stderr","time":1211.34529018,"data":"Warning: 34% (5850/16999) of the cadences will be ignored due to the quality mask (quality_bitmask=17087).\n"}
,{"stream_name":"stderr","time":1211.433016792,"data":"Warning: 34% (5847/16999) of the cadences will be ignored due to the quality mask (quality_bitmask=17087).\n"}
,{"stream_name":"stderr","time":1211.536482956,"data":"Warning: 23% (3803/16779) of the cadences will be ignored due to the quality mask (quality_bitmask=17087).\n"}
,{"stream_name":"stderr","time":1213.53857598,"data":"Warning: 22% (4080/18307) of the cadences will be ignored due to the quality mask (quality_bitmask=17087).\n"}
,{"stream_name":"stderr","time":1213.744170464,"data":"Warning: 23% (4125/18307) of the cadences will be ignored due to the quality mask (quality_bitmask=17087).\n"}
,{"stream_name":"stderr","time":1213.991504314,"data":"Warning: 22% (4079/18307) of the cadences will be ignored due to the quality mask (quality_bitmask=17087).\n"}
,{"stream_name":"stderr","time":1214.371965734,"data":"Warning: 22% (4079/18307) of the cadences will be ignored due to the quality mask (quality_bitmask=17087).\n"}
,{"stream_name":"stdout","time":1230.134164732,"data":"[2026-09-30T16:05:10+00:00]   batch 17/32: 500 files, dl 469s, compact 429s total\n"}
,{"stream_name":"stderr","time":1259.191129975,"data":"Warning: 30% (5871/19412) of the cadences will be ignored due to the quality mask (quality_bitmask=17087).\n"}
,{"stream_name":"stderr","time":1259.391794154,"data":"Warning: 30% (5872/19412) of the cadences will be ignored due to the quality mask (quality_bitmask=17087).\n"}
,{"stream_name":"stderr","time":1265.715314252,"data":"Warning: 30% (5873/19412) of the cadences will be ignored due to the quality mask (quality_bitmask=17087).\n"}
,{"stream_name":"stderr","time":1266.28279576,"data":"Warning: 30% (5873/19412) of the cadences will be ignored due to the quality mask (quality_bitmask=17087).\n"}
,{"stream_name":"stderr","time":1266.668825184,"data":"Warning: 30% (5873/19412) of the cadences will be ignored due to the quality mask (quality_bitmask=17087).\n"}
,{"stream_name":"stderr","time":1267.27527788,"data":"Warning: 30% (5871/19412) of the cadences will be ignored due to the quality mask (quality_bitmask=17087).\n"}
,{"stream_name":"stderr","time":1272.731917257,"data":"Warning: 30% (5873/19412) of the cadences will be ignored due to the quality mask (quality_bitmask=17087).\n"}
,{"stream_name":"stderr","time":1282.404507431,"data":"Warning: 20% (3748/18307) of the cadences will be ignored due to the quality mask (quality_bitmask=17087).\n"}
,{"stream_name":"stdout","time":1300.923024782,"data":"[2026-09-30T16:06:21+00:00]   batch 18/32: 500 files, dl 498s, compact 456s total\n"}
,{"stream_name":"stderr","time":1337.319881762,"data":"Warning: 25% (4741/19050) of the cadences will be ignored due to the quality mask (quality_bitmask=17087).\n"}
,{"stream_name":"stderr","time":1337.345638884,"data":"Warning: 34% (5713/16999) of the cadences will be ignored due to the quality mask (quality_bitmask=17087).\n"}
,{"stream_name":"stderr","time":1344.981053199,"data":"Warning: 21% (3718/18126) of the cadences will be ignored due to the quality mask (quality_bitmask=17087).\n"}
,{"stream_name":"stderr","time":1345.133762957,"data":"Warning: 34% (5720/16999) of the cadences will be ignored due to the quality mask (quality_bitmask=17087).\n"}
,{"stream_name":"stderr","time":1345.135005795,"data":"Warning: 26% (3359/12904) of the cadences will be ignored due to the quality mask (quality_bitmask=17087).\n"}
,{"stream_name":"stderr","time":1354.02582803,"data":"Warning: 30% (5871/19412) of the cadences will be ignored due to the quality mask (quality_bitmask=17087).\n"}
,{"stream_name":"stdout","time":1369.350050831,"data":"[2026-09-30T16:07:29+00:00]   batch 19/32: 500 files, dl 526s, compact 481s total\n"}
,{"stream_name":"stderr","time":1398.215532122,"data":"Warning: 30% (5872/19412) of the cadences will be ignored due to the quality mask (quality_bitmask=17087).\n"}
,{"stream_name":"stderr","time":1400.971496433,"data":"Warning: 30% (5872/19412) of the cadences will be ignored due to the quality mask (quality_bitmask=17087).\n"}
,{"stream_name":"stderr","time":1402.62132112,"data":"Warning: 30% (5871/19412) of the cadences will be ignored due to the quality mask (quality_bitmask=17087).\n"}
,{"stream_name":"stderr","time":1405.465453838,"data":"Warning: 30% (5871/19412) of the cadences will be ignored due to the quality mask (quality_bitmask=17087).\n"}
,{"stream_name":"stderr","time":1408.493877298,"data":"Warning: 30% (5871/19412) of the cadences will be ignored due to the quality mask (quality_bitmask=17087).\n"}
,{"stream_name":"stderr","time":1411.046525928,"data":"Warning: 30% (5872/19412) of the cadences will be ignored due to the quality mask (quality_bitmask=17087).\n"}
,{"stream_name":"stderr","time":1412.562979596,"data":"Warning: 30% (5872/19412) of the cadences will be ignored due to the quality mask (quality_bitmask=17087).\n"}
,{"stream_name":"stderr","time":1415.430336684,"data":"Warning: 30% (5875/19412) of the cadences will be ignored due to the quality mask (quality_bitmask=17087).\n"}
,{"stream_name":"stderr","time":1417.622304194,"data":"Warning: 24% (4655/19050) of the cadences will be ignored due to the quality mask (quality_bitmask=17087).\n"}
,{"stream_name":"stderr","time":1418.02848421,"data":"Warning: 30% (5879/19412) of the cadences will be ignored due to the quality mask (quality_bitmask=17087).\n"}
,{"stream_name":"stderr","time":1419.019307622,"data":"Warning: 30% (5871/19412) of the cadences will be ignored due to the quality mask (quality_bitmask=17087).\n"}
,{"stream_name":"stderr","time":1421.779770079,"data":"Warning: 30% (5871/19412) of the cadences will be ignored due to the quality mask (quality_bitmask=17087).\n"}
,{"stream_name":"stdout","time":1438.725142107,"data":"[2026-09-30T16:08:38+00:00]   batch 20/32: 500 files, dl 554s, compact 507s total\n"}
,{"stream_name":"stderr","time":1469.433812528,"data":"Warning: 30% (5881/19412) of the cadences will be ignored due to the quality mask (quality_bitmask=17087).\n"}
,{"stream_name":"stderr","time":1471.738480529,"data":"Warning: 30% (5881/19412) of the cadences will be ignored due to the quality mask (quality_bitmask=17087).\n"}
,{"stream_name":"stderr","time":1474.836440158,"data":"Warning: 30% (5879/19412) of the cadences will be ignored due to the quality mask (quality_bitmask=17087).\n"}
,{"stream_name":"stderr","time":1479.24957145,"data":"Warning: 30% (5879/19412) of the cadences will be ignored due to the quality mask (quality_bitmask=17087).\n"}
,{"stream_name":"stderr","time":1483.45333726,"data":"Warning: 30% (5880/19412) of the cadences will be ignored due to the quality mask (quality_bitmask=17087).\n"}
,{"stream_name":"stderr","time":1487.049890618,"data":"Warning: 30% (5881/19412) of the cadences will be ignored due to the quality mask (quality_bitmask=17087).\n"}
,{"stream_name":"stderr","time":1489.798146473,"data":"Warning: 30% (5880/19412) of the cadences will be ignored due to the quality mask (quality_bitmask=17087).\n"}
,{"stream_name":"stderr","time":1490.356703016,"data":"Warning: 30% (5884/19412) of the cadences will be ignored due to the quality mask (quality_bitmask=17087).\n"}
,{"stream_name":"stdout","time":1510.373268699,"data":"[2026-09-30T16:09:50+00:00]   batch 21/32: 500 files, dl 583s, compact 531s total\n"}
,{"stream_name":"stderr","time":1540.06561746,"data":"Warning: 30% (5880/19412) of the cadences will be ignored due to the quality mask (quality_bitmask=17087).\n"}
,{"stream_name":"stderr","time":1541.866600664,"data":"Warning: 30% (5879/19412) of the cadences will be ignored due to the quality mask (quality_bitmask=17087).\n"}
,{"stream_name":"stderr","time":1542.422892644,"data":"Warning: 30% (5879/19412) of the cadences will be ignored due to the quality mask (quality_bitmask=17087).\n"}
,{"stream_name":"stderr","time":1547.382774728,"data":"Warning: 30% (5879/19412) of the cadences will be ignored due to the quality mask (quality_bitmask=17087).\n"}
,{"stream_name":"stderr","time":1549.026609204,"data":"Warning: 30% (5879/19412) of the cadences will be ignored due to the quality mask (quality_bitmask=17087).\n"}
,{"stream_name":"stderr","time":1549.912997246,"data":"Warning: 30% (5881/19412) of the cadences will be ignored due to the quality mask (quality_bitmask=17087).\n"}
,{"stream_name":"stderr","time":1561.412502079,"data":"Warning: 23% (3837/16779) of the cadences will be ignored due to the quality mask (quality_bitmask=17087).\n"}
,{"stream_name":"stderr","time":1562.235862797,"data":"Warning: 24% (4065/16779) of the cadences will be ignored due to the quality mask (quality_bitmask=17087).\n"}
,{"stream_name":"stdout","time":1579.826120024,"data":"[2026-09-30T16:11:00+00:00]   batch 22/32: 500 files, dl 613s, compact 557s total\n"}
,{"stream_name":"stderr","time":1609.273602205,"data":"Warning: 20% (3738/18307) of the cadences will be ignored due to the quality mask (quality_bitmask=17087).\n"}
,{"stream_name":"stderr","time":1609.896187137,"data":"Warning: 20% (3746/18307) of the cadences will be ignored due to the quality mask (quality_bitmask=17087).\n"}
,{"stream_name":"stderr","time":1610.489539359,"data":"Warning: 23% (4128/18307) of the cadences will be ignored due to the quality mask (quality_bitmask=17087).\n"}
,{"stream_name":"stderr","time":1610.890564912,"data":"Warning: 23% (4128/18307) of the cadences will be ignored due to the quality mask (quality_bitmask=17087).\n"}
,{"stream_name":"stderr","time":1611.498546707,"data":"Warning: 23% (4125/18307) of the cadences will be ignored due to the quality mask (quality_bitmask=17087).\n"}
,{"stream_name":"stderr","time":1611.794114046,"data":"Warning: 23% (4125/18307) of the cadences will be ignored due to the quality mask (quality_bitmask=17087).\n"}
,{"stream_name":"stderr","time":1612.150705389,"data":"Warning: 23% (4131/18307) of the cadences will be ignored due to the quality mask (quality_bitmask=17087).\n"}
,{"stream_name":"stderr","time":1612.477307177,"data":"Warning: 27% (3441/12904) of the cadences will be ignored due to the quality mask (quality_bitmask=17087).\n"}
,{"stream_name":"stderr","time":1617.609954538,"data":"Warning: 30% (5872/19412) of the cadences will be ignored due to the quality mask (quality_bitmask=17087).\n"}
,{"stream_name":"stderr","time":1619.65419909,"data":"Warning: 20% (3746/18307) of the cadences will be ignored due to the quality mask (quality_bitmask=17087).\n"}
,{"stream_name":"stderr","time":1628.080213224,"data":"Warning: 20% (3714/18126) of the cadences will be ignored due to the quality mask (quality_bitmask=17087).\n"}
,{"stream_name":"stderr","time":1628.088769359,"data":"Warning: 27% (3473/12904) of the cadences will be ignored due to the quality mask (quality_bitmask=17087).\n"}
,{"stream_name":"stderr","time":1629.864436729,"data":"Warning: 22% (4079/18307) of the cadences will be ignored due to the quality mask (quality_bitmask=17087).\n"}
,{"stream_name":"stderr","time":1632.269921956,"data":"Warning: 30% (5871/19412) of the cadences will be ignored due to the quality mask (quality_bitmask=17087).\n"}
,{"stream_name":"stdout","time":1649.684866946,"data":"[2026-09-30T16:12:09+00:00]   batch 23/32: 500 files, dl 642s, compact 583s total\n"}
,{"stream_name":"stderr","time":1678.861090378,"data":"Warning: 30% (5872/19412) of the cadences will be ignored due to the quality mask (quality_bitmask=17087).\n"}
,{"stream_name":"stderr","time":1679.345698532,"data":"Warning: 30% (5871/19412) of the cadences will be ignored due to the quality mask (quality_bitmask=17087).\n"}
,{"stream_name":"stderr","time":1680.035894505,"data":"Warning: 30% (5871/19412) of the cadences will be ignored due to the quality mask (quality_bitmask=17087).\n"}
,{"stream_name":"stderr","time":1684.088577383,"data":"Warning: 30% (5871/19412) of the cadences will be ignored due to the quality mask (quality_bitmask=17087).\n"}
,{"stream_name":"stderr","time":1687.264913252,"data":"Warning: 30% (5872/19412) of the cadences will be ignored due to the quality mask (quality_bitmask=17087).\n"}
,{"stream_name":"stderr","time":1689.236033311,"data":"Warning: 30% (5871/19412) of the cadences will be ignored due to the quality mask (quality_bitmask=17087).\n"}
,{"stream_name":"stderr","time":1691.172608775,"data":"Warning: 30% (5871/19412) of the cadences will be ignored due to the quality mask (quality_bitmask=17087).\n"}
,{"stream_name":"stderr","time":1694.22745396,"data":"Warning: 30% (5871/19412) of the cadences will be ignored due to the quality mask (quality_bitmask=17087).\n"}
,{"stream_name":"stderr","time":1695.340603367,"data":"Warning: 30% (5873/19412) of the cadences will be ignored due to the quality mask (quality_bitmask=17087).\n"}
,{"stream_name":"stderr","time":1697.21061475,"data":"Warning: 30% (5871/19412) of the cadences will be ignored due to the quality mask (quality_bitmask=17087).\n"}
,{"stream_name":"stderr","time":1699.992171166,"data":"Warning: 30% (5871/19412) of the cadences will be ignored due to the quality mask (quality_bitmask=17087).\n"}
,{"stream_name":"stdout","time":1719.145841294,"data":"[2026-09-30T16:13:19+00:00]   batch 24/32: 500 files, dl 670s, compact 608s total\n"}
,{"stream_name":"stderr","time":1751.004128659,"data":"Warning: 30% (5872/19412) of the cadences will be ignored due to the quality mask (quality_bitmask=17087).\n"}
,{"stream_name":"stderr","time":1756.847568695,"data":"Warning: 30% (5872/19412) of the cadences will be ignored due to the quality mask (quality_bitmask=17087).\n"}
,{"stream_name":"stderr","time":1758.500041967,"data":"Warning: 30% (5871/19412) of the cadences will be ignored due to the quality mask (quality_bitmask=17087).\n"}
,{"stream_name":"stderr","time":1759.865885102,"data":"Warning: 30% (5872/19412) of the cadences will be ignored due to the quality mask (quality_bitmask=17087).\n"}
,{"stream_name":"stderr","time":1762.961328941,"data":"Warning: 30% (5872/19412) of the cadences will be ignored due to the quality mask (quality_bitmask=17087).\n"}
,{"stream_name":"stderr","time":1764.392022251,"data":"Warning: 30% (5873/19412) of the cadences will be ignored due to the quality mask (quality_bitmask=17087).\n"}
,{"stream_name":"stderr","time":1766.399516261,"data":"Warning: 30% (5871/19412) of the cadences will be ignored due to the quality mask (quality_bitmask=17087).\n"}
,{"stream_name":"stderr","time":1769.804295237,"data":"Warning: 30% (5871/19412) of the cadences will be ignored due to the quality mask (quality_bitmask=17087).\n"}
,{"stream_name":"stderr","time":1771.402185916,"data":"Warning: 30% (5871/19412) of the cadences will be ignored due to the quality mask (quality_bitmask=17087).\n"}
,{"stream_name":"stderr","time":1771.963589469,"data":"Warning: 30% (5873/19412) of the cadences will be ignored due to the quality mask (quality_bitmask=17087).\n"}
,{"stream_name":"stderr","time":1774.476521491,"data":"Warning: 30% (5871/19412) of the cadences will be ignored due to the quality mask (quality_bitmask=17087).\n"}
,{"stream_name":"stdout","time":1791.666496298,"data":"[2026-09-30T16:14:31+00:00]   batch 25/32: 500 files, dl 701s, compact 634s total\n"}
,{"stream_name":"stderr","time":1820.888544368,"data":"Warning: 30% (5872/19412) of the cadences will be ignored due to the quality mask (quality_bitmask=17087).\n"}
,{"stream_name":"stderr","time":1822.959990808,"data":"Warning: 24% (4656/19050) of the cadences will be ignored due to the quality mask (quality_bitmask=17087).\n"}
,{"stream_name":"stderr","time":1823.101605831,"data":"Warning: 30% (5872/19412) of the cadences will be ignored due to the quality mask (quality_bitmask=17087).\n"}
,{"stream_name":"stderr","time":1825.988516885,"data":"Warning: 30% (5871/19412) of the cadences will be ignored due to the quality mask (quality_bitmask=17087).\n"}
,{"stream_name":"stderr","time":1831.411025242,"data":"Warning: 30% (5871/19412) of the cadences will be ignored due to the quality mask (quality_bitmask=17087).\n"}
,{"stream_name":"stderr","time":1835.88556358,"data":"Warning: 30% (5872/19412) of the cadences will be ignored due to the quality mask (quality_bitmask=17087).\n"}
,{"stream_name":"stderr","time":1838.486384057,"data":"Warning: 29% (5237/18035) of the cadences will be ignored due to the quality mask (quality_bitmask=17087).\n"}
,{"stream_name":"stderr","time":1838.585009458,"data":"Warning: 29% (5236/18035) of the cadences will be ignored due to the quality mask (quality_bitmask=17087).\n"}
,{"stream_name":"stderr","time":1841.257516925,"data":"Warning: 20% (3683/18307) of the cadences will be ignored due to the quality mask (quality_bitmask=17087).\n"}
,{"stream_name":"stderr","time":1841.450822724,"data":"Warning: 30% (5872/19412) of the cadences will be ignored due to the quality mask (quality_bitmask=17087).\n"}
,{"stream_name":"stderr","time":1841.729832964,"data":"Warning: 30% (5871/19412) of the cadences will be ignored due to the quality mask (quality_bitmask=17087).\n"}
,{"stream_name":"stderr","time":1842.089263869,"data":"Warning: 30% (5871/19412) of the cadences will be ignored due to the quality mask (quality_bitmask=17087).\n"}
,{"stream_name":"stdout","time":1861.146273637,"data":"[2026-09-30T16:15:41+00:00]   batch 26/32: 500 files, dl 730s, compact 659s total\n"}
,{"stream_name":"stderr","time":1895.082485593,"data":"Warning: 25% (4798/19050) of the cadences will be ignored due to the quality mask (quality_bitmask=17087).\n"}
,{"stream_name":"stderr","time":1895.432015666,"data":"Warning: 25% (4782/19050) of the cadences will be ignored due to the quality mask (quality_bitmask=17087).\n"}
,{"stream_name":"stderr","time":1899.819489253,"data":"Warning: 20% (3681/18307) of the cadences will be ignored due to the quality mask (quality_bitmask=17087).\n"}
,{"stream_name":"stderr","time":1912.475209489,"data":"Warning: 27% (3477/12904) of the cadences will be ignored due to the quality mask (quality_bitmask=17087).\n"}
,{"stream_name":"stderr","time":1915.807828929,"data":"Warning: 22% (4099/18307) of the cadences will be ignored due to the quality mask (quality_bitmask=17087).\n"}
,{"stream_name":"stderr","time":1916.333527017,"data":"Warning: 22% (4101/18307) of the cadences will be ignored due to the quality mask (quality_bitmask=17087).\n"}
,{"stream_name":"stderr","time":1920.212253311,"data":"Warning: 22% (3900/18126) of the cadences will be ignored due to the quality mask (quality_bitmask=17087).\n"}
,{"stream_name":"stderr","time":1920.216335457,"data":"Warning: 27% (3459/12904) of the cadences will be ignored due to the quality mask (quality_bitmask=17087).\n"}
,{"stream_name":"stdout","time":1936.709399932,"data":"[2026-09-30T16:16:56+00:00]   batch 27/32: 500 files, dl 759s, compact 691s total\n"}
,{"stream_name":"stderr","time":1970.28710026,"data":"Warning: 24% (4649/19050) of the cadences will be ignored due to the quality mask (quality_bitmask=17087).\n"}
,{"stream_name":"stderr","time":1970.337797668,"data":"Warning: 22% (3902/18126) of the cadences will be ignored due to the quality mask (quality_bitmask=17087).\n"}
,{"stream_name":"stderr","time":1971.710813071,"data":"Warning: 21% (3843/18126) of the cadences will be ignored due to the quality mask (quality_bitmask=17087).\n"}
,{"stream_name":"stderr","time":1971.734971024,"data":"Warning: 27% (3478/12904) of the cadences will be ignored due to the quality mask (quality_bitmask=17087).\n"}
,{"stream_name":"stderr","time":1979.400042055,"data":"Warning: 22% (4099/18307) of the cadences will be ignored due to the quality mask (quality_bitmask=17087).\n"}
,{"stream_name":"stderr","time":1980.120885715,"data":"Warning: 30% (5871/19412) of the cadences will be ignored due to the quality mask (quality_bitmask=17087).\n"}
,{"stream_name":"stderr","time":1980.468314314,"data":"Warning: 22% (4099/18307) of the cadences will be ignored due to the quality mask (quality_bitmask=17087).\n"}
,{"stream_name":"stderr","time":1980.71689838,"data":"Warning: 24% (4000/16779) of the cadences will be ignored due to the quality mask (quality_bitmask=17087).\n"}
,{"stream_name":"stderr","time":1981.502511526,"data":"Warning: 24% (4001/16779) of the cadences will be ignored due to the quality mask (quality_bitmask=17087).\n"}
,{"stream_name":"stderr","time":1983.537291602,"data":"Warning: 24% (4649/19050) of the cadences will be ignored due to the quality mask (quality_bitmask=17087).\n"}
,{"stream_name":"stdout","time":2005.524971175,"data":"[2026-09-30T16:18:05+00:00]   batch 28/32: 500 files, dl 788s, compact 716s total\n"}
,{"stream_name":"stderr","time":2041.754730138,"data":"Warning: 30% (5871/19412) of the cadences will be ignored due to the quality mask (quality_bitmask=17087).\n"}
,{"stream_name":"stderr","time":2043.335666495,"data":"Warning: 20% (3750/18307) of the cadences will be ignored due to the quality mask (quality_bitmask=17087).\n"}
,{"stream_name":"stderr","time":2046.345529164,"data":"Warning: 23% (4131/18307) of the cadences will be ignored due to the quality mask (quality_bitmask=17087).\n"}
,{"stream_name":"stderr","time":2047.082125254,"data":"Warning: 30% (5871/19412) of the cadences will be ignored due to the quality mask (quality_bitmask=17087).\n"}
,{"stream_name":"stdout","time":2076.149626337,"data":"[2026-09-30T16:19:16+00:00]   batch 29/32: 500 files, dl 818s, compact 742s total\n"}
,{"stream_name":"stderr","time":2127.410586347,"data":"Warning: 30% (5872/19412) of the cadences will be ignored due to the quality mask (quality_bitmask=17087).\n"}
,{"stream_name":"stderr","time":2130.072186178,"data":"Warning: 24% (4651/19050) of the cadences will be ignored due to the quality mask (quality_bitmask=17087).\n"}
,{"stream_name":"stderr","time":2131.063539653,"data":"Warning: 21% (3842/18126) of the cadences will be ignored due to the quality mask (quality_bitmask=17087).\n"}
,{"stream_name":"stderr","time":2131.215217361,"data":"Warning: 25% (4828/19050) of the cadences will be ignored due to the quality mask (quality_bitmask=17087).\n"}
,{"stream_name":"stderr","time":2131.234605738,"data":"Warning: 28% (3577/12904) of the cadences will be ignored due to the quality mask (quality_bitmask=17087).\n"}
,{"stream_name":"stderr","time":2131.316221029,"data":"Warning: 24% (4649/19050) of the cadences will be ignored due to the quality mask (quality_bitmask=17087).\n"}
,{"stream_name":"stdout","time":2148.787158175,"data":"[2026-09-30T16:20:29+00:00]   batch 30/32: 500 files, dl 847s, compact 770s total\n"}
,{"stream_name":"stderr","time":2198.598663947,"data":"Warning: 30% (5871/19412) of the cadences will be ignored due to the quality mask (quality_bitmask=17087).\n"}
,{"stream_name":"stderr","time":2199.073179623,"data":"Warning: 30% (5871/19412) of the cadences will be ignored due to the quality mask (quality_bitmask=17087).\n"}
,{"stream_name":"stderr","time":2199.25915251,"data":"Warning: 30% (5871/19412) of the cadences will be ignored due to the quality mask (quality_bitmask=17087).\n"}
,{"stream_name":"stderr","time":2199.507656539,"data":"Warning: 30% (5872/19412) of the cadences will be ignored due to the quality mask (quality_bitmask=17087).\n"}
,{"stream_name":"stderr","time":2200.297851803,"data":"Warning: 30% (5872/19412) of the cadences will be ignored due to the quality mask (quality_bitmask=17087).\n"}
,{"stream_name":"stderr","time":2202.628939278,"data":"Warning: 30% (5879/19412) of the cadences will be ignored due to the quality mask (quality_bitmask=17087).\n"}
,{"stream_name":"stderr","time":2203.202823173,"data":"Warning: 30% (5872/19412) of the cadences will be ignored due to the quality mask (quality_bitmask=17087).\n"}
,{"stream_name":"stderr","time":2204.50298404,"data":"Warning: 30% (5879/19412) of the cadences will be ignored due to the quality mask (quality_bitmask=17087).\n"}
,{"stream_name":"stdout","time":2220.114446469,"data":"[2026-09-30T16:21:40+00:00]   batch 31/32: 500 files, dl 876s, compact 798s total\n"}
,{"stream_name":"stderr","time":2248.335060828,"data":"Warning: 30% (5879/19412) of the cadences will be ignored due to the quality mask (quality_bitmask=17087).\n"}
,{"stream_name":"stderr","time":2251.637395061,"data":"Warning: 30% (5879/19412) of the cadences will be ignored due to the quality mask (quality_bitmask=17087).\n"}
,{"stream_name":"stderr","time":2253.133184406,"data":"Warning: 30% (5872/19412) of the cadences will be ignored due to the quality mask (quality_bitmask=17087).\n"}
,{"stream_name":"stderr","time":2254.085500266,"data":"Warning: 30% (5881/19412) of the cadences will be ignored due to the quality mask (quality_bitmask=17087).\n"}
,{"stream_name":"stderr","time":2256.943347666,"data":"Warning: 30% (5879/19412) of the cadences will be ignored due to the quality mask (quality_bitmask=17087).\n"}
,{"stream_name":"stderr","time":2258.650268259,"data":"Warning: 30% (5879/19412) of the cadences will be ignored due to the quality mask (quality_bitmask=17087).\n"}
,{"stream_name":"stderr","time":2260.325595131,"data":"Warning: 30% (5881/19412) of the cadences will be ignored due to the quality mask (quality_bitmask=17087).\n"}
,{"stream_name":"stderr","time":2262.515039321,"data":"Warning: 30% (5879/19412) of the cadences will be ignored due to the quality mask (quality_bitmask=17087).\n"}
,{"stream_name":"stderr","time":2263.50230155,"data":"Warning: 30% (5880/19412) of the cadences will be ignored due to the quality mask (quality_bitmask=17087).\n"}
,{"stream_name":"stdout","time":2278.930922182,"data":"[2026-09-30T16:22:39+00:00]   batch 32/32: 384 files, dl 903s, compact 818s total\n"}
,{"stream_name":"stdout","time":2279.006353013,"data":"[2026-09-30T16:22:39+00:00] {\"chunk\": 1, \"git_commit\": \"7f550716ef1c3dce6a8301ad98550db4041e3a3f\", \"files_done_this_run\": 15884, \"downloaded\": 15884, \"x10\": 0, \"x11\": 6, \"download_s\": 902.887303352356, \"compact_s\": 817.8234724998474, \"wall_s\": 2199.083049058914, \"finished_utc\": \"2026-09-30T16:22:39+00:00\", \"cache_bytes\": 3803369925, \"n_tic_files\": 2649, \"cpu_count\": 4}\n"}
,{"stream_name":"stderr","time":2282.037898351,"data":"/usr/local/lib/python3.12/dist-packages/mistune.py:435: SyntaxWarning: invalid escape sequence '\\|'\n"}
,{"stream_name":"stderr","time":2282.037933837,"data":"  cells[i][c] = re.sub('\\\\\\\\\\|', '|', cell)\n"}
,{"stream_name":"stderr","time":2282.382958564,"data":"/usr/local/lib/python3.12/dist-packages/nbconvert/filters/filter_links.py:36: SyntaxWarning: invalid escape sequence '\\_'\n"}
,{"stream_name":"stderr","time":2282.383008931,"data":"  text = re.sub(r'_', '\\_', text) # Escape underscores in display text\n"}
,{"stream_name":"stderr","time":2283.242339177,"data":"[NbConvertApp] Converting notebook __script__.ipynb to html\n"}
,{"stream_name":"stderr","time":2284.948064404,"data":"[NbConvertApp] Writing 275928 bytes to __results__.html\n"}
]